Archive member included because of file (symbol)

c:/dave-3.1.10/arm-gcc/bin/../lib/gcc/arm-none-eabi/4.7.4/armv7e-m\libgcc.a(_arm_addsubdf3.o)
                              Sensors.o (__aeabi_dsub)
c:/dave-3.1.10/arm-gcc/bin/../lib/gcc/arm-none-eabi/4.7.4/armv7e-m\libgcc.a(_arm_muldivdf3.o)
                              Sensors.o (__aeabi_dmul)
c:/dave-3.1.10/arm-gcc/bin/../lib/gcc/arm-none-eabi/4.7.4/armv7e-m\libgcc.a(_arm_fixunsdfsi.o)
                              Sensors.o (__aeabi_d2uiz)
c:/dave-3.1.10/arm-gcc/bin/../lib/gcc/arm-none-eabi/4.7.4/../../../../arm-none-eabi/lib/armv7e-m\libg.a(lib_a-init.o)
                              Startup/startup_XMC4500.o (__libc_init_array)

Allocating common symbols
Common symbol       size              file

LightAdcConversion  0x2               Sensors.o
AdcConversionResult
                    0x4               Sensors.o
TemperatureAdcConversion
                    0x2               Sensors.o
HumidityAdcConversion
                    0x2               Sensors.o

Discarded input sections

 .group         0x00000000        0x8 Startup/system_XMC4500.o
 .group         0x00000000        0x8 Startup/system_XMC4500.o
 .group         0x00000000        0x8 Startup/system_XMC4500.o
 .group         0x00000000        0x8 Startup/system_XMC4500.o
 .group         0x00000000        0x8 Startup/system_XMC4500.o
 .group         0x00000000        0x8 Startup/system_XMC4500.o
 .group         0x00000000        0x8 Startup/system_XMC4500.o
 .group         0x00000000        0x8 Startup/system_XMC4500.o
 .group         0x00000000        0x8 Startup/system_XMC4500.o
 .group         0x00000000        0x8 Startup/system_XMC4500.o
 .group         0x00000000        0x8 Startup/system_XMC4500.o
 .group         0x00000000        0x8 Startup/system_XMC4500.o
 .group         0x00000000        0x8 Startup/system_XMC4500.o
 .comment       0x00000000       0x71 Startup/system_XMC4500.o
 .group         0x00000000        0x8 BedRoomSlave.o
 .group         0x00000000        0x8 BedRoomSlave.o
 .group         0x00000000        0x8 BedRoomSlave.o
 .group         0x00000000        0x8 BedRoomSlave.o
 .group         0x00000000        0x8 BedRoomSlave.o
 .group         0x00000000        0x8 BedRoomSlave.o
 .group         0x00000000        0x8 BedRoomSlave.o
 .group         0x00000000        0x8 BedRoomSlave.o
 .group         0x00000000        0x8 BedRoomSlave.o
 .group         0x00000000        0x8 BedRoomSlave.o
 .group         0x00000000        0x8 BedRoomSlave.o
 .group         0x00000000        0x8 BedRoomSlave.o
 .group         0x00000000        0x8 BedRoomSlave.o
 .group         0x00000000        0x8 BedRoomSlave.o
 .group         0x00000000        0x8 BedRoomSlave.o
 .group         0x00000000        0x8 BedRoomSlave.o
 .group         0x00000000        0x8 BedRoomSlave.o
 .group         0x00000000        0x8 BedRoomSlave.o
 .group         0x00000000        0x8 BedRoomSlave.o
 .group         0x00000000        0x8 BedRoomSlave.o
 .group         0x00000000        0x8 BedRoomSlave.o
 .group         0x00000000        0x8 BedRoomSlave.o
 .group         0x00000000        0x8 BedRoomSlave.o
 .group         0x00000000        0x8 BedRoomSlave.o
 .group         0x00000000        0x8 BedRoomSlave.o
 .group         0x00000000        0x8 BedRoomSlave.o
 .group         0x00000000        0x8 BedRoomSlave.o
 .group         0x00000000        0x8 BedRoomSlave.o
 .group         0x00000000        0x8 BedRoomSlave.o
 .debug_macro   0x00000000      0x814 BedRoomSlave.o
 .debug_macro   0x00000000       0x2d BedRoomSlave.o
 .debug_macro   0x00000000       0x3b BedRoomSlave.o
 .debug_macro   0x00000000       0x3a BedRoomSlave.o
 .debug_macro   0x00000000       0x10 BedRoomSlave.o
 .debug_macro   0x00000000       0x2e BedRoomSlave.o
 .debug_macro   0x00000000       0xa3 BedRoomSlave.o
 .debug_macro   0x00000000      0x20e BedRoomSlave.o
 .debug_macro   0x00000000       0x2d BedRoomSlave.o
 .debug_macro   0x00000000       0x42 BedRoomSlave.o
 .debug_macro   0x00000000      0xd39 BedRoomSlave.o
 .debug_macro   0x00000000    0x150f5 BedRoomSlave.o
 .comment       0x00000000       0x71 BedRoomSlave.o
 .group         0x00000000        0x8 Sensors.o
 .group         0x00000000        0x8 Sensors.o
 .group         0x00000000        0x8 Sensors.o
 .group         0x00000000        0x8 Sensors.o
 .group         0x00000000        0x8 Sensors.o
 .group         0x00000000        0x8 Sensors.o
 .group         0x00000000        0x8 Sensors.o
 .group         0x00000000        0x8 Sensors.o
 .group         0x00000000        0x8 Sensors.o
 .group         0x00000000        0x8 Sensors.o
 .group         0x00000000        0x8 Sensors.o
 .group         0x00000000        0x8 Sensors.o
 .group         0x00000000        0x8 Sensors.o
 .group         0x00000000        0x8 Sensors.o
 .group         0x00000000        0x8 Sensors.o
 .group         0x00000000        0x8 Sensors.o
 .group         0x00000000        0x8 Sensors.o
[...]
Memory Configuration

Name             Origin             Length             Attributes
FLASH_1_cached   0x08000000         0x00100000         xr
FLASH_1_uncached 0x0c000000         0x00100000         xr
PSRAM_1          0x10000000         0x00010000         !xr
DSRAM_1_system   0x20000000         0x00010000         !xr
DSRAM_2_comm     0x30000000         0x00008000         !xr
*default*        0x00000000         0xffffffff

Linker script and memory map

LOAD Startup/startup_XMC4500.o
LOAD Startup/system_XMC4500.o
LOAD BedRoomSlave.o
LOAD Sensors.o
LOAD Lib/System_LibcStubs.o
LOAD Dave/Generated/src/UART001/UART001.o
LOAD Dave/Generated/src/UART001/UART001_Conf.o
LOAD Dave/Generated/src/RESET001/RESET001.o
LOAD Dave/Generated/src/LIBS/CCU8PWMLIB.o
LOAD Dave/Generated/src/LIBS/MOTORLIB.o
LOAD Dave/Generated/src/IO001/IO001.o
LOAD Dave/Generated/src/IO001/IO001_Conf.o
LOAD Dave/Generated/src/DAVESupport/DAVE3.o
LOAD Dave/Generated/src/DAVESupport/MULTIPLEXER.o
LOAD Dave/Generated/src/CLK001/CLK001.o
LOAD Dave/Generated/src/ADCGROUP001/ADCGroup001.o
LOAD Dave/Generated/src/ADCGROUP001/ADCGroup001_Conf.o
LOAD Dave/Generated/src/ADCGLOB001/ADCGlob001.o
LOAD Dave/Generated/src/ADCGLOB001/ADCGlob001_Conf.o
LOAD Dave/Generated/src/ADC001/ADC001.o
LOAD Dave/Generated/src/ADC001/ADC001_Conf.o
START GROUP
LOAD c:/dave-3.1.10/arm-gcc/bin/../lib/gcc/arm-none-eabi/4.7.4/armv7e-m\libgcc.a
LOAD c:/dave-3.1.10/arm-gcc/bin/../lib/gcc/arm-none-eabi/4.7.4/../../../../arm-none-eabi/lib/armv7e-m\libg.a
LOAD c:/dave-3.1.10/arm-gcc/bin/../lib/gcc/arm-none-eabi/4.7.4/../../../../arm-none-eabi/lib/armv7e-m\libc.a
END GROUP
                0x00000800                stack_size = 0x800

.text           0x08000000     0x5c64 load address 0x0c000000
                0x08000000                sText = .
 *(.Xmc4500.reset)
 .Xmc4500.reset
                0x08000000      0x21c Startup/startup_XMC4500.o
                0x08000000                __Xmc4500_interrupt_vector_cortex_m
                0x08000200                __Xmc4500_reset_cortex_m
 *(.Xmc4500.postreset)
 .Xmc4500.postreset
                0x0800021c       0x94 Startup/startup_XMC4500.o
 *(.XmcStartup)
 .XmcStartup    0x080002b0        0x4 Startup/startup_XMC4500.o
 *(.text .text.* .gnu.linkonce.t.*)
 .text          0x080002b4      0x82c Startup/startup_XMC4500.o
                0x080002b4                NMI_Handler
                0x080002b6                NMI_Handler_Veneer
                0x080002c4                HardFault_Handler
                0x080002c6                HardFault_Handler_Veneer
                0x080002d4                MemManage_Handler
                0x080002d6                MemManage_Handler_Veneer
                0x080002e4                BusFault_Handler
                0x080002e6                BusFault_Handler_Veneer
                0x080002f4                UsageFault_Handler
                0x080002f6                UsageFault_Handler_Veneer
                0x08000304                SVC_Handler
                0x08000306                SVC_Handler_Veneer
                0x08000314                DebugMon_Handler
                0x08000316                DebugMon_Handler_Veneer
                0x08000324                PendSV_Handler
                0x08000326                PendSV_Handler_Veneer
                0x08000334                SysTick_Handler
                0x08000336                SysTick_Handler_Veneer
                0x08000344                SCU_0_IRQHandler
                0x08000346                SCU_0_IRQHandler_Veneer
                0x08000354                ERU0_0_IRQHandler
                0x08000356                ERU0_0_IRQHandler_Veneer
                0x08000364                ERU0_1_IRQHandler
                0x08000366                ERU0_1_IRQHandler_Veneer
                0x08000374                ERU0_2_IRQHandler
                0x08000376                ERU0_2_IRQHandler_Veneer
                0x08000384                ERU0_3_IRQHandler
                0x08000386                ERU0_3_IRQHandler_Veneer
                0x08000394                ERU1_0_IRQHandler
                0x08000396                ERU1_0_IRQHandler_Veneer
                0x080003a4                ERU1_1_IRQHandler
                0x080003a6                ERU1_1_IRQHandler_Veneer
                0x080003b4                ERU1_2_IRQHandler
                0x080003b6                ERU1_2_IRQHandler_Veneer
                0x080003c4                ERU1_3_IRQHandler
                0x080003c6                ERU1_3_IRQHandler_Veneer
                0x080003d4                PMU0_0_IRQHandler
                0x080003d6                PMU0_0_IRQHandler_Veneer
                0x080003e4                VADC0_C0_0_IRQHandler
                0x080003e6                VADC0_C0_0_IRQHandler_Veneer
                0x080003f4                VADC0_C0_1_IRQHandler
                0x080003f6                VADC0_C0_1_IRQHandler_Veneer
                0x08000404                VADC0_C0_2_IRQHandler
                0x08000406                VADC0_C0_2_IRQHandler_Veneer
                0x08000414                VADC0_C0_3_IRQHandler
                0x08000416                VADC0_C0_3_IRQHandler_Veneer
                0x08000424                VADC0_G0_0_IRQHandler
                0x08000426                VADC0_G0_0_IRQHandler_Veneer
                0x08000434                VADC0_G0_1_IRQHandler
                0x08000436                VADC0_G0_1_IRQHandler_Veneer
                0x08000444                VADC0_G0_2_IRQHandler
                0x08000446                VADC0_G0_2_IRQHandler_Veneer
                0x08000454                VADC0_G0_3_IRQHandler
                0x08000456                VADC0_G0_3_IRQHandler_Veneer
                0x08000464                VADC0_G1_0_IRQHandler
                0x08000466                VADC0_G1_0_IRQHandler_Veneer
                0x08000474                VADC0_G1_1_IRQHandler
                0x08000476                VADC0_G1_1_IRQHandler_Veneer
                0x08000484                VADC0_G1_2_IRQHandler
                0x08000486                VADC0_G1_2_IRQHandler_Veneer
                0x08000494                VADC0_G1_3_IRQHandler
                0x08000496                VADC0_G1_3_IRQHandler_Veneer
                0x080004a4                VADC0_G2_0_IRQHandler
                0x080004a6                VADC0_G2_0_IRQHandler_Veneer
                0x080004b4                VADC0_G2_1_IRQHandler
                0x080004b6                VADC0_G2_1_IRQHandler_Veneer
                0x080004c4                VADC0_G2_2_IRQHandler
                0x080004c6                VADC0_G2_2_IRQHandler_Veneer
                0x080004d4                VADC0_G2_3_IRQHandler
                0x080004d6                VADC0_G2_3_IRQHandler_Veneer
                0x080004e4                VADC0_G3_0_IRQHandler
                0x080004e6                VADC0_G3_0_IRQHandler_Veneer
                0x080004f4                VADC0_G3_1_IRQHandler
                0x080004f6                VADC0_G3_1_IRQHandler_Veneer
                0x08000504                VADC0_G3_2_IRQHandler
                0x08000506                VADC0_G3_2_IRQHandler_Veneer
                0x08000514                VADC0_G3_3_IRQHandler
                0x08000516                VADC0_G3_3_IRQHandler_Veneer
                0x08000524                DSD0_0_IRQHandler
                0x08000526                DSD0_0_IRQHandler_Veneer
                0x08000534                DSD0_1_IRQHandler
                0x08000536                DSD0_1_IRQHandler_Veneer
                0x08000544                DSD0_2_IRQHandler
                0x08000546                DSD0_2_IRQHandler_Veneer
                0x08000554                DSD0_3_IRQHandler
                0x08000556                DSD0_3_IRQHandler_Veneer
                0x08000564                DSD0_4_IRQHandler
                0x08000566                DSD0_4_IRQHandler_Veneer
                0x08000574                DSD0_5_IRQHandler
                0x08000576                DSD0_5_IRQHandler_Veneer
                0x08000584                DSD0_6_IRQHandler
                0x08000586                DSD0_6_IRQHandler_Veneer
                0x08000594                DSD0_7_IRQHandler
                0x08000596                DSD0_7_IRQHandler_Veneer
                0x080005a4                DAC0_0_IRQHandler
                0x080005a6                DAC0_0_IRQHandler_Veneer
                0x080005b4                DAC0_1_IRQHandler
                0x080005b6                DAC0_1_IRQHandler_Veneer
                0x080005c4                CCU40_0_IRQHandler
                0x080005c6                CCU40_0_IRQHandler_Veneer
                0x080005d4                CCU40_1_IRQHandler
                0x080005d6                CCU40_1_IRQHandler_Veneer
                0x080005e4                CCU40_2_IRQHandler
                0x080005e6                CCU40_2_IRQHandler_Veneer
                0x080005f4                CCU40_3_IRQHandler
                0x080005f6                CCU40_3_IRQHandler_Veneer
                0x08000604                CCU41_0_IRQHandler
                0x08000606                CCU41_0_IRQHandler_Veneer
                0x08000612                CCU41_1_IRQHandler
                0x08000614                CCU41_1_IRQHandler_Veneer
                0x08000620                CCU41_2_IRQHandler
                0x08000622                CCU41_2_IRQHandler_Veneer
                0x0800062e                CCU41_3_IRQHandler
                0x08000630                CCU41_3_IRQHandler_Veneer
                0x0800063c                CCU42_0_IRQHandler
                0x0800063e                CCU42_0_IRQHandler_Veneer
                0x0800064a                CCU42_1_IRQHandler
                0x0800064c                CCU42_1_IRQHandler_Veneer
                0x08000658                CCU42_2_IRQHandler
                0x0800065a                CCU42_2_IRQHandler_Veneer
                0x08000666                CCU42_3_IRQHandler
                0x08000668                CCU42_3_IRQHandler_Veneer
                0x08000674                CCU43_0_IRQHandler
                0x08000676                CCU43_0_IRQHandler_Veneer
                0x08000682                CCU43_1_IRQHandler
                0x08000684                CCU43_1_IRQHandler_Veneer
                0x08000690                CCU43_2_IRQHandler
                0x08000692                CCU43_2_IRQHandler_Veneer
                0x0800069e                CCU43_3_IRQHandler
                0x080006a0                CCU43_3_IRQHandler_Veneer
                0x080006ac                CCU80_0_IRQHandler
                0x080006ae                CCU80_0_IRQHandler_Veneer
                0x080006ba                CCU80_1_IRQHandler
                0x080006bc                CCU80_1_IRQHandler_Veneer
                0x080006c8                CCU80_2_IRQHandler
                0x080006ca                CCU80_2_IRQHandler_Veneer
                0x080006d6                CCU80_3_IRQHandler
                0x080006d8                CCU80_3_IRQHandler_Veneer
                0x080006e4                CCU81_0_IRQHandler
                0x080006e6                CCU81_0_IRQHandler_Veneer
                0x080006f2                CCU81_1_IRQHandler
                0x080006f4                CCU81_1_IRQHandler_Veneer
                0x08000700                CCU81_2_IRQHandler
                0x08000702                CCU81_2_IRQHandler_Veneer
                0x0800070e                CCU81_3_IRQHandler
                0x08000710                CCU81_3_IRQHandler_Veneer
                0x0800071c                POSIF0_0_IRQHandler
                0x0800071e                POSIF0_0_IRQHandler_Veneer
                0x0800072a                POSIF0_1_IRQHandler
                0x0800072c                POSIF0_1_IRQHandler_Veneer
                0x08000738                POSIF1_0_IRQHandler
                0x0800073a                POSIF1_0_IRQHandler_Veneer
                0x08000746                POSIF1_1_IRQHandler
                0x08000748                POSIF1_1_IRQHandler_Veneer
                0x08000754                CAN0_0_IRQHandler
                0x08000756                CAN0_0_IRQHandler_Veneer
                0x08000762                CAN0_1_IRQHandler
                0x08000764                CAN0_1_IRQHandler_Veneer
                0x08000770                CAN0_2_IRQHandler
                0x08000772                CAN0_2_IRQHandler_Veneer
                0x0800077e                CAN0_3_IRQHandler
                0x08000780                CAN0_3_IRQHandler_Veneer
                0x0800078c                CAN0_4_IRQHandler
                0x0800078e                CAN0_4_IRQHandler_Veneer
                0x0800079a                CAN0_5_IRQHandler
                0x0800079c                CAN0_5_IRQHandler_Veneer
                0x080007a8                CAN0_6_IRQHandler
                0x080007aa                CAN0_6_IRQHandler_Veneer
                0x080007b6                CAN0_7_IRQHandler
                0x080007b8                CAN0_7_IRQHandler_Veneer
                0x080007c4                USIC0_0_IRQHandler
                0x080007c6                USIC0_0_IRQHandler_Veneer
                0x080007d2                USIC0_1_IRQHandler
                0x080007d4                USIC0_1_IRQHandler_Veneer
                0x080007e0                USIC0_2_IRQHandler
                0x080007e2                USIC0_2_IRQHandler_Veneer
                0x080007ee                USIC0_3_IRQHandler
                0x080007f0                USIC0_3_IRQHandler_Veneer
                0x080007fc                USIC0_4_IRQHandler
                0x080007fe                USIC0_4_IRQHandler_Veneer
                0x0800080a                USIC0_5_IRQHandler
                0x0800080c                USIC0_5_IRQHandler_Veneer
                0x08000818                USIC1_0_IRQHandler
                0x0800081a                USIC1_0_IRQHandler_Veneer
                0x08000826                USIC1_1_IRQHandler
                0x08000828                USIC1_1_IRQHandler_Veneer
                0x08000834                USIC1_2_IRQHandler
                0x08000836                USIC1_2_IRQHandler_Veneer
                0x08000842                USIC1_3_IRQHandler
                0x08000844                USIC1_3_IRQHandler_Veneer
                0x08000850                USIC1_4_IRQHandler
                0x08000852                USIC1_4_IRQHandler_Veneer
                0x0800085e                USIC1_5_IRQHandler
                0x08000860                USIC1_5_IRQHandler_Veneer
                0x0800086c                USIC2_0_IRQHandler
                0x0800086e                USIC2_0_IRQHandler_Veneer
                0x0800087a                USIC2_1_IRQHandler
                0x0800087c                USIC2_1_IRQHandler_Veneer
                0x08000888                USIC2_2_IRQHandler
                0x0800088a                USIC2_2_IRQHandler_Veneer
                0x08000896                USIC2_3_IRQHandler
                0x08000898                USIC2_3_IRQHandler_Veneer
                0x080008a4                USIC2_4_IRQHandler
                0x080008a6                USIC2_4_IRQHandler_Veneer
                0x080008b2                USIC2_5_IRQHandler
                0x080008b4                USIC2_5_IRQHandler_Veneer
                0x080008c0                LEDTS0_0_IRQHandler
                0x080008c2                LEDTS0_0_IRQHandler_Veneer
                0x080008ce                FCE0_0_IRQHandler
                0x080008d0                FCE0_0_IRQHandler_Veneer
                0x080008dc                GPDMA0_0_IRQHandler
                0x080008de                GPDMA0_0_IRQHandler_Veneer
                0x080008ea                SDMMC0_0_IRQHandler
                0x080008ec                SDMMC0_0_IRQHandler_Veneer
                0x080008f8                USB0_0_IRQHandler
                0x080008fa                USB0_0_IRQHandler_Veneer
                0x08000906                ETH0_0_IRQHandler
                0x08000908                ETH0_0_IRQHandler_Veneer
                0x08000914                GPDMA1_0_IRQHandler
                0x08000916                GPDMA1_0_IRQHandler_Veneer
 .text          0x08000ae0        0x0 Startup/system_XMC4500.o
 .text.SystemInit
                0x08000ae0       0x9c Startup/system_XMC4500.o
                0x08000ae0                SystemInit
 .text.SystemCoreClockUpdate
                0x08000b7c      0x148 Startup/system_XMC4500.o
                0x08000b7c                SystemCoreClockUpdate
 .text.SystemClockSetup
                0x08000cc4      0x4cc Startup/system_XMC4500.o
 .text          0x08001190        0x0 BedRoomSlave.o
 .text.main     0x08001190       0x7c BedRoomSlave.o
                0x08001190                main
 .text          0x0800120c        0x0 Sensors.o
 *fill*         0x0800120c        0x4 00
 .text.GetTemperature
                0x08001210      0x150 Sensors.o
                0x08001210                GetTemperature
 .text.GetLight
                0x08001360       0x30 Sensors.o
                0x08001360                GetLight
 .text.GetHumidity
                0x08001390       0x30 Sensors.o
                0x08001390                GetHumidity
 .text.ADC_ConversionComplete
                0x080013c0       0x80 Sensors.o
                0x080013c0                ADC_ConversionComplete
 .text          0x08001440        0x0 Lib/System_LibcStubs.o
 .text._open    0x08001440       0x1c Lib/System_LibcStubs.o
                0x08001440                _open
 .text._lseek   0x0800145c       0x1c Lib/System_LibcStubs.o
                0x0800145c                _lseek
 .text._read    0x08001478       0x1c Lib/System_LibcStubs.o
                0x08001478                _read
 .text._write   0x08001494       0x1c Lib/System_LibcStubs.o
                0x08001494                _write
 .text._close   0x080014b0       0x10 Lib/System_LibcStubs.o
                0x080014b0                _close
 .text._fstat   0x080014c0       0x28 Lib/System_LibcStubs.o
                0x080014c0                _fstat
 .text._link    0x080014e8       0x28 Lib/System_LibcStubs.o
                0x080014e8                _link
 .text._unlink  0x08001510       0x18 Lib/System_LibcStubs.o
                0x08001510                _unlink
 .text._sbrk    0x08001528       0xa0 Lib/System_LibcStubs.o
                0x08001528                _sbrk
 .text._times   0x080015c8       0x18 Lib/System_LibcStubs.o
                0x080015c8                _times
 .text._wait    0x080015e0       0x18 Lib/System_LibcStubs.o
                0x080015e0                _wait
 .text._kill    0x080015f8       0x1c Lib/System_LibcStubs.o
                0x080015f8                _kill
 .text._fork    0x08001614       0x10 Lib/System_LibcStubs.o
                0x08001614                _fork
 .text._getpid  0x08001624       0x10 Lib/System_LibcStubs.o
                0x08001624                _getpid
 .text._exit    0x08001634        0xc Lib/System_LibcStubs.o
                0x08001634                _exit
 .text._init    0x08001640        0xc Lib/System_LibcStubs.o
                0x08001640                _init
 .text._isatty  0x0800164c       0x18 Lib/System_LibcStubs.o
                0x0800164c                _isatty
 .text          0x08001664        0x0 Dave/Generated/src/UART001/UART001.o
 .text.UART001_lInit
                0x08001664      0x1a8 Dave/Generated/src/UART001/UART001.o
                0x08001664                UART001_lInit
 .text.UART001_lConfigTXPin
                0x0800180c       0xfc Dave/Generated/src/UART001/UART001.o
                0x0800180c                UART001_lConfigTXPin
 .text.UART001_labsRealType
                0x08001908       0x38 Dave/Generated/src/UART001/UART001.o
                0x08001908                UART001_labsRealType
 .text.UART001_lConfigureBaudRate
                0x08001940      0x4e8 Dave/Generated/src/UART001/UART001.o
                0x08001940                UART001_lConfigureBaudRate
 .text.UART001_Init
                0x08001e28       0x6c Dave/Generated/src/UART001/UART001.o
                0x08001e28                UART001_Init
 .text.UART001_DeInit
                0x08001e94       0x14 Dave/Generated/src/UART001/UART001.o
                0x08001e94                UART001_DeInit
 .text.UART001_Configure
                0x08001ea8      0x114 Dave/Generated/src/UART001/UART001.o
                0x08001ea8                UART001_Configure
 .text.UART001_ReadDataMultiple
                0x08001fbc       0x80 Dave/Generated/src/UART001/UART001.o
                0x08001fbc                UART001_ReadDataMultiple
 .text.UART001_ReadDataBytes
                0x0800203c       0x80 Dave/Generated/src/UART001/UART001.o
                0x0800203c                UART001_ReadDataBytes
 .text.UART001_WriteDataMultiple
                0x080020bc       0x90 Dave/Generated/src/UART001/UART001.o
                0x080020bc                UART001_WriteDataMultiple
 .text.UART001_WriteDataBytes
                0x0800214c       0x90 Dave/Generated/src/UART001/UART001.o
                0x0800214c                UART001_WriteDataBytes
 .text.UART001_GetFlagStatus
                0x080021dc       0x98 Dave/Generated/src/UART001/UART001.o
                0x080021dc                UART001_GetFlagStatus
 .text.UART001_ClearFlag
                0x08002274       0x78 Dave/Generated/src/UART001/UART001.o
                0x08002274                UART001_ClearFlag
 .text          0x080022ec        0x0 Dave/Generated/src/UART001/UART001_Conf.o
 .text          0x080022ec        0x0 Dave/Generated/src/RESET001/RESET001.o
 .text.RESET001_AssertReset
                0x080022ec       0x54 Dave/Generated/src/RESET001/RESET001.o
                0x080022ec                RESET001_AssertReset
 .text.RESET001_DeassertReset
                0x08002340       0x54 Dave/Generated/src/RESET001/RESET001.o
                0x08002340                RESET001_DeassertReset
 .text.RESET001_GetResetInfo
                0x08002394       0x2c Dave/Generated/src/RESET001/RESET001.o
                0x08002394                RESET001_GetResetInfo
 .text.RESET001_GetStatus
                0x080023c0       0x7c Dave/Generated/src/RESET001/RESET001.o
                0x080023c0                RESET001_GetStatus
 .text.RESET001_ClearResetInfo
                0x0800243c       0x28 Dave/Generated/src/RESET001/RESET001.o
                0x0800243c                RESET001_ClearResetInfo
 .text          0x08002464        0x0 Dave/Generated/src/LIBS/CCU8PWMLIB.o
 .text          0x08002464        0x0 Dave/Generated/src/LIBS/MOTORLIB.o
 .text          0x08002464        0x0 Dave/Generated/src/IO001/IO001.o
 .text.IO001_Init
                0x08002464       0x60 Dave/Generated/src/IO001/IO001.o
                0x08002464                IO001_Init
 .text.IO001_EnableDigitalInput
                0x080024c4      0x198 Dave/Generated/src/IO001/IO001.o
                0x080024c4                IO001_EnableDigitalInput
 .text.IO001_DisableDigitalInput
                0x0800265c       0x2c Dave/Generated/src/IO001/IO001.o
                0x0800265c                IO001_DisableDigitalInput
 .text          0x08002688        0x0 Dave/Generated/src/IO001/IO001_Conf.o
 .text          0x08002688        0x0 Dave/Generated/src/DAVESupport/DAVE3.o
 .text.NVIC_SetPriorityGrouping
                0x08002688       0x50 Dave/Generated/src/DAVESupport/DAVE3.o
 .text.DAVE_Init
                0x080026d8       0x30 Dave/Generated/src/DAVESupport/DAVE3.o
                0x080026d8                DAVE_Init
 .text.SystemInit_DAVE3
                0x08002708        0xc Dave/Generated/src/DAVESupport/DAVE3.o
                0x08002708                SystemInit_DAVE3
 .text          0x08002714        0x0 Dave/Generated/src/DAVESupport/MULTIPLEXER.o
 .text.DAVE_MUX_Init
                0x08002714      0x140 Dave/Generated/src/DAVESupport/MULTIPLEXER.o
                0x08002714                DAVE_MUX_Init
 .text.DAVE_MUX_PreInit
                0x08002854        0xc Dave/Generated/src/DAVESupport/MULTIPLEXER.o
                0x08002854                DAVE_MUX_PreInit
 .text          0x08002860        0x0 Dave/Generated/src/CLK001/CLK001.o
 .text.CLK001_Delay
                0x08002860       0x34 Dave/Generated/src/CLK001/CLK001.o
 .text.CLK001_SysClk_Valid
                0x08002894       0x38 Dave/Generated/src/CLK001/CLK001.o
 .text.CLK001_BackupClkTrim
                0x080028cc       0x94 Dave/Generated/src/CLK001/CLK001.o
 .text.CLK001_SetMainPLLClkSrc
                0x08002960       0xf0 Dave/Generated/src/CLK001/CLK001.o
 .text.CLK001_ConfigMainPLL
                0x08002a50      0x15c Dave/Generated/src/CLK001/CLK001.o
 .text.CLK001_FreqStepupMainPLL
                0x08002bac      0x164 Dave/Generated/src/CLK001/CLK001.o
 .text.CLK001_SysClk_Init
                0x08002d10       0x50 Dave/Generated/src/CLK001/CLK001.o
 .text.CLK001_Init
                0x08002d60       0x30 Dave/Generated/src/CLK001/CLK001.o
                0x08002d60                CLK001_Init
 .text.AllowPLLInitByStartup
                0x08002d90       0x10 Dave/Generated/src/CLK001/CLK001.o
                0x08002d90                AllowPLLInitByStartup
 .text          0x08002da0        0x0 Dave/Generated/src/ADCGROUP001/ADCGroup001.o
 .text.ADCGROUP001_Init
                0x08002da0       0x2c Dave/Generated/src/ADCGROUP001/ADCGroup001.o
                0x08002da0                ADCGROUP001_Init
 .text.ADCGROUP001_lInit
                0x08002dcc      0x1a0 Dave/Generated/src/ADCGROUP001/ADCGroup001.o
                0x08002dcc                ADCGROUP001_lInit
 .text.ADCGROUP001_Deinit
                0x08002f6c       0x84 Dave/Generated/src/ADCGROUP001/ADCGroup001.o
                0x08002f6c                ADCGROUP001_Deinit
 .text.ADCGROUP001_GetStartupCalStatus
                0x08002ff0       0x34 Dave/Generated/src/ADCGROUP001/ADCGroup001.o
                0x08002ff0                ADCGROUP001_GetStartupCalStatus
 .text.ADCGROUP001_SetGroupBound0
                0x08003024       0x68 Dave/Generated/src/ADCGROUP001/ADCGroup001.o
                0x08003024                ADCGROUP001_SetGroupBound0
 .text.ADCGROUP001_SetGroupBound1
                0x0800308c       0x6c Dave/Generated/src/ADCGROUP001/ADCGroup001.o
                0x0800308c                ADCGROUP001_SetGroupBound1
 .text.ADCGROUP001_ActiveGroupServiceRequestNode
                0x080030f8       0x78 Dave/Generated/src/ADCGROUP001/ADCGroup001.o
                0x080030f8                ADCGROUP001_ActiveGroupServiceRequestNode
 .text.ADCGROUP001_DeActiveGroupServiceRequestNode
                0x08003170       0x60 Dave/Generated/src/ADCGROUP001/ADCGroup001.o
                0x08003170                ADCGROUP001_DeActiveGroupServiceRequestNode
 .text.ADCGROUP001_ActiveSharedServiceRequestNode
                0x080031d0       0x80 Dave/Generated/src/ADCGROUP001/ADCGroup001.o
                0x080031d0                ADCGROUP001_ActiveSharedServiceRequestNode
 .text.ADCGROUP001_DeActiveSharedServiceRequestNode
                0x08003250       0x64 Dave/Generated/src/ADCGROUP001/ADCGroup001.o
                0x08003250                ADCGROUP001_DeActiveSharedServiceRequestNode
 .text.ADCGROUP001_EMUXStartSelection
                0x080032b4       0x5c Dave/Generated/src/ADCGROUP001/ADCGroup001.o
                0x080032b4                ADCGROUP001_EMUXStartSelection
 .text.ADCGROUP001_GetEMUXStartSelection
                0x08003310       0x54 Dave/Generated/src/ADCGROUP001/ADCGroup001.o
                0x08003310                ADCGROUP001_GetEMUXStartSelection
 .text.ADCGROUP001_SetEMUXChannelSelect
                0x08003364       0x60 Dave/Generated/src/ADCGROUP001/ADCGroup001.o
                0x08003364                ADCGROUP001_SetEMUXChannelSelect
 .text.ADCGROUP001_SetEMUXMode
                0x080033c4       0x70 Dave/Generated/src/ADCGROUP001/ADCGroup001.o
                0x080033c4                ADCGROUP001_SetEMUXMode
 .text.ADCGROUP001_SetEMUXCodeScheme
                0x08003434       0x78 Dave/Generated/src/ADCGROUP001/ADCGroup001.o
                0x08003434                ADCGROUP001_SetEMUXCodeScheme
 .text.ADCGROUP001_SetGroupClass0SampleTime
                0x080034ac       0x5c Dave/Generated/src/ADCGROUP001/ADCGroup001.o
                0x080034ac                ADCGROUP001_SetGroupClass0SampleTime
 .text.ADCGROUP001_SetGroupClass1SampleTime
                0x08003508       0x5c Dave/Generated/src/ADCGROUP001/ADCGroup001.o
                0x08003508                ADCGROUP001_SetGroupClass1SampleTime
 .text.ADCGROUP001_SetGroupClass0EmuxSampleTime
                0x08003564       0x60 Dave/Generated/src/ADCGROUP001/ADCGroup001.o
                0x08003564                ADCGROUP001_SetGroupClass0EmuxSampleTime
 .text.ADCGROUP001_SetGroupClass1EmuxSampleTime
                0x080035c4       0x60 Dave/Generated/src/ADCGROUP001/ADCGroup001.o
                0x080035c4                ADCGROUP001_SetGroupClass1EmuxSampleTime
 .text.ADCGROUP001_SetGroupClass0ConvMode
                0x08003624       0x68 Dave/Generated/src/ADCGROUP001/ADCGroup001.o
                0x08003624                ADCGROUP001_SetGroupClass0ConvMode
 .text.ADCGROUP001_SetGroupClass1ConvMode
                0x0800368c       0x68 Dave/Generated/src/ADCGROUP001/ADCGroup001.o
                0x0800368c                ADCGROUP001_SetGroupClass1ConvMode
 .text.ADCGROUP001_SetGroupClass0EmuxConvMode
                0x080036f4       0x68 Dave/Generated/src/ADCGROUP001/ADCGroup001.o
                0x080036f4                ADCGROUP001_SetGroupClass0EmuxConvMode
 .text.ADCGROUP001_SetGroupClass1EmuxConvMode
                0x0800375c       0x68 Dave/Generated/src/ADCGROUP001/ADCGroup001.o
                0x0800375c                ADCGROUP001_SetGroupClass1EmuxConvMode
 .text.ADCGROUP001_SetEMUXSampleTimeControl
                0x080037c4       0x70 Dave/Generated/src/ADCGROUP001/ADCGroup001.o
                0x080037c4                ADCGROUP001_SetEMUXSampleTimeControl
 .text          0x08003834        0x0 Dave/Generated/src/ADCGROUP001/ADCGroup001_Conf.o
 .text          0x08003834        0x0 Dave/Generated/src/ADCGLOB001/ADCGlob001.o
 .text.ADCGLOB001_Init
                0x08003834      0x1a0 Dave/Generated/src/ADCGLOB001/ADCGlob001.o
                0x08003834                ADCGLOB001_Init
 .text.ADCGLOB001_DeInit
                0x080039d4       0x98 Dave/Generated/src/ADCGLOB001/ADCGlob001.o
                0x080039d4                ADCGLOB001_DeInit
 .text.ADCGLOB001_CLKRequestDisable
                0x08003a6c       0x3c Dave/Generated/src/ADCGLOB001/ADCGlob001.o
                0x08003a6c                ADCGLOB001_CLKRequestDisable
 .text.ADCGLOB001_CLKRequestEnable
                0x08003aa8       0x3c Dave/Generated/src/ADCGLOB001/ADCGlob001.o
                0x08003aa8                ADCGLOB001_CLKRequestEnable
 .text.ADCGLOB001_SetStartUpCalibration
                0x08003ae4       0x40 Dave/Generated/src/ADCGLOB001/ADCGlob001.o
                0x08003ae4                ADCGLOB001_SetStartUpCalibration
 .text.ADCGLOB001_StartUpCalibrationInit
                0x08003b24       0x60 Dave/Generated/src/ADCGLOB001/ADCGlob001.o
                0x08003b24                ADCGLOB001_StartUpCalibrationInit
 .text.ADCGLOB001_EnableSleepModeControl
                0x08003b84       0x3c Dave/Generated/src/ADCGLOB001/ADCGlob001.o
                0x08003b84                ADCGLOB001_EnableSleepModeControl
 .text.ADCGLOB001_DisregardSleepModeControl
                0x08003bc0       0x3c Dave/Generated/src/ADCGLOB001/ADCGlob001.o
                0x08003bc0                ADCGLOB001_DisregardSleepModeControl
 .text.ADCGLOB001_SetGlobClass0ConvMode
                0x08003bfc       0x64 Dave/Generated/src/ADCGLOB001/ADCGlob001.o
                0x08003bfc                ADCGLOB001_SetGlobClass0ConvMode
 .text.ADCGLOB001_SetGlobClass0SampleTime
                0x08003c60       0x5c Dave/Generated/src/ADCGLOB001/ADCGlob001.o
                0x08003c60                ADCGLOB001_SetGlobClass0SampleTime
 .text.ADCGLOB001_SetGlobClass0EmuxConvMode
                0x08003cbc       0x64 Dave/Generated/src/ADCGLOB001/ADCGlob001.o
                0x08003cbc                ADCGLOB001_SetGlobClass0EmuxConvMode
 .text.ADCGLOB001_SetGlobClass0EmuxSampleTime
                0x08003d20       0x60 Dave/Generated/src/ADCGLOB001/ADCGlob001.o
                0x08003d20                ADCGLOB001_SetGlobClass0EmuxSampleTime
 .text.ADCGLOB001_SetGlobClass1ConvMode
                0x08003d80       0x64 Dave/Generated/src/ADCGLOB001/ADCGlob001.o
                0x08003d80                ADCGLOB001_SetGlobClass1ConvMode
 .text.ADCGLOB001_SetGlobClass1SampleTime
                0x08003de4       0x5c Dave/Generated/src/ADCGLOB001/ADCGlob001.o
                0x08003de4                ADCGLOB001_SetGlobClass1SampleTime
 .text.ADCGLOB001_SetGlobClass1EmuxConvMode
                0x08003e40       0x64 Dave/Generated/src/ADCGLOB001/ADCGlob001.o
                0x08003e40                ADCGLOB001_SetGlobClass1EmuxConvMode
 .text.ADCGLOB001_SetGlobClass1EmuxSampleTime
                0x08003ea4       0x60 Dave/Generated/src/ADCGLOB001/ADCGlob001.o
                0x08003ea4                ADCGLOB001_SetGlobClass1EmuxSampleTime
 .text.ADCGLOB001_GetDisableBitStatus
                0x08003f04       0x44 Dave/Generated/src/ADCGLOB001/ADCGlob001.o
                0x08003f04                ADCGLOB001_GetDisableBitStatus
 .text.ADCGLOB001_GetIdValue
                0x08003f48       0x38 Dave/Generated/src/ADCGLOB001/ADCGlob001.o
                0x08003f48                ADCGLOB001_GetIdValue
 .text.ADCGLOB001_GTFRConvtrDiagnoGrp
                0x08003f80       0x8c Dave/Generated/src/ADCGLOB001/ADCGlob001.o
                0x08003f80                ADCGLOB001_GTFRConvtrDiagnoGrp
 .text.ADCGLOB001_GTFRConvtrDiagnoEnable
                0x0800400c       0x54 Dave/Generated/src/ADCGLOB001/ADCGlob001.o
                0x0800400c                ADCGLOB001_GTFRConvtrDiagnoEnable
 .text.ADCGLOB001_GTFRConvtrDiagnoPullDevicesSelect
                0x08004060       0x8c Dave/Generated/src/ADCGLOB001/ADCGlob001.o
                0x08004060                ADCGLOB001_GTFRConvtrDiagnoPullDevicesSelect
 .text.ADCGLOB001_GTFRPullDwnDiagnoEnable
                0x080040ec       0x54 Dave/Generated/src/ADCGLOB001/ADCGlob001.o
                0x080040ec                ADCGLOB001_GTFRPullDwnDiagnoEnable
 .text          0x08004140        0x0 Dave/Generated/src/ADCGLOB001/ADCGlob001_Conf.o
 .text          0x08004140        0x0 Dave/Generated/src/ADC001/ADC001.o
 .text.ADC001_Init
                0x08004140       0x18 Dave/Generated/src/ADC001/ADC001.o
                0x08004140                ADC001_Init
 .text.ADC001_lInit
                0x08004158      0x2a0 Dave/Generated/src/ADC001/ADC001.o
                0x08004158                ADC001_lInit
 .text.ADC001_Deinit
                0x080043f8      0x150 Dave/Generated/src/ADC001/ADC001.o
                0x080043f8                ADC001_Deinit
 .text.ADC001_SelectInputClass
                0x08004548       0xdc Dave/Generated/src/ADC001/ADC001.o
                0x08004548                ADC001_SelectInputClass
 .text.ADC001_EnableResultEvt
                0x08004624       0x44 Dave/Generated/src/ADC001/ADC001.o
                0x08004624                ADC001_EnableResultEvt
 .text.ADC001_DisableResultEvt
                0x08004668       0x44 Dave/Generated/src/ADC001/ADC001.o
                0x08004668                ADC001_DisableResultEvt
 .text.ADC001_GetResult
                0x080046ac       0x84 Dave/Generated/src/ADC001/ADC001.o
                0x080046ac                ADC001_GetResult
 .text.ADC001_GetFastResult
                0x08004730       0x24 Dave/Generated/src/ADC001/ADC001.o
                0x08004730                ADC001_GetFastResult
 .text.ADC001_GetResultEvtFlag
                0x08004754       0x58 Dave/Generated/src/ADC001/ADC001.o
                0x08004754                ADC001_GetResultEvtFlag
 .text.ADC001_SetResultEvtFlag
                0x080047ac       0x44 Dave/Generated/src/ADC001/ADC001.o
                0x080047ac                ADC001_SetResultEvtFlag
 .text.ADC001_ClearResultEvtFlag
                0x080047f0       0x44 Dave/Generated/src/ADC001/ADC001.o
                0x080047f0                ADC001_ClearResultEvtFlag
 .text.ADC001_GetChannelEvtFlag
                0x08004834       0xe4 Dave/Generated/src/ADC001/ADC001.o
                0x08004834                ADC001_GetChannelEvtFlag
 .text.ADC001_SetChannelEvtFlag
                0x08004918       0xd0 Dave/Generated/src/ADC001/ADC001.o
                0x08004918                ADC001_SetChannelEvtFlag
 .text.ADC001_ClearChannelEvtFlag
                0x080049e8       0xd0 Dave/Generated/src/ADC001/ADC001.o
                0x080049e8                ADC001_ClearChannelEvtFlag
 .text.ADC001_EnableBackGroundEvent
                0x08004ab8       0x44 Dave/Generated/src/ADC001/ADC001.o
                0x08004ab8                ADC001_EnableBackGroundEvent
 .text.ADC001_DisableBackGroundEvent
                0x08004afc       0x44 Dave/Generated/src/ADC001/ADC001.o
                0x08004afc                ADC001_DisableBackGroundEvent
 .text.ADC001_GetBackGroundEvtFlag
                0x08004b40       0x54 Dave/Generated/src/ADC001/ADC001.o
                0x08004b40                ADC001_GetBackGroundEvtFlag
 .text.ADC001_SetBackGroundEvtFlag
                0x08004b94       0x44 Dave/Generated/src/ADC001/ADC001.o
                0x08004b94                ADC001_SetBackGroundEvtFlag
 .text.ADC001_ClearBackGroundEvtFlag
                0x08004bd8       0x44 Dave/Generated/src/ADC001/ADC001.o
                0x08004bd8                ADC001_ClearBackGroundEvtFlag
 .text.ADC001_ClearPendingBits
                0x08004c1c       0x44 Dave/Generated/src/ADC001/ADC001.o
                0x08004c1c                ADC001_ClearPendingBits
 .text.ADC001_GenerateLoadEvent
                0x08004c60       0x44 Dave/Generated/src/ADC001/ADC001.o
                0x08004c60                ADC001_GenerateLoadEvent
 .text.ADC001_EnableGate
                0x08004ca4       0x5c Dave/Generated/src/ADC001/ADC001.o
                0x08004ca4                ADC001_EnableGate
 .text.ADC001_GetGateLevel
                0x08004d00       0x58 Dave/Generated/src/ADC001/ADC001.o
                0x08004d00                ADC001_GetGateLevel
 .text.ADC001_SetExternalTriggerMode
                0x08004d58       0x94 Dave/Generated/src/ADC001/ADC001.o
                0x08004d58                ADC001_SetExternalTriggerMode
 .text.ADC001_EnableExternalTrigger
                0x08004dec       0x44 Dave/Generated/src/ADC001/ADC001.o
                0x08004dec                ADC001_EnableExternalTrigger
 .text.ADC001_DisableExternalTrigger
                0x08004e30       0x44 Dave/Generated/src/ADC001/ADC001.o
                0x08004e30                ADC001_DisableExternalTrigger
 .text.ADC001_EnableArbitrationSlot
                0x08004e74       0x94 Dave/Generated/src/ADC001/ADC001.o
                0x08004e74                ADC001_EnableArbitrationSlot
 .text.ADC001_DisableArbitrationSlot
                0x08004f08       0x94 Dave/Generated/src/ADC001/ADC001.o
                0x08004f08                ADC001_DisableArbitrationSlot
 .text.ADC001_SetLoadEventMode
                0x08004f9c       0x74 Dave/Generated/src/ADC001/ADC001.o
                0x08004f9c                ADC001_SetLoadEventMode
 .text.ADC001_SetPendingChannel
                0x08005010       0xb4 Dave/Generated/src/ADC001/ADC001.o
                0x08005010                ADC001_SetPendingChannel
 .text.ADC001_ClearPendingChannel
                0x080050c4       0xb8 Dave/Generated/src/ADC001/ADC001.o
                0x080050c4                ADC001_ClearPendingChannel
 .text.ADC001_SetChannelSelect
                0x0800517c       0xb4 Dave/Generated/src/ADC001/ADC001.o
                0x0800517c                ADC001_SetChannelSelect
 .text.ADC001_ClearChannelSelect
                0x08005230       0xb8 Dave/Generated/src/ADC001/ADC001.o
                0x08005230                ADC001_ClearChannelSelect
 .text.ADC001_SetChannelEventMode
                0x080052e8      0x114 Dave/Generated/src/ADC001/ADC001.o
                0x080052e8                ADC001_SetChannelEventMode
 .text          0x080053fc        0x0 Dave/Generated/src/ADC001/ADC001_Conf.o
 .text          0x080053fc      0x370 c:/dave-3.1.10/arm-gcc/bin/../lib/gcc/arm-none-eabi/4.7.4/armv7e-m\libgcc.a(_arm_addsubdf3.o)
                0x080053fc                __aeabi_drsub
                0x08005404                __aeabi_dsub
                0x08005404                __subdf3
                0x08005408                __aeabi_dadd
                0x08005408                __adddf3
                0x08005680                __floatunsidf
                0x08005680                __aeabi_ui2d
                0x080056a0                __floatsidf
                0x080056a0                __aeabi_i2d
                0x080056c4                __aeabi_f2d
                0x080056c4                __extendsfdf2
                0x08005700                __floatundidf
                0x08005700                __aeabi_ul2d
                0x08005710                __floatdidf
                0x08005710                __aeabi_l2d
 .text          0x0800576c      0x424 c:/dave-3.1.10/arm-gcc/bin/../lib/gcc/arm-none-eabi/4.7.4/armv7e-m\libgcc.a(_arm_muldivdf3.o)
                0x0800576c                __aeabi_dmul
                0x0800576c                __muldf3
                0x080059c0                __divdf3
                0x080059c0                __aeabi_ddiv
 .text          0x08005b90       0x40 c:/dave-3.1.10/arm-gcc/bin/../lib/gcc/arm-none-eabi/4.7.4/armv7e-m\libgcc.a(_arm_fixunsdfsi.o)
                0x08005b90                __aeabi_d2uiz
                0x08005b90                __fixunsdfsi
 .text          0x08005bd0        0x0 c:/dave-3.1.10/arm-gcc/bin/../lib/gcc/arm-none-eabi/4.7.4/../../../../arm-none-eabi/lib/armv7e-m\libg.a(lib_a-init.o)
 .text.__libc_init_array
                0x08005bd0       0x94 c:/dave-3.1.10/arm-gcc/bin/../lib/gcc/arm-none-eabi/4.7.4/../../../../arm-none-eabi/lib/armv7e-m\libg.a(lib_a-init.o)
                0x08005bd0                __libc_init_array
 *(.glue*)
 .glue_7        0x00000000        0x0 linker stubs
 .glue_7t       0x00000000        0x0 linker stubs
 *(.v4*)
 .v4_bx         0x00000000        0x0 linker stubs
 *(.vfp11_veneer)
 .vfp11_veneer  0x00000000        0x0 linker stubs
 *(.init)
                0x08005c64                __preinit_array_start = .
 *(.preinit_array)
                0x08005c64                __preinit_array_end = .
                0x08005c64                __init_array_start = .
 *(SORT(.init_array.*))
 *(.init_array)
                0x08005c64                __init_array_end = .
 *crtbegin.o(.ctors)
 *(EXCLUDE_FILE(*crtend.o) .ctors)
 *(SORT(.ctors.*))
 *crtend.o(.ctors)
 *(.fini)
                0x08005c64                __fini_array_start = .
 *(.fini_array)
 *(SORT(.fini_array.*))
                0x08005c64                __fini_array_end = .
 *crtbegin.o(.dtors)
 *(EXCLUDE_FILE(*crtend.o) .dtors)
 *(SORT(.dtors.*))
 *crtend.o(.dtors)
                0x08005c64                __extab_start = .
 *(.ARM.extab* .gnu.linkonce.armextab.*)
 .ARM.extab.Xmc4500.reset
                0x08005c64        0x0 Startup/startup_XMC4500.o
 .ARM.extab.Xmc4500.postreset
                0x08005c64        0x0 Startup/startup_XMC4500.o
                0x08005c64                . = ALIGN (0x4)
                0x08005c64                __extab_end = ABSOLUTE (.)

.iplt           0x08005c64        0x0 load address 0x0c005c64
 .iplt          0x00000000        0x0 Startup/startup_XMC4500.o

.ARM.exidx      0x08005c64       0x10 load address 0x0c005c64
                0x08005c64                __exidx_start = .
 *(.ARM.exidx* .gnu.linkonce.armexidx.*)
 .ARM.exidx.Xmc4500.reset
                0x08005c64        0x8 Startup/startup_XMC4500.o
 .ARM.exidx.Xmc4500.postreset
                0x08005c6c        0x8 Startup/startup_XMC4500.o
                0x08005c74                . = ALIGN (0x4)
                0x08005c74                __exidx_end = ABSOLUTE (.)

.rodata         0x08005c74       0xe8 load address 0x0c005c74
 *(.rodata .rodata.*)
 .rodata        0x08005c74        0x4 BedRoomSlave.o
 .rodata        0x08005c78       0x34 Dave/Generated/src/UART001/UART001_Conf.o
                0x08005c78                UART001_Handle0
 .rodata        0x08005cac       0x18 Dave/Generated/src/IO001/IO001_Conf.o
                0x08005cac                IO001_Handle0
                0x08005cb4                IO001_Handle1
                0x08005cbc                IO001_Handle2
 .rodata        0x08005cc4       0x20 Dave/Generated/src/ADCGROUP001/ADCGroup001_Conf.o
                0x08005cc4                ADCGROUP001_Handle0
 .rodata        0x08005ce4       0x18 Dave/Generated/src/ADCGLOB001/ADCGlob001_Conf.o
                0x08005ce4                ADCGLOB001_Handle0
 .rodata        0x08005cfc       0x60 Dave/Generated/src/ADC001/ADC001_Conf.o
                0x08005cfc                ADC001_ChannelAAHandle
                0x08005d00                ADC001_ChannelABHandle
                0x08005d04                ADC001_ChannelACHandle
                0x08005d08                ADC001_Handle0
 *(.gnu.linkonce.r*)

.rel.dyn        0x08005d5c        0x0 load address 0x0c005d5c
 .rel.iplt      0x00000000        0x0 Startup/startup_XMC4500.o
                0x08005d60                . = ALIGN (0x10)
                0x0c005d60                eROData = (. | 0x4000000)

Stack           0x20000000      0x800
                0x20000800                . = (. + stack_size)
 *fill*         0x20000000      0x800 00
                0x20000800                __Xmc4500_stack = .

Communication_Buffers
 *DMA_Descriptors.o(COMMON)

USB_RAM

.bss            0x20000800       0x30
                0x20000800                __Xmc4500_sBSS = .
 *(.bss)
 .bss           0x20000800        0x0 Startup/startup_XMC4500.o
 .bss           0x20000800        0x0 Startup/system_XMC4500.o
 .bss           0x20000800        0x0 BedRoomSlave.o
 .bss           0x20000800        0x0 Sensors.o
 .bss           0x20000800        0xc Lib/System_LibcStubs.o
                0x20000800                __dso_handle
 .bss           0x2000080c        0x0 Dave/Generated/src/UART001/UART001.o
 .bss           0x2000080c        0x0 Dave/Generated/src/UART001/UART001_Conf.o
 .bss           0x2000080c        0x0 Dave/Generated/src/RESET001/RESET001.o
 .bss           0x2000080c        0x0 Dave/Generated/src/LIBS/CCU8PWMLIB.o
 .bss           0x2000080c        0x0 Dave/Generated/src/LIBS/MOTORLIB.o
 .bss           0x2000080c        0x0 Dave/Generated/src/IO001/IO001.o
 .bss           0x2000080c        0x0 Dave/Generated/src/IO001/IO001_Conf.o
 .bss           0x2000080c        0x0 Dave/Generated/src/DAVESupport/DAVE3.o
 .bss           0x2000080c        0x0 Dave/Generated/src/DAVESupport/MULTIPLEXER.o
 .bss           0x2000080c        0x8 Dave/Generated/src/CLK001/CLK001.o
 .bss           0x20000814        0x0 Dave/Generated/src/ADCGROUP001/ADCGroup001.o
 .bss           0x20000814        0x4 Dave/Generated/src/ADCGROUP001/ADCGroup001_Conf.o
                0x20000814                ADCGROUP001_DynamicHandle0
 .bss           0x20000818        0x0 Dave/Generated/src/ADCGLOB001/ADCGlob001.o
 .bss           0x20000818        0x4 Dave/Generated/src/ADCGLOB001/ADCGlob001_Conf.o
                0x20000818                ADCGLOB001_DynamicData0
 .bss           0x2000081c        0x0 Dave/Generated/src/ADC001/ADC001.o
 .bss           0x2000081c        0x8 Dave/Generated/src/ADC001/ADC001_Conf.o
                0x2000081c                ADC001_DynamicHandle
 .bss           0x20000824        0x0 c:/dave-3.1.10/arm-gcc/bin/../lib/gcc/arm-none-eabi/4.7.4/armv7e-m\libgcc.a(_arm_addsubdf3.o)
 .bss           0x20000824        0x0 c:/dave-3.1.10/arm-gcc/bin/../lib/gcc/arm-none-eabi/4.7.4/armv7e-m\libgcc.a(_arm_muldivdf3.o)
 .bss           0x20000824        0x0 c:/dave-3.1.10/arm-gcc/bin/../lib/gcc/arm-none-eabi/4.7.4/armv7e-m\libgcc.a(_arm_fixunsdfsi.o)
 .bss           0x20000824        0x0 c:/dave-3.1.10/arm-gcc/bin/../lib/gcc/arm-none-eabi/4.7.4/../../../../arm-none-eabi/lib/armv7e-m\libg.a(lib_a-init.o)
 *(.bss*)
 *(EXCLUDE_FILE(*DMA_Descriptors.o) COMMON)
 COMMON         0x20000824        0xc Sensors.o
                0x20000824                LightAdcConversion
                0x20000828                AdcConversionResult
                0x2000082c                TemperatureAdcConversion
                0x2000082e                HumidityAdcConversion
 *(.gnu.linkonce.b*)
                0x20000830                __Xmc4500_eBSS = ALIGN (0x4)
                0x00000030                __Xmc4500_BSS_Size = (__Xmc4500_eBSS - __Xmc4500_sBSS)

.data           0x20000830       0x14 load address 0x0c005d60
                0x20000830                __Xmc4500_sData = .
 *(.data)
 .data          0x20000830        0x0 Startup/startup_XMC4500.o
 .data          0x20000830        0x4 Startup/system_XMC4500.o
                0x20000830                SystemCoreClock
 .data          0x20000834        0x0 BedRoomSlave.o
 .data          0x20000834        0x0 Sensors.o
 .data          0x20000834        0x0 Lib/System_LibcStubs.o
 .data          0x20000834        0x0 Dave/Generated/src/UART001/UART001.o
 .data          0x20000834        0x4 Dave/Generated/src/UART001/UART001_Conf.o
                0x20000834                UART001_HandleArray
 .data          0x20000838        0x0 Dave/Generated/src/RESET001/RESET001.o
 .data          0x20000838        0x0 Dave/Generated/src/LIBS/CCU8PWMLIB.o
 .data          0x20000838        0x0 Dave/Generated/src/LIBS/MOTORLIB.o
 .data          0x20000838        0x0 Dave/Generated/src/IO001/IO001.o
 .data          0x20000838        0x0 Dave/Generated/src/IO001/IO001_Conf.o
 .data          0x20000838        0x0 Dave/Generated/src/DAVESupport/DAVE3.o
 .data          0x20000838        0x0 Dave/Generated/src/DAVESupport/MULTIPLEXER.o
 .data          0x20000838        0x0 Dave/Generated/src/CLK001/CLK001.o
 .data          0x20000838        0x0 Dave/Generated/src/ADCGROUP001/ADCGroup001.o
 .data          0x20000838        0x0 Dave/Generated/src/ADCGROUP001/ADCGroup001_Conf.o
 .data          0x20000838        0x0 Dave/Generated/src/ADCGLOB001/ADCGlob001.o
 .data          0x20000838        0x0 Dave/Generated/src/ADCGLOB001/ADCGlob001_Conf.o
 .data          0x20000838        0x0 Dave/Generated/src/ADC001/ADC001.o
 .data          0x20000838        0xc Dave/Generated/src/ADC001/ADC001_Conf.o
                0x20000838                ADC001_ChannelHandlePtr
 .data          0x20000844        0x0 c:/dave-3.1.10/arm-gcc/bin/../lib/gcc/arm-none-eabi/4.7.4/armv7e-m\libgcc.a(_arm_addsubdf3.o)
 .data          0x20000844        0x0 c:/dave-3.1.10/arm-gcc/bin/../lib/gcc/arm-none-eabi/4.7.4/armv7e-m\libgcc.a(_arm_muldivdf3.o)
 .data          0x20000844        0x0 c:/dave-3.1.10/arm-gcc/bin/../lib/gcc/arm-none-eabi/4.7.4/armv7e-m\libgcc.a(_arm_fixunsdfsi.o)
 .data          0x20000844        0x0 c:/dave-3.1.10/arm-gcc/bin/../lib/gcc/arm-none-eabi/4.7.4/../../../../arm-none-eabi/lib/armv7e-m\libg.a(lib_a-init.o)
 *(.data*)
 *(*.data)
 *(.gnu.linkonce.d*)
                0x20000844                __Xmc4500_eData = ALIGN (0x4)
                0x00000014                __Xmc4500_Data_Size = (__Xmc4500_eData - __Xmc4500_sData)
                0x20000848                __Xmc4500_heap_start = ALIGN (0x8)
                0x20010000                __Xmc4500_heap_end = (ORIGIN (DSRAM_1_system) + 0x10000)
                0x20000848                Heap_Bank1_Start = __Xmc4500_heap_start
                0x0000f7b8                Heap_Bank1_Size = (__Xmc4500_heap_end - __Xmc4500_heap_start)
                0x20010000                Heap_Bank1_End = ABSOLUTE (__Xmc4500_heap_end)

.igot.plt       0x20000844        0x0 load address 0x0c005d74
 .igot.plt      0x00000000        0x0 Startup/startup_XMC4500.o

DSRAM2_Heap     0x30000000        0x0
                0x30000000                Heap_Bank2_Start = .
                0x00008000                Heap_Bank2_Size = (0x8000 - (Heap_Bank2_Start - ORIGIN (DSRAM_2_comm)))

PSRAM_Heap      0x10000000        0x0
                0x10000000                Heap_Bank3_Start = .
                0x00010000                Heap_Bank3_Size = (0x10000 - (Heap_Bank3_Start - ORIGIN (PSRAM_1)))

/DISCARD/
 *(.comment)

.stab
 *(.stab)

.stabstr
 *(.stabstr)

.debug
 *(.debug)

.line
 *(.line)

.debug_srcinfo
 *(.debug_srcinfo)

.debug_sfnames
 *(.debug_sfnames)

.debug_aranges  0x00000000      0x678
 *(.debug_aranges)
 .debug_aranges
                0x00000000       0x38 Startup/startup_XMC4500.o
 .debug_aranges
                0x00000038       0x30 Startup/system_XMC4500.o
 .debug_aranges
                0x00000068       0x20 BedRoomSlave.o
 .debug_aranges
                0x00000088       0x38 Sensors.o
 .debug_aranges
                0x000000c0       0xa0 Lib/System_LibcStubs.o
 .debug_aranges
                0x00000160       0x80 Dave/Generated/src/UART001/UART001.o
 .debug_aranges
                0x000001e0       0x18 Dave/Generated/src/UART001/UART001_Conf.o
 .debug_aranges
                0x000001f8       0x40 Dave/Generated/src/RESET001/RESET001.o
 .debug_aranges
                0x00000238       0x18 Dave/Generated/src/LIBS/CCU8PWMLIB.o
 .debug_aranges
                0x00000250       0x18 Dave/Generated/src/LIBS/MOTORLIB.o
 .debug_aranges
                0x00000268       0x30 Dave/Generated/src/IO001/IO001.o
 .debug_aranges
                0x00000298       0x18 Dave/Generated/src/IO001/IO001_Conf.o
 .debug_aranges
                0x000002b0       0x30 Dave/Generated/src/DAVESupport/DAVE3.o
 .debug_aranges
                0x000002e0       0x28 Dave/Generated/src/DAVESupport/MULTIPLEXER.o
 .debug_aranges
                0x00000308       0x60 Dave/Generated/src/CLK001/CLK001.o
 .debug_aranges
                0x00000368       0xd8 Dave/Generated/src/ADCGROUP001/ADCGroup001.o
 .debug_aranges
                0x00000440       0x18 Dave/Generated/src/ADCGROUP001/ADCGroup001_Conf.o
 .debug_aranges
                0x00000458       0xc8 Dave/Generated/src/ADCGLOB001/ADCGlob001.o
 .debug_aranges
                0x00000520       0x18 Dave/Generated/src/ADCGLOB001/ADCGlob001_Conf.o
 .debug_aranges
                0x00000538      0x128 Dave/Generated/src/ADC001/ADC001.o
 .debug_aranges
                0x00000660       0x18 Dave/Generated/src/ADC001/ADC001_Conf.o

.debug_pubnames
 *(.debug_pubnames)

.debug_pubtypes
 *(.debug_pubtypes)

.debug_info     0x00000000     0xc149
 *(.debug_info .gnu.linkonce.wi.*)
 .debug_info    0x00000000       0x5c Startup/startup_XMC4500.o
 .debug_info    0x0000005c      0xaf0 Startup/system_XMC4500.o
 .debug_info    0x00000b4c     0x12b4 BedRoomSlave.o
 .debug_info    0x00001e00      0xc9d Sensors.o
 .debug_info    0x00002a9d      0x65f Lib/System_LibcStubs.o
 .debug_info    0x000030fc      0xfc2 Dave/Generated/src/UART001/UART001.o
 .debug_info    0x000040be      0x805 Dave/Generated/src/UART001/UART001_Conf.o
 .debug_info    0x000048c3      0x47c Dave/Generated/src/RESET001/RESET001.o
 .debug_info    0x00004d3f       0x94 Dave/Generated/src/LIBS/CCU8PWMLIB.o
 .debug_info    0x00004dd3       0x94 Dave/Generated/src/LIBS/MOTORLIB.o
 .debug_info    0x00004e67      0x379 Dave/Generated/src/IO001/IO001.o
 .debug_info    0x000051e0      0x2aa Dave/Generated/src/IO001/IO001_Conf.o
 .debug_info    0x0000548a      0x2e9 Dave/Generated/src/DAVESupport/DAVE3.o
 .debug_info    0x00005773      0xa2d Dave/Generated/src/DAVESupport/MULTIPLEXER.o
 .debug_info    0x000061a0      0x689 Dave/Generated/src/CLK001/CLK001.o
 .debug_info    0x00006829     0x139c Dave/Generated/src/ADCGROUP001/ADCGroup001.o
 .debug_info    0x00007bc5      0xb38 Dave/Generated/src/ADCGROUP001/ADCGroup001_Conf.o
 .debug_info    0x000086fd      0xcc0 Dave/Generated/src/ADCGLOB001/ADCGlob001.o
 .debug_info    0x000093bd      0x5b1 Dave/Generated/src/ADCGLOB001/ADCGlob001_Conf.o
 .debug_info    0x0000996e     0x1aa5 Dave/Generated/src/ADC001/ADC001.o
 .debug_info    0x0000b413      0xd36 Dave/Generated/src/ADC001/ADC001_Conf.o

.debug_abbrev   0x00000000     0x17d2
 *(.debug_abbrev)
 .debug_abbrev  0x00000000       0x12 Startup/startup_XMC4500.o
 .debug_abbrev  0x00000012      0x154 Startup/system_XMC4500.o
 .debug_abbrev  0x00000166      0x16c BedRoomSlave.o
 .debug_abbrev  0x000002d2      0x171 Sensors.o
 .debug_abbrev  0x00000443      0x149 Lib/System_LibcStubs.o
 .debug_abbrev  0x0000058c      0x203 Dave/Generated/src/UART001/UART001.o
 .debug_abbrev  0x0000078f      0x12c Dave/Generated/src/UART001/UART001_Conf.o
 .debug_abbrev  0x000008bb      0x122 Dave/Generated/src/RESET001/RESET001.o
 .debug_abbrev  0x000009dd       0x4e Dave/Generated/src/LIBS/CCU8PWMLIB.o
 .debug_abbrev  0x00000a2b       0x4e Dave/Generated/src/LIBS/MOTORLIB.o
 .debug_abbrev  0x00000a79      0x129 Dave/Generated/src/IO001/IO001.o
 .debug_abbrev  0x00000ba2       0xbb Dave/Generated/src/IO001/IO001_Conf.o
 .debug_abbrev  0x00000c5d       0xf3 Dave/Generated/src/DAVESupport/DAVE3.o
 .debug_abbrev  0x00000d50      0x123 Dave/Generated/src/DAVESupport/MULTIPLEXER.o
 .debug_abbrev  0x00000e73      0x186 Dave/Generated/src/CLK001/CLK001.o
 .debug_abbrev  0x00000ff9      0x19c Dave/Generated/src/ADCGROUP001/ADCGroup001.o
 .debug_abbrev  0x00001195      0x112 Dave/Generated/src/ADCGROUP001/ADCGroup001_Conf.o
 .debug_abbrev  0x000012a7      0x183 Dave/Generated/src/ADCGLOB001/ADCGlob001.o
 .debug_abbrev  0x0000142a       0xef Dave/Generated/src/ADCGLOB001/ADCGlob001_Conf.o
 .debug_abbrev  0x00001519      0x1a7 Dave/Generated/src/ADC001/ADC001.o
 .debug_abbrev  0x000016c0      0x112 Dave/Generated/src/ADC001/ADC001_Conf.o

.debug_line     0x00000000     0x99a1
 *(.debug_line)
 .debug_line    0x00000000      0x19d Startup/startup_XMC4500.o
 .debug_line    0x0000019d      0x3b7 Startup/system_XMC4500.o
 .debug_line    0x00000554      0x827 BedRoomSlave.o
 .debug_line    0x00000d7b      0x85a Sensors.o
 .debug_line    0x000015d5      0x3c1 Lib/System_LibcStubs.o
 .debug_line    0x00001996      0x6a9 Dave/Generated/src/UART001/UART001.o
 .debug_line    0x0000203f      0x3c1 Dave/Generated/src/UART001/UART001_Conf.o
 .debug_line    0x00002400      0x41e Dave/Generated/src/RESET001/RESET001.o
 .debug_line    0x0000281e      0x842 Dave/Generated/src/LIBS/CCU8PWMLIB.o
 .debug_line    0x00003060      0x83e Dave/Generated/src/LIBS/MOTORLIB.o
 .debug_line    0x0000389e      0x869 Dave/Generated/src/IO001/IO001.o
 .debug_line    0x00004107      0x809 Dave/Generated/src/IO001/IO001_Conf.o
 .debug_line    0x00004910      0x8c1 Dave/Generated/src/DAVESupport/DAVE3.o
 .debug_line    0x000051d1      0x8b5 Dave/Generated/src/DAVESupport/MULTIPLEXER.o
 .debug_line    0x00005a86      0x4af Dave/Generated/src/CLK001/CLK001.o
 .debug_line    0x00005f35      0xaf4 Dave/Generated/src/ADCGROUP001/ADCGroup001.o
 .debug_line    0x00006a29      0x815 Dave/Generated/src/ADCGROUP001/ADCGroup001_Conf.o
 .debug_line    0x0000723e      0xa71 Dave/Generated/src/ADCGLOB001/ADCGlob001.o
 .debug_line    0x00007caf      0x813 Dave/Generated/src/ADCGLOB001/ADCGlob001_Conf.o
 .debug_line    0x000084c2      0xcd4 Dave/Generated/src/ADC001/ADC001.o
 .debug_line    0x00009196      0x80b Dave/Generated/src/ADC001/ADC001_Conf.o

.debug_frame    0x00000000     0x1098
 *(.debug_frame)
 .debug_frame   0x00000000       0x6c Startup/system_XMC4500.o
 .debug_frame   0x0000006c       0x30 BedRoomSlave.o
 .debug_frame   0x0000009c       0x84 Sensors.o
 .debug_frame   0x00000120      0x1ec Lib/System_LibcStubs.o
 .debug_frame   0x0000030c      0x190 Dave/Generated/src/UART001/UART001.o
 .debug_frame   0x0000049c       0x9c Dave/Generated/src/RESET001/RESET001.o
 .debug_frame   0x00000538       0x64 Dave/Generated/src/IO001/IO001.o
 .debug_frame   0x0000059c       0x64 Dave/Generated/src/DAVESupport/DAVE3.o
 .debug_frame   0x00000600       0x48 Dave/Generated/src/DAVESupport/MULTIPLEXER.o
 .debug_frame   0x00000648      0x120 Dave/Generated/src/CLK001/CLK001.o
 .debug_frame   0x00000768      0x2b0 Dave/Generated/src/ADCGROUP001/ADCGroup001.o
 .debug_frame   0x00000a18      0x27c Dave/Generated/src/ADCGLOB001/ADCGlob001.o
 .debug_frame   0x00000c94      0x3d4 Dave/Generated/src/ADC001/ADC001.o
 .debug_frame   0x00001068       0x30 c:/dave-3.1.10/arm-gcc/bin/../lib/gcc/arm-none-eabi/4.7.4/../../../../arm-none-eabi/lib/armv7e-m\libg.a(lib_a-init.o)

.debug_str      0x00000000    0x99040
 *(.debug_str)
 .debug_str     0x00000000    0x9013f Startup/system_XMC4500.o
                              0x90456 (size before relaxing)
 .debug_str     0x0009013f     0x36b7 BedRoomSlave.o
                              0x936bd (size before relaxing)
 .debug_str     0x000937f6       0xf8 Sensors.o
                              0x93431 (size before relaxing)
 .debug_str     0x000938ee     0x2e29 Lib/System_LibcStubs.o
                               0x5876 (size before relaxing)
 .debug_str     0x00096717      0x7c2 Dave/Generated/src/UART001/UART001.o
                              0x915aa (size before relaxing)
 .debug_str     0x00096ed9       0x2d Dave/Generated/src/UART001/UART001_Conf.o
                              0x90df6 (size before relaxing)
 .debug_str     0x00096f06      0x225 Dave/Generated/src/RESET001/RESET001.o
                              0x907b5 (size before relaxing)
 .debug_str     0x0009712b       0x28 Dave/Generated/src/LIBS/CCU8PWMLIB.o
                              0x92e11 (size before relaxing)
 .debug_str     0x00097153       0x26 Dave/Generated/src/LIBS/MOTORLIB.o
                              0x92e0f (size before relaxing)
 .debug_str     0x00097179      0x181 Dave/Generated/src/IO001/IO001.o
                              0x92ff0 (size before relaxing)
 .debug_str     0x000972fa       0x29 Dave/Generated/src/IO001/IO001_Conf.o
                              0x92eeb (size before relaxing)
 .debug_str     0x00097323       0x87 Dave/Generated/src/DAVESupport/DAVE3.o
                              0x92edf (size before relaxing)
 .debug_str     0x000973aa       0x66 Dave/Generated/src/DAVESupport/MULTIPLEXER.o
                              0x93142 (size before relaxing)
 .debug_str     0x00097410      0x1a6 Dave/Generated/src/CLK001/CLK001.o
                              0x90a3e (size before relaxing)
 .debug_str     0x000975b6      0xa80 Dave/Generated/src/ADCGROUP001/ADCGroup001.o
                              0x93b67 (size before relaxing)
 .debug_str     0x00098036      0x16d Dave/Generated/src/ADCGROUP001/ADCGroup001_Conf.o
                              0x934e7 (size before relaxing)
 .debug_str     0x000981a3      0x50e Dave/Generated/src/ADCGLOB001/ADCGlob001.o
                              0x93957 (size before relaxing)
 .debug_str     0x000986b1       0x4b Dave/Generated/src/ADCGLOB001/ADCGlob001_Conf.o
                              0x9319c (size before relaxing)
 .debug_str     0x000986fc      0x6ee Dave/Generated/src/ADC001/ADC001.o
                              0x93c95 (size before relaxing)
 .debug_str     0x00098dea      0x256 Dave/Generated/src/ADC001/ADC001_Conf.o
                              0x93648 (size before relaxing)

.debug_loc      0x00000000     0x1dfa
 *(.debug_loc)
 .debug_loc     0x00000000       0xa8 Startup/system_XMC4500.o
 .debug_loc     0x000000a8       0x38 BedRoomSlave.o
 .debug_loc     0x000000e0       0xbc Sensors.o
 .debug_loc     0x0000019c      0x388 Lib/System_LibcStubs.o
 .debug_loc     0x00000524      0x2e6 Dave/Generated/src/UART001/UART001.o
 .debug_loc     0x0000080a      0x118 Dave/Generated/src/RESET001/RESET001.o
 .debug_loc     0x00000922       0x9c Dave/Generated/src/IO001/IO001.o
 .debug_loc     0x000009be       0x90 Dave/Generated/src/DAVESupport/DAVE3.o
 .debug_loc     0x00000a4e       0x64 Dave/Generated/src/DAVESupport/MULTIPLEXER.o
 .debug_loc     0x00000ab2      0x1e0 Dave/Generated/src/CLK001/CLK001.o
 .debug_loc     0x00000c92      0x534 Dave/Generated/src/ADCGROUP001/ADCGroup001.o
 .debug_loc     0x000011c6      0x4d0 Dave/Generated/src/ADCGLOB001/ADCGlob001.o
 .debug_loc     0x00001696      0x764 Dave/Generated/src/ADC001/ADC001.o

.debug_macinfo
 *(.debug_macinfo)

.debug_ranges   0x00000000      0x4f8
 *(.debug_ranges)
 .debug_ranges  0x00000000       0x30 Startup/startup_XMC4500.o
 .debug_ranges  0x00000030       0x20 Startup/system_XMC4500.o
 .debug_ranges  0x00000050       0x10 BedRoomSlave.o
 .debug_ranges  0x00000060       0x28 Sensors.o
 .debug_ranges  0x00000088       0x90 Lib/System_LibcStubs.o
 .debug_ranges  0x00000118       0x70 Dave/Generated/src/UART001/UART001.o
 .debug_ranges  0x00000188       0x30 Dave/Generated/src/RESET001/RESET001.o
 .debug_ranges  0x000001b8       0x20 Dave/Generated/src/IO001/IO001.o
 .debug_ranges  0x000001d8       0x20 Dave/Generated/src/DAVESupport/DAVE3.o
 .debug_ranges  0x000001f8       0x18 Dave/Generated/src/DAVESupport/MULTIPLEXER.o
 .debug_ranges  0x00000210       0x50 Dave/Generated/src/CLK001/CLK001.o
 .debug_ranges  0x00000260       0xc8 Dave/Generated/src/ADCGROUP001/ADCGroup001.o
 .debug_ranges  0x00000328       0xb8 Dave/Generated/src/ADCGLOB001/ADCGlob001.o
 .debug_ranges  0x000003e0      0x118 Dave/Generated/src/ADC001/ADC001.o

.debug_weaknames
 *(.debug_weaknames)

.debug_funcnames
 *(.debug_funcnames)

.debug_typenames
 *(.debug_typenames)

.debug_varnames
 *(.debug_varnames)

.build_attributes
                0x00000000      0x523
 *(.ARM.attributes)
 .ARM.attributes
                0x00000000       0x27 Startup/startup_XMC4500.o
 .ARM.attributes
                0x00000027       0x39 Startup/system_XMC4500.o
 .ARM.attributes
                0x00000060       0x39 BedRoomSlave.o
 .ARM.attributes
                0x00000099       0x39 Sensors.o
 .ARM.attributes
                0x000000d2       0x39 Lib/System_LibcStubs.o
 .ARM.attributes
                0x0000010b       0x39 Dave/Generated/src/UART001/UART001.o
 .ARM.attributes
                0x00000144       0x39 Dave/Generated/src/UART001/UART001_Conf.o
 .ARM.attributes
                0x0000017d       0x39 Dave/Generated/src/RESET001/RESET001.o
 .ARM.attributes
                0x000001b6       0x39 Dave/Generated/src/LIBS/CCU8PWMLIB.o
 .ARM.attributes
                0x000001ef       0x39 Dave/Generated/src/LIBS/MOTORLIB.o
 .ARM.attributes
                0x00000228       0x39 Dave/Generated/src/IO001/IO001.o
 .ARM.attributes
                0x00000261       0x39 Dave/Generated/src/IO001/IO001_Conf.o
 .ARM.attributes
                0x0000029a       0x39 Dave/Generated/src/DAVESupport/DAVE3.o
 .ARM.attributes
                0x000002d3       0x39 Dave/Generated/src/DAVESupport/MULTIPLEXER.o
 .ARM.attributes
                0x0000030c       0x39 Dave/Generated/src/CLK001/CLK001.o
 .ARM.attributes
                0x00000345       0x39 Dave/Generated/src/ADCGROUP001/ADCGroup001.o
 .ARM.attributes
                0x0000037e       0x39 Dave/Generated/src/ADCGROUP001/ADCGroup001_Conf.o
 .ARM.attributes
                0x000003b7       0x39 Dave/Generated/src/ADCGLOB001/ADCGlob001.o
 .ARM.attributes
                0x000003f0       0x39 Dave/Generated/src/ADCGLOB001/ADCGlob001_Conf.o
 .ARM.attributes
                0x00000429       0x39 Dave/Generated/src/ADC001/ADC001.o
 .ARM.attributes
                0x00000462       0x39 Dave/Generated/src/ADC001/ADC001_Conf.o
 .ARM.attributes
                0x0000049b       0x1e c:/dave-3.1.10/arm-gcc/bin/../lib/gcc/arm-none-eabi/4.7.4/armv7e-m\libgcc.a(_arm_addsubdf3.o)
 .ARM.attributes
                0x000004b9       0x1e c:/dave-3.1.10/arm-gcc/bin/../lib/gcc/arm-none-eabi/4.7.4/armv7e-m\libgcc.a(_arm_muldivdf3.o)
 .ARM.attributes
                0x000004d7       0x1e c:/dave-3.1.10/arm-gcc/bin/../lib/gcc/arm-none-eabi/4.7.4/armv7e-m\libgcc.a(_arm_fixunsdfsi.o)
 .ARM.attributes
                0x000004f5       0x2e c:/dave-3.1.10/arm-gcc/bin/../lib/gcc/arm-none-eabi/4.7.4/../../../../arm-none-eabi/lib/armv7e-m\libg.a(lib_a-init.o)
OUTPUT(BedRoomSlave.elf elf32-littlearm)

.debug_macro    0x00000000    0x1a5c9
 .debug_macro   0x00000000      0x17e Startup/system_XMC4500.o
 .debug_macro   0x0000017e      0x814 Startup/system_XMC4500.o
 .debug_macro   0x00000992       0x3a Startup/system_XMC4500.o
 .debug_macro   0x000009cc       0x10 Startup/system_XMC4500.o
 .debug_macro   0x000009dc       0x2e Startup/system_XMC4500.o
 .debug_macro   0x00000a0a       0xa3 Startup/system_XMC4500.o
 .debug_macro   0x00000aad      0x20e Startup/system_XMC4500.o
 .debug_macro   0x00000cbb       0x6a Startup/system_XMC4500.o
 .debug_macro   0x00000d25       0x2d Startup/system_XMC4500.o
 .debug_macro   0x00000d52       0x3b Startup/system_XMC4500.o
 .debug_macro   0x00000d8d       0x2d Startup/system_XMC4500.o
 .debug_macro   0x00000dba       0x42 Startup/system_XMC4500.o
 .debug_macro   0x00000dfc      0xd39 Startup/system_XMC4500.o
 .debug_macro   0x00001b35    0x150f5 Startup/system_XMC4500.o
 .debug_macro   0x00016c2a      0x1d2 BedRoomSlave.o
 .debug_macro   0x00016dfc       0x70 BedRoomSlave.o
 .debug_macro   0x00016e6c      0x16c BedRoomSlave.o
 .debug_macro   0x00016fd8       0x22 BedRoomSlave.o
 .debug_macro   0x00016ffa      0x54a BedRoomSlave.o
 .debug_macro   0x00017544       0x64 BedRoomSlave.o
 .debug_macro   0x000175a8       0x46 BedRoomSlave.o
 .debug_macro   0x000175ee      0x160 BedRoomSlave.o
 .debug_macro   0x0001774e      0x130 BedRoomSlave.o
 .debug_macro   0x0001787e       0x7f BedRoomSlave.o
 .debug_macro   0x000178fd       0xb4 BedRoomSlave.o
 .debug_macro   0x000179b1       0xb6 BedRoomSlave.o
 .debug_macro   0x00017a67       0x34 BedRoomSlave.o
 .debug_macro   0x00017a9b       0x11 BedRoomSlave.o
 .debug_macro   0x00017aac       0x28 BedRoomSlave.o
 .debug_macro   0x00017ad4       0x18 BedRoomSlave.o
 .debug_macro   0x00017aec       0x2e BedRoomSlave.o
 .debug_macro   0x00017b1a       0x2e BedRoomSlave.o
 .debug_macro   0x00017b48      0x1d8 Sensors.o
 .debug_macro   0x00017d20       0x28 Sensors.o
 .debug_macro   0x00017d48      0x119 Lib/System_LibcStubs.o
 .debug_macro   0x00017e61       0x3a Lib/System_LibcStubs.o
 .debug_macro   0x00017e9b       0x52 Lib/System_LibcStubs.o
 .debug_macro   0x00017eed       0x19 Lib/System_LibcStubs.o
 .debug_macro   0x00017f06      0x16d Lib/System_LibcStubs.o
 .debug_macro   0x00018073       0x10 Lib/System_LibcStubs.o
 .debug_macro   0x00018083       0x16 Lib/System_LibcStubs.o
 .debug_macro   0x00018099       0x89 Lib/System_LibcStubs.o
 .debug_macro   0x00018122       0x10 Lib/System_LibcStubs.o
 .debug_macro   0x00018132       0xf5 Lib/System_LibcStubs.o
 .debug_macro   0x00018227       0x22 Lib/System_LibcStubs.o
 .debug_macro   0x00018249       0x91 Lib/System_LibcStubs.o
 .debug_macro   0x000182da       0x34 Lib/System_LibcStubs.o
 .debug_macro   0x0001830e      0x120 Lib/System_LibcStubs.o
 .debug_macro   0x0001842e       0x16 Lib/System_LibcStubs.o
 .debug_macro   0x00018444       0x35 Lib/System_LibcStubs.o
 .debug_macro   0x00018479      0x495 Lib/System_LibcStubs.o
 .debug_macro   0x0001890e      0x16e Dave/Generated/src/UART001/UART001.o
 .debug_macro   0x00018a7c       0xb0 Dave/Generated/src/UART001/UART001.o
 .debug_macro   0x00018b2c       0xfe Dave/Generated/src/UART001/UART001_Conf.o
 .debug_macro   0x00018c2a       0xff Dave/Generated/src/RESET001/RESET001.o
 .debug_macro   0x00018d29      0x1cd Dave/Generated/src/LIBS/CCU8PWMLIB.o
 .debug_macro   0x00018ef6      0x1cd Dave/Generated/src/LIBS/MOTORLIB.o
 .debug_macro   0x000190c3      0x1c9 Dave/Generated/src/IO001/IO001.o
 .debug_macro   0x0001928c      0x1c9 Dave/Generated/src/IO001/IO001_Conf.o
 .debug_macro   0x00019455      0x1c9 Dave/Generated/src/DAVESupport/DAVE3.o
 .debug_macro   0x0001961e      0x1c9 Dave/Generated/src/DAVESupport/MULTIPLEXER.o
 .debug_macro   0x000197e7       0xee Dave/Generated/src/CLK001/CLK001.o
 .debug_macro   0x000198d5      0x287 Dave/Generated/src/ADCGROUP001/ADCGroup001.o
 .debug_macro   0x00019b5c      0x1c9 Dave/Generated/src/ADCGROUP001/ADCGroup001_Conf.o
 .debug_macro   0x00019d25      0x28b Dave/Generated/src/ADCGLOB001/ADCGlob001.o
 .debug_macro   0x00019fb0      0x1c9 Dave/Generated/src/ADCGLOB001/ADCGlob001_Conf.o
 .debug_macro   0x0001a179      0x287 Dave/Generated/src/ADC001/ADC001.o
 .debug_macro   0x0001a400      0x1c9 Dave/Generated/src/ADC001/ADC001_Conf.o
