Archive member included because of file (symbol)

c:/dave-3.1.10/arm-gcc/bin/../lib/gcc/arm-none-eabi/4.7.4/armv7e-m\libgcc.a(_arm_addsubdf3.o)
                              Sensors.o (__aeabi_dsub)
c:/dave-3.1.10/arm-gcc/bin/../lib/gcc/arm-none-eabi/4.7.4/armv7e-m\libgcc.a(_arm_muldivdf3.o)
                              Sensors.o (__aeabi_dmul)
c:/dave-3.1.10/arm-gcc/bin/../lib/gcc/arm-none-eabi/4.7.4/armv7e-m\libgcc.a(_arm_fixunsdfsi.o)
                              Sensors.o (__aeabi_d2uiz)
c:/dave-3.1.10/arm-gcc/bin/../lib/gcc/arm-none-eabi/4.7.4/../../../../arm-none-eabi/lib/armv7e-m\libg.a(lib_a-init.o)
                              Startup/startup_XMC4500.o (__libc_init_array)

Allocating common symbols
Common symbol       size              file

TimerTbl            0x400             Dave/Generated/src/SYSTM002/SYSTM002.o
LightAdcConversion  0x2               Sensors.o
au8RoomSensorData   0x14              Room.o
TemperatureAdcConversion
                    0x2               Sensors.o
HumidityAdcConversion
                    0x2               Sensors.o
TimerId             0x4               dht.o

Discarded input sections

 .group         0x00000000        0x8 AdcRelaxKit.o
 .group         0x00000000        0x8 AdcRelaxKit.o
 .group         0x00000000        0x8 AdcRelaxKit.o
 .group         0x00000000        0x8 AdcRelaxKit.o
 .group         0x00000000        0x8 AdcRelaxKit.o
 .group         0x00000000        0x8 AdcRelaxKit.o
 .group         0x00000000        0x8 AdcRelaxKit.o
 .group         0x00000000        0x8 AdcRelaxKit.o
 .group         0x00000000        0x8 AdcRelaxKit.o
 .group         0x00000000        0x8 AdcRelaxKit.o
 .group         0x00000000        0x8 AdcRelaxKit.o
 .group         0x00000000        0x8 AdcRelaxKit.o
 .group         0x00000000        0x8 AdcRelaxKit.o
 .group         0x00000000        0x8 AdcRelaxKit.o
 .group         0x00000000        0x8 AdcRelaxKit.o
 .group         0x00000000        0x8 AdcRelaxKit.o
 .group         0x00000000        0x8 AdcRelaxKit.o
 .group         0x00000000        0x8 AdcRelaxKit.o
 .group         0x00000000        0x8 AdcRelaxKit.o
 .group         0x00000000        0x8 AdcRelaxKit.o
 .group         0x00000000        0x8 AdcRelaxKit.o
 .group         0x00000000        0x8 AdcRelaxKit.o
 .group         0x00000000        0x8 AdcRelaxKit.o
 .group         0x00000000        0x8 AdcRelaxKit.o
 .group         0x00000000        0x8 AdcRelaxKit.o
 .group         0x00000000        0x8 AdcRelaxKit.o
 .group         0x00000000        0x8 AdcRelaxKit.o
 .group         0x00000000        0x8 AdcRelaxKit.o
 .group         0x00000000        0x8 AdcRelaxKit.o
 .group         0x00000000        0x8 AdcRelaxKit.o
 .group         0x00000000        0x8 AdcRelaxKit.o
 .group         0x00000000        0x8 AdcRelaxKit.o
 .group         0x00000000        0x8 AdcRelaxKit.o
 .comment       0x00000000       0x71 AdcRelaxKit.o
 .group         0x00000000        0x8 Room.o
 .group         0x00000000        0x8 Room.o
 .group         0x00000000        0x8 Room.o
 .group         0x00000000        0x8 Room.o
 .group         0x00000000        0x8 Room.o
 .group         0x00000000        0x8 Room.o
 .group         0x00000000        0x8 Room.o
 .group         0x00000000        0x8 Room.o
 .group         0x00000000        0x8 Room.o
 .group         0x00000000        0x8 Room.o
 .group         0x00000000        0x8 Room.o
 .group         0x00000000        0x8 Room.o
 .group         0x00000000        0x8 Room.o
 .group         0x00000000        0x8 Room.o
 .group         0x00000000        0x8 Room.o
 .group         0x00000000        0x8 Room.o
 .group         0x00000000        0x8 Room.o
 .group         0x00000000        0x8 Room.o
 .group         0x00000000        0x8 Room.o
 .group         0x00000000        0x8 Room.o
 .group         0x00000000        0x8 Room.o
 .group         0x00000000        0x8 Room.o
 .group         0x00000000        0x8 Room.o
 .group         0x00000000        0x8 Room.o
 .group         0x00000000        0x8 Room.o
 .group         0x00000000        0x8 Room.o
 .group         0x00000000        0x8 Room.o
 .group         0x00000000        0x8 Room.o
 .group         0x00000000        0x8 Room.o
 .group         0x00000000        0x8 Room.o
 .group         0x00000000        0x8 Room.o
 .group         0x00000000        0x8 Room.o
 .group         0x00000000        0x8 Room.o
 .group         0x00000000        0x8 Room.o
 .debug_macro   0x00000000      0x814 Room.o
 .debug_macro   0x00000000       0x2d Room.o
 .debug_macro   0x00000000       0x3b Room.o
 .debug_macro   0x00000000       0x3a Room.o
 .debug_macro   0x00000000       0x10 Room.o
 .debug_macro   0x00000000       0x2e Room.o
 .debug_macro   0x00000000       0xa3 Room.o
 .debug_macro   0x00000000      0x20e Room.o
 .debug_macro   0x00000000       0x2d Room.o
 .debug_macro   0x00000000       0x42 Room.o
 .debug_macro   0x00000000      0xd39 Room.o
 .debug_macro   0x00000000       0x70 Room.o
[...]
Memory Configuration

Name             Origin             Length             Attributes
FLASH_1_cached   0x08000000         0x00100000         xr
FLASH_1_uncached 0x0c000000         0x00100000         xr
PSRAM_1          0x10000000         0x00010000         !xr
DSRAM_1_system   0x20000000         0x00010000         !xr
DSRAM_2_comm     0x30000000         0x00008000         !xr
*default*        0x00000000         0xffffffff

Linker script and memory map

LOAD AdcRelaxKit.o
LOAD Room.o
LOAD Sensors.o
LOAD dht.o
LOAD Startup/startup_XMC4500.o
LOAD Startup/system_XMC4500.o
LOAD Lib/System_LibcStubs.o
LOAD Dave/Generated/src/UART001/UART001.o
LOAD Dave/Generated/src/UART001/UART001_Conf.o
LOAD Dave/Generated/src/SYSTM002/SYSTM002.o
LOAD Dave/Generated/src/RESET001/RESET001.o
LOAD Dave/Generated/src/NVIC002/NVIC002.o
LOAD Dave/Generated/src/NVIC002/NVIC002_Conf.o
LOAD Dave/Generated/src/LIBS/CCU8PWMLIB.o
LOAD Dave/Generated/src/LIBS/MOTORLIB.o
LOAD Dave/Generated/src/IO004/IO004.o
LOAD Dave/Generated/src/IO004/IO004_Conf.o
LOAD Dave/Generated/src/IO001/IO001.o
LOAD Dave/Generated/src/IO001/IO001_Conf.o
LOAD Dave/Generated/src/DAVESupport/DAVE3.o
LOAD Dave/Generated/src/DAVESupport/MULTIPLEXER.o
LOAD Dave/Generated/src/CLK001/CLK001.o
LOAD Dave/Generated/src/ADCGROUP001/ADCGroup001.o
LOAD Dave/Generated/src/ADCGROUP001/ADCGroup001_Conf.o
LOAD Dave/Generated/src/ADCGLOB001/ADCGlob001.o
LOAD Dave/Generated/src/ADCGLOB001/ADCGlob001_Conf.o
LOAD Dave/Generated/src/ADC001/ADC001.o
LOAD Dave/Generated/src/ADC001/ADC001_Conf.o
START GROUP
LOAD c:/dave-3.1.10/arm-gcc/bin/../lib/gcc/arm-none-eabi/4.7.4/armv7e-m\libgcc.a
LOAD c:/dave-3.1.10/arm-gcc/bin/../lib/gcc/arm-none-eabi/4.7.4/../../../../arm-none-eabi/lib/armv7e-m\libg.a
LOAD c:/dave-3.1.10/arm-gcc/bin/../lib/gcc/arm-none-eabi/4.7.4/../../../../arm-none-eabi/lib/armv7e-m\libc.a
END GROUP
                0x00000800                stack_size = 0x800

.text           0x08000000     0x706c load address 0x0c000000
                0x08000000                sText = .
 *(.Xmc4500.reset)
 .Xmc4500.reset
                0x08000000      0x21c Startup/startup_XMC4500.o
                0x08000000                __Xmc4500_interrupt_vector_cortex_m
                0x08000200                __Xmc4500_reset_cortex_m
 *(.Xmc4500.postreset)
 .Xmc4500.postreset
                0x0800021c       0x94 Startup/startup_XMC4500.o
 *(.XmcStartup)
 .XmcStartup    0x080002b0        0x4 Startup/startup_XMC4500.o
 *(.text .text.* .gnu.linkonce.t.*)
 .text          0x080002b4        0x0 AdcRelaxKit.o
 .text.VADC0_C0_2_IRQHandler
                0x080002b4       0x58 AdcRelaxKit.o
                0x080002b4                VADC0_C0_2_IRQHandler
 .text          0x0800030c        0x0 Room.o
 .text.PackData
                0x0800030c      0x130 Room.o
                0x0800030c                PackData
 .text.main     0x0800043c       0x60 Room.o
                0x0800043c                main
 .text          0x0800049c        0x0 Sensors.o
 *fill*         0x0800049c        0x4 00
 .text.GetTemperature
                0x080004a0      0x188 Sensors.o
                0x080004a0                GetTemperature
 .text.GetLight
                0x08000628       0x8c Sensors.o
                0x08000628                GetLight
 .text.GetHumidity
                0x080006b4       0xac Sensors.o
                0x080006b4                GetHumidity
 .text          0x08000760        0x0 dht.o
 .text.TimerHandlerReadSensors
                0x08000760      0x2f4 dht.o
                0x08000760                TimerHandlerReadSensors
 .text.DHT_Init
                0x08000a54       0x2c dht.o
                0x08000a54                DHT_Init
 .text.DHT_Read
                0x08000a80       0x44 dht.o
                0x08000a80                DHT_Read
 .text          0x08000ac4      0x82c Startup/startup_XMC4500.o
                0x08000ac4                NMI_Handler
                0x08000ac6                NMI_Handler_Veneer
                0x08000ad4                HardFault_Handler
                0x08000ad6                HardFault_Handler_Veneer
                0x08000ae4                MemManage_Handler
                0x08000ae6                MemManage_Handler_Veneer
                0x08000af4                BusFault_Handler
                0x08000af6                BusFault_Handler_Veneer
                0x08000b04                UsageFault_Handler
                0x08000b06                UsageFault_Handler_Veneer
                0x08000b14                SVC_Handler
                0x08000b16                SVC_Handler_Veneer
                0x08000b24                DebugMon_Handler
                0x08000b26                DebugMon_Handler_Veneer
                0x08000b34                PendSV_Handler
                0x08000b36                PendSV_Handler_Veneer
                0x08000b46                SysTick_Handler_Veneer
                0x08000b54                SCU_0_IRQHandler
                0x08000b56                SCU_0_IRQHandler_Veneer
                0x08000b64                ERU0_0_IRQHandler
                0x08000b66                ERU0_0_IRQHandler_Veneer
                0x08000b74                ERU0_1_IRQHandler
                0x08000b76                ERU0_1_IRQHandler_Veneer
                0x08000b84                ERU0_2_IRQHandler
                0x08000b86                ERU0_2_IRQHandler_Veneer
                0x08000b94                ERU0_3_IRQHandler
                0x08000b96                ERU0_3_IRQHandler_Veneer
                0x08000ba4                ERU1_0_IRQHandler
                0x08000ba6                ERU1_0_IRQHandler_Veneer
                0x08000bb4                ERU1_1_IRQHandler
                0x08000bb6                ERU1_1_IRQHandler_Veneer
                0x08000bc4                ERU1_2_IRQHandler
                0x08000bc6                ERU1_2_IRQHandler_Veneer
                0x08000bd4                ERU1_3_IRQHandler
                0x08000bd6                ERU1_3_IRQHandler_Veneer
                0x08000be4                PMU0_0_IRQHandler
                0x08000be6                PMU0_0_IRQHandler_Veneer
                0x08000bf4                VADC0_C0_0_IRQHandler
                0x08000bf6                VADC0_C0_0_IRQHandler_Veneer
                0x08000c04                VADC0_C0_1_IRQHandler
                0x08000c06                VADC0_C0_1_IRQHandler_Veneer
                0x08000c16                VADC0_C0_2_IRQHandler_Veneer
                0x08000c24                VADC0_C0_3_IRQHandler
                0x08000c26                VADC0_C0_3_IRQHandler_Veneer
                0x08000c34                VADC0_G0_0_IRQHandler
                0x08000c36                VADC0_G0_0_IRQHandler_Veneer
                0x08000c44                VADC0_G0_1_IRQHandler
                0x08000c46                VADC0_G0_1_IRQHandler_Veneer
                0x08000c54                VADC0_G0_2_IRQHandler
                0x08000c56                VADC0_G0_2_IRQHandler_Veneer
                0x08000c64                VADC0_G0_3_IRQHandler
                0x08000c66                VADC0_G0_3_IRQHandler_Veneer
                0x08000c74                VADC0_G1_0_IRQHandler
                0x08000c76                VADC0_G1_0_IRQHandler_Veneer
                0x08000c84                VADC0_G1_1_IRQHandler
                0x08000c86                VADC0_G1_1_IRQHandler_Veneer
                0x08000c94                VADC0_G1_2_IRQHandler
                0x08000c96                VADC0_G1_2_IRQHandler_Veneer
                0x08000ca4                VADC0_G1_3_IRQHandler
                0x08000ca6                VADC0_G1_3_IRQHandler_Veneer
                0x08000cb4                VADC0_G2_0_IRQHandler
                0x08000cb6                VADC0_G2_0_IRQHandler_Veneer
                0x08000cc4                VADC0_G2_1_IRQHandler
                0x08000cc6                VADC0_G2_1_IRQHandler_Veneer
                0x08000cd4                VADC0_G2_2_IRQHandler
                0x08000cd6                VADC0_G2_2_IRQHandler_Veneer
                0x08000ce4                VADC0_G2_3_IRQHandler
                0x08000ce6                VADC0_G2_3_IRQHandler_Veneer
                0x08000cf4                VADC0_G3_0_IRQHandler
                0x08000cf6                VADC0_G3_0_IRQHandler_Veneer
                0x08000d04                VADC0_G3_1_IRQHandler
                0x08000d06                VADC0_G3_1_IRQHandler_Veneer
                0x08000d14                VADC0_G3_2_IRQHandler
                0x08000d16                VADC0_G3_2_IRQHandler_Veneer
                0x08000d24                VADC0_G3_3_IRQHandler
                0x08000d26                VADC0_G3_3_IRQHandler_Veneer
                0x08000d34                DSD0_0_IRQHandler
                0x08000d36                DSD0_0_IRQHandler_Veneer
                0x08000d44                DSD0_1_IRQHandler
                0x08000d46                DSD0_1_IRQHandler_Veneer
                0x08000d54                DSD0_2_IRQHandler
                0x08000d56                DSD0_2_IRQHandler_Veneer
                0x08000d64                DSD0_3_IRQHandler
                0x08000d66                DSD0_3_IRQHandler_Veneer
                0x08000d74                DSD0_4_IRQHandler
                0x08000d76                DSD0_4_IRQHandler_Veneer
                0x08000d84                DSD0_5_IRQHandler
                0x08000d86                DSD0_5_IRQHandler_Veneer
                0x08000d94                DSD0_6_IRQHandler
                0x08000d96                DSD0_6_IRQHandler_Veneer
                0x08000da4                DSD0_7_IRQHandler
                0x08000da6                DSD0_7_IRQHandler_Veneer
                0x08000db4                DAC0_0_IRQHandler
                0x08000db6                DAC0_0_IRQHandler_Veneer
                0x08000dc4                DAC0_1_IRQHandler
                0x08000dc6                DAC0_1_IRQHandler_Veneer
                0x08000dd4                CCU40_0_IRQHandler
                0x08000dd6                CCU40_0_IRQHandler_Veneer
                0x08000de4                CCU40_1_IRQHandler
                0x08000de6                CCU40_1_IRQHandler_Veneer
                0x08000df4                CCU40_2_IRQHandler
                0x08000df6                CCU40_2_IRQHandler_Veneer
                0x08000e04                CCU40_3_IRQHandler
                0x08000e06                CCU40_3_IRQHandler_Veneer
                0x08000e14                CCU41_0_IRQHandler
                0x08000e16                CCU41_0_IRQHandler_Veneer
                0x08000e22                CCU41_1_IRQHandler
                0x08000e24                CCU41_1_IRQHandler_Veneer
                0x08000e30                CCU41_2_IRQHandler
                0x08000e32                CCU41_2_IRQHandler_Veneer
                0x08000e3e                CCU41_3_IRQHandler
                0x08000e40                CCU41_3_IRQHandler_Veneer
                0x08000e4c                CCU42_0_IRQHandler
                0x08000e4e                CCU42_0_IRQHandler_Veneer
                0x08000e5a                CCU42_1_IRQHandler
                0x08000e5c                CCU42_1_IRQHandler_Veneer
                0x08000e68                CCU42_2_IRQHandler
                0x08000e6a                CCU42_2_IRQHandler_Veneer
                0x08000e76                CCU42_3_IRQHandler
                0x08000e78                CCU42_3_IRQHandler_Veneer
                0x08000e84                CCU43_0_IRQHandler
                0x08000e86                CCU43_0_IRQHandler_Veneer
                0x08000e92                CCU43_1_IRQHandler
                0x08000e94                CCU43_1_IRQHandler_Veneer
                0x08000ea0                CCU43_2_IRQHandler
                0x08000ea2                CCU43_2_IRQHandler_Veneer
                0x08000eae                CCU43_3_IRQHandler
                0x08000eb0                CCU43_3_IRQHandler_Veneer
                0x08000ebc                CCU80_0_IRQHandler
                0x08000ebe                CCU80_0_IRQHandler_Veneer
                0x08000eca                CCU80_1_IRQHandler
                0x08000ecc                CCU80_1_IRQHandler_Veneer
                0x08000ed8                CCU80_2_IRQHandler
                0x08000eda                CCU80_2_IRQHandler_Veneer
                0x08000ee6                CCU80_3_IRQHandler
                0x08000ee8                CCU80_3_IRQHandler_Veneer
                0x08000ef4                CCU81_0_IRQHandler
                0x08000ef6                CCU81_0_IRQHandler_Veneer
                0x08000f02                CCU81_1_IRQHandler
                0x08000f04                CCU81_1_IRQHandler_Veneer
                0x08000f10                CCU81_2_IRQHandler
                0x08000f12                CCU81_2_IRQHandler_Veneer
                0x08000f1e                CCU81_3_IRQHandler
                0x08000f20                CCU81_3_IRQHandler_Veneer
                0x08000f2c                POSIF0_0_IRQHandler
                0x08000f2e                POSIF0_0_IRQHandler_Veneer
                0x08000f3a                POSIF0_1_IRQHandler
                0x08000f3c                POSIF0_1_IRQHandler_Veneer
                0x08000f48                POSIF1_0_IRQHandler
                0x08000f4a                POSIF1_0_IRQHandler_Veneer
                0x08000f56                POSIF1_1_IRQHandler
                0x08000f58                POSIF1_1_IRQHandler_Veneer
                0x08000f64                CAN0_0_IRQHandler
                0x08000f66                CAN0_0_IRQHandler_Veneer
                0x08000f72                CAN0_1_IRQHandler
                0x08000f74                CAN0_1_IRQHandler_Veneer
                0x08000f80                CAN0_2_IRQHandler
                0x08000f82                CAN0_2_IRQHandler_Veneer
                0x08000f8e                CAN0_3_IRQHandler
                0x08000f90                CAN0_3_IRQHandler_Veneer
                0x08000f9c                CAN0_4_IRQHandler
                0x08000f9e                CAN0_4_IRQHandler_Veneer
                0x08000faa                CAN0_5_IRQHandler
                0x08000fac                CAN0_5_IRQHandler_Veneer
                0x08000fb8                CAN0_6_IRQHandler
                0x08000fba                CAN0_6_IRQHandler_Veneer
                0x08000fc6                CAN0_7_IRQHandler
                0x08000fc8                CAN0_7_IRQHandler_Veneer
                0x08000fd4                USIC0_0_IRQHandler
                0x08000fd6                USIC0_0_IRQHandler_Veneer
                0x08000fe2                USIC0_1_IRQHandler
                0x08000fe4                USIC0_1_IRQHandler_Veneer
                0x08000ff0                USIC0_2_IRQHandler
                0x08000ff2                USIC0_2_IRQHandler_Veneer
                0x08000ffe                USIC0_3_IRQHandler
                0x08001000                USIC0_3_IRQHandler_Veneer
                0x0800100c                USIC0_4_IRQHandler
                0x0800100e                USIC0_4_IRQHandler_Veneer
                0x0800101a                USIC0_5_IRQHandler
                0x0800101c                USIC0_5_IRQHandler_Veneer
                0x08001028                USIC1_0_IRQHandler
                0x0800102a                USIC1_0_IRQHandler_Veneer
                0x08001036                USIC1_1_IRQHandler
                0x08001038                USIC1_1_IRQHandler_Veneer
                0x08001044                USIC1_2_IRQHandler
                0x08001046                USIC1_2_IRQHandler_Veneer
                0x08001052                USIC1_3_IRQHandler
                0x08001054                USIC1_3_IRQHandler_Veneer
                0x08001060                USIC1_4_IRQHandler
                0x08001062                USIC1_4_IRQHandler_Veneer
                0x0800106e                USIC1_5_IRQHandler
                0x08001070                USIC1_5_IRQHandler_Veneer
                0x0800107c                USIC2_0_IRQHandler
                0x0800107e                USIC2_0_IRQHandler_Veneer
                0x0800108a                USIC2_1_IRQHandler
                0x0800108c                USIC2_1_IRQHandler_Veneer
                0x08001098                USIC2_2_IRQHandler
                0x0800109a                USIC2_2_IRQHandler_Veneer
                0x080010a6                USIC2_3_IRQHandler
                0x080010a8                USIC2_3_IRQHandler_Veneer
                0x080010b4                USIC2_4_IRQHandler
                0x080010b6                USIC2_4_IRQHandler_Veneer
                0x080010c2                USIC2_5_IRQHandler
                0x080010c4                USIC2_5_IRQHandler_Veneer
                0x080010d0                LEDTS0_0_IRQHandler
                0x080010d2                LEDTS0_0_IRQHandler_Veneer
                0x080010de                FCE0_0_IRQHandler
                0x080010e0                FCE0_0_IRQHandler_Veneer
                0x080010ec                GPDMA0_0_IRQHandler
                0x080010ee                GPDMA0_0_IRQHandler_Veneer
                0x080010fa                SDMMC0_0_IRQHandler
                0x080010fc                SDMMC0_0_IRQHandler_Veneer
                0x08001108                USB0_0_IRQHandler
                0x0800110a                USB0_0_IRQHandler_Veneer
                0x08001116                ETH0_0_IRQHandler
                0x08001118                ETH0_0_IRQHandler_Veneer
                0x08001124                GPDMA1_0_IRQHandler
                0x08001126                GPDMA1_0_IRQHandler_Veneer
 .text          0x080012f0        0x0 Startup/system_XMC4500.o
 .text.SystemInit
                0x080012f0       0x9c Startup/system_XMC4500.o
                0x080012f0                SystemInit
 .text.SystemCoreClockUpdate
                0x0800138c      0x148 Startup/system_XMC4500.o
                0x0800138c                SystemCoreClockUpdate
 .text.SystemClockSetup
                0x080014d4      0x4cc Startup/system_XMC4500.o
 .text          0x080019a0        0x0 Lib/System_LibcStubs.o
 .text._open    0x080019a0       0x1c Lib/System_LibcStubs.o
                0x080019a0                _open
 .text._lseek   0x080019bc       0x1c Lib/System_LibcStubs.o
                0x080019bc                _lseek
 .text._read    0x080019d8       0x1c Lib/System_LibcStubs.o
                0x080019d8                _read
 .text._write   0x080019f4       0x1c Lib/System_LibcStubs.o
                0x080019f4                _write
 .text._close   0x08001a10       0x10 Lib/System_LibcStubs.o
                0x08001a10                _close
 .text._fstat   0x08001a20       0x28 Lib/System_LibcStubs.o
                0x08001a20                _fstat
 .text._link    0x08001a48       0x28 Lib/System_LibcStubs.o
                0x08001a48                _link
 .text._unlink  0x08001a70       0x18 Lib/System_LibcStubs.o
                0x08001a70                _unlink
 .text._sbrk    0x08001a88       0xa0 Lib/System_LibcStubs.o
                0x08001a88                _sbrk
 .text._times   0x08001b28       0x18 Lib/System_LibcStubs.o
                0x08001b28                _times
 .text._wait    0x08001b40       0x18 Lib/System_LibcStubs.o
                0x08001b40                _wait
 .text._kill    0x08001b58       0x1c Lib/System_LibcStubs.o
                0x08001b58                _kill
 .text._fork    0x08001b74       0x10 Lib/System_LibcStubs.o
                0x08001b74                _fork
 .text._getpid  0x08001b84       0x10 Lib/System_LibcStubs.o
                0x08001b84                _getpid
 .text._exit    0x08001b94        0xc Lib/System_LibcStubs.o
                0x08001b94                _exit
 .text._init    0x08001ba0        0xc Lib/System_LibcStubs.o
                0x08001ba0                _init
 .text._isatty  0x08001bac       0x18 Lib/System_LibcStubs.o
                0x08001bac                _isatty
 .text          0x08001bc4        0x0 Dave/Generated/src/UART001/UART001.o
 .text.UART001_lInit
                0x08001bc4      0x1a8 Dave/Generated/src/UART001/UART001.o
                0x08001bc4                UART001_lInit
 .text.UART001_lConfigTXPin
                0x08001d6c       0xfc Dave/Generated/src/UART001/UART001.o
                0x08001d6c                UART001_lConfigTXPin
 .text.UART001_labsRealType
                0x08001e68       0x38 Dave/Generated/src/UART001/UART001.o
                0x08001e68                UART001_labsRealType
 .text.UART001_lConfigureBaudRate
                0x08001ea0      0x4e8 Dave/Generated/src/UART001/UART001.o
                0x08001ea0                UART001_lConfigureBaudRate
 .text.UART001_Init
                0x08002388       0x6c Dave/Generated/src/UART001/UART001.o
                0x08002388                UART001_Init
 .text.UART001_DeInit
                0x080023f4       0x14 Dave/Generated/src/UART001/UART001.o
                0x080023f4                UART001_DeInit
 .text.UART001_Configure
                0x08002408      0x114 Dave/Generated/src/UART001/UART001.o
                0x08002408                UART001_Configure
 .text.UART001_ReadDataMultiple
                0x0800251c       0x80 Dave/Generated/src/UART001/UART001.o
                0x0800251c                UART001_ReadDataMultiple
 .text.UART001_ReadDataBytes
                0x0800259c       0x80 Dave/Generated/src/UART001/UART001.o
                0x0800259c                UART001_ReadDataBytes
 .text.UART001_WriteDataMultiple
                0x0800261c       0x90 Dave/Generated/src/UART001/UART001.o
                0x0800261c                UART001_WriteDataMultiple
 .text.UART001_WriteDataBytes
                0x080026ac       0x90 Dave/Generated/src/UART001/UART001.o
                0x080026ac                UART001_WriteDataBytes
 .text.UART001_GetFlagStatus
                0x0800273c       0x98 Dave/Generated/src/UART001/UART001.o
                0x0800273c                UART001_GetFlagStatus
 .text.UART001_ClearFlag
                0x080027d4       0x78 Dave/Generated/src/UART001/UART001.o
                0x080027d4                UART001_ClearFlag
 .text          0x0800284c        0x0 Dave/Generated/src/UART001/UART001_Conf.o
 .text          0x0800284c        0x0 Dave/Generated/src/SYSTM002/SYSTM002.o
 .text.NVIC_GetPriorityGrouping
                0x0800284c       0x20 Dave/Generated/src/SYSTM002/SYSTM002.o
 .text.NVIC_SetPriority
                0x0800286c       0x5c Dave/Generated/src/SYSTM002/SYSTM002.o
 .text.NVIC_EncodePriority
                0x080028c8       0x78 Dave/Generated/src/SYSTM002/SYSTM002.o
 .text.SysTick_Config
                0x08002940       0x64 Dave/Generated/src/SYSTM002/SYSTM002.o
 .text.SYSTM002_lInsertTimerList
                0x080029a4      0x214 Dave/Generated/src/SYSTM002/SYSTM002.o
 .text.SYSTM002_lRemoveTimerList
                0x08002bb8       0xd8 Dave/Generated/src/SYSTM002/SYSTM002.o
 .text.SYSTM002_lTimerHandler
                0x08002c90       0x94 Dave/Generated/src/SYSTM002/SYSTM002.o
 .text.SysTick_Handler
                0x08002d24       0x5c Dave/Generated/src/SYSTM002/SYSTM002.o
                0x08002d24                SysTick_Handler
 .text.SYSTM002_Init
                0x08002d80       0x64 Dave/Generated/src/SYSTM002/SYSTM002.o
                0x08002d80                SYSTM002_Init
 .text.SYSTM002_CreateTimer
                0x08002de4      0x1bc Dave/Generated/src/SYSTM002/SYSTM002.o
                0x08002de4                SYSTM002_CreateTimer
 .text.SYSTM002_StartTimer
                0x08002fa0       0xb4 Dave/Generated/src/SYSTM002/SYSTM002.o
                0x08002fa0                SYSTM002_StartTimer
 .text.SYSTM002_StopTimer
                0x08003054       0x90 Dave/Generated/src/SYSTM002/SYSTM002.o
                0x08003054                SYSTM002_StopTimer
 .text.SYSTM002_DeleteTimer
                0x080030e4       0x9c Dave/Generated/src/SYSTM002/SYSTM002.o
                0x080030e4                SYSTM002_DeleteTimer
 .text.SYSTM002_GetTime
                0x08003180       0x20 Dave/Generated/src/SYSTM002/SYSTM002.o
                0x08003180                SYSTM002_GetTime
 .text          0x080031a0        0x0 Dave/Generated/src/RESET001/RESET001.o
 .text.RESET001_AssertReset
                0x080031a0       0x54 Dave/Generated/src/RESET001/RESET001.o
                0x080031a0                RESET001_AssertReset
 .text.RESET001_DeassertReset
                0x080031f4       0x54 Dave/Generated/src/RESET001/RESET001.o
                0x080031f4                RESET001_DeassertReset
 .text.RESET001_GetResetInfo
                0x08003248       0x2c Dave/Generated/src/RESET001/RESET001.o
                0x08003248                RESET001_GetResetInfo
 .text.RESET001_GetStatus
                0x08003274       0x7c Dave/Generated/src/RESET001/RESET001.o
                0x08003274                RESET001_GetStatus
 .text.RESET001_ClearResetInfo
                0x080032f0       0x28 Dave/Generated/src/RESET001/RESET001.o
                0x080032f0                RESET001_ClearResetInfo
 .text          0x08003318        0x0 Dave/Generated/src/NVIC002/NVIC002.o
 .text.NVIC_GetPriorityGrouping
                0x08003318       0x20 Dave/Generated/src/NVIC002/NVIC002.o
 .text.NVIC_EnableIRQ
                0x08003338       0x38 Dave/Generated/src/NVIC002/NVIC002.o
 .text.NVIC_SetPriority
                0x08003370       0x5c Dave/Generated/src/NVIC002/NVIC002.o
 .text.NVIC_EncodePriority
                0x080033cc       0x78 Dave/Generated/src/NVIC002/NVIC002.o
 .text.NVIC002_EnableIRQ
                0x08003444       0x20 Dave/Generated/src/NVIC002/NVIC002.o
 .text.NVIC002_Init
                0x08003464       0x38 Dave/Generated/src/NVIC002/NVIC002.o
                0x08003464                NVIC002_Init
 .text.NVIC002_lInit
                0x0800349c       0x4c Dave/Generated/src/NVIC002/NVIC002.o
 .text          0x080034e8        0x0 Dave/Generated/src/NVIC002/NVIC002_Conf.o
 .text          0x080034e8        0x0 Dave/Generated/src/LIBS/CCU8PWMLIB.o
 .text          0x080034e8        0x0 Dave/Generated/src/LIBS/MOTORLIB.o
 .text          0x080034e8        0x0 Dave/Generated/src/IO004/IO004.o
 .text.IO004_Init
                0x080034e8       0x70 Dave/Generated/src/IO004/IO004.o
                0x080034e8                IO004_Init
 .text.IO004_DisableOutputDriver
                0x08003558      0x17c Dave/Generated/src/IO004/IO004.o
                0x08003558                IO004_DisableOutputDriver
 .text.IO004_EnableOutputDriver
                0x080036d4      0x17c Dave/Generated/src/IO004/IO004.o
                0x080036d4                IO004_EnableOutputDriver
 .text          0x08003850        0x0 Dave/Generated/src/IO004/IO004_Conf.o
 .text          0x08003850        0x0 Dave/Generated/src/IO001/IO001.o
 .text.IO001_Init
                0x08003850       0x60 Dave/Generated/src/IO001/IO001.o
                0x08003850                IO001_Init
 .text.IO001_EnableDigitalInput
                0x080038b0      0x198 Dave/Generated/src/IO001/IO001.o
                0x080038b0                IO001_EnableDigitalInput
 .text.IO001_DisableDigitalInput
                0x08003a48       0x2c Dave/Generated/src/IO001/IO001.o
                0x08003a48                IO001_DisableDigitalInput
 .text          0x08003a74        0x0 Dave/Generated/src/IO001/IO001_Conf.o
 .text          0x08003a74        0x0 Dave/Generated/src/DAVESupport/DAVE3.o
 .text.NVIC_SetPriorityGrouping
                0x08003a74       0x50 Dave/Generated/src/DAVESupport/DAVE3.o
 .text.DAVE_Init
                0x08003ac4       0x3c Dave/Generated/src/DAVESupport/DAVE3.o
                0x08003ac4                DAVE_Init
 .text.SystemInit_DAVE3
                0x08003b00        0xc Dave/Generated/src/DAVESupport/DAVE3.o
                0x08003b00                SystemInit_DAVE3
 .text          0x08003b0c        0x0 Dave/Generated/src/DAVESupport/MULTIPLEXER.o
 .text.DAVE_MUX_Init
                0x08003b0c      0x150 Dave/Generated/src/DAVESupport/MULTIPLEXER.o
                0x08003b0c                DAVE_MUX_Init
 .text.DAVE_MUX_PreInit
                0x08003c5c        0xc Dave/Generated/src/DAVESupport/MULTIPLEXER.o
                0x08003c5c                DAVE_MUX_PreInit
 .text          0x08003c68        0x0 Dave/Generated/src/CLK001/CLK001.o
 .text.CLK001_Delay
                0x08003c68       0x34 Dave/Generated/src/CLK001/CLK001.o
 .text.CLK001_SysClk_Valid
                0x08003c9c       0x38 Dave/Generated/src/CLK001/CLK001.o
 .text.CLK001_BackupClkTrim
                0x08003cd4       0x94 Dave/Generated/src/CLK001/CLK001.o
 .text.CLK001_SetMainPLLClkSrc
                0x08003d68       0xf0 Dave/Generated/src/CLK001/CLK001.o
 .text.CLK001_ConfigMainPLL
                0x08003e58      0x15c Dave/Generated/src/CLK001/CLK001.o
 .text.CLK001_FreqStepupMainPLL
                0x08003fb4      0x164 Dave/Generated/src/CLK001/CLK001.o
 .text.CLK001_SysClk_Init
                0x08004118       0x50 Dave/Generated/src/CLK001/CLK001.o
 .text.CLK001_Init
                0x08004168       0x30 Dave/Generated/src/CLK001/CLK001.o
                0x08004168                CLK001_Init
 .text.AllowPLLInitByStartup
                0x08004198       0x10 Dave/Generated/src/CLK001/CLK001.o
                0x08004198                AllowPLLInitByStartup
 .text          0x080041a8        0x0 Dave/Generated/src/ADCGROUP001/ADCGroup001.o
 .text.ADCGROUP001_Init
                0x080041a8       0x2c Dave/Generated/src/ADCGROUP001/ADCGroup001.o
                0x080041a8                ADCGROUP001_Init
 .text.ADCGROUP001_lInit
                0x080041d4      0x1a0 Dave/Generated/src/ADCGROUP001/ADCGroup001.o
                0x080041d4                ADCGROUP001_lInit
 .text.ADCGROUP001_Deinit
                0x08004374       0x84 Dave/Generated/src/ADCGROUP001/ADCGroup001.o
                0x08004374                ADCGROUP001_Deinit
 .text.ADCGROUP001_GetStartupCalStatus
                0x080043f8       0x34 Dave/Generated/src/ADCGROUP001/ADCGroup001.o
                0x080043f8                ADCGROUP001_GetStartupCalStatus
 .text.ADCGROUP001_SetGroupBound0
                0x0800442c       0x68 Dave/Generated/src/ADCGROUP001/ADCGroup001.o
                0x0800442c                ADCGROUP001_SetGroupBound0
 .text.ADCGROUP001_SetGroupBound1
                0x08004494       0x6c Dave/Generated/src/ADCGROUP001/ADCGroup001.o
                0x08004494                ADCGROUP001_SetGroupBound1
 .text.ADCGROUP001_ActiveGroupServiceRequestNode
                0x08004500       0x78 Dave/Generated/src/ADCGROUP001/ADCGroup001.o
                0x08004500                ADCGROUP001_ActiveGroupServiceRequestNode
 .text.ADCGROUP001_DeActiveGroupServiceRequestNode
                0x08004578       0x60 Dave/Generated/src/ADCGROUP001/ADCGroup001.o
                0x08004578                ADCGROUP001_DeActiveGroupServiceRequestNode
 .text.ADCGROUP001_ActiveSharedServiceRequestNode
                0x080045d8       0x80 Dave/Generated/src/ADCGROUP001/ADCGroup001.o
                0x080045d8                ADCGROUP001_ActiveSharedServiceRequestNode
 .text.ADCGROUP001_DeActiveSharedServiceRequestNode
                0x08004658       0x64 Dave/Generated/src/ADCGROUP001/ADCGroup001.o
                0x08004658                ADCGROUP001_DeActiveSharedServiceRequestNode
 .text.ADCGROUP001_EMUXStartSelection
                0x080046bc       0x5c Dave/Generated/src/ADCGROUP001/ADCGroup001.o
                0x080046bc                ADCGROUP001_EMUXStartSelection
 .text.ADCGROUP001_GetEMUXStartSelection
                0x08004718       0x54 Dave/Generated/src/ADCGROUP001/ADCGroup001.o
                0x08004718                ADCGROUP001_GetEMUXStartSelection
 .text.ADCGROUP001_SetEMUXChannelSelect
                0x0800476c       0x60 Dave/Generated/src/ADCGROUP001/ADCGroup001.o
                0x0800476c                ADCGROUP001_SetEMUXChannelSelect
 .text.ADCGROUP001_SetEMUXMode
                0x080047cc       0x70 Dave/Generated/src/ADCGROUP001/ADCGroup001.o
                0x080047cc                ADCGROUP001_SetEMUXMode
 .text.ADCGROUP001_SetEMUXCodeScheme
                0x0800483c       0x78 Dave/Generated/src/ADCGROUP001/ADCGroup001.o
                0x0800483c                ADCGROUP001_SetEMUXCodeScheme
 .text.ADCGROUP001_SetGroupClass0SampleTime
                0x080048b4       0x5c Dave/Generated/src/ADCGROUP001/ADCGroup001.o
                0x080048b4                ADCGROUP001_SetGroupClass0SampleTime
 .text.ADCGROUP001_SetGroupClass1SampleTime
                0x08004910       0x5c Dave/Generated/src/ADCGROUP001/ADCGroup001.o
                0x08004910                ADCGROUP001_SetGroupClass1SampleTime
 .text.ADCGROUP001_SetGroupClass0EmuxSampleTime
                0x0800496c       0x60 Dave/Generated/src/ADCGROUP001/ADCGroup001.o
                0x0800496c                ADCGROUP001_SetGroupClass0EmuxSampleTime
 .text.ADCGROUP001_SetGroupClass1EmuxSampleTime
                0x080049cc       0x60 Dave/Generated/src/ADCGROUP001/ADCGroup001.o
                0x080049cc                ADCGROUP001_SetGroupClass1EmuxSampleTime
 .text.ADCGROUP001_SetGroupClass0ConvMode
                0x08004a2c       0x68 Dave/Generated/src/ADCGROUP001/ADCGroup001.o
                0x08004a2c                ADCGROUP001_SetGroupClass0ConvMode
 .text.ADCGROUP001_SetGroupClass1ConvMode
                0x08004a94       0x68 Dave/Generated/src/ADCGROUP001/ADCGroup001.o
                0x08004a94                ADCGROUP001_SetGroupClass1ConvMode
 .text.ADCGROUP001_SetGroupClass0EmuxConvMode
                0x08004afc       0x68 Dave/Generated/src/ADCGROUP001/ADCGroup001.o
                0x08004afc                ADCGROUP001_SetGroupClass0EmuxConvMode
 .text.ADCGROUP001_SetGroupClass1EmuxConvMode
                0x08004b64       0x68 Dave/Generated/src/ADCGROUP001/ADCGroup001.o
                0x08004b64                ADCGROUP001_SetGroupClass1EmuxConvMode
 .text.ADCGROUP001_SetEMUXSampleTimeControl
                0x08004bcc       0x70 Dave/Generated/src/ADCGROUP001/ADCGroup001.o
                0x08004bcc                ADCGROUP001_SetEMUXSampleTimeControl
 .text          0x08004c3c        0x0 Dave/Generated/src/ADCGROUP001/ADCGroup001_Conf.o
 .text          0x08004c3c        0x0 Dave/Generated/src/ADCGLOB001/ADCGlob001.o
 .text.ADCGLOB001_Init
                0x08004c3c      0x1a0 Dave/Generated/src/ADCGLOB001/ADCGlob001.o
                0x08004c3c                ADCGLOB001_Init
 .text.ADCGLOB001_DeInit
                0x08004ddc       0x98 Dave/Generated/src/ADCGLOB001/ADCGlob001.o
                0x08004ddc                ADCGLOB001_DeInit
 .text.ADCGLOB001_CLKRequestDisable
                0x08004e74       0x3c Dave/Generated/src/ADCGLOB001/ADCGlob001.o
                0x08004e74                ADCGLOB001_CLKRequestDisable
 .text.ADCGLOB001_CLKRequestEnable
                0x08004eb0       0x3c Dave/Generated/src/ADCGLOB001/ADCGlob001.o
                0x08004eb0                ADCGLOB001_CLKRequestEnable
 .text.ADCGLOB001_SetStartUpCalibration
                0x08004eec       0x40 Dave/Generated/src/ADCGLOB001/ADCGlob001.o
                0x08004eec                ADCGLOB001_SetStartUpCalibration
 .text.ADCGLOB001_StartUpCalibrationInit
                0x08004f2c       0x60 Dave/Generated/src/ADCGLOB001/ADCGlob001.o
                0x08004f2c                ADCGLOB001_StartUpCalibrationInit
 .text.ADCGLOB001_EnableSleepModeControl
                0x08004f8c       0x3c Dave/Generated/src/ADCGLOB001/ADCGlob001.o
                0x08004f8c                ADCGLOB001_EnableSleepModeControl
 .text.ADCGLOB001_DisregardSleepModeControl
                0x08004fc8       0x3c Dave/Generated/src/ADCGLOB001/ADCGlob001.o
                0x08004fc8                ADCGLOB001_DisregardSleepModeControl
 .text.ADCGLOB001_SetGlobClass0ConvMode
                0x08005004       0x64 Dave/Generated/src/ADCGLOB001/ADCGlob001.o
                0x08005004                ADCGLOB001_SetGlobClass0ConvMode
 .text.ADCGLOB001_SetGlobClass0SampleTime
                0x08005068       0x5c Dave/Generated/src/ADCGLOB001/ADCGlob001.o
                0x08005068                ADCGLOB001_SetGlobClass0SampleTime
 .text.ADCGLOB001_SetGlobClass0EmuxConvMode
                0x080050c4       0x64 Dave/Generated/src/ADCGLOB001/ADCGlob001.o
                0x080050c4                ADCGLOB001_SetGlobClass0EmuxConvMode
 .text.ADCGLOB001_SetGlobClass0EmuxSampleTime
                0x08005128       0x60 Dave/Generated/src/ADCGLOB001/ADCGlob001.o
                0x08005128                ADCGLOB001_SetGlobClass0EmuxSampleTime
 .text.ADCGLOB001_SetGlobClass1ConvMode
                0x08005188       0x64 Dave/Generated/src/ADCGLOB001/ADCGlob001.o
                0x08005188                ADCGLOB001_SetGlobClass1ConvMode
 .text.ADCGLOB001_SetGlobClass1SampleTime
                0x080051ec       0x5c Dave/Generated/src/ADCGLOB001/ADCGlob001.o
                0x080051ec                ADCGLOB001_SetGlobClass1SampleTime
 .text.ADCGLOB001_SetGlobClass1EmuxConvMode
                0x08005248       0x64 Dave/Generated/src/ADCGLOB001/ADCGlob001.o
                0x08005248                ADCGLOB001_SetGlobClass1EmuxConvMode
 .text.ADCGLOB001_SetGlobClass1EmuxSampleTime
                0x080052ac       0x60 Dave/Generated/src/ADCGLOB001/ADCGlob001.o
                0x080052ac                ADCGLOB001_SetGlobClass1EmuxSampleTime
 .text.ADCGLOB001_GetDisableBitStatus
                0x0800530c       0x44 Dave/Generated/src/ADCGLOB001/ADCGlob001.o
                0x0800530c                ADCGLOB001_GetDisableBitStatus
 .text.ADCGLOB001_GetIdValue
                0x08005350       0x38 Dave/Generated/src/ADCGLOB001/ADCGlob001.o
                0x08005350                ADCGLOB001_GetIdValue
 .text.ADCGLOB001_GTFRConvtrDiagnoGrp
                0x08005388       0x8c Dave/Generated/src/ADCGLOB001/ADCGlob001.o
                0x08005388                ADCGLOB001_GTFRConvtrDiagnoGrp
 .text.ADCGLOB001_GTFRConvtrDiagnoEnable
                0x08005414       0x54 Dave/Generated/src/ADCGLOB001/ADCGlob001.o
                0x08005414                ADCGLOB001_GTFRConvtrDiagnoEnable
 .text.ADCGLOB001_GTFRConvtrDiagnoPullDevicesSelect
                0x08005468       0x8c Dave/Generated/src/ADCGLOB001/ADCGlob001.o
                0x08005468                ADCGLOB001_GTFRConvtrDiagnoPullDevicesSelect
 .text.ADCGLOB001_GTFRPullDwnDiagnoEnable
                0x080054f4       0x54 Dave/Generated/src/ADCGLOB001/ADCGlob001.o
                0x080054f4                ADCGLOB001_GTFRPullDwnDiagnoEnable
 .text          0x08005548        0x0 Dave/Generated/src/ADCGLOB001/ADCGlob001_Conf.o
 .text          0x08005548        0x0 Dave/Generated/src/ADC001/ADC001.o
 .text.ADC001_Init
                0x08005548       0x18 Dave/Generated/src/ADC001/ADC001.o
                0x08005548                ADC001_Init
 .text.ADC001_lInit
                0x08005560      0x2a0 Dave/Generated/src/ADC001/ADC001.o
                0x08005560                ADC001_lInit
 .text.ADC001_Deinit
                0x08005800      0x150 Dave/Generated/src/ADC001/ADC001.o
                0x08005800                ADC001_Deinit
 .text.ADC001_SelectInputClass
                0x08005950       0xdc Dave/Generated/src/ADC001/ADC001.o
                0x08005950                ADC001_SelectInputClass
 .text.ADC001_EnableResultEvt
                0x08005a2c       0x44 Dave/Generated/src/ADC001/ADC001.o
                0x08005a2c                ADC001_EnableResultEvt
 .text.ADC001_DisableResultEvt
                0x08005a70       0x44 Dave/Generated/src/ADC001/ADC001.o
                0x08005a70                ADC001_DisableResultEvt
 .text.ADC001_GetResult
                0x08005ab4       0x84 Dave/Generated/src/ADC001/ADC001.o
                0x08005ab4                ADC001_GetResult
 .text.ADC001_GetFastResult
                0x08005b38       0x24 Dave/Generated/src/ADC001/ADC001.o
                0x08005b38                ADC001_GetFastResult
 .text.ADC001_GetResultEvtFlag
                0x08005b5c       0x58 Dave/Generated/src/ADC001/ADC001.o
                0x08005b5c                ADC001_GetResultEvtFlag
 .text.ADC001_SetResultEvtFlag
                0x08005bb4       0x44 Dave/Generated/src/ADC001/ADC001.o
                0x08005bb4                ADC001_SetResultEvtFlag
 .text.ADC001_ClearResultEvtFlag
                0x08005bf8       0x44 Dave/Generated/src/ADC001/ADC001.o
                0x08005bf8                ADC001_ClearResultEvtFlag
 .text.ADC001_GetChannelEvtFlag
                0x08005c3c       0xe4 Dave/Generated/src/ADC001/ADC001.o
                0x08005c3c                ADC001_GetChannelEvtFlag
 .text.ADC001_SetChannelEvtFlag
                0x08005d20       0xd0 Dave/Generated/src/ADC001/ADC001.o
                0x08005d20                ADC001_SetChannelEvtFlag
 .text.ADC001_ClearChannelEvtFlag
                0x08005df0       0xd0 Dave/Generated/src/ADC001/ADC001.o
                0x08005df0                ADC001_ClearChannelEvtFlag
 .text.ADC001_EnableBackGroundEvent
                0x08005ec0       0x44 Dave/Generated/src/ADC001/ADC001.o
                0x08005ec0                ADC001_EnableBackGroundEvent
 .text.ADC001_DisableBackGroundEvent
                0x08005f04       0x44 Dave/Generated/src/ADC001/ADC001.o
                0x08005f04                ADC001_DisableBackGroundEvent
 .text.ADC001_GetBackGroundEvtFlag
                0x08005f48       0x54 Dave/Generated/src/ADC001/ADC001.o
                0x08005f48                ADC001_GetBackGroundEvtFlag
 .text.ADC001_SetBackGroundEvtFlag
                0x08005f9c       0x44 Dave/Generated/src/ADC001/ADC001.o
                0x08005f9c                ADC001_SetBackGroundEvtFlag
 .text.ADC001_ClearBackGroundEvtFlag
                0x08005fe0       0x44 Dave/Generated/src/ADC001/ADC001.o
                0x08005fe0                ADC001_ClearBackGroundEvtFlag
 .text.ADC001_ClearPendingBits
                0x08006024       0x44 Dave/Generated/src/ADC001/ADC001.o
                0x08006024                ADC001_ClearPendingBits
 .text.ADC001_GenerateLoadEvent
                0x08006068       0x44 Dave/Generated/src/ADC001/ADC001.o
                0x08006068                ADC001_GenerateLoadEvent
 .text.ADC001_EnableGate
                0x080060ac       0x5c Dave/Generated/src/ADC001/ADC001.o
                0x080060ac                ADC001_EnableGate
 .text.ADC001_GetGateLevel
                0x08006108       0x58 Dave/Generated/src/ADC001/ADC001.o
                0x08006108                ADC001_GetGateLevel
 .text.ADC001_SetExternalTriggerMode
                0x08006160       0x94 Dave/Generated/src/ADC001/ADC001.o
                0x08006160                ADC001_SetExternalTriggerMode
 .text.ADC001_EnableExternalTrigger
                0x080061f4       0x44 Dave/Generated/src/ADC001/ADC001.o
                0x080061f4                ADC001_EnableExternalTrigger
 .text.ADC001_DisableExternalTrigger
                0x08006238       0x44 Dave/Generated/src/ADC001/ADC001.o
                0x08006238                ADC001_DisableExternalTrigger
 .text.ADC001_EnableArbitrationSlot
                0x0800627c       0x94 Dave/Generated/src/ADC001/ADC001.o
                0x0800627c                ADC001_EnableArbitrationSlot
 .text.ADC001_DisableArbitrationSlot
                0x08006310       0x94 Dave/Generated/src/ADC001/ADC001.o
                0x08006310                ADC001_DisableArbitrationSlot
 .text.ADC001_SetLoadEventMode
                0x080063a4       0x74 Dave/Generated/src/ADC001/ADC001.o
                0x080063a4                ADC001_SetLoadEventMode
 .text.ADC001_SetPendingChannel
                0x08006418       0xb4 Dave/Generated/src/ADC001/ADC001.o
                0x08006418                ADC001_SetPendingChannel
 .text.ADC001_ClearPendingChannel
                0x080064cc       0xb8 Dave/Generated/src/ADC001/ADC001.o
                0x080064cc                ADC001_ClearPendingChannel
 .text.ADC001_SetChannelSelect
                0x08006584       0xb4 Dave/Generated/src/ADC001/ADC001.o
                0x08006584                ADC001_SetChannelSelect
 .text.ADC001_ClearChannelSelect
                0x08006638       0xb8 Dave/Generated/src/ADC001/ADC001.o
                0x08006638                ADC001_ClearChannelSelect
 .text.ADC001_SetChannelEventMode
                0x080066f0      0x114 Dave/Generated/src/ADC001/ADC001.o
                0x080066f0                ADC001_SetChannelEventMode
 .text          0x08006804        0x0 Dave/Generated/src/ADC001/ADC001_Conf.o
 .text          0x08006804      0x370 c:/dave-3.1.10/arm-gcc/bin/../lib/gcc/arm-none-eabi/4.7.4/armv7e-m\libgcc.a(_arm_addsubdf3.o)
                0x08006804                __aeabi_drsub
                0x0800680c                __aeabi_dsub
                0x0800680c                __subdf3
                0x08006810                __aeabi_dadd
                0x08006810                __adddf3
                0x08006a88                __floatunsidf
                0x08006a88                __aeabi_ui2d
                0x08006aa8                __floatsidf
                0x08006aa8                __aeabi_i2d
                0x08006acc                __aeabi_f2d
                0x08006acc                __extendsfdf2
                0x08006b08                __floatundidf
                0x08006b08                __aeabi_ul2d
                0x08006b18                __floatdidf
                0x08006b18                __aeabi_l2d
 .text          0x08006b74      0x424 c:/dave-3.1.10/arm-gcc/bin/../lib/gcc/arm-none-eabi/4.7.4/armv7e-m\libgcc.a(_arm_muldivdf3.o)
                0x08006b74                __aeabi_dmul
                0x08006b74                __muldf3
                0x08006dc8                __divdf3
                0x08006dc8                __aeabi_ddiv
 .text          0x08006f98       0x40 c:/dave-3.1.10/arm-gcc/bin/../lib/gcc/arm-none-eabi/4.7.4/armv7e-m\libgcc.a(_arm_fixunsdfsi.o)
                0x08006f98                __aeabi_d2uiz
                0x08006f98                __fixunsdfsi
 .text          0x08006fd8        0x0 c:/dave-3.1.10/arm-gcc/bin/../lib/gcc/arm-none-eabi/4.7.4/../../../../arm-none-eabi/lib/armv7e-m\libg.a(lib_a-init.o)
 .text.__libc_init_array
                0x08006fd8       0x94 c:/dave-3.1.10/arm-gcc/bin/../lib/gcc/arm-none-eabi/4.7.4/../../../../arm-none-eabi/lib/armv7e-m\libg.a(lib_a-init.o)
                0x08006fd8                __libc_init_array
 *(.glue*)
 .glue_7        0x00000000        0x0 linker stubs
 .glue_7t       0x00000000        0x0 linker stubs
 *(.v4*)
 .v4_bx         0x00000000        0x0 linker stubs
 *(.vfp11_veneer)
 .vfp11_veneer  0x00000000        0x0 linker stubs
 *(.init)
                0x0800706c                __preinit_array_start = .
 *(.preinit_array)
                0x0800706c                __preinit_array_end = .
                0x0800706c                __init_array_start = .
 *(SORT(.init_array.*))
 *(.init_array)
                0x0800706c                __init_array_end = .
 *crtbegin.o(.ctors)
 *(EXCLUDE_FILE(*crtend.o) .ctors)
 *(SORT(.ctors.*))
 *crtend.o(.ctors)
 *(.fini)
                0x0800706c                __fini_array_start = .
 *(.fini_array)
 *(SORT(.fini_array.*))
                0x0800706c                __fini_array_end = .
 *crtbegin.o(.dtors)
 *(EXCLUDE_FILE(*crtend.o) .dtors)
 *(SORT(.dtors.*))
 *crtend.o(.dtors)
                0x0800706c                __extab_start = .
 *(.ARM.extab* .gnu.linkonce.armextab.*)
 .ARM.extab.Xmc4500.reset
                0x0800706c        0x0 Startup/startup_XMC4500.o
 .ARM.extab.Xmc4500.postreset
                0x0800706c        0x0 Startup/startup_XMC4500.o
                0x0800706c                . = ALIGN (0x4)
                0x0800706c                __extab_end = ABSOLUTE (.)

.iplt           0x0800706c        0x0 load address 0x0c00706c
 .iplt          0x00000000        0x0 AdcRelaxKit.o

.ARM.exidx      0x0800706c       0x10 load address 0x0c00706c
                0x0800706c                __exidx_start = .
 *(.ARM.exidx* .gnu.linkonce.armexidx.*)
 .ARM.exidx.Xmc4500.reset
                0x0800706c        0x8 Startup/startup_XMC4500.o
 .ARM.exidx.Xmc4500.postreset
                0x08007074        0x8 Startup/startup_XMC4500.o
                0x0800707c                . = ALIGN (0x4)
                0x0800707c                __exidx_end = ABSOLUTE (.)

.rodata         0x0800707c       0xf0 load address 0x0c00707c
 *(.rodata .rodata.*)
 .rodata        0x0800707c       0x34 Dave/Generated/src/UART001/UART001_Conf.o
                0x0800707c                UART001_Handle0
 .rodata        0x080070b0        0x4 Dave/Generated/src/NVIC002/NVIC002_Conf.o
                0x080070b0                NVIC002_Handle0
 .rodata        0x080070b4        0x8 Dave/Generated/src/IO004/IO004_Conf.o
                0x080070b4                IO004_Handle0
 .rodata        0x080070bc       0x18 Dave/Generated/src/IO001/IO001_Conf.o
                0x080070bc                IO001_Handle0
                0x080070c4                IO001_Handle1
                0x080070cc                IO001_Handle2
 .rodata        0x080070d4       0x20 Dave/Generated/src/ADCGROUP001/ADCGroup001_Conf.o
                0x080070d4                ADCGROUP001_Handle0
 .rodata        0x080070f4       0x18 Dave/Generated/src/ADCGLOB001/ADCGlob001_Conf.o
                0x080070f4                ADCGLOB001_Handle0
 .rodata        0x0800710c       0x60 Dave/Generated/src/ADC001/ADC001_Conf.o
                0x0800710c                ADC001_ChannelAAHandle
                0x08007110                ADC001_ChannelABHandle
                0x08007114                ADC001_ChannelACHandle
                0x08007118                ADC001_Handle0
 *(.gnu.linkonce.r*)

.rel.dyn        0x0800716c        0x0 load address 0x0c00716c
 .rel.iplt      0x00000000        0x0 AdcRelaxKit.o
                0x08007170                . = ALIGN (0x10)
                0x0c007170                eROData = (. | 0x4000000)

Stack           0x20000000      0x800
                0x20000800                . = (. + stack_size)
 *fill*         0x20000000      0x800 00
                0x20000800                __Xmc4500_stack = .

Communication_Buffers
 *DMA_Descriptors.o(COMMON)

USB_RAM

.bss            0x20000800      0x45c
                0x20000800                __Xmc4500_sBSS = .
 *(.bss)
 .bss           0x20000800        0x0 AdcRelaxKit.o
 .bss           0x20000800        0x2 Room.o
                0x20000800                u8RoomSensorDataSize
                0x20000801                u8NumberOfTimerPeriods
 .bss           0x20000802        0x0 Sensors.o
 .bss           0x20000802        0xa dht.o
                0x20000802                eDhtState
                0x20000803                u8NumberOfRecvBits
                0x20000804                u8NumberOfTimerInterrupts
                0x20000806                u16Humidity
                0x20000808                u16Temperature
                0x2000080a                u16Aux
 .bss           0x2000080c        0x0 Startup/startup_XMC4500.o
 .bss           0x2000080c        0x0 Startup/system_XMC4500.o
 .bss           0x2000080c        0xc Lib/System_LibcStubs.o
                0x2000080c                __dso_handle
 .bss           0x20000818        0x0 Dave/Generated/src/UART001/UART001.o
 .bss           0x20000818        0x0 Dave/Generated/src/UART001/UART001_Conf.o
 .bss           0x20000818        0xc Dave/Generated/src/SYSTM002/SYSTM002.o
                0x20000818                TimerList
                0x2000081c                TimerTracker
                0x20000820                SysTickCount
 .bss           0x20000824        0x0 Dave/Generated/src/RESET001/RESET001.o
 .bss           0x20000824        0x0 Dave/Generated/src/NVIC002/NVIC002.o
 .bss           0x20000824        0x0 Dave/Generated/src/NVIC002/NVIC002_Conf.o
 .bss           0x20000824        0x0 Dave/Generated/src/LIBS/CCU8PWMLIB.o
 .bss           0x20000824        0x0 Dave/Generated/src/LIBS/MOTORLIB.o
 .bss           0x20000824        0x0 Dave/Generated/src/IO004/IO004.o
 .bss           0x20000824        0x0 Dave/Generated/src/IO004/IO004_Conf.o
 .bss           0x20000824        0x0 Dave/Generated/src/IO001/IO001.o
 .bss           0x20000824        0x0 Dave/Generated/src/IO001/IO001_Conf.o
 .bss           0x20000824        0x0 Dave/Generated/src/DAVESupport/DAVE3.o
 .bss           0x20000824        0x0 Dave/Generated/src/DAVESupport/MULTIPLEXER.o
 .bss           0x20000824        0x8 Dave/Generated/src/CLK001/CLK001.o
 .bss           0x2000082c        0x0 Dave/Generated/src/ADCGROUP001/ADCGroup001.o
 .bss           0x2000082c        0x4 Dave/Generated/src/ADCGROUP001/ADCGroup001_Conf.o
                0x2000082c                ADCGROUP001_DynamicHandle0
 .bss           0x20000830        0x0 Dave/Generated/src/ADCGLOB001/ADCGlob001.o
 .bss           0x20000830        0x4 Dave/Generated/src/ADCGLOB001/ADCGlob001_Conf.o
                0x20000830                ADCGLOB001_DynamicData0
 .bss           0x20000834        0x0 Dave/Generated/src/ADC001/ADC001.o
 .bss           0x20000834        0x8 Dave/Generated/src/ADC001/ADC001_Conf.o
                0x20000834                ADC001_DynamicHandle
 .bss           0x2000083c        0x0 c:/dave-3.1.10/arm-gcc/bin/../lib/gcc/arm-none-eabi/4.7.4/armv7e-m\libgcc.a(_arm_addsubdf3.o)
 .bss           0x2000083c        0x0 c:/dave-3.1.10/arm-gcc/bin/../lib/gcc/arm-none-eabi/4.7.4/armv7e-m\libgcc.a(_arm_muldivdf3.o)
 .bss           0x2000083c        0x0 c:/dave-3.1.10/arm-gcc/bin/../lib/gcc/arm-none-eabi/4.7.4/armv7e-m\libgcc.a(_arm_fixunsdfsi.o)
 .bss           0x2000083c        0x0 c:/dave-3.1.10/arm-gcc/bin/../lib/gcc/arm-none-eabi/4.7.4/../../../../arm-none-eabi/lib/armv7e-m\libg.a(lib_a-init.o)
 *(.bss*)
 *(EXCLUDE_FILE(*DMA_Descriptors.o) COMMON)
 COMMON         0x2000083c       0x14 Room.o
                0x2000083c                au8RoomSensorData
 COMMON         0x20000850        0x6 Sensors.o
                0x20000850                LightAdcConversion
                0x20000852                TemperatureAdcConversion
                0x20000854                HumidityAdcConversion
 *fill*         0x20000856        0x2 00
 COMMON         0x20000858        0x4 dht.o
                0x20000858                TimerId
 COMMON         0x2000085c      0x400 Dave/Generated/src/SYSTM002/SYSTM002.o
                0x2000085c                TimerTbl
 *(.gnu.linkonce.b*)
                0x20000c5c                __Xmc4500_eBSS = ALIGN (0x4)
                0x0000045c                __Xmc4500_BSS_Size = (__Xmc4500_eBSS - __Xmc4500_sBSS)

.data           0x20000c60       0x90 load address 0x0c007170
                0x20000c60                __Xmc4500_sData = .
 *(.data)
 .data          0x20000c60        0x0 AdcRelaxKit.o
 .data          0x20000c60        0x0 Room.o
 .data          0x20000c60       0x78 Sensors.o
                0x20000c60                au8HumidityTable
                0x20000c6c                afHumidityResistance20DegreesTable
                0x20000c90                afHumidityResistance25DegreesTable
                0x20000cb4                afHumidityResistance30DegreesTable
 .data          0x20000cd8        0x0 dht.o
 .data          0x20000cd8        0x0 Startup/startup_XMC4500.o
 .data          0x20000cd8        0x4 Startup/system_XMC4500.o
                0x20000cd8                SystemCoreClock
 .data          0x20000cdc        0x0 Lib/System_LibcStubs.o
 .data          0x20000cdc        0x0 Dave/Generated/src/UART001/UART001.o
 .data          0x20000cdc        0x4 Dave/Generated/src/UART001/UART001_Conf.o
                0x20000cdc                UART001_HandleArray
 .data          0x20000ce0        0x0 Dave/Generated/src/SYSTM002/SYSTM002.o
 .data          0x20000ce0        0x0 Dave/Generated/src/RESET001/RESET001.o
 .data          0x20000ce0        0x0 Dave/Generated/src/NVIC002/NVIC002.o
 .data          0x20000ce0        0x4 Dave/Generated/src/NVIC002/NVIC002_Conf.o
                0x20000ce0                NVIC002_HandleArray
 .data          0x20000ce4        0x0 Dave/Generated/src/LIBS/CCU8PWMLIB.o
 .data          0x20000ce4        0x0 Dave/Generated/src/LIBS/MOTORLIB.o
 .data          0x20000ce4        0x0 Dave/Generated/src/IO004/IO004.o
 .data          0x20000ce4        0x0 Dave/Generated/src/IO004/IO004_Conf.o
 .data          0x20000ce4        0x0 Dave/Generated/src/IO001/IO001.o
 .data          0x20000ce4        0x0 Dave/Generated/src/IO001/IO001_Conf.o
 .data          0x20000ce4        0x0 Dave/Generated/src/DAVESupport/DAVE3.o
 .data          0x20000ce4        0x0 Dave/Generated/src/DAVESupport/MULTIPLEXER.o
 .data          0x20000ce4        0x0 Dave/Generated/src/CLK001/CLK001.o
 .data          0x20000ce4        0x0 Dave/Generated/src/ADCGROUP001/ADCGroup001.o
 .data          0x20000ce4        0x0 Dave/Generated/src/ADCGROUP001/ADCGroup001_Conf.o
 .data          0x20000ce4        0x0 Dave/Generated/src/ADCGLOB001/ADCGlob001.o
 .data          0x20000ce4        0x0 Dave/Generated/src/ADCGLOB001/ADCGlob001_Conf.o
 .data          0x20000ce4        0x0 Dave/Generated/src/ADC001/ADC001.o
 .data          0x20000ce4        0xc Dave/Generated/src/ADC001/ADC001_Conf.o
                0x20000ce4                ADC001_ChannelHandlePtr
 .data          0x20000cf0        0x0 c:/dave-3.1.10/arm-gcc/bin/../lib/gcc/arm-none-eabi/4.7.4/armv7e-m\libgcc.a(_arm_addsubdf3.o)
 .data          0x20000cf0        0x0 c:/dave-3.1.10/arm-gcc/bin/../lib/gcc/arm-none-eabi/4.7.4/armv7e-m\libgcc.a(_arm_muldivdf3.o)
 .data          0x20000cf0        0x0 c:/dave-3.1.10/arm-gcc/bin/../lib/gcc/arm-none-eabi/4.7.4/armv7e-m\libgcc.a(_arm_fixunsdfsi.o)
 .data          0x20000cf0        0x0 c:/dave-3.1.10/arm-gcc/bin/../lib/gcc/arm-none-eabi/4.7.4/../../../../arm-none-eabi/lib/armv7e-m\libg.a(lib_a-init.o)
 *(.data*)
 *(*.data)
 *(.gnu.linkonce.d*)
                0x20000cf0                __Xmc4500_eData = ALIGN (0x4)
                0x00000090                __Xmc4500_Data_Size = (__Xmc4500_eData - __Xmc4500_sData)
                0x20000cf0                __Xmc4500_heap_start = ALIGN (0x8)
                0x20010000                __Xmc4500_heap_end = (ORIGIN (DSRAM_1_system) + 0x10000)
                0x20000cf0                Heap_Bank1_Start = __Xmc4500_heap_start
                0x0000f310                Heap_Bank1_Size = (__Xmc4500_heap_end - __Xmc4500_heap_start)
                0x20010000                Heap_Bank1_End = ABSOLUTE (__Xmc4500_heap_end)

.igot.plt       0x20000cf0        0x0 load address 0x0c007200
 .igot.plt      0x00000000        0x0 AdcRelaxKit.o

DSRAM2_Heap     0x30000000        0x0
                0x30000000                Heap_Bank2_Start = .
                0x00008000                Heap_Bank2_Size = (0x8000 - (Heap_Bank2_Start - ORIGIN (DSRAM_2_comm)))

PSRAM_Heap      0x10000000        0x0
                0x10000000                Heap_Bank3_Start = .
                0x00010000                Heap_Bank3_Size = (0x10000 - (Heap_Bank3_Start - ORIGIN (PSRAM_1)))

/DISCARD/
 *(.comment)

.stab
 *(.stab)

.stabstr
 *(.stabstr)

.debug
 *(.debug)

.line
 *(.line)

.debug_srcinfo
 *(.debug_srcinfo)

.debug_sfnames
 *(.debug_sfnames)

.debug_aranges  0x00000000      0x800
 *(.debug_aranges)
 .debug_aranges
                0x00000000       0x20 AdcRelaxKit.o
 .debug_aranges
                0x00000020       0x28 Room.o
 .debug_aranges
                0x00000048       0x30 Sensors.o
 .debug_aranges
                0x00000078       0x30 dht.o
 .debug_aranges
                0x000000a8       0x38 Startup/startup_XMC4500.o
 .debug_aranges
                0x000000e0       0x30 Startup/system_XMC4500.o
 .debug_aranges
                0x00000110       0xa0 Lib/System_LibcStubs.o
 .debug_aranges
                0x000001b0       0x80 Dave/Generated/src/UART001/UART001.o
 .debug_aranges
                0x00000230       0x18 Dave/Generated/src/UART001/UART001_Conf.o
 .debug_aranges
                0x00000248       0x88 Dave/Generated/src/SYSTM002/SYSTM002.o
 .debug_aranges
                0x000002d0       0x40 Dave/Generated/src/RESET001/RESET001.o
 .debug_aranges
                0x00000310       0x50 Dave/Generated/src/NVIC002/NVIC002.o
 .debug_aranges
                0x00000360       0x18 Dave/Generated/src/NVIC002/NVIC002_Conf.o
 .debug_aranges
                0x00000378       0x18 Dave/Generated/src/LIBS/CCU8PWMLIB.o
 .debug_aranges
                0x00000390       0x18 Dave/Generated/src/LIBS/MOTORLIB.o
 .debug_aranges
                0x000003a8       0x30 Dave/Generated/src/IO004/IO004.o
 .debug_aranges
                0x000003d8       0x18 Dave/Generated/src/IO004/IO004_Conf.o
 .debug_aranges
                0x000003f0       0x30 Dave/Generated/src/IO001/IO001.o
 .debug_aranges
                0x00000420       0x18 Dave/Generated/src/IO001/IO001_Conf.o
 .debug_aranges
                0x00000438       0x30 Dave/Generated/src/DAVESupport/DAVE3.o
 .debug_aranges
                0x00000468       0x28 Dave/Generated/src/DAVESupport/MULTIPLEXER.o
 .debug_aranges
                0x00000490       0x60 Dave/Generated/src/CLK001/CLK001.o
 .debug_aranges
                0x000004f0       0xd8 Dave/Generated/src/ADCGROUP001/ADCGroup001.o
 .debug_aranges
                0x000005c8       0x18 Dave/Generated/src/ADCGROUP001/ADCGroup001_Conf.o
 .debug_aranges
                0x000005e0       0xc8 Dave/Generated/src/ADCGLOB001/ADCGlob001.o
 .debug_aranges
                0x000006a8       0x18 Dave/Generated/src/ADCGLOB001/ADCGlob001_Conf.o
 .debug_aranges
                0x000006c0      0x128 Dave/Generated/src/ADC001/ADC001.o
 .debug_aranges
                0x000007e8       0x18 Dave/Generated/src/ADC001/ADC001_Conf.o

.debug_pubnames
 *(.debug_pubnames)

.debug_pubtypes
 *(.debug_pubtypes)

.debug_info     0x00000000     0xe1e2
 *(.debug_info .gnu.linkonce.wi.*)
 .debug_info    0x00000000      0xc07 AdcRelaxKit.o
 .debug_info    0x00000c07     0x135e Room.o
 .debug_info    0x00001f65      0x237 Sensors.o
 .debug_info    0x0000219c      0x3bd dht.o
 .debug_info    0x00002559       0x70 Startup/startup_XMC4500.o
 .debug_info    0x000025c9      0xaf0 Startup/system_XMC4500.o
 .debug_info    0x000030b9      0x65f Lib/System_LibcStubs.o
 .debug_info    0x00003718      0xfc2 Dave/Generated/src/UART001/UART001.o
 .debug_info    0x000046da      0x805 Dave/Generated/src/UART001/UART001_Conf.o
 .debug_info    0x00004edf      0xc09 Dave/Generated/src/SYSTM002/SYSTM002.o
 .debug_info    0x00005ae8      0x47c Dave/Generated/src/RESET001/RESET001.o
 .debug_info    0x00005f64      0x884 Dave/Generated/src/NVIC002/NVIC002.o
 .debug_info    0x000067e8      0x127 Dave/Generated/src/NVIC002/NVIC002_Conf.o
 .debug_info    0x0000690f       0x94 Dave/Generated/src/LIBS/CCU8PWMLIB.o
 .debug_info    0x000069a3       0x94 Dave/Generated/src/LIBS/MOTORLIB.o
 .debug_info    0x00006a37      0x39f Dave/Generated/src/IO004/IO004.o
 .debug_info    0x00006dd6      0x286 Dave/Generated/src/IO004/IO004_Conf.o
 .debug_info    0x0000705c      0x379 Dave/Generated/src/IO001/IO001.o
 .debug_info    0x000073d5      0x2aa Dave/Generated/src/IO001/IO001_Conf.o
 .debug_info    0x0000767f      0x2e9 Dave/Generated/src/DAVESupport/DAVE3.o
 .debug_info    0x00007968      0x8d1 Dave/Generated/src/DAVESupport/MULTIPLEXER.o
 .debug_info    0x00008239      0x689 Dave/Generated/src/CLK001/CLK001.o
 .debug_info    0x000088c2     0x139c Dave/Generated/src/ADCGROUP001/ADCGroup001.o
 .debug_info    0x00009c5e      0xb38 Dave/Generated/src/ADCGROUP001/ADCGroup001_Conf.o
 .debug_info    0x0000a796      0xcc0 Dave/Generated/src/ADCGLOB001/ADCGlob001.o
 .debug_info    0x0000b456      0x5b1 Dave/Generated/src/ADCGLOB001/ADCGlob001_Conf.o
 .debug_info    0x0000ba07     0x1aa5 Dave/Generated/src/ADC001/ADC001.o
 .debug_info    0x0000d4ac      0xd36 Dave/Generated/src/ADC001/ADC001_Conf.o

.debug_abbrev   0x00000000     0x2044
 *(.debug_abbrev)
 .debug_abbrev  0x00000000      0x130 AdcRelaxKit.o
 .debug_abbrev  0x00000130      0x191 Room.o
 .debug_abbrev  0x000002c1       0xd2 Sensors.o
 .debug_abbrev  0x00000393      0x10d dht.o
 .debug_abbrev  0x000004a0       0x12 Startup/startup_XMC4500.o
 .debug_abbrev  0x000004b2      0x154 Startup/system_XMC4500.o
 .debug_abbrev  0x00000606      0x149 Lib/System_LibcStubs.o
 .debug_abbrev  0x0000074f      0x203 Dave/Generated/src/UART001/UART001.o
 .debug_abbrev  0x00000952      0x12c Dave/Generated/src/UART001/UART001_Conf.o
 .debug_abbrev  0x00000a7e      0x26b Dave/Generated/src/SYSTM002/SYSTM002.o
 .debug_abbrev  0x00000ce9      0x122 Dave/Generated/src/RESET001/RESET001.o
 .debug_abbrev  0x00000e0b      0x1c1 Dave/Generated/src/NVIC002/NVIC002.o
 .debug_abbrev  0x00000fcc       0x9f Dave/Generated/src/NVIC002/NVIC002_Conf.o
 .debug_abbrev  0x0000106b       0x4e Dave/Generated/src/LIBS/CCU8PWMLIB.o
 .debug_abbrev  0x000010b9       0x4e Dave/Generated/src/LIBS/MOTORLIB.o
 .debug_abbrev  0x00001107      0x129 Dave/Generated/src/IO004/IO004.o
 .debug_abbrev  0x00001230       0xbb Dave/Generated/src/IO004/IO004_Conf.o
 .debug_abbrev  0x000012eb      0x129 Dave/Generated/src/IO001/IO001.o
 .debug_abbrev  0x00001414       0xbb Dave/Generated/src/IO001/IO001_Conf.o
 .debug_abbrev  0x000014cf       0xf3 Dave/Generated/src/DAVESupport/DAVE3.o
 .debug_abbrev  0x000015c2      0x123 Dave/Generated/src/DAVESupport/MULTIPLEXER.o
 .debug_abbrev  0x000016e5      0x186 Dave/Generated/src/CLK001/CLK001.o
 .debug_abbrev  0x0000186b      0x19c Dave/Generated/src/ADCGROUP001/ADCGroup001.o
 .debug_abbrev  0x00001a07      0x112 Dave/Generated/src/ADCGROUP001/ADCGroup001_Conf.o
 .debug_abbrev  0x00001b19      0x183 Dave/Generated/src/ADCGLOB001/ADCGlob001.o
 .debug_abbrev  0x00001c9c       0xef Dave/Generated/src/ADCGLOB001/ADCGlob001_Conf.o
 .debug_abbrev  0x00001d8b      0x1a7 Dave/Generated/src/ADC001/ADC001.o
 .debug_abbrev  0x00001f32      0x112 Dave/Generated/src/ADC001/ADC001_Conf.o

.debug_line     0x00000000     0xfc1a
 *(.debug_line)
 .debug_line    0x00000000      0xb0d AdcRelaxKit.o
 .debug_line    0x00000b0d      0xb9c Room.o
 .debug_line    0x000016a9      0xb46 Sensors.o
 .debug_line    0x000021ef      0xb67 dht.o
 .debug_line    0x00002d56      0x19d Startup/startup_XMC4500.o
 .debug_line    0x00002ef3      0x3b7 Startup/system_XMC4500.o
 .debug_line    0x000032aa      0x3c1 Lib/System_LibcStubs.o
 .debug_line    0x0000366b      0x6bd Dave/Generated/src/UART001/UART001.o
 .debug_line    0x00003d28      0x3d5 Dave/Generated/src/UART001/UART001_Conf.o
 .debug_line    0x000040fd      0x61a Dave/Generated/src/SYSTM002/SYSTM002.o
 .debug_line    0x00004717      0x41e Dave/Generated/src/RESET001/RESET001.o
 .debug_line    0x00004b35      0x433 Dave/Generated/src/NVIC002/NVIC002.o
 .debug_line    0x00004f68      0x373 Dave/Generated/src/NVIC002/NVIC002_Conf.o
 .debug_line    0x000052db      0xb37 Dave/Generated/src/LIBS/CCU8PWMLIB.o
 .debug_line    0x00005e12      0xb33 Dave/Generated/src/LIBS/MOTORLIB.o
 .debug_line    0x00006945      0xb8a Dave/Generated/src/IO004/IO004.o
 .debug_line    0x000074cf      0xafe Dave/Generated/src/IO004/IO004_Conf.o
 .debug_line    0x00007fcd      0xb5e Dave/Generated/src/IO001/IO001.o
 .debug_line    0x00008b2b      0xafe Dave/Generated/src/IO001/IO001_Conf.o
 .debug_line    0x00009629      0xa92 Dave/Generated/src/DAVESupport/DAVE3.o
 .debug_line    0x0000a0bb      0xa86 Dave/Generated/src/DAVESupport/MULTIPLEXER.o
 .debug_line    0x0000ab41      0x4af Dave/Generated/src/CLK001/CLK001.o
 .debug_line    0x0000aff0      0xde9 Dave/Generated/src/ADCGROUP001/ADCGroup001.o
 .debug_line    0x0000bdd9      0xb0a Dave/Generated/src/ADCGROUP001/ADCGroup001_Conf.o
 .debug_line    0x0000c8e3      0xd66 Dave/Generated/src/ADCGLOB001/ADCGlob001.o
 .debug_line    0x0000d649      0xb08 Dave/Generated/src/ADCGLOB001/ADCGlob001_Conf.o
 .debug_line    0x0000e151      0xfc9 Dave/Generated/src/ADC001/ADC001.o
 .debug_line    0x0000f11a      0xb00 Dave/Generated/src/ADC001/ADC001_Conf.o

.debug_frame    0x00000000     0x1428
 *(.debug_frame)
 .debug_frame   0x00000000       0x30 AdcRelaxKit.o
 .debug_frame   0x00000030       0x4c Room.o
 .debug_frame   0x0000007c       0x68 Sensors.o
 .debug_frame   0x000000e4       0x64 dht.o
 .debug_frame   0x00000148       0x6c Startup/system_XMC4500.o
 .debug_frame   0x000001b4      0x1ec Lib/System_LibcStubs.o
 .debug_frame   0x000003a0      0x190 Dave/Generated/src/UART001/UART001.o
 .debug_frame   0x00000530      0x1b4 Dave/Generated/src/SYSTM002/SYSTM002.o
 .debug_frame   0x000006e4       0x9c Dave/Generated/src/RESET001/RESET001.o
 .debug_frame   0x00000780       0xe4 Dave/Generated/src/NVIC002/NVIC002.o
 .debug_frame   0x00000864       0x64 Dave/Generated/src/IO004/IO004.o
 .debug_frame   0x000008c8       0x64 Dave/Generated/src/IO001/IO001.o
 .debug_frame   0x0000092c       0x64 Dave/Generated/src/DAVESupport/DAVE3.o
 .debug_frame   0x00000990       0x48 Dave/Generated/src/DAVESupport/MULTIPLEXER.o
 .debug_frame   0x000009d8      0x120 Dave/Generated/src/CLK001/CLK001.o
 .debug_frame   0x00000af8      0x2b0 Dave/Generated/src/ADCGROUP001/ADCGroup001.o
 .debug_frame   0x00000da8      0x27c Dave/Generated/src/ADCGLOB001/ADCGlob001.o
 .debug_frame   0x00001024      0x3d4 Dave/Generated/src/ADC001/ADC001.o
 .debug_frame   0x000013f8       0x30 c:/dave-3.1.10/arm-gcc/bin/../lib/gcc/arm-none-eabi/4.7.4/../../../../arm-none-eabi/lib/armv7e-m\libg.a(lib_a-init.o)

.debug_str      0x00000000    0x9a645
 *(.debug_str)
 .debug_str     0x00000000    0x9348d AdcRelaxKit.o
                              0x9399e (size before relaxing)
 .debug_str     0x0009348d      0x556 Room.o
                              0x93e1a (size before relaxing)
 .debug_str     0x000939e3      0x13c Sensors.o
                              0x935c8 (size before relaxing)
 .debug_str     0x00093b1f      0x1a3 dht.o
                              0x9356e (size before relaxing)
 .debug_str     0x00093cc2      0x632 Startup/system_XMC4500.o
                              0x9046a (size before relaxing)
 .debug_str     0x000942f4     0x2e29 Lib/System_LibcStubs.o
                               0x588a (size before relaxing)
 .debug_str     0x0009711d      0x7c2 Dave/Generated/src/UART001/UART001.o
                              0x915be (size before relaxing)
 .debug_str     0x000978df       0x2d Dave/Generated/src/UART001/UART001_Conf.o
                              0x90e0a (size before relaxing)
 .debug_str     0x0009790c      0xc6e Dave/Generated/src/SYSTM002/SYSTM002.o
                              0x91ae1 (size before relaxing)
 .debug_str     0x0009857a      0x225 Dave/Generated/src/RESET001/RESET001.o
                              0x907c9 (size before relaxing)
 .debug_str     0x0009879f       0xa2 Dave/Generated/src/NVIC002/NVIC002.o
                              0x908fe (size before relaxing)
 .debug_str     0x00098841       0x3d Dave/Generated/src/NVIC002/NVIC002_Conf.o
                              0x90173 (size before relaxing)
 .debug_str     0x0009887e       0x28 Dave/Generated/src/LIBS/CCU8PWMLIB.o
                              0x93359 (size before relaxing)
 .debug_str     0x000988a6       0x26 Dave/Generated/src/LIBS/MOTORLIB.o
                              0x93357 (size before relaxing)
 .debug_str     0x000988cc      0x156 Dave/Generated/src/IO004/IO004.o
                              0x93550 (size before relaxing)
 .debug_str     0x00098a22       0x29 Dave/Generated/src/IO004/IO004_Conf.o
                              0x93417 (size before relaxing)
 .debug_str     0x00098a4b      0x171 Dave/Generated/src/IO001/IO001.o
                              0x93538 (size before relaxing)
 .debug_str     0x00098bbc       0x29 Dave/Generated/src/IO001/IO001_Conf.o
                              0x93433 (size before relaxing)
 .debug_str     0x00098be5       0x68 Dave/Generated/src/DAVESupport/DAVE3.o
                              0x93427 (size before relaxing)
 .debug_str     0x00098c4d       0x66 Dave/Generated/src/DAVESupport/MULTIPLEXER.o
                              0x93607 (size before relaxing)
 .debug_str     0x00098cb3      0x1a6 Dave/Generated/src/CLK001/CLK001.o
                              0x90a52 (size before relaxing)
 .debug_str     0x00098e59      0x7e2 Dave/Generated/src/ADCGROUP001/ADCGroup001.o
                              0x940af (size before relaxing)
 .debug_str     0x0009963b      0x16d Dave/Generated/src/ADCGROUP001/ADCGroup001_Conf.o
                              0x93a2f (size before relaxing)
 .debug_str     0x000997a8      0x50e Dave/Generated/src/ADCGLOB001/ADCGlob001.o
                              0x93e9f (size before relaxing)
 .debug_str     0x00099cb6       0x4b Dave/Generated/src/ADCGLOB001/ADCGlob001_Conf.o
                              0x936e4 (size before relaxing)
 .debug_str     0x00099d01      0x6ee Dave/Generated/src/ADC001/ADC001.o
                              0x941dd (size before relaxing)
 .debug_str     0x0009a3ef      0x256 Dave/Generated/src/ADC001/ADC001_Conf.o
                              0x93b90 (size before relaxing)

.debug_loc      0x00000000     0x23de
 *(.debug_loc)
 .debug_loc     0x00000000       0x38 AdcRelaxKit.o
 .debug_loc     0x00000038       0x64 Room.o
 .debug_loc     0x0000009c       0xa8 Sensors.o
 .debug_loc     0x00000144       0x84 dht.o
 .debug_loc     0x000001c8       0xa8 Startup/system_XMC4500.o
 .debug_loc     0x00000270      0x388 Lib/System_LibcStubs.o
 .debug_loc     0x000005f8      0x2e6 Dave/Generated/src/UART001/UART001.o
 .debug_loc     0x000008de      0x2f8 Dave/Generated/src/SYSTM002/SYSTM002.o
 .debug_loc     0x00000bd6      0x118 Dave/Generated/src/RESET001/RESET001.o
 .debug_loc     0x00000cee      0x17c Dave/Generated/src/NVIC002/NVIC002.o
 .debug_loc     0x00000e6a       0x9c Dave/Generated/src/IO004/IO004.o
 .debug_loc     0x00000f06       0x9c Dave/Generated/src/IO001/IO001.o
 .debug_loc     0x00000fa2       0x90 Dave/Generated/src/DAVESupport/DAVE3.o
 .debug_loc     0x00001032       0x64 Dave/Generated/src/DAVESupport/MULTIPLEXER.o
 .debug_loc     0x00001096      0x1e0 Dave/Generated/src/CLK001/CLK001.o
 .debug_loc     0x00001276      0x534 Dave/Generated/src/ADCGROUP001/ADCGroup001.o
 .debug_loc     0x000017aa      0x4d0 Dave/Generated/src/ADCGLOB001/ADCGlob001.o
 .debug_loc     0x00001c7a      0x764 Dave/Generated/src/ADC001/ADC001.o

.debug_macinfo
 *(.debug_macinfo)

.debug_ranges   0x00000000      0x600
 *(.debug_ranges)
 .debug_ranges  0x00000000       0x10 AdcRelaxKit.o
 .debug_ranges  0x00000010       0x18 Room.o
 .debug_ranges  0x00000028       0x20 Sensors.o
 .debug_ranges  0x00000048       0x20 dht.o
 .debug_ranges  0x00000068       0x30 Startup/startup_XMC4500.o
 .debug_ranges  0x00000098       0x20 Startup/system_XMC4500.o
 .debug_ranges  0x000000b8       0x90 Lib/System_LibcStubs.o
 .debug_ranges  0x00000148       0x70 Dave/Generated/src/UART001/UART001.o
 .debug_ranges  0x000001b8       0x78 Dave/Generated/src/SYSTM002/SYSTM002.o
 .debug_ranges  0x00000230       0x30 Dave/Generated/src/RESET001/RESET001.o
 .debug_ranges  0x00000260       0x40 Dave/Generated/src/NVIC002/NVIC002.o
 .debug_ranges  0x000002a0       0x20 Dave/Generated/src/IO004/IO004.o
 .debug_ranges  0x000002c0       0x20 Dave/Generated/src/IO001/IO001.o
 .debug_ranges  0x000002e0       0x20 Dave/Generated/src/DAVESupport/DAVE3.o
 .debug_ranges  0x00000300       0x18 Dave/Generated/src/DAVESupport/MULTIPLEXER.o
 .debug_ranges  0x00000318       0x50 Dave/Generated/src/CLK001/CLK001.o
 .debug_ranges  0x00000368       0xc8 Dave/Generated/src/ADCGROUP001/ADCGroup001.o
 .debug_ranges  0x00000430       0xb8 Dave/Generated/src/ADCGLOB001/ADCGlob001.o
 .debug_ranges  0x000004e8      0x118 Dave/Generated/src/ADC001/ADC001.o

.debug_weaknames
 *(.debug_weaknames)

.debug_funcnames
 *(.debug_funcnames)

.debug_typenames
 *(.debug_typenames)

.debug_varnames
 *(.debug_varnames)

.build_attributes
                0x00000000      0x6b2
 *(.ARM.attributes)
 .ARM.attributes
                0x00000000       0x39 AdcRelaxKit.o
 .ARM.attributes
                0x00000039       0x39 Room.o
 .ARM.attributes
                0x00000072       0x39 Sensors.o
 .ARM.attributes
                0x000000ab       0x39 dht.o
 .ARM.attributes
                0x000000e4       0x27 Startup/startup_XMC4500.o
 .ARM.attributes
                0x0000010b       0x39 Startup/system_XMC4500.o
 .ARM.attributes
                0x00000144       0x39 Lib/System_LibcStubs.o
 .ARM.attributes
                0x0000017d       0x39 Dave/Generated/src/UART001/UART001.o
 .ARM.attributes
                0x000001b6       0x39 Dave/Generated/src/UART001/UART001_Conf.o
 .ARM.attributes
                0x000001ef       0x39 Dave/Generated/src/SYSTM002/SYSTM002.o
 .ARM.attributes
                0x00000228       0x39 Dave/Generated/src/RESET001/RESET001.o
 .ARM.attributes
                0x00000261       0x39 Dave/Generated/src/NVIC002/NVIC002.o
 .ARM.attributes
                0x0000029a       0x39 Dave/Generated/src/NVIC002/NVIC002_Conf.o
 .ARM.attributes
                0x000002d3       0x39 Dave/Generated/src/LIBS/CCU8PWMLIB.o
 .ARM.attributes
                0x0000030c       0x39 Dave/Generated/src/LIBS/MOTORLIB.o
 .ARM.attributes
                0x00000345       0x39 Dave/Generated/src/IO004/IO004.o
 .ARM.attributes
                0x0000037e       0x39 Dave/Generated/src/IO004/IO004_Conf.o
 .ARM.attributes
                0x000003b7       0x39 Dave/Generated/src/IO001/IO001.o
 .ARM.attributes
                0x000003f0       0x39 Dave/Generated/src/IO001/IO001_Conf.o
 .ARM.attributes
                0x00000429       0x39 Dave/Generated/src/DAVESupport/DAVE3.o
 .ARM.attributes
                0x00000462       0x39 Dave/Generated/src/DAVESupport/MULTIPLEXER.o
 .ARM.attributes
                0x0000049b       0x39 Dave/Generated/src/CLK001/CLK001.o
 .ARM.attributes
                0x000004d4       0x39 Dave/Generated/src/ADCGROUP001/ADCGroup001.o
 .ARM.attributes
                0x0000050d       0x39 Dave/Generated/src/ADCGROUP001/ADCGroup001_Conf.o
 .ARM.attributes
                0x00000546       0x39 Dave/Generated/src/ADCGLOB001/ADCGlob001.o
 .ARM.attributes
                0x0000057f       0x39 Dave/Generated/src/ADCGLOB001/ADCGlob001_Conf.o
 .ARM.attributes
                0x000005b8       0x39 Dave/Generated/src/ADC001/ADC001.o
 .ARM.attributes
                0x000005f1       0x39 Dave/Generated/src/ADC001/ADC001_Conf.o
 .ARM.attributes
                0x0000062a       0x1e c:/dave-3.1.10/arm-gcc/bin/../lib/gcc/arm-none-eabi/4.7.4/armv7e-m\libgcc.a(_arm_addsubdf3.o)
 .ARM.attributes
                0x00000648       0x1e c:/dave-3.1.10/arm-gcc/bin/../lib/gcc/arm-none-eabi/4.7.4/armv7e-m\libgcc.a(_arm_muldivdf3.o)
 .ARM.attributes
                0x00000666       0x1e c:/dave-3.1.10/arm-gcc/bin/../lib/gcc/arm-none-eabi/4.7.4/armv7e-m\libgcc.a(_arm_fixunsdfsi.o)
 .ARM.attributes
                0x00000684       0x2e c:/dave-3.1.10/arm-gcc/bin/../lib/gcc/arm-none-eabi/4.7.4/../../../../arm-none-eabi/lib/armv7e-m\libg.a(lib_a-init.o)
OUTPUT(BedRoomSlave.elf elf32-littlearm)

.debug_macro    0x00000000    0x1b721
 .debug_macro   0x00000000      0x232 AdcRelaxKit.o
 .debug_macro   0x00000232      0x814 AdcRelaxKit.o
 .debug_macro   0x00000a46       0x2d AdcRelaxKit.o
 .debug_macro   0x00000a73       0x3b AdcRelaxKit.o
 .debug_macro   0x00000aae       0x3a AdcRelaxKit.o
 .debug_macro   0x00000ae8       0x10 AdcRelaxKit.o
 .debug_macro   0x00000af8       0x2e AdcRelaxKit.o
 .debug_macro   0x00000b26       0xa3 AdcRelaxKit.o
 .debug_macro   0x00000bc9      0x20e AdcRelaxKit.o
 .debug_macro   0x00000dd7       0x2d AdcRelaxKit.o
 .debug_macro   0x00000e04       0x42 AdcRelaxKit.o
 .debug_macro   0x00000e46      0xd39 AdcRelaxKit.o
 .debug_macro   0x00001b7f       0x70 AdcRelaxKit.o
 .debug_macro   0x00001bef    0x150f5 AdcRelaxKit.o
 .debug_macro   0x00016ce4      0x16c AdcRelaxKit.o
 .debug_macro   0x00016e50       0x22 AdcRelaxKit.o
 .debug_macro   0x00016e72      0x54a AdcRelaxKit.o
 .debug_macro   0x000173bc       0x64 AdcRelaxKit.o
 .debug_macro   0x00017420       0x46 AdcRelaxKit.o
 .debug_macro   0x00017466      0x160 AdcRelaxKit.o
 .debug_macro   0x000175c6      0x130 AdcRelaxKit.o
 .debug_macro   0x000176f6       0x7f AdcRelaxKit.o
 .debug_macro   0x00017775       0xb4 AdcRelaxKit.o
 .debug_macro   0x00017829       0xb6 AdcRelaxKit.o
 .debug_macro   0x000178df       0x34 AdcRelaxKit.o
 .debug_macro   0x00017913       0x11 AdcRelaxKit.o
 .debug_macro   0x00017924       0x28 AdcRelaxKit.o
 .debug_macro   0x0001794c       0x18 AdcRelaxKit.o
 .debug_macro   0x00017964       0x2e AdcRelaxKit.o
 .debug_macro   0x00017992       0x1c AdcRelaxKit.o
 .debug_macro   0x000179ae       0x2d AdcRelaxKit.o
 .debug_macro   0x000179db       0x28 AdcRelaxKit.o
 .debug_macro   0x00017a03       0x40 AdcRelaxKit.o
 .debug_macro   0x00017a43       0x34 AdcRelaxKit.o
 .debug_macro   0x00017a77      0x249 Room.o
 .debug_macro   0x00017cc0       0x40 Room.o
 .debug_macro   0x00017d00      0x226 Sensors.o
 .debug_macro   0x00017f26       0x2e Sensors.o
 .debug_macro   0x00017f54      0x221 dht.o
 .debug_macro   0x00018175      0x17e Startup/system_XMC4500.o
 .debug_macro   0x000182f3       0x6a Startup/system_XMC4500.o
 .debug_macro   0x0001835d      0x119 Lib/System_LibcStubs.o
 .debug_macro   0x00018476       0x3a Lib/System_LibcStubs.o
 .debug_macro   0x000184b0       0x52 Lib/System_LibcStubs.o
 .debug_macro   0x00018502       0x19 Lib/System_LibcStubs.o
 .debug_macro   0x0001851b      0x16d Lib/System_LibcStubs.o
 .debug_macro   0x00018688       0x10 Lib/System_LibcStubs.o
 .debug_macro   0x00018698       0x16 Lib/System_LibcStubs.o
 .debug_macro   0x000186ae       0x89 Lib/System_LibcStubs.o
 .debug_macro   0x00018737       0x10 Lib/System_LibcStubs.o
 .debug_macro   0x00018747       0xf5 Lib/System_LibcStubs.o
 .debug_macro   0x0001883c       0x22 Lib/System_LibcStubs.o
 .debug_macro   0x0001885e       0x91 Lib/System_LibcStubs.o
 .debug_macro   0x000188ef       0x34 Lib/System_LibcStubs.o
 .debug_macro   0x00018923      0x120 Lib/System_LibcStubs.o
 .debug_macro   0x00018a43       0x16 Lib/System_LibcStubs.o
 .debug_macro   0x00018a59       0x35 Lib/System_LibcStubs.o
 .debug_macro   0x00018a8e      0x495 Lib/System_LibcStubs.o
 .debug_macro   0x00018f23      0x16e Dave/Generated/src/UART001/UART001.o
 .debug_macro   0x00019091       0xb0 Dave/Generated/src/UART001/UART001.o
 .debug_macro   0x00019141       0xfe Dave/Generated/src/UART001/UART001_Conf.o
 .debug_macro   0x0001923f      0x1c9 Dave/Generated/src/SYSTM002/SYSTM002.o
 .debug_macro   0x00019408       0xff Dave/Generated/src/RESET001/RESET001.o
 .debug_macro   0x00019507       0xd2 Dave/Generated/src/NVIC002/NVIC002.o
 .debug_macro   0x000195d9       0xd2 Dave/Generated/src/NVIC002/NVIC002_Conf.o
 .debug_macro   0x000196ab      0x21b Dave/Generated/src/LIBS/CCU8PWMLIB.o
 .debug_macro   0x000198c6      0x21b Dave/Generated/src/LIBS/MOTORLIB.o
 .debug_macro   0x00019ae1      0x217 Dave/Generated/src/IO004/IO004.o
 .debug_macro   0x00019cf8      0x217 Dave/Generated/src/IO004/IO004_Conf.o
 .debug_macro   0x00019f0f      0x217 Dave/Generated/src/IO001/IO001.o
 .debug_macro   0x0001a126      0x217 Dave/Generated/src/IO001/IO001_Conf.o
 .debug_macro   0x0001a33d      0x217 Dave/Generated/src/DAVESupport/DAVE3.o
 .debug_macro   0x0001a554      0x217 Dave/Generated/src/DAVESupport/MULTIPLEXER.o
 .debug_macro   0x0001a76b       0xee Dave/Generated/src/CLK001/CLK001.o
 .debug_macro   0x0001a859      0x2d5 Dave/Generated/src/ADCGROUP001/ADCGroup001.o
 .debug_macro   0x0001ab2e      0x217 Dave/Generated/src/ADCGROUP001/ADCGroup001_Conf.o
 .debug_macro   0x0001ad45      0x2d9 Dave/Generated/src/ADCGLOB001/ADCGlob001.o
 .debug_macro   0x0001b01e      0x217 Dave/Generated/src/ADCGLOB001/ADCGlob001_Conf.o
 .debug_macro   0x0001b235      0x2d5 Dave/Generated/src/ADC001/ADC001.o
 .debug_macro   0x0001b50a      0x217 Dave/Generated/src/ADC001/ADC001_Conf.o
