Archive member included because of file (symbol)

C:/Freescale/CW MCU v10.6/MCU/ARM_GCC_Support/ewl/lib/armv6-m\libc.a(exit.o)
                              ./Project_Settings/Startup_Code/__arm_start.o (exit)
C:/Freescale/CW MCU v10.6/MCU/ARM_GCC_Support/ewl/lib/armv6-m\libc.a(memset.o)
                              ./Project_Settings/Startup_Code/__arm_start.o (memset)
C:/Freescale/CW MCU v10.6/MCU/ARM_GCC_Support/ewl/lib/armv6-m\libc.a(__filll_mem.o)
                              C:/Freescale/CW MCU v10.6/MCU/ARM_GCC_Support/ewl/lib/armv6-m\libc.a(memset.o) (__fill_mem)
C:/Freescale/CW MCU v10.6/MCU/ARM_GCC_Support/ewl/lib/armv6-m\libc.a(memcpy.o)
                              ./Sources/CRYPTO_AES/crypto_aes.o (memcpy)
C:/Freescale/CW MCU v10.6/MCU/ARM_GCC_Support/ewl/lib/armv6-m\libc.a(printformat_.o)
                              (__pformatter_)
C:/Freescale/CW MCU v10.6/MCU/ARM_GCC_Support/ewl/lib/armv6-m\libc.a(scanformat_.o)
                              (__sformatter)
C:/Freescale/CW MCU v10.6/MCU/ARM_GCC_Support/ewl/lib/armv6-m\libc.a(ctype_aeabi.o)
                              C:/Freescale/CW MCU v10.6/MCU/ARM_GCC_Support/ewl/lib/armv6-m\libc.a(scanformat_.o) (isspace)
C:/Freescale/CW MCU v10.6/MCU/ARM_GCC_Support/ewl/lib/armv6-m\libc.a(__strtoul.o)
                              C:/Freescale/CW MCU v10.6/MCU/ARM_GCC_Support/ewl/lib/armv6-m\libc.a(scanformat_.o) (__strtoul)
C:/Freescale/CW MCU v10.6/MCU/ARM_GCC_Support/ewl/lib/armv6-m\libc.a(strchr.o)
                              C:/Freescale/CW MCU v10.6/MCU/ARM_GCC_Support/ewl/lib/armv6-m\libc.a(printformat_.o) (strchr)
C:/Freescale/CW MCU v10.6/MCU/ARM_GCC_Support/ewl/lib/armv6-m\libc.a(strlen.o)
                              C:/Freescale/CW MCU v10.6/MCU/ARM_GCC_Support/ewl/lib/armv6-m\libc.a(printformat_.o) (strlen)
C:/Freescale/CW MCU v10.6/MCU/ARM_GCC_Support/ewl/lib/armv6-m\libc.a(memchr.o)
                              C:/Freescale/CW MCU v10.6/MCU/ARM_GCC_Support/ewl/lib/armv6-m\libc.a(printformat_.o) (memchr)
C:/Freescale/CW MCU v10.6/MCU/ARM_GCC_Support/ewl/lib/armv6-m\libm.a(w_pow.o)
                              ./Sources/TSL2561.o (pow)
C:/Freescale/CW MCU v10.6/MCU/ARM_GCC_Support/ewl/lib/armv6-m\libm.a(e_pow.o)
                              C:/Freescale/CW MCU v10.6/MCU/ARM_GCC_Support/ewl/lib/armv6-m\libm.a(w_pow.o) (__ieee754_pow)
C:/Freescale/CW MCU v10.6/MCU/ARM_GCC_Support/ewl/lib/armv6-m\libm.a(scalbn.o)
                              C:/Freescale/CW MCU v10.6/MCU/ARM_GCC_Support/ewl/lib/armv6-m\libm.a(e_pow.o) (scalbn)
C:/Freescale/CW MCU v10.6/MCU/ARM_GCC_Support/ewl/lib/armv6-m\libm.a(w_sqrt.o)
                              C:/Freescale/CW MCU v10.6/MCU/ARM_GCC_Support/ewl/lib/armv6-m\libm.a(e_pow.o) (sqrt)
C:/Freescale/CW MCU v10.6/MCU/ARM_GCC_Support/ewl/lib/armv6-m\libm.a(math_api.o)
                              C:/Freescale/CW MCU v10.6/MCU/ARM_GCC_Support/ewl/lib/armv6-m\libm.a(e_pow.o) (__fpclassifyd)
C:/Freescale/CW MCU v10.6/MCU/ARM_GCC_Support/ewl/lib/armv6-m\libm.a(float.o)
                              C:/Freescale/CW MCU v10.6/MCU/ARM_GCC_Support/ewl/lib/armv6-m\libm.a(e_pow.o) (__double_nan)
C:/Freescale/CW MCU v10.6/MCU/ARM_GCC_Support/ewl/lib/armv6-m\libm.a(s_frexp.o)
                              C:/Freescale/CW MCU v10.6/MCU/ARM_GCC_Support/ewl/lib/armv6-m\libm.a(scalbn.o) (frexp)
C:/Freescale/CW MCU v10.6/MCU/ARM_GCC_Support/ewl/lib/armv6-m\libm.a(s_ldexp.o)
                              C:/Freescale/CW MCU v10.6/MCU/ARM_GCC_Support/ewl/lib/armv6-m\libm.a(scalbn.o) (ldexp)
C:/Freescale/CW MCU v10.6/MCU/ARM_GCC_Support/ewl/lib/armv6-m\libm.a(e_sqrt.o)
                              C:/Freescale/CW MCU v10.6/MCU/ARM_GCC_Support/ewl/lib/armv6-m\libm.a(w_sqrt.o) (__ieee754_sqrt)
c:/freescale/cw mcu v10.6/cross_tools/arm-none-eabi-gcc-4_7_3/bin/../lib/gcc/arm-none-eabi/4.7.3/armv6-m\libgcc.a(_thumb1_case_sqi.o)
                              C:/Freescale/CW MCU v10.6/MCU/ARM_GCC_Support/ewl/lib/armv6-m\libc.a(__strtoul.o) (__gnu_thumb1_case_sqi)
c:/freescale/cw mcu v10.6/cross_tools/arm-none-eabi-gcc-4_7_3/bin/../lib/gcc/arm-none-eabi/4.7.3/armv6-m\libgcc.a(_thumb1_case_uqi.o)
                              C:/Freescale/CW MCU v10.6/MCU/ARM_GCC_Support/ewl/lib/armv6-m\libc.a(scanformat_.o) (__gnu_thumb1_case_uqi)
c:/freescale/cw mcu v10.6/cross_tools/arm-none-eabi-gcc-4_7_3/bin/../lib/gcc/arm-none-eabi/4.7.3/armv6-m\libgcc.a(_udivsi3.o)
                              ./Sources/main.o (__aeabi_uidiv)
c:/freescale/cw mcu v10.6/cross_tools/arm-none-eabi-gcc-4_7_3/bin/../lib/gcc/arm-none-eabi/4.7.3/armv6-m\libgcc.a(_dvmd_tls.o)
                              c:/freescale/cw mcu v10.6/cross_tools/arm-none-eabi-gcc-4_7_3/bin/../lib/gcc/arm-none-eabi/4.7.3/armv6-m\libgcc.a(_udivsi3.o) (__aeabi_idiv0)
c:/freescale/cw mcu v10.6/cross_tools/arm-none-eabi-gcc-4_7_3/bin/../lib/gcc/arm-none-eabi/4.7.3/armv6-m\libgcc.a(_arm_cmpdf2.o)
[...]
Memory Configuration

Name             Origin             Length             Attributes
m_interrupts     0x00000000         0x000000c0         xr
m_text           0x00000410         0x0001fbf0         xr
m_data           0x1ffff000         0x00004000         rw
m_cfmprotrom     0x00000400         0x00000010         xr
*default*        0x00000000         0xffffffff

Linker script and memory map

LOAD ./Generated_Code/Vectors.o
LOAD ./Generated_Code/TimerIntLdd2.o
LOAD ./Generated_Code/TimerIntLdd1.o
LOAD ./Generated_Code/TU2.o
LOAD ./Generated_Code/TU1.o
LOAD ./Generated_Code/TSL2561Timer.o
LOAD ./Generated_Code/PE_LDD.o
LOAD ./Generated_Code/DHT22Timer.o
LOAD ./Generated_Code/DHT22Pin.o
LOAD ./Generated_Code/Cpu.o
LOAD ./Generated_Code/Bit1.o
LOAD ./Generated_Code/AS1.o
LOAD ./Project_Settings/Startup_Code/__arm_start.o
LOAD ./Project_Settings/Startup_Code/__arm_end.o
LOAD ./Sources/CRYPTO_AES/crypto_aes_conf.o
LOAD ./Sources/CRYPTO_AES/crypto_aes.o
LOAD ./Sources/CRYPTO_AES/aes_ofb.o
LOAD ./Sources/CRYPTO_AES/aes_ecb.o
LOAD ./Sources/CRYPTO_AES/aes_ctr.o
LOAD ./Sources/CRYPTO_AES/aes_core.o
LOAD ./Sources/CRYPTO_AES/aes_cfb.o
LOAD ./Sources/CRYPTO_AES/aes_cbc.o
LOAD ./Sources/sa_mtb.o
LOAD ./Sources/main.o
LOAD ./Sources/i2c.o
LOAD ./Sources/dht.o
LOAD ./Sources/TSL2561.o
LOAD ./Sources/Events.o
                0x00005f48                __pformatter = __pformatter_
                [0x00006370]                __sformatter = __sformatter
START GROUP
LOAD C:/Freescale/CW MCU v10.6/MCU/ARM_GCC_Support/ewl/lib/armv6-m\libc.a
LOAD C:/Freescale/CW MCU v10.6/MCU/ARM_GCC_Support/ewl/lib/armv6-m\libm.a
LOAD c:/freescale/cw mcu v10.6/cross_tools/arm-none-eabi-gcc-4_7_3/bin/../lib/gcc/arm-none-eabi/4.7.3/armv6-m\libgcc.a
LOAD C:/Freescale/CW MCU v10.6/MCU/ARM_GCC_Support/ewl/lib/armv6-m\librt.a
LOAD C:/Freescale/CW MCU v10.6/MCU/ARM_GCC_Support/ewl/lib/armv6-m\libuart.a
END GROUP
                0x20003000                _estack = 0x20003000
                0x20003000                __SP_INIT = _estack
                0x00000000                __heap_size = 0x0
                0x00000400                __stack_size = 0x400

.interrupts     0x00000000       0xc0
                0x00000000                __vector_table = .
                0x00000000                . = ALIGN (0x4)
 *(.vectortable)
 .vectortable   0x00000000       0xc0 ./Generated_Code/Vectors.o
                0x00000000                __vect_table
                0x000000c0                . = ALIGN (0x4)

.cfmprotect     0x00000400       0x10
                0x00000400                . = ALIGN (0x4)
 *(.cfmconfig)
 .cfmconfig     0x00000400       0x10 ./Generated_Code/Cpu.o
                0x00000400                _cfm
                0x00000410                . = ALIGN (0x4)

.text           0x00000410     0x9c00
                0x00000410                . = ALIGN (0x4)
 *(.text)
 .text          0x00000410       0x14 c:/freescale/cw mcu v10.6/cross_tools/arm-none-eabi-gcc-4_7_3/bin/../lib/gcc/arm-none-eabi/4.7.3/armv6-m\libgcc.a(_thumb1_case_sqi.o)
                0x00000410                __gnu_thumb1_case_sqi
 .text          0x00000424       0x14 c:/freescale/cw mcu v10.6/cross_tools/arm-none-eabi-gcc-4_7_3/bin/../lib/gcc/arm-none-eabi/4.7.3/armv6-m\libgcc.a(_thumb1_case_uqi.o)
                0x00000424                __gnu_thumb1_case_uqi
 .text          0x00000438       0x9c c:/freescale/cw mcu v10.6/cross_tools/arm-none-eabi-gcc-4_7_3/bin/../lib/gcc/arm-none-eabi/4.7.3/armv6-m\libgcc.a(_udivsi3.o)
                0x00000438                __aeabi_uidiv
                0x00000438                __udivsi3
                0x000004c0                __aeabi_uidivmod
 .text          0x000004d4        0x4 c:/freescale/cw mcu v10.6/cross_tools/arm-none-eabi-gcc-4_7_3/bin/../lib/gcc/arm-none-eabi/4.7.3/armv6-m\libgcc.a(_dvmd_tls.o)
                0x000004d4                __aeabi_idiv0
                0x000004d4                __aeabi_ldiv0
 .text          0x000004d8       0x7c c:/freescale/cw mcu v10.6/cross_tools/arm-none-eabi-gcc-4_7_3/bin/../lib/gcc/arm-none-eabi/4.7.3/armv6-m\libgcc.a(_arm_cmpdf2.o)
                0x000004d8                __aeabi_cdrcmple
                0x000004e8                __aeabi_cdcmple
                0x000004e8                __aeabi_cdcmpeq
                0x000004f8                __aeabi_dcmpeq
                0x00000504                __aeabi_dcmplt
                0x00000518                __aeabi_dcmple
                0x0000052c                __aeabi_dcmpgt
                0x00000540                __aeabi_dcmpge
 .text          0x00000554       0x74 c:/freescale/cw mcu v10.6/cross_tools/arm-none-eabi-gcc-4_7_3/bin/../lib/gcc/arm-none-eabi/4.7.3/armv6-m\libgcc.a(_arm_cmpsf2.o)
                0x00000554                __aeabi_cfrcmple
                0x0000055c                __aeabi_cfcmpeq
                0x0000055c                __aeabi_cfcmple
                0x0000056c                __aeabi_fcmpeq
                0x00000578                __aeabi_fcmplt
                0x0000058c                __aeabi_fcmple
                0x000005a0                __aeabi_fcmpgt
                0x000005b4                __aeabi_fcmpge
 .text          0x000005c8       0x30 c:/freescale/cw mcu v10.6/cross_tools/arm-none-eabi-gcc-4_7_3/bin/../lib/gcc/arm-none-eabi/4.7.3/armv6-m\libgcc.a(_fixunssfsi.o)
                0x000005c8                __fixunssfsi
                0x000005c8                __aeabi_f2uiz
 .text          0x000005f8       0x50 c:/freescale/cw mcu v10.6/cross_tools/arm-none-eabi-gcc-4_7_3/bin/../lib/gcc/arm-none-eabi/4.7.3/armv6-m\libgcc.a(eqsf2.o)
                0x000005f8                __eqsf2
                0x000005f8                __nesf2
 .text          0x00000648       0x90 c:/freescale/cw mcu v10.6/cross_tools/arm-none-eabi-gcc-4_7_3/bin/../lib/gcc/arm-none-eabi/4.7.3/armv6-m\libgcc.a(gesf2.o)
                0x00000648                __gesf2
                0x00000648                __gtsf2
 .text          0x000006d8       0x90 c:/freescale/cw mcu v10.6/cross_tools/arm-none-eabi-gcc-4_7_3/bin/../lib/gcc/arm-none-eabi/4.7.3/armv6-m\libgcc.a(lesf2.o)
                0x000006d8                __ltsf2
                0x000006d8                __lesf2
 .text          0x00000768      0x3ac c:/freescale/cw mcu v10.6/cross_tools/arm-none-eabi-gcc-4_7_3/bin/../lib/gcc/arm-none-eabi/4.7.3/armv6-m\libgcc.a(subsf3.o)
                0x00000768                __aeabi_fsub
 .text          0x00000b14       0x40 c:/freescale/cw mcu v10.6/cross_tools/arm-none-eabi-gcc-4_7_3/bin/../lib/gcc/arm-none-eabi/4.7.3/armv6-m\libgcc.a(fixsfsi.o)
                0x00000b14                __aeabi_f2iz
 .text          0x00000b54       0xa8 c:/freescale/cw mcu v10.6/cross_tools/arm-none-eabi-gcc-4_7_3/bin/../lib/gcc/arm-none-eabi/4.7.3/armv6-m\libgcc.a(floatsisf.o)
                0x00000b54                __aeabi_i2f
 .text          0x00000bfc       0xa8 c:/freescale/cw mcu v10.6/cross_tools/arm-none-eabi-gcc-4_7_3/bin/../lib/gcc/arm-none-eabi/4.7.3/armv6-m\libgcc.a(floatunsisf.o)
                0x00000bfc                __aeabi_ui2f
 .text          0x00000ca4      0x758 c:/freescale/cw mcu v10.6/cross_tools/arm-none-eabi-gcc-4_7_3/bin/../lib/gcc/arm-none-eabi/4.7.3/armv6-m\libgcc.a(adddf3.o)
                0x00000ca4                __aeabi_dadd
 .text          0x000013fc      0x5b8 c:/freescale/cw mcu v10.6/cross_tools/arm-none-eabi-gcc-4_7_3/bin/../lib/gcc/arm-none-eabi/4.7.3/armv6-m\libgcc.a(divdf3.o)
                0x000013fc                __aeabi_ddiv
 .text          0x000019b4       0x7c c:/freescale/cw mcu v10.6/cross_tools/arm-none-eabi-gcc-4_7_3/bin/../lib/gcc/arm-none-eabi/4.7.3/armv6-m\libgcc.a(eqdf2.o)
                0x000019b4                __nedf2
                0x000019b4                __eqdf2
 .text          0x00001a30       0xe8 c:/freescale/cw mcu v10.6/cross_tools/arm-none-eabi-gcc-4_7_3/bin/../lib/gcc/arm-none-eabi/4.7.3/armv6-m\libgcc.a(gedf2.o)
                0x00001a30                __gedf2
                0x00001a30                __gtdf2
 .text          0x00001b18       0xd8 c:/freescale/cw mcu v10.6/cross_tools/arm-none-eabi-gcc-4_7_3/bin/../lib/gcc/arm-none-eabi/4.7.3/armv6-m\libgcc.a(ledf2.o)
                0x00001b18                __ledf2
                0x00001b18                __ltdf2
 .text          0x00001bf0      0x4e4 c:/freescale/cw mcu v10.6/cross_tools/arm-none-eabi-gcc-4_7_3/bin/../lib/gcc/arm-none-eabi/4.7.3/armv6-m\libgcc.a(muldf3.o)
                0x00001bf0                __aeabi_dmul
 .text          0x000020d4      0x6f8 c:/freescale/cw mcu v10.6/cross_tools/arm-none-eabi-gcc-4_7_3/bin/../lib/gcc/arm-none-eabi/4.7.3/armv6-m\libgcc.a(subdf3.o)
                0x000020d4                __aeabi_dsub
 .text          0x000027cc       0x74 c:/freescale/cw mcu v10.6/cross_tools/arm-none-eabi-gcc-4_7_3/bin/../lib/gcc/arm-none-eabi/4.7.3/armv6-m\libgcc.a(floatsidf.o)
                0x000027cc                __aeabi_i2d
 .text          0x00002840       0xa8 c:/freescale/cw mcu v10.6/cross_tools/arm-none-eabi-gcc-4_7_3/bin/../lib/gcc/arm-none-eabi/4.7.3/armv6-m\libgcc.a(extendsfdf2.o)
                0x00002840                __aeabi_f2d
 .text          0x000028e8      0x134 c:/freescale/cw mcu v10.6/cross_tools/arm-none-eabi-gcc-4_7_3/bin/../lib/gcc/arm-none-eabi/4.7.3/armv6-m\libgcc.a(truncdfsf2.o)
                0x000028e8                __aeabi_d2f
 .text          0x00002a1c       0x3c c:/freescale/cw mcu v10.6/cross_tools/arm-none-eabi-gcc-4_7_3/bin/../lib/gcc/arm-none-eabi/4.7.3/armv6-m\libgcc.a(_clzsi2.o)
                0x00002a1c                __clzsi2
 *(.text*)
 .text.TimerIntLdd2_Init
                0x00002a58       0x50 ./Generated_Code/TimerIntLdd2.o
                0x00002a58                TimerIntLdd2_Init
 .text.TimerIntLdd2_Enable
                0x00002aa8       0x30 ./Generated_Code/TimerIntLdd2.o
                0x00002aa8                TimerIntLdd2_Enable
 .text.TimerIntLdd2_Disable
                0x00002ad8       0x30 ./Generated_Code/TimerIntLdd2.o
                0x00002ad8                TimerIntLdd2_Disable
 .text.TimerIntLdd2_SetEventMask
                0x00002b08       0x40 ./Generated_Code/TimerIntLdd2.o
                0x00002b08                TimerIntLdd2_SetEventMask
 .text.TU2_OnCounterRestart
                0x00002b48       0x24 ./Generated_Code/TimerIntLdd2.o
                0x00002b48                TU2_OnCounterRestart
 .text.TimerIntLdd1_Init
                0x00002b6c       0x50 ./Generated_Code/TimerIntLdd1.o
                0x00002b6c                TimerIntLdd1_Init
 .text.TimerIntLdd1_Enable
                0x00002bbc       0x30 ./Generated_Code/TimerIntLdd1.o
                0x00002bbc                TimerIntLdd1_Enable
 .text.TimerIntLdd1_Disable
                0x00002bec       0x30 ./Generated_Code/TimerIntLdd1.o
                0x00002bec                TimerIntLdd1_Disable
 .text.TU1_OnCounterRestart
                0x00002c1c       0x24 ./Generated_Code/TimerIntLdd1.o
                0x00002c1c                TU1_OnCounterRestart
 .text.TU2_Init
                0x00002c40       0xe0 ./Generated_Code/TU2.o
                0x00002c40                TU2_Init
 .text.TU2_Enable
                0x00002d20       0x2c ./Generated_Code/TU2.o
                0x00002d20                TU2_Enable
 .text.TU2_Disable
                0x00002d4c       0x30 ./Generated_Code/TU2.o
                0x00002d4c                TU2_Disable
 .text.TU2_SetEventMask
                0x00002d7c       0x74 ./Generated_Code/TU2.o
                0x00002d7c                TU2_SetEventMask
 .text.TU2_Interrupt
                0x00002df0       0x44 ./Generated_Code/TU2.o
                0x00002df0                TU2_Interrupt
 .text.TU1_Init
                0x00002e34       0xdc ./Generated_Code/TU1.o
                0x00002e34                TU1_Init
 .text.TU1_Enable
                0x00002f10       0x2c ./Generated_Code/TU1.o
                0x00002f10                TU1_Enable
 .text.TU1_Disable
                0x00002f3c       0x30 ./Generated_Code/TU1.o
                0x00002f3c                TU1_Disable
 .text.TU1_Interrupt
                0x00002f6c       0x44 ./Generated_Code/TU1.o
                0x00002f6c                TU1_Interrupt
 .text.TimerIntLdd2_OnInterrupt
                0x00002fb0       0x14 ./Generated_Code/TSL2561Timer.o
                0x00002fb0                TimerIntLdd2_OnInterrupt
 .text.TimerIntLdd1_OnInterrupt
                0x00002fc4       0x14 ./Generated_Code/DHT22Timer.o
                0x00002fc4                TimerIntLdd1_OnInterrupt
 .text.DHT22Pin_Init
                0x00002fd8       0x68 ./Generated_Code/DHT22Pin.o
                0x00002fd8                DHT22Pin_Init
 .text.DHT22Pin_SetInput
                0x00003040       0x24 ./Generated_Code/DHT22Pin.o
                0x00003040                DHT22Pin_SetInput
 .text.DHT22Pin_SetOutput
                0x00003064       0x20 ./Generated_Code/DHT22Pin.o
                0x00003064                DHT22Pin_SetOutput
 .text.DHT22Pin_GetVal
                0x00003084       0x44 ./Generated_Code/DHT22Pin.o
                0x00003084                DHT22Pin_GetVal
 .text.DHT22Pin_ClrVal
                0x000030c8       0x1c ./Generated_Code/DHT22Pin.o
                0x000030c8                DHT22Pin_ClrVal
 .text.DHT22Pin_SetVal
                0x000030e4       0x1c ./Generated_Code/DHT22Pin.o
                0x000030e4                DHT22Pin_SetVal
 .text.Cpu_ivINT_PIT
                0x00003100       0x10 ./Generated_Code/Cpu.o
                0x00003100                Cpu_ivINT_PIT
 .text.Cpu_INT_NMIInterrupt
                0x00003110        0xc ./Generated_Code/Cpu.o
                0x00003110                Cpu_INT_NMIInterrupt
 .text.Cpu_Interrupt
                0x0000311c        0xc ./Generated_Code/Cpu.o
                0x0000311c                Cpu_Interrupt
 .text.__init_hardware
                0x00003128      0x110 ./Generated_Code/Cpu.o
                0x00003128                __init_hardware
 .text.PE_low_level_init
                0x00003238      0x134 ./Generated_Code/Cpu.o
                0x00003238                PE_low_level_init
 .text.Bit1_Init
                0x0000336c       0x60 ./Generated_Code/Bit1.o
                0x0000336c                Bit1_Init
 .text.AS1_Init
                0x000033cc      0x1b0 ./Generated_Code/AS1.o
                0x000033cc                AS1_Init
 .text.InterruptRx
                0x0000357c       0x58 ./Generated_Code/AS1.o
 .text.InterruptTx
                0x000035d4       0x80 ./Generated_Code/AS1.o
 .text.AS1_Interrupt
                0x00003654       0x60 ./Generated_Code/AS1.o
                0x00003654                AS1_Interrupt
 .text.zero_fill_bss
                0x000036b4       0x24 ./Project_Settings/Startup_Code/__arm_start.o
 .text.__thumb_startup
                0x000036d8       0x30 ./Project_Settings/Startup_Code/__arm_start.o
                0x000036d8                __thumb_startup
 .text._ExitProcess
                0x00003708        0xc ./Project_Settings/Startup_Code/__arm_end.o
                0x00003708                _ExitProcess
 .text.CRYPTO_AES_Reset
                0x00003714       0x30 ./Sources/CRYPTO_AES/crypto_aes.o
                0x00003714                CRYPTO_AES_Reset
 .text.CRYPTO_AES_Init
                0x00003744       0x4c ./Sources/CRYPTO_AES/crypto_aes.o
                0x00003744                CRYPTO_AES_Init
 .text.CRYPTO_AES_SetKey
                0x00003790       0xa8 ./Sources/CRYPTO_AES/crypto_aes.o
                0x00003790                CRYPTO_AES_SetKey
 .text.CRYPTO_AES_Encrypt
                0x00003838      0x110 ./Sources/CRYPTO_AES/crypto_aes.o
                0x00003838                CRYPTO_AES_Encrypt
 .text.AES_ofb128_encrypt
                0x00003948       0x78 ./Sources/CRYPTO_AES/aes_ofb.o
                0x00003948                AES_ofb128_encrypt
 .text.AES_ecb_encrypt
                0x000039c0       0x3c ./Sources/CRYPTO_AES/aes_ecb.o
                0x000039c0                AES_ecb_encrypt
 .text.AES_ctr128_inc
                0x000039fc      0x194 ./Sources/CRYPTO_AES/aes_ctr.o
 .text.AES_ctr128_encrypt
                0x00003b90       0x80 ./Sources/CRYPTO_AES/aes_ctr.o
                0x00003b90                AES_ctr128_encrypt
 .text.AES_set_encrypt_key
                0x00003c10      0x4e4 ./Sources/CRYPTO_AES/aes_core.o
                0x00003c10                AES_set_encrypt_key
 .text.AES_set_decrypt_key
                0x000040f4      0x328 ./Sources/CRYPTO_AES/aes_core.o
                0x000040f4                AES_set_decrypt_key
 .text.AES_encrypt
                0x0000441c      0x528 ./Sources/CRYPTO_AES/aes_core.o
                0x0000441c                AES_encrypt
 .text.AES_decrypt
                0x00004944      0x4cc ./Sources/CRYPTO_AES/aes_core.o
                0x00004944                AES_decrypt
 .text.AES_cfb128_encrypt
                0x00004e10       0xfc ./Sources/CRYPTO_AES/aes_cfb.o
                0x00004e10                AES_cfb128_encrypt
 .text.AES_cbc_encrypt
                0x00004f0c      0x2d8 ./Sources/CRYPTO_AES/aes_cbc.o
                0x00004f0c                AES_cbc_encrypt
 .text.main     0x000051e4      0x130 ./Sources/main.o
                0x000051e4                main
 .text.init_I2C
                0x00005314       0x54 ./Sources/i2c.o
                0x00005314                init_I2C
 .text.IIC_StartTransmission
                0x00005368       0x7c ./Sources/i2c.o
                0x00005368                IIC_StartTransmission
 .text.Pause    0x000053e4       0x20 ./Sources/i2c.o
                0x000053e4                Pause
 .text.I2CReadRegister
                0x00005404      0x11c ./Sources/i2c.o
                0x00005404                I2CReadRegister
 .text.I2CWriteRegister
                0x00005520       0xbc ./Sources/i2c.o
                0x00005520                I2CWriteRegister
 .text.DHT22Timer_10usEvent
                0x000055dc      0x194 ./Sources/dht.o
                0x000055dc                DHT22Timer_10usEvent
 .text.DHT_Read
                0x00005770       0x48 ./Sources/dht.o
                0x00005770                DHT_Read
 .text.TSL_Enable
                0x000057b8       0x28 ./Sources/TSL2561.o
 .text.TSL_Disable
                0x000057e0       0x28 ./Sources/TSL2561.o
 .text.TSL2561Timer_500msEvent
                0x00005808       0x54 ./Sources/TSL2561.o
                0x00005808                TSL2561Timer_500msEvent
 .text.TSL_ReadRegister
                0x0000585c       0x28 ./Sources/TSL2561.o
                0x0000585c                TSL_ReadRegister
 .text.TSL_WriteRegister
                0x00005884       0x30 ./Sources/TSL2561.o
                0x00005884                TSL_WriteRegister
 *fill*         0x000058b4        0x4 00
 .text.TSL_ReadLightIntensity
                0x000058b8      0x3c0 ./Sources/TSL2561.o
                0x000058b8                TSL_ReadLightIntensity
 .text.TSL_Start
                0x00005c78       0x20 ./Sources/TSL2561.o
                0x00005c78                TSL_Start
 .text.Cpu_OnNMIINT
                0x00005c98        0x8 ./Sources/Events.o
                0x00005c98                Cpu_OnNMIINT
 .text.DHT22Timer_OnInterrupt
                0x00005ca0        0xc ./Sources/Events.o
                0x00005ca0                DHT22Timer_OnInterrupt
 .text.TSL2561Timer_OnInterrupt
                0x00005cac        0xc ./Sources/Events.o
                0x00005cac                TSL2561Timer_OnInterrupt
 .text.AS1_OnBlockReceived
                0x00005cb8       0x10 ./Sources/Events.o
                0x00005cb8                AS1_OnBlockReceived
 .text.AS1_OnBlockSent
                0x00005cc8       0x10 ./Sources/Events.o
                0x00005cc8                AS1_OnBlockSent
 .text.exit     0x00005cd8       0x38 C:/Freescale/CW MCU v10.6/MCU/ARM_GCC_Support/ewl/lib/armv6-m\libc.a(exit.o)
                0x00005cd8                exit
 .text.memset   0x00005d10        0xc C:/Freescale/CW MCU v10.6/MCU/ARM_GCC_Support/ewl/lib/armv6-m\libc.a(memset.o)
                0x00005d10                memset
 .text.__fill_mem
                0x00005d1c       0x7e C:/Freescale/CW MCU v10.6/MCU/ARM_GCC_Support/ewl/lib/armv6-m\libc.a(__filll_mem.o)
                0x00005d1c                __fill_mem
 .text.memcpy   0x00005d9a       0x12 C:/Freescale/CW MCU v10.6/MCU/ARM_GCC_Support/ewl/lib/armv6-m\libc.a(memcpy.o)
                0x00005d9a                memcpy
 .text.long2str.isra.0
                0x00005dac      0x19c C:/Freescale/CW MCU v10.6/MCU/ARM_GCC_Support/ewl/lib/armv6-m\libc.a(printformat_.o)
 .text.__pformatter_
                0x00005f48      0x428 C:/Freescale/CW MCU v10.6/MCU/ARM_GCC_Support/ewl/lib/armv6-m\libc.a(printformat_.o)
                0x00005f48                __pformatter_
 .text.__sformatter
                0x00006370      0x698 C:/Freescale/CW MCU v10.6/MCU/ARM_GCC_Support/ewl/lib/armv6-m\libc.a(scanformat_.o)
                0x00006370                __sformatter
 .text.isalpha  0x00006a08       0x20 C:/Freescale/CW MCU v10.6/MCU/ARM_GCC_Support/ewl/lib/armv6-m\libc.a(ctype_aeabi.o)
                0x00006a08                isalpha
 .text.isspace  0x00006a28       0x20 C:/Freescale/CW MCU v10.6/MCU/ARM_GCC_Support/ewl/lib/armv6-m\libc.a(ctype_aeabi.o)
                0x00006a28                isspace
 .text.toupper  0x00006a48        0xe C:/Freescale/CW MCU v10.6/MCU/ARM_GCC_Support/ewl/lib/armv6-m\libc.a(ctype_aeabi.o)
                0x00006a48                toupper
 .text.__strtoul
                0x00006a56      0x1ce C:/Freescale/CW MCU v10.6/MCU/ARM_GCC_Support/ewl/lib/armv6-m\libc.a(__strtoul.o)
                0x00006a56                __strtoul
 .text.strchr   0x00006c24       0x1e C:/Freescale/CW MCU v10.6/MCU/ARM_GCC_Support/ewl/lib/armv6-m\libc.a(strchr.o)
                0x00006c24                strchr
 .text.strlen   0x00006c42       0x10 C:/Freescale/CW MCU v10.6/MCU/ARM_GCC_Support/ewl/lib/armv6-m\libc.a(strlen.o)
                0x00006c42                strlen
 .text.memchr   0x00006c52       0x1a C:/Freescale/CW MCU v10.6/MCU/ARM_GCC_Support/ewl/lib/armv6-m\libc.a(memchr.o)
                0x00006c52                memchr
 .text.pow      0x00006c6c        0x8 C:/Freescale/CW MCU v10.6/MCU/ARM_GCC_Support/ewl/lib/armv6-m\libm.a(w_pow.o)
                0x00006c6c                pow
 *fill*         0x00006c74        0x4 00
 .text.__ieee754_pow
                0x00006c78      0xb70 C:/Freescale/CW MCU v10.6/MCU/ARM_GCC_Support/ewl/lib/armv6-m\libm.a(e_pow.o)
                0x00006c78                __ieee754_pow
 .text.scalbn   0x000077e8       0x14 C:/Freescale/CW MCU v10.6/MCU/ARM_GCC_Support/ewl/lib/armv6-m\libm.a(scalbn.o)
                0x000077e8                scalbn
 .text.sqrt     0x000077fc        0x8 C:/Freescale/CW MCU v10.6/MCU/ARM_GCC_Support/ewl/lib/armv6-m\libm.a(w_sqrt.o)
                0x000077fc                sqrt
 .text.__fpclassifyd
                0x00007804       0x38 C:/Freescale/CW MCU v10.6/MCU/ARM_GCC_Support/ewl/lib/armv6-m\libm.a(math_api.o)
                0x00007804                __fpclassifyd
 *fill*         0x0000783c        0x4 00
 .text.frexp    0x00007840       0x80 C:/Freescale/CW MCU v10.6/MCU/ARM_GCC_Support/ewl/lib/armv6-m\libm.a(s_frexp.o)
                0x00007840                frexp
 .text.ldexp    0x000078c0      0x148 C:/Freescale/CW MCU v10.6/MCU/ARM_GCC_Support/ewl/lib/armv6-m\libm.a(s_ldexp.o)
                0x000078c0                ldexp
 .text.__ieee754_sqrt
                0x00007a08      0x17c C:/Freescale/CW MCU v10.6/MCU/ARM_GCC_Support/ewl/lib/armv6-m\libm.a(e_sqrt.o)
                0x00007a08                __ieee754_sqrt
 .text.__init_cpp
                0x00007b84       0x48 C:/Freescale/CW MCU v10.6/MCU/ARM_GCC_Support/ewl/lib/armv6-m\librt.a(gcc_ctor_dtor.o)
                0x00007b84                __init_cpp
 .text.__fini_cpp
                0x00007bcc       0x34 C:/Freescale/CW MCU v10.6/MCU/ARM_GCC_Support/ewl/lib/armv6-m\librt.a(gcc_ctor_dtor.o)
                0x00007bcc                __fini_cpp
 .text.__destroy_global_chain
                0x00007c00       0x1c C:/Freescale/CW MCU v10.6/MCU/ARM_GCC_Support/ewl/lib/armv6-m\librt.a(__arm_eabi_init.o)
                0x00007c00                __destroy_global_chain
 .text.__init_registers
                0x00007c1c       0x1c C:/Freescale/CW MCU v10.6/MCU/ARM_GCC_Support/ewl/lib/armv6-m\librt.a(__arm_eabi_init.o)
                0x00007c1c                __init_registers
 .text.__init_user
                0x00007c38        0x4 C:/Freescale/CW MCU v10.6/MCU/ARM_GCC_Support/ewl/lib/armv6-m\librt.a(__arm_eabi_init.o)
                0x00007c38                __init_user
 .text.__copy_rom_section
                0x00007c3c       0x48 C:/Freescale/CW MCU v10.6/MCU/ARM_GCC_Support/ewl/lib/armv6-m\librt.a(ROMCopy.o)
                0x00007c3c                __copy_rom_section
 .text.__copy_rom_sections_to_ram
                0x00007c84       0x34 C:/Freescale/CW MCU v10.6/MCU/ARM_GCC_Support/ewl/lib/armv6-m\librt.a(ROMCopy.o)
                0x00007c84                __copy_rom_sections_to_ram
 *(.rodata)
 .rodata        0x00007cb8       0x40 c:/freescale/cw mcu v10.6/cross_tools/arm-none-eabi-gcc-4_7_3/bin/../lib/gcc/arm-none-eabi/4.7.3/armv6-m\libgcc.a(divdf3.o)
 .rodata        0x00007cf8       0x40 c:/freescale/cw mcu v10.6/cross_tools/arm-none-eabi-gcc-4_7_3/bin/../lib/gcc/arm-none-eabi/4.7.3/armv6-m\libgcc.a(muldf3.o)
 *(.rodata*)
 .rodata.crypto_aes_init_vector
                0x00007d38        0x4 ./Sources/CRYPTO_AES/crypto_aes_conf.o
                0x00007d38                crypto_aes_init_vector
 .rodata.crypto_aes_encryption_key
                0x00007d3c       0x24 ./Sources/CRYPTO_AES/crypto_aes_conf.o
                0x00007d3c                crypto_aes_encryption_key
 .rodata.CRYPTO_AES_Encrypt
                0x00007d60       0x14 ./Sources/CRYPTO_AES/crypto_aes.o
 .rodata.Te0    0x00007d74      0x400 ./Sources/CRYPTO_AES/aes_core.o
 .rodata.Te1    0x00008174      0x400 ./Sources/CRYPTO_AES/aes_core.o
 .rodata.Te2    0x00008574      0x400 ./Sources/CRYPTO_AES/aes_core.o
 .rodata.Te3    0x00008974      0x400 ./Sources/CRYPTO_AES/aes_core.o
 .rodata.Td0    0x00008d74      0x400 ./Sources/CRYPTO_AES/aes_core.o
 .rodata.Td1    0x00009174      0x400 ./Sources/CRYPTO_AES/aes_core.o
 .rodata.Td2    0x00009574      0x400 ./Sources/CRYPTO_AES/aes_core.o
 .rodata.Td3    0x00009974      0x400 ./Sources/CRYPTO_AES/aes_core.o
 .rodata.Td4    0x00009d74      0x100 ./Sources/CRYPTO_AES/aes_core.o
 .rodata.rcon   0x00009e74       0x28 ./Sources/CRYPTO_AES/aes_core.o
 .rodata.key    0x00009e9c       0x14 ./Sources/main.o
                0x00009e9c                key
 .rodata.DHT22Timer_10usEvent
                0x00009eb0       0x20 ./Sources/dht.o
 .rodata.str1.1
                0x00009ed0        0x1 C:/Freescale/CW MCU v10.6/MCU/ARM_GCC_Support/ewl/lib/armv6-m\libc.a(printformat_.o)
 .rodata.CSWTCH.20
                0x00009ed1        0x5 C:/Freescale/CW MCU v10.6/MCU/ARM_GCC_Support/ewl/lib/armv6-m\libc.a(printformat_.o)
 .rodata.CSWTCH.21
                0x00009ed6        0x5 C:/Freescale/CW MCU v10.6/MCU/ARM_GCC_Support/ewl/lib/armv6-m\libc.a(printformat_.o)
 .rodata.__aeabi_ctype_table_C
                0x00009edb      0x101 C:/Freescale/CW MCU v10.6/MCU/ARM_GCC_Support/ewl/lib/armv6-m\libc.a(ctype_aeabi.o)
                0x00009edb                __aeabi_ctype_table_C
 *fill*         0x00009fdc        0x4 00
 .rodata.dp_h   0x00009fe0       0x10 C:/Freescale/CW MCU v10.6/MCU/ARM_GCC_Support/ewl/lib/armv6-m\libm.a(e_pow.o)
 .rodata.dp_l   0x00009ff0       0x10 C:/Freescale/CW MCU v10.6/MCU/ARM_GCC_Support/ewl/lib/armv6-m\libm.a(e_pow.o)
 .rodata.bp     0x0000a000       0x10 C:/Freescale/CW MCU v10.6/MCU/ARM_GCC_Support/ewl/lib/armv6-m\libm.a(e_pow.o)
 *(.glue_7)
 .glue_7        0x00000000        0x0 linker stubs
 *(.glue_7t)
 .glue_7t       0x00000000        0x0 linker stubs
 *(.eh_frame)
 *(.init)
 *(.fini)
                0x0000a010                . = ALIGN (0x4)
                0x0000a010                _etext = .

.vfp11_veneer   0x0000a010        0x0
 .vfp11_veneer  0x00000000        0x0 linker stubs

.v4_bx          0x0000a010        0x0
 .v4_bx         0x00000000        0x0 linker stubs

.iplt           0x0000a010        0x0
 .iplt          0x00000000        0x0 ./Generated_Code/Vectors.o

.rel.dyn        0x0000a010        0x0
 .rel.iplt      0x00000000        0x0 ./Generated_Code/Vectors.o

.ARM.extab
 *(.ARM.extab* .gnu.linkonce.armextab.*)

.ARM            0x0000a010        0x0
                0x0000a010                __exidx_start = .
 *(.ARM.exidx*)
                0x0000a010                __exidx_end = .

.ctors          0x0000a010        0x0
                0x0000a010                __CTOR_LIST__ = .
 *crtbegin.o(.ctors)
 *(EXCLUDE_FILE(*crtend.o) .ctors)
 *(SORT(.ctors.*))
 *(.ctors)
                0x0000a010                __CTOR_END__ = .

.dtors          0x0000a010        0x0
                0x0000a010                __DTOR_LIST__ = .
 *crtbegin.o(.dtors)
 *(EXCLUDE_FILE(*crtend.o) .dtors)
 *(SORT(.dtors.*))
 *(.dtors)
                0x0000a010                __DTOR_END__ = .

.preinit_array  0x0000a010        0x0
                0x0000a010                PROVIDE (__preinit_array_start, .)
 *(.preinit_array*)
                0x0000a010                PROVIDE (__preinit_array_end, .)

.init_array     0x0000a010        0x0
                0x0000a010                PROVIDE (__init_array_start, .)
 *(SORT(.init_array.*))
 *(.init_array*)
                0x0000a010                PROVIDE (__init_array_end, .)

.fini_array     0x0000a010        0x0
                0x0000a010                PROVIDE (__fini_array_start, .)
 *(SORT(.fini_array.*))
 *(.fini_array*)
                0x0000a010                PROVIDE (__fini_array_end, .)
                0x0000a010                ___ROM_AT = .

.mtb            0x1ffff000        0x0
                0x1ffff000                . = ALIGN (0x8)
                0x1ffff000                _mtb_start = .
 *(.mtb_buf)
                0x1ffff000                . = ALIGN (0x8)
                0x1ffff000                _mtb_end = .

.data           0x1ffff000      0x114 load address 0x0000a010
                0x1ffff000                . = ALIGN (0x4)
                0x1ffff000                _sdata = .
 *(.data)
 *(.data*)
 .data.CRYPTO_AES_0
                0x1ffff000      0x10c ./Sources/CRYPTO_AES/crypto_aes_conf.o
                0x1ffff000                CRYPTO_AES_0
 .data.__double_nan
                0x1ffff10c        0x8 C:/Freescale/CW MCU v10.6/MCU/ARM_GCC_Support/ewl/lib/armv6-m\libm.a(float.o)
                0x1ffff10c                __double_nan
                0x1ffff114                . = ALIGN (0x4)
                0x1ffff114                _edata = .
                0x00000114                ___data_size = (_edata - _sdata)

.igot.plt       0x1ffff114        0x0 load address 0x0000a124
 .igot.plt      0x00000000        0x0 ./Generated_Code/Vectors.o
                0x1ffff114                . = ALIGN (0x4)

.bss            0x1ffff114       0xe0 load address 0x0000a124
                0x1ffff114                __START_BSS = .
                0x1ffff114                PROVIDE (__bss_start__, __START_BSS)
 *(.bss)
 *(.bss*)
 .bss.DeviceDataPrv__DEFAULT_RTOS_ALLOC
                0x1ffff114        0xc ./Generated_Code/TimerIntLdd2.o
 .bss.DeviceDataPrv__DEFAULT_RTOS_ALLOC
                0x1ffff120        0xc ./Generated_Code/TimerIntLdd1.o
 .bss.DeviceDataPrv__DEFAULT_RTOS_ALLOC
                0x1ffff12c        0x8 ./Generated_Code/TU2.o
 .bss.INT_PIT__DEFAULT_RTOS_ISRPARAM
                0x1ffff134        0x4 ./Generated_Code/TU2.o
 .bss.DeviceDataPrv__DEFAULT_RTOS_ALLOC
                0x1ffff138        0x8 ./Generated_Code/TU1.o
 .bss.INT_PIT__DEFAULT_RTOS_ISRPARAM
                0x1ffff140        0x4 ./Generated_Code/TU1.o
 .bss.PE_LDD_DeviceDataList
                0x1ffff144       0x1c ./Generated_Code/PE_LDD.o
                0x1ffff144                PE_LDD_DeviceDataList
 .bss.DeviceDataPrv__DEFAULT_RTOS_ALLOC
                0x1ffff160        0x4 ./Generated_Code/DHT22Pin.o
 .bss.DeviceDataPrv__DEFAULT_RTOS_ALLOC
                0x1ffff164        0x4 ./Generated_Code/Bit1.o
 .bss.DeviceDataPrv__DEFAULT_RTOS_ALLOC
                0x1ffff168       0x18 ./Generated_Code/AS1.o
 .bss.INT_UART0__DEFAULT_RTOS_ISRPARAM
                0x1ffff180        0x4 ./Generated_Code/AS1.o
 .bss.argv      0x1ffff184        0x4 ./Project_Settings/Startup_Code/__arm_start.o
 .bss.DhtPinHandler
                0x1ffff188        0x4 ./Sources/dht.o
                0x1ffff188                DhtPinHandler
 .bss.eDhtState
                0x1ffff18c        0x1 ./Sources/dht.o
                0x1ffff18c                eDhtState
 .bss.u8NumberOfRecvBits
                0x1ffff18d        0x1 ./Sources/dht.o
                0x1ffff18d                u8NumberOfRecvBits
 .bss.u8NumberOfTimerInterrupts
                0x1ffff18e        0x1 ./Sources/dht.o
                0x1ffff18e                u8NumberOfTimerInterrupts
 *fill*         0x1ffff18f        0x1 00
 .bss.u16Humidity
                0x1ffff190        0x2 ./Sources/dht.o
                0x1ffff190                u16Humidity
 .bss.u16Temperature
                0x1ffff192        0x2 ./Sources/dht.o
                0x1ffff192                u16Temperature
 .bss.u16Aux    0x1ffff194        0x2 ./Sources/dht.o
                0x1ffff194                u16Aux
 .bss.TslSensorState
                0x1ffff196        0x1 ./Sources/TSL2561.o
                0x1ffff196                TslSensorState
 .bss.sensorRead
                0x1ffff197        0x1 ./Sources/TSL2561.o
                0x1ffff197                sensorRead
 .bss.__stdio_exit
                0x1ffff198        0x4 C:/Freescale/CW MCU v10.6/MCU/ARM_GCC_Support/ewl/lib/armv6-m\libc.a(exit.o)
                0x1ffff198                __stdio_exit
 .bss.__console_exit
                0x1ffff19c        0x4 C:/Freescale/CW MCU v10.6/MCU/ARM_GCC_Support/ewl/lib/armv6-m\libc.a(exit.o)
                0x1ffff19c                __console_exit
 .bss.__global_destructor_chain
                0x1ffff1a0        0x4 C:/Freescale/CW MCU v10.6/MCU/ARM_GCC_Support/ewl/lib/armv6-m\librt.a(__arm_eabi_init.o)
                0x1ffff1a0                __global_destructor_chain
 .bss.__S_romp  0x1ffff1a4        0xc C:/Freescale/CW MCU v10.6/MCU/ARM_GCC_Support/ewl/lib/armv6-m\librt.a(ROMCopy.o)
 *(COMMON)
 COMMON         0x1ffff1b0       0x24 ./Sources/main.o
                0x1ffff1b0                OutData
                0x1ffff1c0                encryptedData
                0x1ffff1d0                bit1Ptr
 COMMON         0x1ffff1d4       0x18 ./Sources/i2c.o
                0x1ffff1d4                SlaveID
                0x1ffff1d5                MasterTransmission
                0x1ffff1d8                result
 COMMON         0x1ffff1ec        0x4 ./Sources/TSL2561.o
                0x1ffff1ec                fLightIntensity
 COMMON         0x1ffff1f0        0x4 C:/Freescale/CW MCU v10.6/MCU/ARM_GCC_Support/ewl/lib/armv6-m\libc.a(errno.o)
                0x1ffff1f0                errno
                0x1ffff1f4                . = ALIGN (0x4)
                0x1ffff1f4                __END_BSS = .
                0x1ffff1f4                PROVIDE (__bss_end__, __END_BSS)
                0x0000a124                _romp_at = (___ROM_AT + SIZEOF (.data))

.romp           0x1ffff1f4       0x18 load address 0x0000a124
                0x0000a124                __S_romp = _romp_at
                0x1ffff1f4        0x4 LONG 0xa010 ___ROM_AT
                0x1ffff1f8        0x4 LONG 0x1ffff000 _sdata
                0x1ffff1fc        0x4 LONG 0x114 ___data_size
                0x1ffff200        0x4 LONG 0x0
                0x1ffff204        0x4 LONG 0x0
                0x1ffff208        0x4 LONG 0x0

._user_heap_stack
                0x1ffff20c      0x400 load address 0x0000a13c
                0x1ffff20c                . = ALIGN (0x4)
                0x1ffff20c                PROVIDE (end, .)
                0x1ffff20c                PROVIDE (_end, .)
                0x1ffff20c                __heap_addr = .
                0x1ffff20c                . = (. + __heap_size)
                0x1ffff60c                . = (. + __stack_size)
 *fill*         0x1ffff20c      0x400 00
                0x1ffff60c                . = ALIGN (0x4)

.ARM.attributes
                0x00000000       0x31
 *(.ARM.attributes)
 .ARM.attributes
                0x00000000       0x31 ./Generated_Code/Vectors.o
 .ARM.attributes
                0x00000031       0x31 ./Generated_Code/TimerIntLdd2.o
 .ARM.attributes
                0x00000062       0x31 ./Generated_Code/TimerIntLdd1.o
 .ARM.attributes
                0x00000093       0x31 ./Generated_Code/TU2.o
 .ARM.attributes
                0x000000c4       0x31 ./Generated_Code/TU1.o
 .ARM.attributes
                0x000000f5       0x31 ./Generated_Code/TSL2561Timer.o
 .ARM.attributes
                0x00000126       0x31 ./Generated_Code/PE_LDD.o
 .ARM.attributes
                0x00000157       0x31 ./Generated_Code/DHT22Timer.o
 .ARM.attributes
                0x00000188       0x31 ./Generated_Code/DHT22Pin.o
 .ARM.attributes
                0x000001b9       0x31 ./Generated_Code/Cpu.o
 .ARM.attributes
                0x000001ea       0x31 ./Generated_Code/Bit1.o
 .ARM.attributes
                0x0000021b       0x31 ./Generated_Code/AS1.o
 .ARM.attributes
                0x0000024c       0x31 ./Project_Settings/Startup_Code/__arm_start.o
 .ARM.attributes
                0x0000027d       0x31 ./Project_Settings/Startup_Code/__arm_end.o
 .ARM.attributes
                0x000002ae       0x31 ./Sources/CRYPTO_AES/crypto_aes_conf.o
 .ARM.attributes
                0x000002df       0x31 ./Sources/CRYPTO_AES/crypto_aes.o
 .ARM.attributes
                0x00000310       0x31 ./Sources/CRYPTO_AES/aes_ofb.o
 .ARM.attributes
                0x00000341       0x31 ./Sources/CRYPTO_AES/aes_ecb.o
 .ARM.attributes
                0x00000372       0x31 ./Sources/CRYPTO_AES/aes_ctr.o
 .ARM.attributes
                0x000003a3       0x31 ./Sources/CRYPTO_AES/aes_core.o
 .ARM.attributes
                0x000003d4       0x31 ./Sources/CRYPTO_AES/aes_cfb.o
 .ARM.attributes
                0x00000405       0x31 ./Sources/CRYPTO_AES/aes_cbc.o
 .ARM.attributes
                0x00000436       0x31 ./Sources/main.o
 .ARM.attributes
                0x00000467       0x31 ./Sources/i2c.o
 .ARM.attributes
                0x00000498       0x31 ./Sources/dht.o
 .ARM.attributes
                0x000004c9       0x31 ./Sources/TSL2561.o
 .ARM.attributes
                0x000004fa       0x31 ./Sources/Events.o
 .ARM.attributes
                0x0000052b       0x31 C:/Freescale/CW MCU v10.6/MCU/ARM_GCC_Support/ewl/lib/armv6-m\libc.a(exit.o)
 .ARM.attributes
                0x0000055c       0x31 C:/Freescale/CW MCU v10.6/MCU/ARM_GCC_Support/ewl/lib/armv6-m\libc.a(memset.o)
 .ARM.attributes
                0x0000058d       0x31 C:/Freescale/CW MCU v10.6/MCU/ARM_GCC_Support/ewl/lib/armv6-m\libc.a(__filll_mem.o)
 .ARM.attributes
                0x000005be       0x31 C:/Freescale/CW MCU v10.6/MCU/ARM_GCC_Support/ewl/lib/armv6-m\libc.a(memcpy.o)
 .ARM.attributes
                0x000005ef       0x31 C:/Freescale/CW MCU v10.6/MCU/ARM_GCC_Support/ewl/lib/armv6-m\libc.a(printformat_.o)
 .ARM.attributes
                0x00000620       0x31 C:/Freescale/CW MCU v10.6/MCU/ARM_GCC_Support/ewl/lib/armv6-m\libc.a(scanformat_.o)
 .ARM.attributes
                0x00000651       0x31 C:/Freescale/CW MCU v10.6/MCU/ARM_GCC_Support/ewl/lib/armv6-m\libc.a(ctype_aeabi.o)
 .ARM.attributes
                0x00000682       0x31 C:/Freescale/CW MCU v10.6/MCU/ARM_GCC_Support/ewl/lib/armv6-m\libc.a(__strtoul.o)
 .ARM.attributes
                0x000006b3       0x31 C:/Freescale/CW MCU v10.6/MCU/ARM_GCC_Support/ewl/lib/armv6-m\libc.a(strchr.o)
 .ARM.attributes
                0x000006e4       0x31 C:/Freescale/CW MCU v10.6/MCU/ARM_GCC_Support/ewl/lib/armv6-m\libc.a(strlen.o)
 .ARM.attributes
                0x00000715       0x31 C:/Freescale/CW MCU v10.6/MCU/ARM_GCC_Support/ewl/lib/armv6-m\libc.a(memchr.o)
 .ARM.attributes
                0x00000746       0x31 C:/Freescale/CW MCU v10.6/MCU/ARM_GCC_Support/ewl/lib/armv6-m\libm.a(w_pow.o)
 .ARM.attributes
                0x00000777       0x31 C:/Freescale/CW MCU v10.6/MCU/ARM_GCC_Support/ewl/lib/armv6-m\libm.a(e_pow.o)
 .ARM.attributes
                0x000007a8       0x31 C:/Freescale/CW MCU v10.6/MCU/ARM_GCC_Support/ewl/lib/armv6-m\libm.a(scalbn.o)
 .ARM.attributes
                0x000007d9       0x31 C:/Freescale/CW MCU v10.6/MCU/ARM_GCC_Support/ewl/lib/armv6-m\libm.a(w_sqrt.o)
 .ARM.attributes
                0x0000080a       0x31 C:/Freescale/CW MCU v10.6/MCU/ARM_GCC_Support/ewl/lib/armv6-m\libm.a(math_api.o)
 .ARM.attributes
                0x0000083b       0x31 C:/Freescale/CW MCU v10.6/MCU/ARM_GCC_Support/ewl/lib/armv6-m\libm.a(float.o)
 .ARM.attributes
                0x0000086c       0x31 C:/Freescale/CW MCU v10.6/MCU/ARM_GCC_Support/ewl/lib/armv6-m\libm.a(s_frexp.o)
 .ARM.attributes
                0x0000089d       0x31 C:/Freescale/CW MCU v10.6/MCU/ARM_GCC_Support/ewl/lib/armv6-m\libm.a(s_ldexp.o)
 .ARM.attributes
                0x000008ce       0x31 C:/Freescale/CW MCU v10.6/MCU/ARM_GCC_Support/ewl/lib/armv6-m\libm.a(e_sqrt.o)
 .ARM.attributes
                0x000008ff       0x1e c:/freescale/cw mcu v10.6/cross_tools/arm-none-eabi-gcc-4_7_3/bin/../lib/gcc/arm-none-eabi/4.7.3/armv6-m\libgcc.a(_thumb1_case_sqi.o)
 .ARM.attributes
                0x0000091d       0x1e c:/freescale/cw mcu v10.6/cross_tools/arm-none-eabi-gcc-4_7_3/bin/../lib/gcc/arm-none-eabi/4.7.3/armv6-m\libgcc.a(_thumb1_case_uqi.o)
 .ARM.attributes
                0x0000093b       0x1e c:/freescale/cw mcu v10.6/cross_tools/arm-none-eabi-gcc-4_7_3/bin/../lib/gcc/arm-none-eabi/4.7.3/armv6-m\libgcc.a(_udivsi3.o)
 .ARM.attributes
                0x00000959       0x1e c:/freescale/cw mcu v10.6/cross_tools/arm-none-eabi-gcc-4_7_3/bin/../lib/gcc/arm-none-eabi/4.7.3/armv6-m\libgcc.a(_dvmd_tls.o)
 .ARM.attributes
                0x00000977       0x1e c:/freescale/cw mcu v10.6/cross_tools/arm-none-eabi-gcc-4_7_3/bin/../lib/gcc/arm-none-eabi/4.7.3/armv6-m\libgcc.a(_arm_cmpdf2.o)
 .ARM.attributes
                0x00000995       0x1e c:/freescale/cw mcu v10.6/cross_tools/arm-none-eabi-gcc-4_7_3/bin/../lib/gcc/arm-none-eabi/4.7.3/armv6-m\libgcc.a(_arm_cmpsf2.o)
 .ARM.attributes
                0x000009b3       0x2c c:/freescale/cw mcu v10.6/cross_tools/arm-none-eabi-gcc-4_7_3/bin/../lib/gcc/arm-none-eabi/4.7.3/armv6-m\libgcc.a(_fixunssfsi.o)
 .ARM.attributes
                0x000009df       0x2c c:/freescale/cw mcu v10.6/cross_tools/arm-none-eabi-gcc-4_7_3/bin/../lib/gcc/arm-none-eabi/4.7.3/armv6-m\libgcc.a(eqsf2.o)
 .ARM.attributes
                0x00000a0b       0x2c c:/freescale/cw mcu v10.6/cross_tools/arm-none-eabi-gcc-4_7_3/bin/../lib/gcc/arm-none-eabi/4.7.3/armv6-m\libgcc.a(gesf2.o)
 .ARM.attributes
                0x00000a37       0x2c c:/freescale/cw mcu v10.6/cross_tools/arm-none-eabi-gcc-4_7_3/bin/../lib/gcc/arm-none-eabi/4.7.3/armv6-m\libgcc.a(lesf2.o)
 .ARM.attributes
                0x00000a63       0x2c c:/freescale/cw mcu v10.6/cross_tools/arm-none-eabi-gcc-4_7_3/bin/../lib/gcc/arm-none-eabi/4.7.3/armv6-m\libgcc.a(subsf3.o)
 .ARM.attributes
                0x00000a8f       0x2c c:/freescale/cw mcu v10.6/cross_tools/arm-none-eabi-gcc-4_7_3/bin/../lib/gcc/arm-none-eabi/4.7.3/armv6-m\libgcc.a(fixsfsi.o)
 .ARM.attributes
                0x00000abb       0x2c c:/freescale/cw mcu v10.6/cross_tools/arm-none-eabi-gcc-4_7_3/bin/../lib/gcc/arm-none-eabi/4.7.3/armv6-m\libgcc.a(floatsisf.o)
 .ARM.attributes
                0x00000ae7       0x2c c:/freescale/cw mcu v10.6/cross_tools/arm-none-eabi-gcc-4_7_3/bin/../lib/gcc/arm-none-eabi/4.7.3/armv6-m\libgcc.a(floatunsisf.o)
 .ARM.attributes
                0x00000b13       0x2c c:/freescale/cw mcu v10.6/cross_tools/arm-none-eabi-gcc-4_7_3/bin/../lib/gcc/arm-none-eabi/4.7.3/armv6-m\libgcc.a(adddf3.o)
 .ARM.attributes
                0x00000b3f       0x2c c:/freescale/cw mcu v10.6/cross_tools/arm-none-eabi-gcc-4_7_3/bin/../lib/gcc/arm-none-eabi/4.7.3/armv6-m\libgcc.a(divdf3.o)
 .ARM.attributes
                0x00000b6b       0x2c c:/freescale/cw mcu v10.6/cross_tools/arm-none-eabi-gcc-4_7_3/bin/../lib/gcc/arm-none-eabi/4.7.3/armv6-m\libgcc.a(eqdf2.o)
 .ARM.attributes
                0x00000b97       0x2c c:/freescale/cw mcu v10.6/cross_tools/arm-none-eabi-gcc-4_7_3/bin/../lib/gcc/arm-none-eabi/4.7.3/armv6-m\libgcc.a(gedf2.o)
 .ARM.attributes
                0x00000bc3       0x2c c:/freescale/cw mcu v10.6/cross_tools/arm-none-eabi-gcc-4_7_3/bin/../lib/gcc/arm-none-eabi/4.7.3/armv6-m\libgcc.a(ledf2.o)
 .ARM.attributes
                0x00000bef       0x2c c:/freescale/cw mcu v10.6/cross_tools/arm-none-eabi-gcc-4_7_3/bin/../lib/gcc/arm-none-eabi/4.7.3/armv6-m\libgcc.a(muldf3.o)
 .ARM.attributes
                0x00000c1b       0x2c c:/freescale/cw mcu v10.6/cross_tools/arm-none-eabi-gcc-4_7_3/bin/../lib/gcc/arm-none-eabi/4.7.3/armv6-m\libgcc.a(subdf3.o)
 .ARM.attributes
                0x00000c47       0x2c c:/freescale/cw mcu v10.6/cross_tools/arm-none-eabi-gcc-4_7_3/bin/../lib/gcc/arm-none-eabi/4.7.3/armv6-m\libgcc.a(floatsidf.o)
 .ARM.attributes
                0x00000c73       0x2c c:/freescale/cw mcu v10.6/cross_tools/arm-none-eabi-gcc-4_7_3/bin/../lib/gcc/arm-none-eabi/4.7.3/armv6-m\libgcc.a(extendsfdf2.o)
 .ARM.attributes
                0x00000c9f       0x2c c:/freescale/cw mcu v10.6/cross_tools/arm-none-eabi-gcc-4_7_3/bin/../lib/gcc/arm-none-eabi/4.7.3/armv6-m\libgcc.a(truncdfsf2.o)
 .ARM.attributes
                0x00000ccb       0x1e c:/freescale/cw mcu v10.6/cross_tools/arm-none-eabi-gcc-4_7_3/bin/../lib/gcc/arm-none-eabi/4.7.3/armv6-m\libgcc.a(_clzsi2.o)
 .ARM.attributes
                0x00000ce9       0x31 C:/Freescale/CW MCU v10.6/MCU/ARM_GCC_Support/ewl/lib/armv6-m\librt.a(gcc_ctor_dtor.o)
 .ARM.attributes
                0x00000d1a       0x31 C:/Freescale/CW MCU v10.6/MCU/ARM_GCC_Support/ewl/lib/armv6-m\librt.a(__arm_eabi_init.o)
 .ARM.attributes
                0x00000d4b       0x31 C:/Freescale/CW MCU v10.6/MCU/ARM_GCC_Support/ewl/lib/armv6-m\librt.a(ROMCopy.o)
 .ARM.attributes
                0x00000d7c       0x31 C:/Freescale/CW MCU v10.6/MCU/ARM_GCC_Support/ewl/lib/armv6-m\libc.a(errno.o)
OUTPUT(LowPowerTesting.elf elf32-littlearm)

.debug_info     0x00000000     0x8588
 .debug_info    0x00000000      0x104 ./Generated_Code/Vectors.o
 .debug_info    0x00000104      0x263 ./Generated_Code/TimerIntLdd2.o
 .debug_info    0x00000367      0x202 ./Generated_Code/TimerIntLdd1.o
 .debug_info    0x00000569      0x63d ./Generated_Code/TU2.o
 .debug_info    0x00000ba6      0x5f5 ./Generated_Code/TU1.o
 .debug_info    0x0000119b       0xa7 ./Generated_Code/TSL2561Timer.o
 .debug_info    0x00001242      0x24e ./Generated_Code/PE_LDD.o
 .debug_info    0x00001490       0xa7 ./Generated_Code/DHT22Timer.o
 .debug_info    0x00001537      0x450 ./Generated_Code/DHT22Pin.o
 .debug_info    0x00001987      0xa95 ./Generated_Code/Cpu.o
 .debug_info    0x0000241c      0x3b1 ./Generated_Code/Bit1.o
 .debug_info    0x000027cd      0x7e3 ./Generated_Code/AS1.o
 .debug_info    0x00002fb0      0x12a ./Project_Settings/Startup_Code/__arm_start.o
 .debug_info    0x000030da       0x54 ./Project_Settings/Startup_Code/__arm_end.o
 .debug_info    0x0000312e      0x243 ./Sources/CRYPTO_AES/crypto_aes_conf.o
 .debug_info    0x00003371      0x443 ./Sources/CRYPTO_AES/crypto_aes.o
 .debug_info    0x000037b4      0x16e ./Sources/CRYPTO_AES/aes_ofb.o
 .debug_info    0x00003922      0x134 ./Sources/CRYPTO_AES/aes_ecb.o
 .debug_info    0x00003a56      0x1c4 ./Sources/CRYPTO_AES/aes_ctr.o
 .debug_info    0x00003c1a      0x4c7 ./Sources/CRYPTO_AES/aes_core.o
 .debug_info    0x000040e1      0x37c ./Sources/CRYPTO_AES/aes_cfb.o
 .debug_info    0x0000445d      0x196 ./Sources/CRYPTO_AES/aes_cbc.o
 .debug_info    0x000045f3      0x3ab ./Sources/main.o
 .debug_info    0x0000499e      0x58b ./Sources/i2c.o
 .debug_info    0x00004f29      0x1a2 ./Sources/dht.o
 .debug_info    0x000050cb      0x35d ./Sources/TSL2561.o
 .debug_info    0x00005428      0x1a6 ./Sources/Events.o
 .debug_info    0x000055ce       0xe8 C:/Freescale/CW MCU v10.6/MCU/ARM_GCC_Support/ewl/lib/armv6-m\libc.a(exit.o)
 .debug_info    0x000056b6       0xec C:/Freescale/CW MCU v10.6/MCU/ARM_GCC_Support/ewl/lib/armv6-m\libc.a(memset.o)
 .debug_info    0x000057a2      0x137 C:/Freescale/CW MCU v10.6/MCU/ARM_GCC_Support/ewl/lib/armv6-m\libc.a(__filll_mem.o)
 .debug_info    0x000058d9      0x10f C:/Freescale/CW MCU v10.6/MCU/ARM_GCC_Support/ewl/lib/armv6-m\libc.a(memcpy.o)
 .debug_info    0x000059e8      0x50d C:/Freescale/CW MCU v10.6/MCU/ARM_GCC_Support/ewl/lib/armv6-m\libc.a(printformat_.o)
 .debug_info    0x00005ef5      0x568 C:/Freescale/CW MCU v10.6/MCU/ARM_GCC_Support/ewl/lib/armv6-m\libc.a(scanformat_.o)
 .debug_info    0x0000645d      0x313 C:/Freescale/CW MCU v10.6/MCU/ARM_GCC_Support/ewl/lib/armv6-m\libc.a(ctype_aeabi.o)
 .debug_info    0x00006770      0x1d6 C:/Freescale/CW MCU v10.6/MCU/ARM_GCC_Support/ewl/lib/armv6-m\libc.a(__strtoul.o)
 .debug_info    0x00006946      0x10b C:/Freescale/CW MCU v10.6/MCU/ARM_GCC_Support/ewl/lib/armv6-m\libc.a(strchr.o)
 .debug_info    0x00006a51       0xea C:/Freescale/CW MCU v10.6/MCU/ARM_GCC_Support/ewl/lib/armv6-m\libc.a(strlen.o)
 .debug_info    0x00006b3b      0x121 C:/Freescale/CW MCU v10.6/MCU/ARM_GCC_Support/ewl/lib/armv6-m\libc.a(memchr.o)
 .debug_info    0x00006c5c       0xc0 C:/Freescale/CW MCU v10.6/MCU/ARM_GCC_Support/ewl/lib/armv6-m\libm.a(w_pow.o)
 .debug_info    0x00006d1c      0x5c7 C:/Freescale/CW MCU v10.6/MCU/ARM_GCC_Support/ewl/lib/armv6-m\libm.a(e_pow.o)
 .debug_info    0x000072e3       0xf9 C:/Freescale/CW MCU v10.6/MCU/ARM_GCC_Support/ewl/lib/armv6-m\libm.a(scalbn.o)
 .debug_info    0x000073dc       0xb3 C:/Freescale/CW MCU v10.6/MCU/ARM_GCC_Support/ewl/lib/armv6-m\libm.a(w_sqrt.o)
 .debug_info    0x0000748f      0x305 C:/Freescale/CW MCU v10.6/MCU/ARM_GCC_Support/ewl/lib/armv6-m\libm.a(math_api.o)
 .debug_info    0x00007794      0x1e4 C:/Freescale/CW MCU v10.6/MCU/ARM_GCC_Support/ewl/lib/armv6-m\libm.a(float.o)
 .debug_info    0x00007978      0x1a1 C:/Freescale/CW MCU v10.6/MCU/ARM_GCC_Support/ewl/lib/armv6-m\libm.a(s_frexp.o)
 .debug_info    0x00007b19      0x1e2 C:/Freescale/CW MCU v10.6/MCU/ARM_GCC_Support/ewl/lib/armv6-m\libm.a(s_ldexp.o)
 .debug_info    0x00007cfb      0x266 C:/Freescale/CW MCU v10.6/MCU/ARM_GCC_Support/ewl/lib/armv6-m\libm.a(e_sqrt.o)
 .debug_info    0x00007f61      0x136 C:/Freescale/CW MCU v10.6/MCU/ARM_GCC_Support/ewl/lib/armv6-m\librt.a(gcc_ctor_dtor.o)
 .debug_info    0x00008097      0x2b9 C:/Freescale/CW MCU v10.6/MCU/ARM_GCC_Support/ewl/lib/armv6-m\librt.a(__arm_eabi_init.o)
 .debug_info    0x00008350      0x19b C:/Freescale/CW MCU v10.6/MCU/ARM_GCC_Support/ewl/lib/armv6-m\librt.a(ROMCopy.o)
 .debug_info    0x000084eb       0x9d C:/Freescale/CW MCU v10.6/MCU/ARM_GCC_Support/ewl/lib/armv6-m\libc.a(errno.o)

.debug_abbrev   0x00000000     0x2be0
 .debug_abbrev  0x00000000       0xa3 ./Generated_Code/Vectors.o
 .debug_abbrev  0x000000a3       0xf0 ./Generated_Code/TimerIntLdd2.o
 .debug_abbrev  0x00000193       0xd2 ./Generated_Code/TimerIntLdd1.o
 .debug_abbrev  0x00000265      0x169 ./Generated_Code/TU2.o
 .debug_abbrev  0x000003ce      0x141 ./Generated_Code/TU1.o
 .debug_abbrev  0x0000050f       0x60 ./Generated_Code/TSL2561Timer.o
 .debug_abbrev  0x0000056f      0x102 ./Generated_Code/PE_LDD.o
 .debug_abbrev  0x00000671       0x60 ./Generated_Code/DHT22Timer.o
 .debug_abbrev  0x000006d1      0x160 ./Generated_Code/DHT22Pin.o
 .debug_abbrev  0x00000831      0x19f ./Generated_Code/Cpu.o
 .debug_abbrev  0x000009d0      0x151 ./Generated_Code/Bit1.o
 .debug_abbrev  0x00000b21      0x189 ./Generated_Code/AS1.o
 .debug_abbrev  0x00000caa       0x92 ./Project_Settings/Startup_Code/__arm_start.o
 .debug_abbrev  0x00000d3c       0x4c ./Project_Settings/Startup_Code/__arm_end.o
 .debug_abbrev  0x00000d88       0xa4 ./Sources/CRYPTO_AES/crypto_aes_conf.o
 .debug_abbrev  0x00000e2c      0x13c ./Sources/CRYPTO_AES/crypto_aes.o
 .debug_abbrev  0x00000f68       0xb9 ./Sources/CRYPTO_AES/aes_ofb.o
 .debug_abbrev  0x00001021       0x9b ./Sources/CRYPTO_AES/aes_ecb.o
 .debug_abbrev  0x000010bc       0xdb ./Sources/CRYPTO_AES/aes_ctr.o
 .debug_abbrev  0x00001197       0xfd ./Sources/CRYPTO_AES/aes_core.o
 .debug_abbrev  0x00001294      0x10a ./Sources/CRYPTO_AES/aes_cfb.o
 .debug_abbrev  0x0000139e       0xc0 ./Sources/CRYPTO_AES/aes_cbc.o
 .debug_abbrev  0x0000145e      0x125 ./Sources/main.o
 .debug_abbrev  0x00001583      0x12c ./Sources/i2c.o
 .debug_abbrev  0x000016af       0xa2 ./Sources/dht.o
 .debug_abbrev  0x00001751      0x121 ./Sources/TSL2561.o
 .debug_abbrev  0x00001872       0x88 ./Sources/Events.o
 .debug_abbrev  0x000018fa       0x7a C:/Freescale/CW MCU v10.6/MCU/ARM_GCC_Support/ewl/lib/armv6-m\libc.a(exit.o)
 .debug_abbrev  0x00001974       0x62 C:/Freescale/CW MCU v10.6/MCU/ARM_GCC_Support/ewl/lib/armv6-m\libc.a(memset.o)
 .debug_abbrev  0x000019d6       0x78 C:/Freescale/CW MCU v10.6/MCU/ARM_GCC_Support/ewl/lib/armv6-m\libc.a(__filll_mem.o)
 .debug_abbrev  0x00001a4e       0x95 C:/Freescale/CW MCU v10.6/MCU/ARM_GCC_Support/ewl/lib/armv6-m\libc.a(memcpy.o)
 .debug_abbrev  0x00001ae3      0x200 C:/Freescale/CW MCU v10.6/MCU/ARM_GCC_Support/ewl/lib/armv6-m\libc.a(printformat_.o)
 .debug_abbrev  0x00001ce3      0x1f0 C:/Freescale/CW MCU v10.6/MCU/ARM_GCC_Support/ewl/lib/armv6-m\libc.a(scanformat_.o)
 .debug_abbrev  0x00001ed3       0x9e C:/Freescale/CW MCU v10.6/MCU/ARM_GCC_Support/ewl/lib/armv6-m\libc.a(ctype_aeabi.o)
 .debug_abbrev  0x00001f71       0xc2 C:/Freescale/CW MCU v10.6/MCU/ARM_GCC_Support/ewl/lib/armv6-m\libc.a(__strtoul.o)
 .debug_abbrev  0x00002033       0x7a C:/Freescale/CW MCU v10.6/MCU/ARM_GCC_Support/ewl/lib/armv6-m\libc.a(strchr.o)
 .debug_abbrev  0x000020ad       0x7a C:/Freescale/CW MCU v10.6/MCU/ARM_GCC_Support/ewl/lib/armv6-m\libc.a(strlen.o)
 .debug_abbrev  0x00002127       0x95 C:/Freescale/CW MCU v10.6/MCU/ARM_GCC_Support/ewl/lib/armv6-m\libc.a(memchr.o)
 .debug_abbrev  0x000021bc       0x59 C:/Freescale/CW MCU v10.6/MCU/ARM_GCC_Support/ewl/lib/armv6-m\libm.a(w_pow.o)
 .debug_abbrev  0x00002215      0x157 C:/Freescale/CW MCU v10.6/MCU/ARM_GCC_Support/ewl/lib/armv6-m\libm.a(e_pow.o)
 .debug_abbrev  0x0000236c       0x86 C:/Freescale/CW MCU v10.6/MCU/ARM_GCC_Support/ewl/lib/armv6-m\libm.a(scalbn.o)
 .debug_abbrev  0x000023f2       0x59 C:/Freescale/CW MCU v10.6/MCU/ARM_GCC_Support/ewl/lib/armv6-m\libm.a(w_sqrt.o)
 .debug_abbrev  0x0000244b       0xe8 C:/Freescale/CW MCU v10.6/MCU/ARM_GCC_Support/ewl/lib/armv6-m\libm.a(math_api.o)
 .debug_abbrev  0x00002533       0x56 C:/Freescale/CW MCU v10.6/MCU/ARM_GCC_Support/ewl/lib/armv6-m\libm.a(float.o)
 .debug_abbrev  0x00002589       0xce C:/Freescale/CW MCU v10.6/MCU/ARM_GCC_Support/ewl/lib/armv6-m\libm.a(s_frexp.o)
 .debug_abbrev  0x00002657       0xce C:/Freescale/CW MCU v10.6/MCU/ARM_GCC_Support/ewl/lib/armv6-m\libm.a(s_ldexp.o)
 .debug_abbrev  0x00002725      0x10b C:/Freescale/CW MCU v10.6/MCU/ARM_GCC_Support/ewl/lib/armv6-m\libm.a(e_sqrt.o)
 .debug_abbrev  0x00002830       0x99 C:/Freescale/CW MCU v10.6/MCU/ARM_GCC_Support/ewl/lib/armv6-m\librt.a(gcc_ctor_dtor.o)
 .debug_abbrev  0x000028c9      0x1b3 C:/Freescale/CW MCU v10.6/MCU/ARM_GCC_Support/ewl/lib/armv6-m\librt.a(__arm_eabi_init.o)
 .debug_abbrev  0x00002a7c      0x120 C:/Freescale/CW MCU v10.6/MCU/ARM_GCC_Support/ewl/lib/armv6-m\librt.a(ROMCopy.o)
 .debug_abbrev  0x00002b9c       0x44 C:/Freescale/CW MCU v10.6/MCU/ARM_GCC_Support/ewl/lib/armv6-m\libc.a(errno.o)

.debug_aranges  0x00000000      0x998
 .debug_aranges
                0x00000000       0x18 ./Generated_Code/Vectors.o
 .debug_aranges
                0x00000018       0x40 ./Generated_Code/TimerIntLdd2.o
 .debug_aranges
                0x00000058       0x38 ./Generated_Code/TimerIntLdd1.o
 .debug_aranges
                0x00000090       0x40 ./Generated_Code/TU2.o
 .debug_aranges
                0x000000d0       0x38 ./Generated_Code/TU1.o
 .debug_aranges
                0x00000108       0x20 ./Generated_Code/TSL2561Timer.o
 .debug_aranges
                0x00000128       0x30 ./Generated_Code/PE_LDD.o
 .debug_aranges
                0x00000158       0x20 ./Generated_Code/DHT22Timer.o
 .debug_aranges
                0x00000178       0x60 ./Generated_Code/DHT22Pin.o
 .debug_aranges
                0x000001d8       0x50 ./Generated_Code/Cpu.o
 .debug_aranges
                0x00000228       0x48 ./Generated_Code/Bit1.o
 .debug_aranges
                0x00000270       0x48 ./Generated_Code/AS1.o
 .debug_aranges
                0x000002b8       0x30 ./Project_Settings/Startup_Code/__arm_start.o
 .debug_aranges
                0x000002e8       0x20 ./Project_Settings/Startup_Code/__arm_end.o
 .debug_aranges
                0x00000308       0x18 ./Sources/CRYPTO_AES/crypto_aes_conf.o
 .debug_aranges
                0x00000320       0x40 ./Sources/CRYPTO_AES/crypto_aes.o
 .debug_aranges
                0x00000360       0x20 ./Sources/CRYPTO_AES/aes_ofb.o
 .debug_aranges
                0x00000380       0x20 ./Sources/CRYPTO_AES/aes_ecb.o
 .debug_aranges
                0x000003a0       0x28 ./Sources/CRYPTO_AES/aes_ctr.o
 .debug_aranges
                0x000003c8       0x38 ./Sources/CRYPTO_AES/aes_core.o
 .debug_aranges
                0x00000400       0x38 ./Sources/CRYPTO_AES/aes_cfb.o
 .debug_aranges
                0x00000438       0x20 ./Sources/CRYPTO_AES/aes_cbc.o
 .debug_aranges
                0x00000458       0x20 ./Sources/main.o
 .debug_aranges
                0x00000478       0x48 ./Sources/i2c.o
 .debug_aranges
                0x000004c0       0x28 ./Sources/dht.o
 .debug_aranges
                0x000004e8       0x60 ./Sources/TSL2561.o
 .debug_aranges
                0x00000548       0x60 ./Sources/Events.o
 .debug_aranges
                0x000005a8       0x20 C:/Freescale/CW MCU v10.6/MCU/ARM_GCC_Support/ewl/lib/armv6-m\libc.a(exit.o)
 .debug_aranges
                0x000005c8       0x20 C:/Freescale/CW MCU v10.6/MCU/ARM_GCC_Support/ewl/lib/armv6-m\libc.a(memset.o)
 .debug_aranges
                0x000005e8       0x20 C:/Freescale/CW MCU v10.6/MCU/ARM_GCC_Support/ewl/lib/armv6-m\libc.a(__filll_mem.o)
 .debug_aranges
                0x00000608       0x20 C:/Freescale/CW MCU v10.6/MCU/ARM_GCC_Support/ewl/lib/armv6-m\libc.a(memcpy.o)
 .debug_aranges
                0x00000628       0x28 C:/Freescale/CW MCU v10.6/MCU/ARM_GCC_Support/ewl/lib/armv6-m\libc.a(printformat_.o)
 .debug_aranges
                0x00000650       0x20 C:/Freescale/CW MCU v10.6/MCU/ARM_GCC_Support/ewl/lib/armv6-m\libc.a(scanformat_.o)
 .debug_aranges
                0x00000670       0x88 C:/Freescale/CW MCU v10.6/MCU/ARM_GCC_Support/ewl/lib/armv6-m\libc.a(ctype_aeabi.o)
 .debug_aranges
                0x000006f8       0x20 C:/Freescale/CW MCU v10.6/MCU/ARM_GCC_Support/ewl/lib/armv6-m\libc.a(__strtoul.o)
 .debug_aranges
                0x00000718       0x20 C:/Freescale/CW MCU v10.6/MCU/ARM_GCC_Support/ewl/lib/armv6-m\libc.a(strchr.o)
 .debug_aranges
                0x00000738       0x20 C:/Freescale/CW MCU v10.6/MCU/ARM_GCC_Support/ewl/lib/armv6-m\libc.a(strlen.o)
 .debug_aranges
                0x00000758       0x20 C:/Freescale/CW MCU v10.6/MCU/ARM_GCC_Support/ewl/lib/armv6-m\libc.a(memchr.o)
 .debug_aranges
                0x00000778       0x20 C:/Freescale/CW MCU v10.6/MCU/ARM_GCC_Support/ewl/lib/armv6-m\libm.a(w_pow.o)
 .debug_aranges
                0x00000798       0x20 C:/Freescale/CW MCU v10.6/MCU/ARM_GCC_Support/ewl/lib/armv6-m\libm.a(e_pow.o)
 .debug_aranges
                0x000007b8       0x20 C:/Freescale/CW MCU v10.6/MCU/ARM_GCC_Support/ewl/lib/armv6-m\libm.a(scalbn.o)
 .debug_aranges
                0x000007d8       0x20 C:/Freescale/CW MCU v10.6/MCU/ARM_GCC_Support/ewl/lib/armv6-m\libm.a(w_sqrt.o)
 .debug_aranges
                0x000007f8       0x60 C:/Freescale/CW MCU v10.6/MCU/ARM_GCC_Support/ewl/lib/armv6-m\libm.a(math_api.o)
 .debug_aranges
                0x00000858       0x18 C:/Freescale/CW MCU v10.6/MCU/ARM_GCC_Support/ewl/lib/armv6-m\libm.a(float.o)
 .debug_aranges
                0x00000870       0x20 C:/Freescale/CW MCU v10.6/MCU/ARM_GCC_Support/ewl/lib/armv6-m\libm.a(s_frexp.o)
 .debug_aranges
                0x00000890       0x20 C:/Freescale/CW MCU v10.6/MCU/ARM_GCC_Support/ewl/lib/armv6-m\libm.a(s_ldexp.o)
 .debug_aranges
                0x000008b0       0x20 C:/Freescale/CW MCU v10.6/MCU/ARM_GCC_Support/ewl/lib/armv6-m\libm.a(e_sqrt.o)
 .debug_aranges
                0x000008d0       0x28 C:/Freescale/CW MCU v10.6/MCU/ARM_GCC_Support/ewl/lib/armv6-m\librt.a(gcc_ctor_dtor.o)
 .debug_aranges
                0x000008f8       0x58 C:/Freescale/CW MCU v10.6/MCU/ARM_GCC_Support/ewl/lib/armv6-m\librt.a(__arm_eabi_init.o)
 .debug_aranges
                0x00000950       0x30 C:/Freescale/CW MCU v10.6/MCU/ARM_GCC_Support/ewl/lib/armv6-m\librt.a(ROMCopy.o)
 .debug_aranges
                0x00000980       0x18 C:/Freescale/CW MCU v10.6/MCU/ARM_GCC_Support/ewl/lib/armv6-m\libc.a(errno.o)

.debug_macinfo  0x00000000   0x393ddc
 .debug_macinfo
                0x00000000    0x304dc ./Generated_Code/Vectors.o
 .debug_macinfo
                0x000304dc    0x2f3ef ./Generated_Code/TimerIntLdd2.o
 .debug_macinfo
                0x0005f8cb    0x2f339 ./Generated_Code/TimerIntLdd1.o
 .debug_macinfo
                0x0008ec04    0x2f2f4 ./Generated_Code/TU2.o
 .debug_macinfo
                0x000bdef8    0x2f29c ./Generated_Code/TU1.o
 .debug_macinfo
                0x000ed194    0x304cc ./Generated_Code/TSL2561Timer.o
 .debug_macinfo
                0x0011d660    0x304a8 ./Generated_Code/PE_LDD.o
 .debug_macinfo
                0x0014db08    0x304cc ./Generated_Code/DHT22Timer.o
 .debug_macinfo
                0x0017dfd4    0x2ef08 ./Generated_Code/DHT22Pin.o
 .debug_macinfo
                0x001acedc    0x304dc ./Generated_Code/Cpu.o
 .debug_macinfo
                0x001dd3b8    0x2eeca ./Generated_Code/Bit1.o
 .debug_macinfo
                0x0020c282    0x3a40b ./Generated_Code/AS1.o
 .debug_macinfo
                0x0024668d     0x3e6d ./Project_Settings/Startup_Code/__arm_start.o
 .debug_macinfo
                0x0024a4fa     0x3456 ./Project_Settings/Startup_Code/__arm_end.o
 .debug_macinfo
                0x0024d950     0xad41 ./Sources/CRYPTO_AES/crypto_aes_conf.o
 .debug_macinfo
                0x00258691     0xae38 ./Sources/CRYPTO_AES/crypto_aes.o
 .debug_macinfo
                0x002634c9     0xb622 ./Sources/CRYPTO_AES/aes_ofb.o
 .debug_macinfo
                0x0026eaeb     0xb61e ./Sources/CRYPTO_AES/aes_ecb.o
 .debug_macinfo
                0x0027a109     0xb61e ./Sources/CRYPTO_AES/aes_ctr.o
 .debug_macinfo
                0x00285727     0x4578 ./Sources/CRYPTO_AES/aes_core.o
 .debug_macinfo
                0x00289c9f     0xb622 ./Sources/CRYPTO_AES/aes_cfb.o
 .debug_macinfo
                0x002952c1     0xb61e ./Sources/CRYPTO_AES/aes_cbc.o
 .debug_macinfo
                0x002a08df    0x30e51 ./Sources/main.o
 .debug_macinfo
                0x002d1730    0x2e125 ./Sources/i2c.o
 .debug_macinfo
                0x002ff855    0x2fd61 ./Sources/dht.o
 .debug_macinfo
                0x0032f5b6    0x3435a ./Sources/TSL2561.o
 .debug_macinfo
                0x00363910    0x304cc ./Sources/Events.o

.debug_line     0x00000000     0x726e
 .debug_line    0x00000000      0x405 ./Generated_Code/Vectors.o
 .debug_line    0x00000405      0x2f9 ./Generated_Code/TimerIntLdd2.o
 .debug_line    0x000006fe      0x2dd ./Generated_Code/TimerIntLdd1.o
 .debug_line    0x000009db      0x2e8 ./Generated_Code/TU2.o
 .debug_line    0x00000cc3      0x2d0 ./Generated_Code/TU1.o
 .debug_line    0x00000f93      0x37f ./Generated_Code/TSL2561Timer.o
 .debug_line    0x00001312      0x327 ./Generated_Code/PE_LDD.o
 .debug_line    0x00001639      0x37b ./Generated_Code/DHT22Timer.o
 .debug_line    0x000019b4      0x312 ./Generated_Code/DHT22Pin.o
 .debug_line    0x00001cc6      0x4d2 ./Generated_Code/Cpu.o
 .debug_line    0x00002198      0x2d1 ./Generated_Code/Bit1.o
 .debug_line    0x00002469      0x478 ./Generated_Code/AS1.o
 .debug_line    0x000028e1      0x299 ./Project_Settings/Startup_Code/__arm_start.o
 .debug_line    0x00002b7a      0x266 ./Project_Settings/Startup_Code/__arm_end.o
 .debug_line    0x00002de0      0x20b ./Sources/CRYPTO_AES/crypto_aes_conf.o
 .debug_line    0x00002feb      0x30b ./Sources/CRYPTO_AES/crypto_aes.o
 .debug_line    0x000032f6      0x33b ./Sources/CRYPTO_AES/aes_ofb.o
 .debug_line    0x00003631      0x335 ./Sources/CRYPTO_AES/aes_ecb.o
 .debug_line    0x00003966      0x371 ./Sources/CRYPTO_AES/aes_ctr.o
 .debug_line    0x00003cd7      0x4ab ./Sources/CRYPTO_AES/aes_core.o
 .debug_line    0x00004182      0x3bb ./Sources/CRYPTO_AES/aes_cfb.o
 .debug_line    0x0000453d      0x393 ./Sources/CRYPTO_AES/aes_cbc.o
 .debug_line    0x000048d0      0x479 ./Sources/main.o
 .debug_line    0x00004d49      0x303 ./Sources/i2c.o
 .debug_line    0x0000504c      0x33c ./Sources/dht.o
 .debug_line    0x00005388      0x43b ./Sources/TSL2561.o
 .debug_line    0x000057c3      0x3b8 ./Sources/Events.o
 .debug_line    0x00005b7b       0x8d C:/Freescale/CW MCU v10.6/MCU/ARM_GCC_Support/ewl/lib/armv6-m\libc.a(exit.o)
 .debug_line    0x00005c08       0x90 C:/Freescale/CW MCU v10.6/MCU/ARM_GCC_Support/ewl/lib/armv6-m\libc.a(memset.o)
 .debug_line    0x00005c98       0xf6 C:/Freescale/CW MCU v10.6/MCU/ARM_GCC_Support/ewl/lib/armv6-m\libc.a(__filll_mem.o)
 .debug_line    0x00005d8e       0x8b C:/Freescale/CW MCU v10.6/MCU/ARM_GCC_Support/ewl/lib/armv6-m\libc.a(memcpy.o)
 .debug_line    0x00005e19      0x2c3 C:/Freescale/CW MCU v10.6/MCU/ARM_GCC_Support/ewl/lib/armv6-m\libc.a(printformat_.o)
 .debug_line    0x000060dc      0x2be C:/Freescale/CW MCU v10.6/MCU/ARM_GCC_Support/ewl/lib/armv6-m\libc.a(scanformat_.o)
 .debug_line    0x0000639a      0x1be C:/Freescale/CW MCU v10.6/MCU/ARM_GCC_Support/ewl/lib/armv6-m\libc.a(ctype_aeabi.o)
 .debug_line    0x00006558      0x11e C:/Freescale/CW MCU v10.6/MCU/ARM_GCC_Support/ewl/lib/armv6-m\libc.a(__strtoul.o)
 .debug_line    0x00006676       0x7d C:/Freescale/CW MCU v10.6/MCU/ARM_GCC_Support/ewl/lib/armv6-m\libc.a(strchr.o)
 .debug_line    0x000066f3       0x85 C:/Freescale/CW MCU v10.6/MCU/ARM_GCC_Support/ewl/lib/armv6-m\libc.a(strlen.o)
 .debug_line    0x00006778       0x9f C:/Freescale/CW MCU v10.6/MCU/ARM_GCC_Support/ewl/lib/armv6-m\libc.a(memchr.o)
 .debug_line    0x00006817       0x73 C:/Freescale/CW MCU v10.6/MCU/ARM_GCC_Support/ewl/lib/armv6-m\libm.a(w_pow.o)
 .debug_line    0x0000688a      0x1f9 C:/Freescale/CW MCU v10.6/MCU/ARM_GCC_Support/ewl/lib/armv6-m\libm.a(e_pow.o)
 .debug_line    0x00006a83       0x77 C:/Freescale/CW MCU v10.6/MCU/ARM_GCC_Support/ewl/lib/armv6-m\libm.a(scalbn.o)
 .debug_line    0x00006afa       0x74 C:/Freescale/CW MCU v10.6/MCU/ARM_GCC_Support/ewl/lib/armv6-m\libm.a(w_sqrt.o)
 .debug_line    0x00006b6e      0x173 C:/Freescale/CW MCU v10.6/MCU/ARM_GCC_Support/ewl/lib/armv6-m\libm.a(math_api.o)
 .debug_line    0x00006ce1       0x60 C:/Freescale/CW MCU v10.6/MCU/ARM_GCC_Support/ewl/lib/armv6-m\libm.a(float.o)
 .debug_line    0x00006d41       0xb9 C:/Freescale/CW MCU v10.6/MCU/ARM_GCC_Support/ewl/lib/armv6-m\libm.a(s_frexp.o)
 .debug_line    0x00006dfa       0xc6 C:/Freescale/CW MCU v10.6/MCU/ARM_GCC_Support/ewl/lib/armv6-m\libm.a(s_ldexp.o)
 .debug_line    0x00006ec0      0x121 C:/Freescale/CW MCU v10.6/MCU/ARM_GCC_Support/ewl/lib/armv6-m\libm.a(e_sqrt.o)
 .debug_line    0x00006fe1       0x6c C:/Freescale/CW MCU v10.6/MCU/ARM_GCC_Support/ewl/lib/armv6-m\librt.a(gcc_ctor_dtor.o)
 .debug_line    0x0000704d      0x117 C:/Freescale/CW MCU v10.6/MCU/ARM_GCC_Support/ewl/lib/armv6-m\librt.a(__arm_eabi_init.o)
 .debug_line    0x00007164       0xbd C:/Freescale/CW MCU v10.6/MCU/ARM_GCC_Support/ewl/lib/armv6-m\librt.a(ROMCopy.o)
 .debug_line    0x00007221       0x4d C:/Freescale/CW MCU v10.6/MCU/ARM_GCC_Support/ewl/lib/armv6-m\libc.a(errno.o)

.debug_str      0x00000000     0x2529
 .debug_str     0x00000000      0x141 ./Generated_Code/Vectors.o
                                0x16d (size before relaxing)
 .debug_str     0x00000141      0x157 ./Generated_Code/TimerIntLdd2.o
                                0x287 (size before relaxing)
 .debug_str     0x00000298       0x8a ./Generated_Code/TimerIntLdd1.o
                                0x24b (size before relaxing)
 .debug_str     0x00000322      0x206 ./Generated_Code/TU2.o
                                0x3c9 (size before relaxing)
 .debug_str     0x00000528       0x69 ./Generated_Code/TU1.o
                                0x39f (size before relaxing)
 .debug_str     0x00000591       0x3a ./Generated_Code/TSL2561Timer.o
                                0x163 (size before relaxing)
 .debug_str     0x000005cb      0x172 ./Generated_Code/PE_LDD.o
                                0x2d0 (size before relaxing)
 .debug_str     0x0000073d       0x38 ./Generated_Code/DHT22Timer.o
                                0x161 (size before relaxing)
 .debug_str     0x00000775      0x14d ./Generated_Code/DHT22Pin.o
                                0x316 (size before relaxing)
 .debug_str     0x000008c2      0x281 ./Generated_Code/Cpu.o
                                0x539 (size before relaxing)
 .debug_str     0x00000b43       0x84 ./Generated_Code/Bit1.o
                                0x2b4 (size before relaxing)
 .debug_str     0x00000bc7      0x14d ./Generated_Code/AS1.o
                                0x454 (size before relaxing)
 .debug_str     0x00000d14       0xb4 ./Project_Settings/Startup_Code/__arm_start.o
                                0x198 (size before relaxing)
 .debug_str     0x00000dc8       0x3a ./Project_Settings/Startup_Code/__arm_end.o
                                 0xcf (size before relaxing)
 .debug_str     0x00000e02      0x256 ./Sources/CRYPTO_AES/crypto_aes_conf.o
                                0x390 (size before relaxing)
 .debug_str     0x00001058      0x192 ./Sources/CRYPTO_AES/crypto_aes.o
                                0x505 (size before relaxing)
 .debug_str     0x000011ea       0x3f ./Sources/CRYPTO_AES/aes_ofb.o
                                0x17c (size before relaxing)
 .debug_str     0x00001229       0x30 ./Sources/CRYPTO_AES/aes_ecb.o
                                0x16d (size before relaxing)
 .debug_str     0x00001259       0x52 ./Sources/CRYPTO_AES/aes_ctr.o
                                0x1a6 (size before relaxing)
 .debug_str     0x000012ab       0x73 ./Sources/CRYPTO_AES/aes_core.o
                                0x1be (size before relaxing)
 .debug_str     0x0000131e       0x77 ./Sources/CRYPTO_AES/aes_cfb.o
                                0x1c0 (size before relaxing)
 .debug_str     0x00001395       0x30 ./Sources/CRYPTO_AES/aes_cbc.o
                                0x179 (size before relaxing)
 .debug_str     0x000013c5      0x190 ./Sources/main.o
                                0x4ee (size before relaxing)
 .debug_str     0x00001555       0xc4 ./Sources/i2c.o
                                0x308 (size before relaxing)
 .debug_str     0x00001619       0x71 ./Sources/dht.o
                                0x285 (size before relaxing)
 .debug_str     0x0000168a      0x231 ./Sources/TSL2561.o
                                0x3d3 (size before relaxing)
 .debug_str     0x000018bb       0xdd ./Sources/Events.o
                                0x21e (size before relaxing)
 .debug_str     0x00001998       0x48 C:/Freescale/CW MCU v10.6/MCU/ARM_GCC_Support/ewl/lib/armv6-m\libc.a(exit.o)
                                0x157 (size before relaxing)
 .debug_str     0x000019e0       0x23 C:/Freescale/CW MCU v10.6/MCU/ARM_GCC_Support/ewl/lib/armv6-m\libc.a(memset.o)
                                0x140 (size before relaxing)
 .debug_str     0x00001a03       0x2d C:/Freescale/CW MCU v10.6/MCU/ARM_GCC_Support/ewl/lib/armv6-m\libc.a(__filll_mem.o)
                                0x152 (size before relaxing)
 .debug_str     0x00001a30       0x1c C:/Freescale/CW MCU v10.6/MCU/ARM_GCC_Support/ewl/lib/armv6-m\libc.a(memcpy.o)
                                0x138 (size before relaxing)
 .debug_str     0x00001a4c      0x233 C:/Freescale/CW MCU v10.6/MCU/ARM_GCC_Support/ewl/lib/armv6-m\libc.a(printformat_.o)
                                0x3b3 (size before relaxing)
 .debug_str     0x00001c7f      0x184 C:/Freescale/CW MCU v10.6/MCU/ARM_GCC_Support/ewl/lib/armv6-m\libc.a(scanformat_.o)
                                0x3f9 (size before relaxing)
 .debug_str     0x00001e03       0x9d C:/Freescale/CW MCU v10.6/MCU/ARM_GCC_Support/ewl/lib/armv6-m\libc.a(ctype_aeabi.o)
                                0x1bc (size before relaxing)
 .debug_str     0x00001ea0       0x61 C:/Freescale/CW MCU v10.6/MCU/ARM_GCC_Support/ewl/lib/armv6-m\libc.a(__strtoul.o)
                                0x1fb (size before relaxing)
 .debug_str     0x00001f01       0x1c C:/Freescale/CW MCU v10.6/MCU/ARM_GCC_Support/ewl/lib/armv6-m\libc.a(strchr.o)
                                0x137 (size before relaxing)
 .debug_str     0x00001f1d       0x1c C:/Freescale/CW MCU v10.6/MCU/ARM_GCC_Support/ewl/lib/armv6-m\libc.a(strlen.o)
                                0x140 (size before relaxing)
 .debug_str     0x00001f39       0x1c C:/Freescale/CW MCU v10.6/MCU/ARM_GCC_Support/ewl/lib/armv6-m\libc.a(memchr.o)
                                0x148 (size before relaxing)
 .debug_str     0x00001f55       0x17 C:/Freescale/CW MCU v10.6/MCU/ARM_GCC_Support/ewl/lib/armv6-m\libm.a(w_pow.o)
                                0x125 (size before relaxing)
 .debug_str     0x00001f6c       0x8d C:/Freescale/CW MCU v10.6/MCU/ARM_GCC_Support/ewl/lib/armv6-m\libm.a(e_pow.o)
                                0x1cd (size before relaxing)
 .debug_str     0x00001ff9       0x1e C:/Freescale/CW MCU v10.6/MCU/ARM_GCC_Support/ewl/lib/armv6-m\libm.a(scalbn.o)
                                0x13f (size before relaxing)
 .debug_str     0x00002017       0x12 C:/Freescale/CW MCU v10.6/MCU/ARM_GCC_Support/ewl/lib/armv6-m\libm.a(w_sqrt.o)
                                0x12b (size before relaxing)
 .debug_str     0x00002029       0xe0 C:/Freescale/CW MCU v10.6/MCU/ARM_GCC_Support/ewl/lib/armv6-m\libm.a(math_api.o)
                                0x228 (size before relaxing)
 .debug_str     0x00002109       0xf9 C:/Freescale/CW MCU v10.6/MCU/ARM_GCC_Support/ewl/lib/armv6-m\libm.a(float.o)
                                0x225 (size before relaxing)
 .debug_str     0x00002202       0x24 C:/Freescale/CW MCU v10.6/MCU/ARM_GCC_Support/ewl/lib/armv6-m\libm.a(s_frexp.o)
                                0x15d (size before relaxing)
 .debug_str     0x00002226       0x20 C:/Freescale/CW MCU v10.6/MCU/ARM_GCC_Support/ewl/lib/armv6-m\libm.a(s_ldexp.o)
                                0x164 (size before relaxing)
 .debug_str     0x00002246       0x21 C:/Freescale/CW MCU v10.6/MCU/ARM_GCC_Support/ewl/lib/armv6-m\libm.a(e_sqrt.o)
                                0x17e (size before relaxing)
 .debug_str     0x00002267      0x126 C:/Freescale/CW MCU v10.6/MCU/ARM_GCC_Support/ewl/lib/armv6-m\librt.a(gcc_ctor_dtor.o)
                                0x181 (size before relaxing)
 .debug_str     0x0000238d       0xee C:/Freescale/CW MCU v10.6/MCU/ARM_GCC_Support/ewl/lib/armv6-m\librt.a(__arm_eabi_init.o)
                                0x1b5 (size before relaxing)
 .debug_str     0x0000247b       0x9c C:/Freescale/CW MCU v10.6/MCU/ARM_GCC_Support/ewl/lib/armv6-m\librt.a(ROMCopy.o)
                                0x13c (size before relaxing)
 .debug_str     0x00002517       0x12 C:/Freescale/CW MCU v10.6/MCU/ARM_GCC_Support/ewl/lib/armv6-m\libc.a(errno.o)
                                0x12c (size before relaxing)

.comment        0x00000000       0x79
 .comment       0x00000000       0x79 ./Generated_Code/Vectors.o
                                 0x7a (size before relaxing)
 .comment       0x00000000       0x7a ./Generated_Code/TimerIntLdd2.o
 .comment       0x00000000       0x7a ./Generated_Code/TimerIntLdd1.o
 .comment       0x00000000       0x7a ./Generated_Code/TU2.o
 .comment       0x00000000       0x7a ./Generated_Code/TU1.o
 .comment       0x00000000       0x7a ./Generated_Code/TSL2561Timer.o
 .comment       0x00000000       0x7a ./Generated_Code/PE_LDD.o
 .comment       0x00000000       0x7a ./Generated_Code/DHT22Timer.o
 .comment       0x00000000       0x7a ./Generated_Code/DHT22Pin.o
 .comment       0x00000000       0x7a ./Generated_Code/Cpu.o
 .comment       0x00000000       0x7a ./Generated_Code/Bit1.o
 .comment       0x00000000       0x7a ./Generated_Code/AS1.o
 .comment       0x00000000       0x7a ./Project_Settings/Startup_Code/__arm_start.o
 .comment       0x00000000       0x7a ./Project_Settings/Startup_Code/__arm_end.o
 .comment       0x00000000       0x7a ./Sources/CRYPTO_AES/crypto_aes_conf.o
 .comment       0x00000000       0x7a ./Sources/CRYPTO_AES/crypto_aes.o
 .comment       0x00000000       0x7a ./Sources/CRYPTO_AES/aes_ofb.o
 .comment       0x00000000       0x7a ./Sources/CRYPTO_AES/aes_ecb.o
 .comment       0x00000000       0x7a ./Sources/CRYPTO_AES/aes_ctr.o
 .comment       0x00000000       0x7a ./Sources/CRYPTO_AES/aes_core.o
 .comment       0x00000000       0x7a ./Sources/CRYPTO_AES/aes_cfb.o
 .comment       0x00000000       0x7a ./Sources/CRYPTO_AES/aes_cbc.o
 .comment       0x00000000       0x7a ./Sources/main.o
 .comment       0x00000000       0x7a ./Sources/i2c.o
 .comment       0x00000000       0x7a ./Sources/dht.o
 .comment       0x00000000       0x7a ./Sources/TSL2561.o
 .comment       0x00000000       0x7a ./Sources/Events.o
 .comment       0x00000000       0x7a C:/Freescale/CW MCU v10.6/MCU/ARM_GCC_Support/ewl/lib/armv6-m\libc.a(exit.o)
 .comment       0x00000000       0x7a C:/Freescale/CW MCU v10.6/MCU/ARM_GCC_Support/ewl/lib/armv6-m\libc.a(memset.o)
 .comment       0x00000000       0x7a C:/Freescale/CW MCU v10.6/MCU/ARM_GCC_Support/ewl/lib/armv6-m\libc.a(__filll_mem.o)
 .comment       0x00000000       0x7a C:/Freescale/CW MCU v10.6/MCU/ARM_GCC_Support/ewl/lib/armv6-m\libc.a(memcpy.o)
 .comment       0x00000000       0x7a C:/Freescale/CW MCU v10.6/MCU/ARM_GCC_Support/ewl/lib/armv6-m\libc.a(printformat_.o)
 .comment       0x00000000       0x7a C:/Freescale/CW MCU v10.6/MCU/ARM_GCC_Support/ewl/lib/armv6-m\libc.a(scanformat_.o)
 .comment       0x00000000       0x7a C:/Freescale/CW MCU v10.6/MCU/ARM_GCC_Support/ewl/lib/armv6-m\libc.a(ctype_aeabi.o)
 .comment       0x00000000       0x7a C:/Freescale/CW MCU v10.6/MCU/ARM_GCC_Support/ewl/lib/armv6-m\libc.a(__strtoul.o)
 .comment       0x00000000       0x7a C:/Freescale/CW MCU v10.6/MCU/ARM_GCC_Support/ewl/lib/armv6-m\libc.a(strchr.o)
 .comment       0x00000000       0x7a C:/Freescale/CW MCU v10.6/MCU/ARM_GCC_Support/ewl/lib/armv6-m\libc.a(strlen.o)
 .comment       0x00000000       0x7a C:/Freescale/CW MCU v10.6/MCU/ARM_GCC_Support/ewl/lib/armv6-m\libc.a(memchr.o)
 .comment       0x00000000       0x7a C:/Freescale/CW MCU v10.6/MCU/ARM_GCC_Support/ewl/lib/armv6-m\libm.a(w_pow.o)
 .comment       0x00000000       0x7a C:/Freescale/CW MCU v10.6/MCU/ARM_GCC_Support/ewl/lib/armv6-m\libm.a(e_pow.o)
 .comment       0x00000000       0x7a C:/Freescale/CW MCU v10.6/MCU/ARM_GCC_Support/ewl/lib/armv6-m\libm.a(scalbn.o)
 .comment       0x00000000       0x7a C:/Freescale/CW MCU v10.6/MCU/ARM_GCC_Support/ewl/lib/armv6-m\libm.a(w_sqrt.o)
 .comment       0x00000000       0x7a C:/Freescale/CW MCU v10.6/MCU/ARM_GCC_Support/ewl/lib/armv6-m\libm.a(math_api.o)
 .comment       0x00000000       0x7a C:/Freescale/CW MCU v10.6/MCU/ARM_GCC_Support/ewl/lib/armv6-m\libm.a(float.o)
 .comment       0x00000000       0x7a C:/Freescale/CW MCU v10.6/MCU/ARM_GCC_Support/ewl/lib/armv6-m\libm.a(s_frexp.o)
 .comment       0x00000000       0x7a C:/Freescale/CW MCU v10.6/MCU/ARM_GCC_Support/ewl/lib/armv6-m\libm.a(s_ldexp.o)
 .comment       0x00000000       0x7a C:/Freescale/CW MCU v10.6/MCU/ARM_GCC_Support/ewl/lib/armv6-m\libm.a(e_sqrt.o)
 .comment       0x00000000       0x7a C:/Freescale/CW MCU v10.6/MCU/ARM_GCC_Support/ewl/lib/armv6-m\librt.a(gcc_ctor_dtor.o)
 .comment       0x00000000       0x7a C:/Freescale/CW MCU v10.6/MCU/ARM_GCC_Support/ewl/lib/armv6-m\librt.a(__arm_eabi_init.o)
 .comment       0x00000000       0x7a C:/Freescale/CW MCU v10.6/MCU/ARM_GCC_Support/ewl/lib/armv6-m\librt.a(ROMCopy.o)
 .comment       0x00000000       0x7a C:/Freescale/CW MCU v10.6/MCU/ARM_GCC_Support/ewl/lib/armv6-m\libc.a(errno.o)

.debug_loc      0x00000000     0x4cfa
 .debug_loc     0x00000000      0x118 ./Generated_Code/TimerIntLdd2.o
 .debug_loc     0x00000118       0xe0 ./Generated_Code/TimerIntLdd1.o
 .debug_loc     0x000001f8      0x118 ./Generated_Code/TU2.o
 .debug_loc     0x00000310       0xe0 ./Generated_Code/TU1.o
 .debug_loc     0x000003f0       0x38 ./Generated_Code/TSL2561Timer.o
 .debug_loc     0x00000428       0x9c ./Generated_Code/PE_LDD.o
 .debug_loc     0x000004c4       0x38 ./Generated_Code/DHT22Timer.o
 .debug_loc     0x000004fc      0x1f8 ./Generated_Code/DHT22Pin.o
 .debug_loc     0x000006f4      0x14c ./Generated_Code/Cpu.o
 .debug_loc     0x00000840      0x150 ./Generated_Code/Bit1.o
 .debug_loc     0x00000990      0x150 ./Generated_Code/AS1.o
 .debug_loc     0x00000ae0       0x2c ./Project_Settings/Startup_Code/__arm_start.o
 .debug_loc     0x00000b0c       0x38 ./Project_Settings/Startup_Code/__arm_end.o
 .debug_loc     0x00000b44      0x11a ./Sources/CRYPTO_AES/crypto_aes.o
 .debug_loc     0x00000c5e       0x38 ./Sources/CRYPTO_AES/aes_ofb.o
 .debug_loc     0x00000c96       0x38 ./Sources/CRYPTO_AES/aes_ecb.o
 .debug_loc     0x00000cce       0x70 ./Sources/CRYPTO_AES/aes_ctr.o
 .debug_loc     0x00000d3e       0xe4 ./Sources/CRYPTO_AES/aes_core.o
 .debug_loc     0x00000e22       0xe2 ./Sources/CRYPTO_AES/aes_cfb.o
 .debug_loc     0x00000f04       0x38 ./Sources/CRYPTO_AES/aes_cbc.o
 .debug_loc     0x00000f3c       0x38 ./Sources/main.o
 .debug_loc     0x00000f74      0x144 ./Sources/i2c.o
 .debug_loc     0x000010b8       0x58 ./Sources/dht.o
 .debug_loc     0x00001110      0x1c8 ./Sources/TSL2561.o
 .debug_loc     0x000012d8      0x1bc ./Sources/Events.o
 .debug_loc     0x00001494       0x3e C:/Freescale/CW MCU v10.6/MCU/ARM_GCC_Support/ewl/lib/armv6-m\libc.a(exit.o)
 .debug_loc     0x000014d2       0x6f C:/Freescale/CW MCU v10.6/MCU/ARM_GCC_Support/ewl/lib/armv6-m\libc.a(memset.o)
 .debug_loc     0x00001541      0x14a C:/Freescale/CW MCU v10.6/MCU/ARM_GCC_Support/ewl/lib/armv6-m\libc.a(__filll_mem.o)
 .debug_loc     0x0000168b       0x59 C:/Freescale/CW MCU v10.6/MCU/ARM_GCC_Support/ewl/lib/armv6-m\libc.a(memcpy.o)
 .debug_loc     0x000016e4     0x104b C:/Freescale/CW MCU v10.6/MCU/ARM_GCC_Support/ewl/lib/armv6-m\libc.a(printformat_.o)
 .debug_loc     0x0000272f      0x9d8 C:/Freescale/CW MCU v10.6/MCU/ARM_GCC_Support/ewl/lib/armv6-m\libc.a(scanformat_.o)
 .debug_loc     0x00003107      0x30d C:/Freescale/CW MCU v10.6/MCU/ARM_GCC_Support/ewl/lib/armv6-m\libc.a(ctype_aeabi.o)
 .debug_loc     0x00003414      0x305 C:/Freescale/CW MCU v10.6/MCU/ARM_GCC_Support/ewl/lib/armv6-m\libc.a(__strtoul.o)
 .debug_loc     0x00003719       0xaf C:/Freescale/CW MCU v10.6/MCU/ARM_GCC_Support/ewl/lib/armv6-m\libc.a(strchr.o)
 .debug_loc     0x000037c8       0x33 C:/Freescale/CW MCU v10.6/MCU/ARM_GCC_Support/ewl/lib/armv6-m\libc.a(strlen.o)
 .debug_loc     0x000037fb       0x77 C:/Freescale/CW MCU v10.6/MCU/ARM_GCC_Support/ewl/lib/armv6-m\libc.a(memchr.o)
 .debug_loc     0x00003872       0x50 C:/Freescale/CW MCU v10.6/MCU/ARM_GCC_Support/ewl/lib/armv6-m\libm.a(w_pow.o)
 .debug_loc     0x000038c2      0x962 C:/Freescale/CW MCU v10.6/MCU/ARM_GCC_Support/ewl/lib/armv6-m\libm.a(e_pow.o)
 .debug_loc     0x00004224       0x6e C:/Freescale/CW MCU v10.6/MCU/ARM_GCC_Support/ewl/lib/armv6-m\libm.a(scalbn.o)
 .debug_loc     0x00004292       0x38 C:/Freescale/CW MCU v10.6/MCU/ARM_GCC_Support/ewl/lib/armv6-m\libm.a(w_sqrt.o)
 .debug_loc     0x000042ca      0x2d7 C:/Freescale/CW MCU v10.6/MCU/ARM_GCC_Support/ewl/lib/armv6-m\libm.a(math_api.o)
 .debug_loc     0x000045a1       0xc1 C:/Freescale/CW MCU v10.6/MCU/ARM_GCC_Support/ewl/lib/armv6-m\libm.a(s_frexp.o)
 .debug_loc     0x00004662      0x16b C:/Freescale/CW MCU v10.6/MCU/ARM_GCC_Support/ewl/lib/armv6-m\libm.a(s_ldexp.o)
 .debug_loc     0x000047cd      0x220 C:/Freescale/CW MCU v10.6/MCU/ARM_GCC_Support/ewl/lib/armv6-m\libm.a(e_sqrt.o)
 .debug_loc     0x000049ed       0x9d C:/Freescale/CW MCU v10.6/MCU/ARM_GCC_Support/ewl/lib/armv6-m\librt.a(gcc_ctor_dtor.o)
 .debug_loc     0x00004a8a      0x197 C:/Freescale/CW MCU v10.6/MCU/ARM_GCC_Support/ewl/lib/armv6-m\librt.a(__arm_eabi_init.o)
 .debug_loc     0x00004c21       0xd9 C:/Freescale/CW MCU v10.6/MCU/ARM_GCC_Support/ewl/lib/armv6-m\librt.a(ROMCopy.o)

.debug_frame    0x00000000     0x17e0
 .debug_frame   0x00000000       0xb0 ./Generated_Code/TimerIntLdd2.o
 .debug_frame   0x000000b0       0x90 ./Generated_Code/TimerIntLdd1.o
 .debug_frame   0x00000140       0xb0 ./Generated_Code/TU2.o
 .debug_frame   0x000001f0       0x90 ./Generated_Code/TU1.o
 .debug_frame   0x00000280       0x30 ./Generated_Code/TSL2561Timer.o
 .debug_frame   0x000002b0       0x6c ./Generated_Code/PE_LDD.o
 .debug_frame   0x0000031c       0x30 ./Generated_Code/DHT22Timer.o
 .debug_frame   0x0000034c      0x130 ./Generated_Code/DHT22Pin.o
 .debug_frame   0x0000047c       0xdc ./Generated_Code/Cpu.o
 .debug_frame   0x00000558       0xd0 ./Generated_Code/Bit1.o
 .debug_frame   0x00000628       0xd0 ./Generated_Code/AS1.o
 .debug_frame   0x000006f8       0x4c ./Project_Settings/Startup_Code/__arm_start.o
 .debug_frame   0x00000744       0x30 ./Project_Settings/Startup_Code/__arm_end.o
 .debug_frame   0x00000774       0xb0 ./Sources/CRYPTO_AES/crypto_aes.o
 .debug_frame   0x00000824       0x30 ./Sources/CRYPTO_AES/aes_ofb.o
 .debug_frame   0x00000854       0x30 ./Sources/CRYPTO_AES/aes_ecb.o
 .debug_frame   0x00000884       0x50 ./Sources/CRYPTO_AES/aes_ctr.o
 .debug_frame   0x000008d4       0x90 ./Sources/CRYPTO_AES/aes_core.o
 .debug_frame   0x00000964       0x90 ./Sources/CRYPTO_AES/aes_cfb.o
 .debug_frame   0x000009f4       0x30 ./Sources/CRYPTO_AES/aes_cbc.o
 .debug_frame   0x00000a24       0x30 ./Sources/main.o
 .debug_frame   0x00000a54       0xcc ./Sources/i2c.o
 .debug_frame   0x00000b20       0x48 ./Sources/dht.o
 .debug_frame   0x00000b68      0x124 ./Sources/TSL2561.o
 .debug_frame   0x00000c8c      0x11c ./Sources/Events.o
 .debug_frame   0x00000da8       0x2c C:/Freescale/CW MCU v10.6/MCU/ARM_GCC_Support/ewl/lib/armv6-m\libc.a(exit.o)
 .debug_frame   0x00000dd4       0x28 C:/Freescale/CW MCU v10.6/MCU/ARM_GCC_Support/ewl/lib/armv6-m\libc.a(memset.o)
 .debug_frame   0x00000dfc       0x2c C:/Freescale/CW MCU v10.6/MCU/ARM_GCC_Support/ewl/lib/armv6-m\libc.a(__filll_mem.o)
 .debug_frame   0x00000e28       0x28 C:/Freescale/CW MCU v10.6/MCU/ARM_GCC_Support/ewl/lib/armv6-m\libc.a(memcpy.o)
 .debug_frame   0x00000e50       0x54 C:/Freescale/CW MCU v10.6/MCU/ARM_GCC_Support/ewl/lib/armv6-m\libc.a(printformat_.o)
 .debug_frame   0x00000ea4       0x34 C:/Freescale/CW MCU v10.6/MCU/ARM_GCC_Support/ewl/lib/armv6-m\libc.a(scanformat_.o)
 .debug_frame   0x00000ed8      0x158 C:/Freescale/CW MCU v10.6/MCU/ARM_GCC_Support/ewl/lib/armv6-m\libc.a(ctype_aeabi.o)
 .debug_frame   0x00001030       0x30 C:/Freescale/CW MCU v10.6/MCU/ARM_GCC_Support/ewl/lib/armv6-m\libc.a(__strtoul.o)
 .debug_frame   0x00001060       0x28 C:/Freescale/CW MCU v10.6/MCU/ARM_GCC_Support/ewl/lib/armv6-m\libc.a(strchr.o)
 .debug_frame   0x00001088       0x28 C:/Freescale/CW MCU v10.6/MCU/ARM_GCC_Support/ewl/lib/armv6-m\libc.a(strlen.o)
 .debug_frame   0x000010b0       0x28 C:/Freescale/CW MCU v10.6/MCU/ARM_GCC_Support/ewl/lib/armv6-m\libc.a(memchr.o)
 .debug_frame   0x000010d8       0x28 C:/Freescale/CW MCU v10.6/MCU/ARM_GCC_Support/ewl/lib/armv6-m\libm.a(w_pow.o)
 .debug_frame   0x00001100       0x34 C:/Freescale/CW MCU v10.6/MCU/ARM_GCC_Support/ewl/lib/armv6-m\libm.a(e_pow.o)
 .debug_frame   0x00001134       0x2c C:/Freescale/CW MCU v10.6/MCU/ARM_GCC_Support/ewl/lib/armv6-m\libm.a(scalbn.o)
 .debug_frame   0x00001160       0x28 C:/Freescale/CW MCU v10.6/MCU/ARM_GCC_Support/ewl/lib/armv6-m\libm.a(w_sqrt.o)
 .debug_frame   0x00001188       0xe0 C:/Freescale/CW MCU v10.6/MCU/ARM_GCC_Support/ewl/lib/armv6-m\libm.a(math_api.o)
 .debug_frame   0x00001268       0x2c C:/Freescale/CW MCU v10.6/MCU/ARM_GCC_Support/ewl/lib/armv6-m\libm.a(s_frexp.o)
 .debug_frame   0x00001294       0x30 C:/Freescale/CW MCU v10.6/MCU/ARM_GCC_Support/ewl/lib/armv6-m\libm.a(s_ldexp.o)
 .debug_frame   0x000012c4       0x30 C:/Freescale/CW MCU v10.6/MCU/ARM_GCC_Support/ewl/lib/armv6-m\libm.a(e_sqrt.o)
 .debug_frame   0x000012f4       0x20 c:/freescale/cw mcu v10.6/cross_tools/arm-none-eabi-gcc-4_7_3/bin/../lib/gcc/arm-none-eabi/4.7.3/armv6-m\libgcc.a(_udivsi3.o)
 .debug_frame   0x00001314       0x28 c:/freescale/cw mcu v10.6/cross_tools/arm-none-eabi-gcc-4_7_3/bin/../lib/gcc/arm-none-eabi/4.7.3/armv6-m\libgcc.a(_fixunssfsi.o)
 .debug_frame   0x0000133c       0x2c c:/freescale/cw mcu v10.6/cross_tools/arm-none-eabi-gcc-4_7_3/bin/../lib/gcc/arm-none-eabi/4.7.3/armv6-m\libgcc.a(eqsf2.o)
 .debug_frame   0x00001368       0x30 c:/freescale/cw mcu v10.6/cross_tools/arm-none-eabi-gcc-4_7_3/bin/../lib/gcc/arm-none-eabi/4.7.3/armv6-m\libgcc.a(gesf2.o)
 .debug_frame   0x00001398       0x30 c:/freescale/cw mcu v10.6/cross_tools/arm-none-eabi-gcc-4_7_3/bin/../lib/gcc/arm-none-eabi/4.7.3/armv6-m\libgcc.a(lesf2.o)
 .debug_frame   0x000013c8       0x30 c:/freescale/cw mcu v10.6/cross_tools/arm-none-eabi-gcc-4_7_3/bin/../lib/gcc/arm-none-eabi/4.7.3/armv6-m\libgcc.a(subsf3.o)
 .debug_frame   0x000013f8       0x28 c:/freescale/cw mcu v10.6/cross_tools/arm-none-eabi-gcc-4_7_3/bin/../lib/gcc/arm-none-eabi/4.7.3/armv6-m\libgcc.a(fixsfsi.o)
 .debug_frame   0x00001420       0x2c c:/freescale/cw mcu v10.6/cross_tools/arm-none-eabi-gcc-4_7_3/bin/../lib/gcc/arm-none-eabi/4.7.3/armv6-m\libgcc.a(floatsisf.o)
 .debug_frame   0x0000144c       0x28 c:/freescale/cw mcu v10.6/cross_tools/arm-none-eabi-gcc-4_7_3/bin/../lib/gcc/arm-none-eabi/4.7.3/armv6-m\libgcc.a(floatunsisf.o)
 .debug_frame   0x00001474       0x3c c:/freescale/cw mcu v10.6/cross_tools/arm-none-eabi-gcc-4_7_3/bin/../lib/gcc/arm-none-eabi/4.7.3/armv6-m\libgcc.a(adddf3.o)
 .debug_frame   0x000014b0       0x3c c:/freescale/cw mcu v10.6/cross_tools/arm-none-eabi-gcc-4_7_3/bin/../lib/gcc/arm-none-eabi/4.7.3/armv6-m\libgcc.a(divdf3.o)
 .debug_frame   0x000014ec       0x34 c:/freescale/cw mcu v10.6/cross_tools/arm-none-eabi-gcc-4_7_3/bin/../lib/gcc/arm-none-eabi/4.7.3/armv6-m\libgcc.a(eqdf2.o)
 .debug_frame   0x00001520       0x38 c:/freescale/cw mcu v10.6/cross_tools/arm-none-eabi-gcc-4_7_3/bin/../lib/gcc/arm-none-eabi/4.7.3/armv6-m\libgcc.a(gedf2.o)
 .debug_frame   0x00001558       0x38 c:/freescale/cw mcu v10.6/cross_tools/arm-none-eabi-gcc-4_7_3/bin/../lib/gcc/arm-none-eabi/4.7.3/armv6-m\libgcc.a(ledf2.o)
 .debug_frame   0x00001590       0x3c c:/freescale/cw mcu v10.6/cross_tools/arm-none-eabi-gcc-4_7_3/bin/../lib/gcc/arm-none-eabi/4.7.3/armv6-m\libgcc.a(muldf3.o)
 .debug_frame   0x000015cc       0x38 c:/freescale/cw mcu v10.6/cross_tools/arm-none-eabi-gcc-4_7_3/bin/../lib/gcc/arm-none-eabi/4.7.3/armv6-m\libgcc.a(subdf3.o)
 .debug_frame   0x00001604       0x30 c:/freescale/cw mcu v10.6/cross_tools/arm-none-eabi-gcc-4_7_3/bin/../lib/gcc/arm-none-eabi/4.7.3/armv6-m\libgcc.a(floatsidf.o)
 .debug_frame   0x00001634       0x2c c:/freescale/cw mcu v10.6/cross_tools/arm-none-eabi-gcc-4_7_3/bin/../lib/gcc/arm-none-eabi/4.7.3/armv6-m\libgcc.a(extendsfdf2.o)
 .debug_frame   0x00001660       0x30 c:/freescale/cw mcu v10.6/cross_tools/arm-none-eabi-gcc-4_7_3/bin/../lib/gcc/arm-none-eabi/4.7.3/armv6-m\libgcc.a(truncdfsf2.o)
 .debug_frame   0x00001690       0x40 C:/Freescale/CW MCU v10.6/MCU/ARM_GCC_Support/ewl/lib/armv6-m\librt.a(gcc_ctor_dtor.o)
 .debug_frame   0x000016d0       0xbc C:/Freescale/CW MCU v10.6/MCU/ARM_GCC_Support/ewl/lib/armv6-m\librt.a(__arm_eabi_init.o)
 .debug_frame   0x0000178c       0x54 C:/Freescale/CW MCU v10.6/MCU/ARM_GCC_Support/ewl/lib/armv6-m\librt.a(ROMCopy.o)
