   1              	# 1 "../Startup/startup_XMC4500.s"
   1              	/*****************************************************************************/
   0              	
   2              	/* Startup_XMC4500.s: Startup file for XMC4500 device series                 */
   3              	/*****************************************************************************/
   4              	
   5              	/* ********************* Version History *********************************** */
   6              	/* ***************************************************************************
   7              	V1.0 , July 2011, First version for XIP profile
   8              	V1.1 , Oct  2011, Program loading code included (GH: b to main changed)
   9              	V1.2 , Nov, 01, 2011 GH :Removed second definition of section .Xmc4500.reset
  10              	                         at line 186. 
  11              	V1.3 , Nov, 16, 2011 GH :Removed PMU0_1_IRQHandler and respective weak function
  12              	                         declaration.
  13              	V1.4 , Dec, 16, 2011 PKB:Jump to __Xmc4500_start_c reinstated for RTOS integration
  14              	V1.5 , Jan, 10, 2012 PKB:Migrated to GCC from ARM
  15              	V1.6 , Jan, 16, 2012 PKB:Branch prediction turned off, Parity errors cleared.
  16              	V1.7 , Apr, 17, 2012 PKB:Added decision function for PLL initialization  
  17              	V1.8 , Apr, 20, 2012 PKB:Handshake with DAVE code engine added  
  18              	V1.9 , Jun, 14, 2012 PKB:Removed the handshake protocol towards simplification  
  19              	V1.10, Aug, 13, 2012 PKB:Flash Wait states handling  
  20              	V1.11, Oct, 11, 2012 PKB:C++ support. Call to global constructors  
  21              	V1.12, Jan, 23, 2013 PKB:XMC4 Prefetch bug workaround  
  22              	**************************************************************************** */
  23              	/**
  24              	* @file     Startup_XMC4500.s
  25              	*           XMC4000 Device Series
  26              	* @version  V1.12
  27              	* @date     Jan 2013
  28              	*
  29              	Copyright (C) 2013 Infineon Technologies AG. All rights reserved.
  30              	*
  31              	*
  32              	* @par
  33              	* Infineon Technologies AG (Infineon) is supplying this software for use with 
  34              	* Infineon's microcontrollers.  This file can be freely distributed
  35              	* within development tools that are supporting such microcontrollers.
  36              	*
  37              	* @par
  38              	* THIS SOFTWARE IS PROVIDED AS IS.  NO WARRANTIES, WHETHER EXPRESS, IMPLIED
  39              	* OR STATUTORY, INCLUDING, BUT NOT LIMITED TO, IMPLIED WARRANTIES OF
  40              	* MERCHANTABILITY AND FITNESS FOR A PARTICULAR PURPOSE APPLY TO THIS SOFTWARE.
  41              	* ARM SHALL NOT, IN ANY CIRCUMSTANCES, BE LIABLE FOR SPECIAL, INCIDENTAL, OR
  42              	* CONSEQUENTIAL DAMAGES, FOR ANY REASON WHATSOEVER.
  43              	*
  44              	******************************************************************************/
  45              	#include <uc_id.inc>
   1              	/*************************************************************************** */
  46              	
  47              	/* ===========START : MACRO DEFINITION MACRO DEFINITION ================== */
  48              	/*
  49              	 * STEP_AB and below have the prefetch bug. A veneer defined below will first
  50              	 * be executed which in turn branches to the final exception handler.
  51              	 * 
  52              	 * In addition to defining the veneers, the vector table must for these buggy
  53              	 * devices contain the veneers. 
  54              	 */
  55              	 
  56              	/* A macro to setup a vector table entry based on STEP ID */ 
  57              	.macro Entry Handler
  58              	 #if (UC_STEP > STEP_AB)
  59              	   .long \Handler
  60              	 #else
  61              	   .long \Handler\()_Veneer
  62              	 #endif
  63              	.endm
  64              	
  65              	/* A macro to ease definition of the various handlers based on STEP ID */
  66              	#if (UC_STEP <= STEP_AB)
  67              	 /* First define the final exception handler */
  68              	 .macro Insert_ExceptionHandler Handler_Func 
  69              	  .weak \Handler_Func
  71              	  \Handler_Func:
  72              	  B .
  74              	
  75              	  /* And then define a veneer that will branch to the final excp handler */
  76              	  .weak \Handler_Func\()_Veneer
  78              	  \Handler_Func\()_Veneer:
  79              	  LDR     R0, =\Handler_Func
  80              	  PUSH    {LR}
  81              	  BLX     R0
  82              	  POP     {PC}
  84              	 .endm
  85              	#else
  86              	 /* No prefetch bug, hence define only the final exception handler */
  87              	 .macro Insert_ExceptionHandler Handler_Func 
  88              	  .weak \Handler_Func
  90              	  \Handler_Func:
  91              	  B .
  93              	 .endm
  94              	#endif 
  95              	/* =============END : MACRO DEFINITION MACRO DEFINITION ================== */
  96              	
  97              	/* ================== START OF VECTOR TABLE DEFINITION ====================== */
  98              	/* Vector Table - This gets programed into VTOR register by onchip BootROM */
  99              	    .syntax unified
 100              	
 101              	    .section ".Xmc4500.reset"
 102              	    .globl  __Xmc4500_interrupt_vector_cortex_m
 104              	
 105              	__Xmc4500_interrupt_vector_cortex_m:
 106 0000 00000000 	    .long   __Xmc4500_stack             /* Top of Stack                 */
 107 0004 00000000 	    .long   __Xmc4500_reset_cortex_m    /* Reset Handler                */
 108              	
 109 0008 00000000 	    Entry   NMI_Handler                 /* NMI Handler                  */
 110 000c 00000000 	    Entry   HardFault_Handler           /* Hard Fault Handler           */
 111 0010 00000000 	    Entry   MemManage_Handler           /* MPU Fault Handler            */
 112 0014 00000000 	    Entry   BusFault_Handler            /* Bus Fault Handler            */
 113 0018 00000000 	    Entry   UsageFault_Handler          /* Usage Fault Handler          */
 114 001c 00000000 	    .long   0                           /* Reserved                     */
 115 0020 00000000 	    .long   0                           /* Reserved                     */
 116 0024 00000000 	    .long   0                           /* Reserved                     */
 117 0028 00000000 	    .long   0                           /* Reserved                     */
 118 002c 00000000 	    Entry   SVC_Handler                 /* SVCall Handler               */
 119 0030 00000000 	    Entry   DebugMon_Handler            /* Debug Monitor Handler        */
 120 0034 00000000 	    .long   0                           /* Reserved                     */
 121 0038 00000000 	    Entry   PendSV_Handler              /* PendSV Handler               */
 122 003c 00000000 	    Entry   SysTick_Handler             /* SysTick Handler              */
 123              	
 124              	    /* Interrupt Handlers for Service Requests (SR) from XMC4500 Peripherals */
 125 0040 00000000 	    Entry   SCU_0_IRQHandler            /* Handler name for SR SCU_0     */
 126 0044 00000000 	    Entry   ERU0_0_IRQHandler           /* Handler name for SR ERU0_0    */
 127 0048 00000000 	    Entry   ERU0_1_IRQHandler           /* Handler name for SR ERU0_1    */
 128 004c 00000000 	    Entry   ERU0_2_IRQHandler           /* Handler name for SR ERU0_2    */
 129 0050 00000000 	    Entry   ERU0_3_IRQHandler           /* Handler name for SR ERU0_3    */ 
 130 0054 00000000 	    Entry   ERU1_0_IRQHandler           /* Handler name for SR ERU1_0    */
 131 0058 00000000 	    Entry   ERU1_1_IRQHandler           /* Handler name for SR ERU1_1    */
 132 005c 00000000 	    Entry   ERU1_2_IRQHandler           /* Handler name for SR ERU1_2    */
 133 0060 00000000 	    Entry   ERU1_3_IRQHandler           /* Handler name for SR ERU1_3    */
 134 0064 00000000 	    .long   0                           /* Not Available                 */
 135 0068 00000000 	    .long   0                           /* Not Available                 */
 136 006c 00000000 	    .long   0                           /* Not Available                 */
 137 0070 00000000 	    Entry   PMU0_0_IRQHandler           /* Handler name for SR PMU0_0    */
 138 0074 00000000 	    .long   0                           /* Not Available                 */
 139 0078 00000000 	    Entry   VADC0_C0_0_IRQHandler       /* Handler name for SR VADC0_C0_0  */
 140 007c 00000000 	    Entry   VADC0_C0_1_IRQHandler       /* Handler name for SR VADC0_C0_1  */
 141 0080 00000000 	    Entry   VADC0_C0_2_IRQHandler       /* Handler name for SR VADC0_C0_1  */
 142 0084 00000000 	    Entry   VADC0_C0_3_IRQHandler       /* Handler name for SR VADC0_C0_3  */
 143 0088 00000000 	    Entry   VADC0_G0_0_IRQHandler       /* Handler name for SR VADC0_G0_0  */
 144 008c 00000000 	    Entry   VADC0_G0_1_IRQHandler       /* Handler name for SR VADC0_G0_1  */
 145 0090 00000000 	    Entry   VADC0_G0_2_IRQHandler       /* Handler name for SR VADC0_G0_2  */
 146 0094 00000000 	    Entry   VADC0_G0_3_IRQHandler       /* Handler name for SR VADC0_G0_3  */
 147 0098 00000000 	    Entry   VADC0_G1_0_IRQHandler       /* Handler name for SR VADC0_G1_0  */
 148 009c 00000000 	    Entry   VADC0_G1_1_IRQHandler       /* Handler name for SR VADC0_G1_1  */
 149 00a0 00000000 	    Entry   VADC0_G1_2_IRQHandler       /* Handler name for SR VADC0_G1_2  */
 150 00a4 00000000 	    Entry   VADC0_G1_3_IRQHandler       /* Handler name for SR VADC0_G1_3  */
 151 00a8 00000000 	    Entry   VADC0_G2_0_IRQHandler       /* Handler name for SR VADC0_G2_0  */
 152 00ac 00000000 	    Entry   VADC0_G2_1_IRQHandler       /* Handler name for SR VADC0_G2_1  */
 153 00b0 00000000 	    Entry   VADC0_G2_2_IRQHandler       /* Handler name for SR VADC0_G2_2  */
 154 00b4 00000000 	    Entry   VADC0_G2_3_IRQHandler       /* Handler name for SR VADC0_G2_3  */
 155 00b8 00000000 	    Entry   VADC0_G3_0_IRQHandler       /* Handler name for SR VADC0_G3_0  */
 156 00bc 00000000 	    Entry   VADC0_G3_1_IRQHandler       /* Handler name for SR VADC0_G3_1  */
 157 00c0 00000000 	    Entry   VADC0_G3_2_IRQHandler       /* Handler name for SR VADC0_G3_2  */
 158 00c4 00000000 	    Entry   VADC0_G3_3_IRQHandler       /* Handler name for SR VADC0_G3_3  */
 159 00c8 00000000 	    Entry   DSD0_0_IRQHandler           /* Handler name for SR DSD0_0    */
 160 00cc 00000000 	    Entry   DSD0_1_IRQHandler           /* Handler name for SR DSD0_1    */
 161 00d0 00000000 	    Entry   DSD0_2_IRQHandler           /* Handler name for SR DSD0_2    */
 162 00d4 00000000 	    Entry   DSD0_3_IRQHandler           /* Handler name for SR DSD0_3    */
 163 00d8 00000000 	    Entry   DSD0_4_IRQHandler           /* Handler name for SR DSD0_4    */
 164 00dc 00000000 	    Entry   DSD0_5_IRQHandler           /* Handler name for SR DSD0_5    */
 165 00e0 00000000 	    Entry   DSD0_6_IRQHandler           /* Handler name for SR DSD0_6    */
 166 00e4 00000000 	    Entry   DSD0_7_IRQHandler           /* Handler name for SR DSD0_7    */
 167 00e8 00000000 	    Entry   DAC0_0_IRQHandler           /* Handler name for SR DAC0_0    */
 168 00ec 00000000 	    Entry   DAC0_1_IRQHandler           /* Handler name for SR DAC0_0    */
 169 00f0 00000000 	    Entry   CCU40_0_IRQHandler          /* Handler name for SR CCU40_0   */
 170 00f4 00000000 	    Entry   CCU40_1_IRQHandler          /* Handler name for SR CCU40_1   */
 171 00f8 00000000 	    Entry   CCU40_2_IRQHandler          /* Handler name for SR CCU40_2   */
 172 00fc 00000000 	    Entry   CCU40_3_IRQHandler          /* Handler name for SR CCU40_3   */
 173 0100 00000000 	    Entry   CCU41_0_IRQHandler          /* Handler name for SR CCU41_0   */
 174 0104 00000000 	    Entry   CCU41_1_IRQHandler          /* Handler name for SR CCU41_1   */
 175 0108 00000000 	    Entry   CCU41_2_IRQHandler          /* Handler name for SR CCU41_2   */
 176 010c 00000000 	    Entry   CCU41_3_IRQHandler          /* Handler name for SR CCU41_3   */
 177 0110 00000000 	    Entry   CCU42_0_IRQHandler          /* Handler name for SR CCU42_0   */
 178 0114 00000000 	    Entry   CCU42_1_IRQHandler          /* Handler name for SR CCU42_1   */
 179 0118 00000000 	    Entry   CCU42_2_IRQHandler          /* Handler name for SR CCU42_2   */
 180 011c 00000000 	    Entry   CCU42_3_IRQHandler          /* Handler name for SR CCU42_3   */
 181 0120 00000000 	    Entry   CCU43_0_IRQHandler          /* Handler name for SR CCU43_0   */
 182 0124 00000000 	    Entry   CCU43_1_IRQHandler          /* Handler name for SR CCU43_1   */
 183 0128 00000000 	    Entry   CCU43_2_IRQHandler          /* Handler name for SR CCU43_2   */
 184 012c 00000000 	    Entry   CCU43_3_IRQHandler          /* Handler name for SR CCU43_3   */
 185 0130 00000000 	    Entry   CCU80_0_IRQHandler          /* Handler name for SR CCU80_0   */
 186 0134 00000000 	    Entry   CCU80_1_IRQHandler          /* Handler name for SR CCU80_1   */
 187 0138 00000000 	    Entry   CCU80_2_IRQHandler          /* Handler name for SR CCU80_2   */
 188 013c 00000000 	    Entry   CCU80_3_IRQHandler          /* Handler name for SR CCU80_3   */
 189 0140 00000000 	    Entry   CCU81_0_IRQHandler          /* Handler name for SR CCU81_0   */
 190 0144 00000000 	    Entry   CCU81_1_IRQHandler          /* Handler name for SR CCU81_1   */
 191 0148 00000000 	    Entry   CCU81_2_IRQHandler          /* Handler name for SR CCU81_2   */
 192 014c 00000000 	    Entry   CCU81_3_IRQHandler          /* Handler name for SR CCU81_3   */
 193 0150 00000000 	    Entry   POSIF0_0_IRQHandler         /* Handler name for SR POSIF0_0  */
 194 0154 00000000 	    Entry   POSIF0_1_IRQHandler         /* Handler name for SR POSIF0_1  */
 195 0158 00000000 	    Entry   POSIF1_0_IRQHandler         /* Handler name for SR POSIF1_0  */
 196 015c 00000000 	    Entry   POSIF1_1_IRQHandler         /* Handler name for SR POSIF1_1  */
 197 0160 00000000 	    .long   0                           /* Not Available                 */
 198 0164 00000000 	    .long   0                           /* Not Available                 */
 199 0168 00000000 	    .long   0                           /* Not Available                 */
 200 016c 00000000 	    .long   0                           /* Not Available                 */
 201 0170 00000000 	    Entry   CAN0_0_IRQHandler           /* Handler name for SR CAN0_0    */
 202 0174 00000000 	    Entry   CAN0_1_IRQHandler           /* Handler name for SR CAN0_1    */
 203 0178 00000000 	    Entry   CAN0_2_IRQHandler           /* Handler name for SR CAN0_2    */
 204 017c 00000000 	    Entry   CAN0_3_IRQHandler           /* Handler name for SR CAN0_3    */
 205 0180 00000000 	    Entry   CAN0_4_IRQHandler           /* Handler name for SR CAN0_4    */
 206 0184 00000000 	    Entry   CAN0_5_IRQHandler           /* Handler name for SR CAN0_5    */
 207 0188 00000000 	    Entry   CAN0_6_IRQHandler           /* Handler name for SR CAN0_6    */
 208 018c 00000000 	    Entry   CAN0_7_IRQHandler           /* Handler name for SR CAN0_7    */
 209 0190 00000000 	    Entry   USIC0_0_IRQHandler          /* Handler name for SR USIC0_0   */
 210 0194 00000000 	    Entry   USIC0_1_IRQHandler          /* Handler name for SR USIC0_1   */
 211 0198 00000000 	    Entry   USIC0_2_IRQHandler          /* Handler name for SR USIC0_2   */
 212 019c 00000000 	    Entry   USIC0_3_IRQHandler          /* Handler name for SR USIC0_3   */
 213 01a0 00000000 	    Entry   USIC0_4_IRQHandler          /* Handler name for SR USIC0_4   */
 214 01a4 00000000 	    Entry   USIC0_5_IRQHandler          /* Handler name for SR USIC0_5   */
 215 01a8 00000000 	    Entry   USIC1_0_IRQHandler          /* Handler name for SR USIC1_0   */
 216 01ac 00000000 	    Entry   USIC1_1_IRQHandler          /* Handler name for SR USIC1_1   */
 217 01b0 00000000 	    Entry   USIC1_2_IRQHandler          /* Handler name for SR USIC1_2   */
 218 01b4 00000000 	    Entry   USIC1_3_IRQHandler          /* Handler name for SR USIC1_3   */
 219 01b8 00000000 	    Entry   USIC1_4_IRQHandler          /* Handler name for SR USIC1_4   */
 220 01bc 00000000 	    Entry   USIC1_5_IRQHandler          /* Handler name for SR USIC1_5   */
 221 01c0 00000000 	    Entry   USIC2_0_IRQHandler          /* Handler name for SR USIC2_0   */
 222 01c4 00000000 	    Entry   USIC2_1_IRQHandler          /* Handler name for SR USIC2_1   */
 223 01c8 00000000 	    Entry   USIC2_2_IRQHandler          /* Handler name for SR USIC2_2   */
 224 01cc 00000000 	    Entry   USIC2_3_IRQHandler          /* Handler name for SR USIC2_3   */
 225 01d0 00000000 	    Entry   USIC2_4_IRQHandler          /* Handler name for SR USIC2_4   */
 226 01d4 00000000 	    Entry   USIC2_5_IRQHandler          /* Handler name for SR USIC2_5   */
 227 01d8 00000000 	    Entry   LEDTS0_0_IRQHandler         /* Handler name for SR LEDTS0_0  */
 228 01dc 00000000 	    .long   0                           /* Not Available                 */
 229 01e0 00000000 	    Entry   FCE0_0_IRQHandler           /* Handler name for SR FCE0_0    */
 230 01e4 00000000 	    Entry   GPDMA0_0_IRQHandler         /* Handler name for SR GPDMA0_0  */
 231 01e8 00000000 	    Entry   SDMMC0_0_IRQHandler         /* Handler name for SR SDMMC0_0  */
 232 01ec 00000000 	    Entry   USB0_0_IRQHandler           /* Handler name for SR USB0_0    */
 233 01f0 00000000 	    Entry   ETH0_0_IRQHandler           /* Handler name for SR ETH0_0    */
 234 01f4 00000000 	    .long   0                           /* Not Available                 */
 235 01f8 00000000 	    Entry   GPDMA1_0_IRQHandler         /* Handler name for SR GPDMA1_0  */
 236 01fc 00000000 	    .long   0                           /* Not Available                 */
 237              	
 239              	/* ================== END OF VECTOR TABLE DEFINITION ======================= */
 240              	
 241              	/* ================== START OF VECTOR ROUTINES ============================= */
 242              	    .thumb
 243              	/* ======================================================================== */
 244              	/* Reset Handler */
 245              	
 246              	    .thumb_func
 247              	    .globl  __Xmc4500_reset_cortex_m
 249              	__Xmc4500_reset_cortex_m:
 250              	    .fnstart
 251              	
 252              	    /* C routines are likely to be called. Setup the stack now */
 253              	    /* This is already setup by BootROM,hence this step is optional */ 
 254 0200 DFF80CD0 	    LDR SP,=__Xmc4500_stack
 255              	
 256              	    /* Clock tree, External memory setup etc may be done here */    
 257 0204 0348     	    LDR     R0, =SystemInit
 258 0206 8047     	    BLX     R0
 259              	
 260              	/* 
 261              	   SystemInit_DAVE3() is provided by DAVE3 code generation engine. It is  
 262              	   weakly defined here though for a potential override.
 263              	*/
 264 0208 0348     	    LDR     R0, =SystemInit_DAVE3     
 265 020a 8047     	    BLX     R0
 266              	
 267 020c FFF7FEBF 	    B       __Xmc4500_Program_Loader 
 268              	    
 269 0210 00000000 	    .pool
 269      00000000 
 269      00000000 
 270              	    .cantunwind
 271              	    .fnend
 273              	/* ======================================================================== */
 274              	/* __Xmc4500_reset must yield control to __Xmc4500_Program_Loader before control
 275              	   to C land is given */
 276              	   .section .Xmc4500.postreset,"x",%progbits
 277              	   __Xmc4500_Program_Loader:
 278              	   .fnstart
 279              	   /* Memories are accessible now*/
 280              	   
 281              	   /* DATA COPY */
 282              	   /* R0 = Start address, R1 = Destination address, R2 = Size */
 283 0000 1E48     	   LDR R0, =eROData
 284 0002 1F49     	   LDR R1, =__Xmc4500_sData
 285 0004 1F4A     	   LDR R2, =__Xmc4500_Data_Size
 286              	
 287              	   /* Is there anything to be copied? */
 288 0006 002A     	   CMP R2,#0
 289 0008 00F01280 	   BEQ SKIPCOPY
 290              	   
 291              	   /* For bytecount less than 4, at least 1 word must be copied */
 292 000c 042A     	   CMP R2,#4
 293 000e 80F00280 	   BCS STARTCOPY
 294              	   
 295              	   /* Byte count < 4 ; so bump it up */
 296 0012 4FF00402 	   MOV R2,#4
 297              	
 298              	STARTCOPY:
 299              	   /* 
 300              	      R2 contains byte count. Change it to word count. It is ensured in the 
 301              	      linker script that the length is always word aligned.
 302              	   */
 303 0016 4FEA9202 	   LSR R2,R2,#2 /* Divide by 4 to obtain word count */
 304              	
 305              	   /* The proverbial loop from the schooldays */
 306              	COPYLOOP:
 307 001a 0368     	   LDR R3,[R0]
 308 001c 0B60     	   STR R3,[R1]
 309 001e 013A     	   SUBS R2,#1
 310 0020 00F00680 	   BEQ SKIPCOPY
 311 0024 00F10400 	   ADD R0,#4
 312 0028 01F10401 	   ADD R1,#4
 313 002c FFF7F5BF 	   B COPYLOOP
 314              	    
 315              	SKIPCOPY:
 316              	   /* BSS CLEAR */
 317 0030 1548     	   LDR R0, =__Xmc4500_sBSS     /* Start of BSS */
 318 0032 1649     	   LDR R1, =__Xmc4500_BSS_Size /* BSS size in bytes */
 319              	
 320              	   /* Find out if there are items assigned to BSS */   
 321 0034 0029     	   CMP R1,#0 
 322 0036 00F01180 	   BEQ SKIPCLEAR
 323              	
 324              	   /* At least 1 word must be copied */
 325 003a 0429     	   CMP R1,#4
 326 003c 80F00280 	   BCS STARTCLEAR
 327              	   
 328              	   /* Byte count < 4 ; so bump it up to a word*/
 329 0040 4FF00401 	   MOV R1,#4
 330              	
 331              	STARTCLEAR:
 332 0044 4FEA9101 	   LSR R1,R1,#2            /* BSS size in words */
 333              	   
 334 0048 4FF00002 	   MOV R2,#0
 335              	CLEARLOOP:
 336 004c 0260     	   STR R2,[R0]
 337 004e 0139     	   SUBS R1,#1
 338 0050 00F00480 	   BEQ SKIPCLEAR
 339 0054 00F10400 	   ADD R0,#4
 340 0058 FFF7F8BF 	   B CLEARLOOP
 341              	    
 342              	SKIPCLEAR:
 343              	   /* Remap vector table */
 344              	   /* This is already setup by BootROM,hence this step is optional */ 
 345 005c 0C48     	   LDR R0, =__Xmc4500_interrupt_vector_cortex_m 
 346 005e 0D49     	   LDR R1, =SCB_VTOR
 347 0060 0860     	   STR R0,[R1]
 348              	   
 349              	   /* Update System Clock */
 350 0062 0D48     	   LDR R0,=SystemCoreClockUpdate
 351 0064 8047     	   BLX R0
 352              	 
 353              	   /* C++ : Call global constructors */
 354 0066 0D48     	   LDR R0,=__libc_init_array
 355 0068 8047     	   BLX R0
 356              	
 357              	   /* Reset stack pointer before zipping off to user application, Optional */
 358 006a DFF834D0 	   LDR SP,=__Xmc4500_stack 
 359 006e 4FF00000 	   MOV R0,#0
 360 0072 4FF00001 	   MOV R1,#0
 361 0076 DFF82CF0 	   LDR PC, =main
 362 007a 00000000 	   .pool
 362      00000000 
 362      00000000 
 362      00000000 
 362      00000000 
 363              	   .cantunwind
 364              	   .fnend
 366              	/* ======================================================================== */
 367              	/* ========== START OF EXCEPTION HANDLER DEFINITION ======================== */
 368              	
 369              	
 370              	/* Default exception Handlers - Users may override this default functionality by
 371              	   defining handlers of the same name in their C code */
 372              	    .thumb
 373              	    .text
 374              	
 375 0000 FEE7DFF8 	     Insert_ExceptionHandler NMI_Handler
 375      6C0400B5 
 375      804700BD 
 376              	/* ======================================================================== */
 377 000c FEE7DFF8 	     Insert_ExceptionHandler HardFault_Handler
 377      640400B5 
 377      804700BD 
 378              	/* ======================================================================== */
 379 0018 FEE7DFF8 	     Insert_ExceptionHandler MemManage_Handler
 379      5C0400B5 
 379      804700BD 
 380              	/* ======================================================================== */
 381 0024 FEE7DFF8 	     Insert_ExceptionHandler BusFault_Handler
 381      540400B5 
 381      804700BD 
 382              	/* ======================================================================== */
 383 0030 FEE7DFF8 	     Insert_ExceptionHandler UsageFault_Handler
 383      4C0400B5 
 383      804700BD 
 384              	/* ======================================================================== */
 385 003c FEE7DFF8 	     Insert_ExceptionHandler SVC_Handler
 385      440400B5 
 385      804700BD 
 386              	/* ======================================================================== */
 387 0048 FEE7DFF8 	     Insert_ExceptionHandler DebugMon_Handler
 387      3C0400B5 
 387      804700BD 
 388              	/* ======================================================================== */
 389 0054 FEE7DFF8 	     Insert_ExceptionHandler PendSV_Handler
 389      340400B5 
 389      804700BD 
 390              	/* ======================================================================== */
 391 0060 FEE7DFF8 	     Insert_ExceptionHandler SysTick_Handler
 391      2C0400B5 
 391      804700BD 
 392              	
 393              	/* ============= END OF EXCEPTION HANDLER DEFINITION ======================== */
 394              	
 395              	/* ============= START OF INTERRUPT HANDLER DEFINITION ====================== */
 396              	
 397              	/* IRQ Handlers */
 398 006c FEE7DFF8 	     Insert_ExceptionHandler SCU_0_IRQHandler
 398      240400B5 
 398      804700BD 
 399              	/* ======================================================================== */
 400 0078 FEE7DFF8 	     Insert_ExceptionHandler ERU0_0_IRQHandler
 400      1C0400B5 
 400      804700BD 
 401              	/* ======================================================================== */
 402 0084 FEE7DFF8 	     Insert_ExceptionHandler ERU0_1_IRQHandler
 402      140400B5 
 402      804700BD 
 403              	/* ======================================================================== */
 404 0090 FEE7DFF8 	     Insert_ExceptionHandler ERU0_2_IRQHandler
 404      0C0400B5 
 404      804700BD 
 405              	/* ======================================================================== */
 406 009c FEE7DFF8 	     Insert_ExceptionHandler ERU0_3_IRQHandler
 406      040400B5 
 406      804700BD 
 407              	/* ======================================================================== */
 408 00a8 FEE7FF48 	     Insert_ExceptionHandler ERU1_0_IRQHandler
 408      00B58047 
 408      00BD
 409              	/* ======================================================================== */
 410 00b2 FEE7FD48 	     Insert_ExceptionHandler ERU1_1_IRQHandler
 410      00B58047 
 410      00BD
 411              	/* ======================================================================== */
 412 00bc FEE7FC48 	     Insert_ExceptionHandler ERU1_2_IRQHandler
 412      00B58047 
 412      00BD
 413              	/* ======================================================================== */
 414 00c6 FEE7FA48 	     Insert_ExceptionHandler ERU1_3_IRQHandler
 414      00B58047 
 414      00BD
 415              	/* ======================================================================== */
 416 00d0 FEE7F948 	     Insert_ExceptionHandler PMU0_0_IRQHandler
 416      00B58047 
 416      00BD
 417              	/* ======================================================================== */
 418 00da FEE7F748 	     Insert_ExceptionHandler VADC0_C0_0_IRQHandler
 418      00B58047 
 418      00BD
 419              	/* ======================================================================== */
 420 00e4 FEE7F648 	     Insert_ExceptionHandler VADC0_C0_1_IRQHandler
 420      00B58047 
 420      00BD
 421              	/* ======================================================================== */
 422 00ee FEE7F448 	     Insert_ExceptionHandler VADC0_C0_2_IRQHandler
 422      00B58047 
 422      00BD
 423              	/* ======================================================================== */
 424 00f8 FEE7F348 	     Insert_ExceptionHandler VADC0_C0_3_IRQHandler
 424      00B58047 
 424      00BD
 425              	/* ======================================================================== */
 426 0102 FEE7F148 	     Insert_ExceptionHandler VADC0_G0_0_IRQHandler
 426      00B58047 
 426      00BD
 427              	/* ======================================================================== */
 428 010c FEE7F048 	     Insert_ExceptionHandler VADC0_G0_1_IRQHandler
 428      00B58047 
 428      00BD
 429              	/* ======================================================================== */
 430 0116 FEE7EE48 	     Insert_ExceptionHandler VADC0_G0_2_IRQHandler
 430      00B58047 
 430      00BD
 431              	/* ======================================================================== */
 432 0120 FEE7ED48 	     Insert_ExceptionHandler VADC0_G0_3_IRQHandler
 432      00B58047 
 432      00BD
 433              	/* ======================================================================== */
 434 012a FEE7EB48 	     Insert_ExceptionHandler VADC0_G1_0_IRQHandler
 434      00B58047 
 434      00BD
 435              	/* ======================================================================== */
 436 0134 FEE7EA48 	     Insert_ExceptionHandler VADC0_G1_1_IRQHandler
 436      00B58047 
 436      00BD
 437              	/* ======================================================================== */
 438 013e FEE7E848 	     Insert_ExceptionHandler VADC0_G1_2_IRQHandler
 438      00B58047 
 438      00BD
 439              	/* ======================================================================== */
 440 0148 FEE7E748 	     Insert_ExceptionHandler VADC0_G1_3_IRQHandler
 440      00B58047 
 440      00BD
 441              	/* ======================================================================== */
 442 0152 FEE7E548 	     Insert_ExceptionHandler VADC0_G2_0_IRQHandler
 442      00B58047 
 442      00BD
 443              	/* ======================================================================== */
 444 015c FEE7E448 	     Insert_ExceptionHandler VADC0_G2_1_IRQHandler
 444      00B58047 
 444      00BD
 445              	/* ======================================================================== */
 446 0166 FEE7E248 	     Insert_ExceptionHandler VADC0_G2_2_IRQHandler
 446      00B58047 
 446      00BD
 447              	/* ======================================================================== */
 448 0170 FEE7E148 	     Insert_ExceptionHandler VADC0_G2_3_IRQHandler
 448      00B58047 
 448      00BD
 449              	/* ======================================================================== */
 450 017a FEE7DF48 	     Insert_ExceptionHandler VADC0_G3_0_IRQHandler
 450      00B58047 
 450      00BD
 451              	/* ======================================================================== */
 452 0184 FEE7DE48 	     Insert_ExceptionHandler VADC0_G3_1_IRQHandler
 452      00B58047 
 452      00BD
 453              	/* ======================================================================== */
 454 018e FEE7DC48 	     Insert_ExceptionHandler VADC0_G3_2_IRQHandler
 454      00B58047 
 454      00BD
 455              	/* ======================================================================== */
 456 0198 FEE7DB48 	     Insert_ExceptionHandler VADC0_G3_3_IRQHandler
 456      00B58047 
 456      00BD
 457              	/* ======================================================================== */
 458 01a2 FEE7D948 	     Insert_ExceptionHandler DSD0_0_IRQHandler
 458      00B58047 
 458      00BD
 459              	/* ======================================================================== */
 460 01ac FEE7D848 	     Insert_ExceptionHandler DSD0_1_IRQHandler
 460      00B58047 
 460      00BD
 461              	/* ======================================================================== */
 462 01b6 FEE7D648 	     Insert_ExceptionHandler DSD0_2_IRQHandler
 462      00B58047 
 462      00BD
 463              	/* ======================================================================== */
 464 01c0 FEE7D548 	     Insert_ExceptionHandler DSD0_3_IRQHandler
 464      00B58047 
 464      00BD
 465              	/* ======================================================================== */
 466 01ca FEE7D348 	     Insert_ExceptionHandler DSD0_4_IRQHandler
 466      00B58047 
 466      00BD
 467              	/* ======================================================================== */
 468 01d4 FEE7D248 	     Insert_ExceptionHandler DSD0_5_IRQHandler
 468      00B58047 
 468      00BD
 469              	/* ======================================================================== */
 470 01de FEE7D048 	     Insert_ExceptionHandler DSD0_6_IRQHandler
 470      00B58047 
 470      00BD
 471              	/* ======================================================================== */
 472 01e8 FEE7CF48 	     Insert_ExceptionHandler DSD0_7_IRQHandler
 472      00B58047 
 472      00BD
 473              	/* ======================================================================== */
 474 01f2 FEE7CD48 	     Insert_ExceptionHandler DAC0_0_IRQHandler
 474      00B58047 
 474      00BD
 475              	/* ======================================================================== */
 476 01fc FEE7CC48 	     Insert_ExceptionHandler DAC0_1_IRQHandler
 476      00B58047 
 476      00BD
 477              	/* ======================================================================== */
 478 0206 FEE7CA48 	     Insert_ExceptionHandler CCU40_0_IRQHandler
 478      00B58047 
 478      00BD
 479              	/* ======================================================================== */
 480 0210 FEE7C948 	     Insert_ExceptionHandler CCU40_1_IRQHandler
 480      00B58047 
 480      00BD
 481              	/* ======================================================================== */
 482 021a FEE7C748 	     Insert_ExceptionHandler CCU40_2_IRQHandler
 482      00B58047 
 482      00BD
 483              	/* ======================================================================== */
 484 0224 FEE7C648 	     Insert_ExceptionHandler CCU40_3_IRQHandler
 484      00B58047 
 484      00BD
 485              	/* ======================================================================== */
 486 022e FEE7C448 	     Insert_ExceptionHandler CCU41_0_IRQHandler
 486      00B58047 
 486      00BD
 487              	/* ======================================================================== */
 488 0238 FEE7C348 	     Insert_ExceptionHandler CCU41_1_IRQHandler
 488      00B58047 
 488      00BD
 489              	/* ======================================================================== */
 490 0242 FEE7C148 	     Insert_ExceptionHandler CCU41_2_IRQHandler
 490      00B58047 
 490      00BD
 491              	/* ======================================================================== */
 492 024c FEE7C048 	     Insert_ExceptionHandler CCU41_3_IRQHandler
 492      00B58047 
 492      00BD
 493              	/* ======================================================================== */
 494 0256 FEE7BE48 	     Insert_ExceptionHandler CCU42_0_IRQHandler
 494      00B58047 
 494      00BD
 495              	/* ======================================================================== */
 496 0260 FEE7BD48 	     Insert_ExceptionHandler CCU42_1_IRQHandler
 496      00B58047 
 496      00BD
 497              	/* ======================================================================== */
 498 026a FEE7BB48 	     Insert_ExceptionHandler CCU42_2_IRQHandler
 498      00B58047 
 498      00BD
 499              	/* ======================================================================== */
 500 0274 FEE7BA48 	     Insert_ExceptionHandler CCU42_3_IRQHandler
 500      00B58047 
 500      00BD
 501              	/* ======================================================================== */
 502 027e FEE7B848 	     Insert_ExceptionHandler CCU43_0_IRQHandler
 502      00B58047 
 502      00BD
 503              	/* ======================================================================== */
 504 0288 FEE7B748 	     Insert_ExceptionHandler CCU43_1_IRQHandler
 504      00B58047 
 504      00BD
 505              	/* ======================================================================== */
 506 0292 FEE7B548 	     Insert_ExceptionHandler CCU43_2_IRQHandler
 506      00B58047 
 506      00BD
 507              	/* ======================================================================== */
 508 029c FEE7B448 	     Insert_ExceptionHandler CCU43_3_IRQHandler
 508      00B58047 
 508      00BD
 509              	/* ======================================================================== */
 510 02a6 FEE7B248 	     Insert_ExceptionHandler CCU80_0_IRQHandler
 510      00B58047 
 510      00BD
 511              	/* ======================================================================== */
 512 02b0 FEE7B148 	     Insert_ExceptionHandler CCU80_1_IRQHandler
 512      00B58047 
 512      00BD
 513              	/* ======================================================================== */
 514 02ba FEE7AF48 	     Insert_ExceptionHandler CCU80_2_IRQHandler
 514      00B58047 
 514      00BD
 515              	/* ======================================================================== */
 516 02c4 FEE7AE48 	     Insert_ExceptionHandler CCU80_3_IRQHandler
 516      00B58047 
 516      00BD
 517              	/* ======================================================================== */
 518 02ce FEE7AC48 	     Insert_ExceptionHandler CCU81_0_IRQHandler
 518      00B58047 
 518      00BD
 519              	/* ======================================================================== */
 520 02d8 FEE7AB48 	     Insert_ExceptionHandler CCU81_1_IRQHandler
 520      00B58047 
 520      00BD
 521              	/* ======================================================================== */
 522 02e2 FEE7A948 	     Insert_ExceptionHandler CCU81_2_IRQHandler
 522      00B58047 
 522      00BD
 523              	/* ======================================================================== */
 524 02ec FEE7A848 	     Insert_ExceptionHandler CCU81_3_IRQHandler
 524      00B58047 
 524      00BD
 525              	/* ======================================================================== */
 526 02f6 FEE7A648 	     Insert_ExceptionHandler POSIF0_0_IRQHandler
 526      00B58047 
 526      00BD
 527              	/* ======================================================================== */
 528 0300 FEE7A548 	     Insert_ExceptionHandler POSIF0_1_IRQHandler
 528      00B58047 
 528      00BD
 529              	/* ======================================================================== */
 530 030a FEE7A348 	     Insert_ExceptionHandler POSIF1_0_IRQHandler
 530      00B58047 
 530      00BD
 531              	/* ======================================================================== */
 532 0314 FEE7A248 	     Insert_ExceptionHandler POSIF1_1_IRQHandler
 532      00B58047 
 532      00BD
 533              	/* ======================================================================== */
 534 031e FEE7A048 	     Insert_ExceptionHandler CAN0_0_IRQHandler
 534      00B58047 
 534      00BD
 535              	/* ======================================================================== */
 536 0328 FEE79F48 	     Insert_ExceptionHandler CAN0_1_IRQHandler
 536      00B58047 
 536      00BD
 537              	/* ======================================================================== */
 538 0332 FEE79D48 	     Insert_ExceptionHandler CAN0_2_IRQHandler
 538      00B58047 
 538      00BD
 539              	/* ======================================================================== */
 540 033c FEE79C48 	     Insert_ExceptionHandler CAN0_3_IRQHandler
 540      00B58047 
 540      00BD
 541              	/* ======================================================================== */
 542 0346 FEE79A48 	     Insert_ExceptionHandler CAN0_4_IRQHandler
 542      00B58047 
 542      00BD
 543              	/* ======================================================================== */
 544 0350 FEE79948 	     Insert_ExceptionHandler CAN0_5_IRQHandler
 544      00B58047 
 544      00BD
 545              	/* ======================================================================== */
 546 035a FEE79748 	     Insert_ExceptionHandler CAN0_6_IRQHandler
 546      00B58047 
 546      00BD
 547              	/* ======================================================================== */
 548 0364 FEE79648 	     Insert_ExceptionHandler CAN0_7_IRQHandler
 548      00B58047 
 548      00BD
 549              	/* ======================================================================== */
 550 036e FEE79448 	     Insert_ExceptionHandler USIC0_0_IRQHandler
 550      00B58047 
 550      00BD
 551              	/* ======================================================================== */
 552 0378 FEE79348 	     Insert_ExceptionHandler USIC0_1_IRQHandler
 552      00B58047 
 552      00BD
 553              	/* ======================================================================== */
 554 0382 FEE79148 	     Insert_ExceptionHandler USIC0_2_IRQHandler
 554      00B58047 
 554      00BD
 555              	/* ======================================================================== */
 556 038c FEE79048 	     Insert_ExceptionHandler USIC0_3_IRQHandler
 556      00B58047 
 556      00BD
 557              	/* ======================================================================== */
 558 0396 FEE78E48 	     Insert_ExceptionHandler USIC0_4_IRQHandler
 558      00B58047 
 558      00BD
 559              	/* ======================================================================== */
 560 03a0 FEE78D48 	     Insert_ExceptionHandler USIC0_5_IRQHandler
 560      00B58047 
 560      00BD
 561              	/* ======================================================================== */
 562 03aa FEE78B48 	     Insert_ExceptionHandler USIC1_0_IRQHandler
 562      00B58047 
 562      00BD
 563              	/* ======================================================================== */
 564 03b4 FEE78A48 	     Insert_ExceptionHandler USIC1_1_IRQHandler
 564      00B58047 
 564      00BD
 565              	/* ======================================================================== */
 566 03be FEE78848 	     Insert_ExceptionHandler USIC1_2_IRQHandler
 566      00B58047 
 566      00BD
 567              	/* ======================================================================== */
 568 03c8 FEE78748 	     Insert_ExceptionHandler USIC1_3_IRQHandler
 568      00B58047 
 568      00BD
 569              	/* ======================================================================== */
 570 03d2 FEE78548 	     Insert_ExceptionHandler USIC1_4_IRQHandler
 570      00B58047 
 570      00BD
 571              	/* ======================================================================== */
 572 03dc FEE78448 	     Insert_ExceptionHandler USIC1_5_IRQHandler
 572      00B58047 
 572      00BD
 573              	/* ======================================================================== */
 574 03e6 FEE78248 	     Insert_ExceptionHandler USIC2_0_IRQHandler
 574      00B58047 
 574      00BD
 575              	/* ======================================================================== */
 576 03f0 FEE78148 	     Insert_ExceptionHandler USIC2_1_IRQHandler
 576      00B58047 
 576      00BD
 577              	/* ======================================================================== */
 578 03fa FEE77F48 	     Insert_ExceptionHandler USIC2_2_IRQHandler
 578      00B58047 
 578      00BD
 579              	/* ======================================================================== */
 580 0404 FEE77E48 	     Insert_ExceptionHandler USIC2_3_IRQHandler
 580      00B58047 
 580      00BD
 581              	/* ======================================================================== */
 582 040e FEE77C48 	     Insert_ExceptionHandler USIC2_4_IRQHandler
 582      00B58047 
 582      00BD
 583              	/* ======================================================================== */
 584 0418 FEE77B48 	     Insert_ExceptionHandler USIC2_5_IRQHandler
 584      00B58047 
 584      00BD
 585              	/* ======================================================================== */
 586 0422 FEE77948 	     Insert_ExceptionHandler LEDTS0_0_IRQHandler
 586      00B58047 
 586      00BD
 587              	/* ======================================================================== */
 588 042c FEE77848 	     Insert_ExceptionHandler FCE0_0_IRQHandler
 588      00B58047 
 588      00BD
 589              	/* ======================================================================== */
 590 0436 FEE77648 	     Insert_ExceptionHandler GPDMA0_0_IRQHandler
 590      00B58047 
 590      00BD
 591              	/* ======================================================================== */
 592 0440 FEE77548 	     Insert_ExceptionHandler SDMMC0_0_IRQHandler
 592      00B58047 
 592      00BD
 593              	/* ======================================================================== */
 594 044a FEE77348 	     Insert_ExceptionHandler USB0_0_IRQHandler
 594      00B58047 
 594      00BD
 595              	/* ======================================================================== */
 596 0454 FEE77248 	     Insert_ExceptionHandler ETH0_0_IRQHandler
 596      00B58047 
 596      00BD
 597              	/* ======================================================================== */
 598 045e FEE77048 	     Insert_ExceptionHandler GPDMA1_0_IRQHandler
 598      00B58047 
 598      00BD
 599              	/* ======================================================================== */
 600              	/* ======================================================================== */
 601              	
 602              	/* ============= END OF INTERRUPT HANDLER DEFINITION ====================== */
 603              	
 604              	/* ======== Decision function queried by CMSIS startup for PLL setup ====== */
 605              	/* In the absence of DAVE code engine, CMSIS SystemInit() must perform clock 
 606              	   tree setup. 
 607              	   
 608              	   This decision routine defined here will always return TRUE.
 609              	   
 610              	   When overridden by a definition defined in DAVE code engine, this routine
 611              	   returns FALSE indicating that the code engine has performed the clock setup
 612              	*/   
 613              	    .weak   AllowPLLInitByStartup
 615              	AllowPLLInitByStartup:
 616 0468 4FF00100 	    MOV R0,#1
 617 046c 7047     	    BX LR
 619              	
 620              	/* ======  Definition of the default weak SystemInit_DAVE3 function =========
 621              	If DAVE3 requires an extended SystemInit it will create its own version of
 622              	SystemInit_DAVE3 which overrides this weak definition. Example includes
 623              	setting up of external memory interfaces.
 624              	*/
 625 046e 0000     	     .section ".XmcStartup"
 626              	     .weak SystemInit_DAVE3
 628              	SystemInit_DAVE3:
 629 0000 00BF     	     NOP
 630 0002 7047     	     BX LR
 632              	/* ======================================================================== */
 633              	/* ======================================================================== */
 634              	
 635              	/* ======================== Data references =============================== */
 636              	.equ  SCB_VTOR,       0xE000ED08
 637              	.equ  PREF_PCON,      0x58004000
 638              	.equ  SCU_GCU_PEEN,   0x5000413C
 639              	.equ  SCU_GCU_PEFLAG, 0x50004150
 640              	.equ  FLASH_FCON,     0x58002014
 641              	
 642              	    .end
DEFINED SYMBOLS
../Startup/startup_XMC4500.s:105    .Xmc4500.reset:00000000 __Xmc4500_interrupt_vector_cortex_m
../Startup/startup_XMC4500.s:249    .Xmc4500.reset:00000200 __Xmc4500_reset_cortex_m
../Startup/startup_XMC4500.s:375    .text:00000002 NMI_Handler_Veneer
../Startup/startup_XMC4500.s:377    .text:0000000e HardFault_Handler_Veneer
../Startup/startup_XMC4500.s:379    .text:0000001a MemManage_Handler_Veneer
../Startup/startup_XMC4500.s:381    .text:00000026 BusFault_Handler_Veneer
../Startup/startup_XMC4500.s:383    .text:00000032 UsageFault_Handler_Veneer
../Startup/startup_XMC4500.s:385    .text:0000003e SVC_Handler_Veneer
../Startup/startup_XMC4500.s:387    .text:0000004a DebugMon_Handler_Veneer
../Startup/startup_XMC4500.s:389    .text:00000056 PendSV_Handler_Veneer
../Startup/startup_XMC4500.s:391    .text:00000062 SysTick_Handler_Veneer
../Startup/startup_XMC4500.s:398    .text:0000006e SCU_0_IRQHandler_Veneer
../Startup/startup_XMC4500.s:400    .text:0000007a ERU0_0_IRQHandler_Veneer
../Startup/startup_XMC4500.s:402    .text:00000086 ERU0_1_IRQHandler_Veneer
../Startup/startup_XMC4500.s:404    .text:00000092 ERU0_2_IRQHandler_Veneer
../Startup/startup_XMC4500.s:406    .text:0000009e ERU0_3_IRQHandler_Veneer
../Startup/startup_XMC4500.s:408    .text:000000aa ERU1_0_IRQHandler_Veneer
../Startup/startup_XMC4500.s:410    .text:000000b4 ERU1_1_IRQHandler_Veneer
../Startup/startup_XMC4500.s:412    .text:000000be ERU1_2_IRQHandler_Veneer
../Startup/startup_XMC4500.s:414    .text:000000c8 ERU1_3_IRQHandler_Veneer
../Startup/startup_XMC4500.s:416    .text:000000d2 PMU0_0_IRQHandler_Veneer
../Startup/startup_XMC4500.s:418    .text:000000dc VADC0_C0_0_IRQHandler_Veneer
../Startup/startup_XMC4500.s:420    .text:000000e6 VADC0_C0_1_IRQHandler_Veneer
../Startup/startup_XMC4500.s:422    .text:000000f0 VADC0_C0_2_IRQHandler_Veneer
../Startup/startup_XMC4500.s:424    .text:000000fa VADC0_C0_3_IRQHandler_Veneer
../Startup/startup_XMC4500.s:426    .text:00000104 VADC0_G0_0_IRQHandler_Veneer
../Startup/startup_XMC4500.s:428    .text:0000010e VADC0_G0_1_IRQHandler_Veneer
../Startup/startup_XMC4500.s:430    .text:00000118 VADC0_G0_2_IRQHandler_Veneer
../Startup/startup_XMC4500.s:432    .text:00000122 VADC0_G0_3_IRQHandler_Veneer
../Startup/startup_XMC4500.s:434    .text:0000012c VADC0_G1_0_IRQHandler_Veneer
../Startup/startup_XMC4500.s:436    .text:00000136 VADC0_G1_1_IRQHandler_Veneer
../Startup/startup_XMC4500.s:438    .text:00000140 VADC0_G1_2_IRQHandler_Veneer
../Startup/startup_XMC4500.s:440    .text:0000014a VADC0_G1_3_IRQHandler_Veneer
../Startup/startup_XMC4500.s:442    .text:00000154 VADC0_G2_0_IRQHandler_Veneer
../Startup/startup_XMC4500.s:444    .text:0000015e VADC0_G2_1_IRQHandler_Veneer
../Startup/startup_XMC4500.s:446    .text:00000168 VADC0_G2_2_IRQHandler_Veneer
../Startup/startup_XMC4500.s:448    .text:00000172 VADC0_G2_3_IRQHandler_Veneer
../Startup/startup_XMC4500.s:450    .text:0000017c VADC0_G3_0_IRQHandler_Veneer
../Startup/startup_XMC4500.s:452    .text:00000186 VADC0_G3_1_IRQHandler_Veneer
../Startup/startup_XMC4500.s:454    .text:00000190 VADC0_G3_2_IRQHandler_Veneer
../Startup/startup_XMC4500.s:456    .text:0000019a VADC0_G3_3_IRQHandler_Veneer
../Startup/startup_XMC4500.s:458    .text:000001a4 DSD0_0_IRQHandler_Veneer
../Startup/startup_XMC4500.s:460    .text:000001ae DSD0_1_IRQHandler_Veneer
../Startup/startup_XMC4500.s:462    .text:000001b8 DSD0_2_IRQHandler_Veneer
../Startup/startup_XMC4500.s:464    .text:000001c2 DSD0_3_IRQHandler_Veneer
../Startup/startup_XMC4500.s:466    .text:000001cc DSD0_4_IRQHandler_Veneer
../Startup/startup_XMC4500.s:468    .text:000001d6 DSD0_5_IRQHandler_Veneer
../Startup/startup_XMC4500.s:470    .text:000001e0 DSD0_6_IRQHandler_Veneer
../Startup/startup_XMC4500.s:472    .text:000001ea DSD0_7_IRQHandler_Veneer
../Startup/startup_XMC4500.s:474    .text:000001f4 DAC0_0_IRQHandler_Veneer
../Startup/startup_XMC4500.s:476    .text:000001fe DAC0_1_IRQHandler_Veneer
../Startup/startup_XMC4500.s:478    .text:00000208 CCU40_0_IRQHandler_Veneer
../Startup/startup_XMC4500.s:480    .text:00000212 CCU40_1_IRQHandler_Veneer
../Startup/startup_XMC4500.s:482    .text:0000021c CCU40_2_IRQHandler_Veneer
../Startup/startup_XMC4500.s:484    .text:00000226 CCU40_3_IRQHandler_Veneer
../Startup/startup_XMC4500.s:486    .text:00000230 CCU41_0_IRQHandler_Veneer
../Startup/startup_XMC4500.s:488    .text:0000023a CCU41_1_IRQHandler_Veneer
../Startup/startup_XMC4500.s:490    .text:00000244 CCU41_2_IRQHandler_Veneer
../Startup/startup_XMC4500.s:492    .text:0000024e CCU41_3_IRQHandler_Veneer
../Startup/startup_XMC4500.s:494    .text:00000258 CCU42_0_IRQHandler_Veneer
../Startup/startup_XMC4500.s:496    .text:00000262 CCU42_1_IRQHandler_Veneer
../Startup/startup_XMC4500.s:498    .text:0000026c CCU42_2_IRQHandler_Veneer
../Startup/startup_XMC4500.s:500    .text:00000276 CCU42_3_IRQHandler_Veneer
../Startup/startup_XMC4500.s:502    .text:00000280 CCU43_0_IRQHandler_Veneer
../Startup/startup_XMC4500.s:504    .text:0000028a CCU43_1_IRQHandler_Veneer
../Startup/startup_XMC4500.s:506    .text:00000294 CCU43_2_IRQHandler_Veneer
../Startup/startup_XMC4500.s:508    .text:0000029e CCU43_3_IRQHandler_Veneer
../Startup/startup_XMC4500.s:510    .text:000002a8 CCU80_0_IRQHandler_Veneer
../Startup/startup_XMC4500.s:512    .text:000002b2 CCU80_1_IRQHandler_Veneer
../Startup/startup_XMC4500.s:514    .text:000002bc CCU80_2_IRQHandler_Veneer
../Startup/startup_XMC4500.s:516    .text:000002c6 CCU80_3_IRQHandler_Veneer
../Startup/startup_XMC4500.s:518    .text:000002d0 CCU81_0_IRQHandler_Veneer
../Startup/startup_XMC4500.s:520    .text:000002da CCU81_1_IRQHandler_Veneer
../Startup/startup_XMC4500.s:522    .text:000002e4 CCU81_2_IRQHandler_Veneer
../Startup/startup_XMC4500.s:524    .text:000002ee CCU81_3_IRQHandler_Veneer
../Startup/startup_XMC4500.s:526    .text:000002f8 POSIF0_0_IRQHandler_Veneer
../Startup/startup_XMC4500.s:528    .text:00000302 POSIF0_1_IRQHandler_Veneer
../Startup/startup_XMC4500.s:530    .text:0000030c POSIF1_0_IRQHandler_Veneer
../Startup/startup_XMC4500.s:532    .text:00000316 POSIF1_1_IRQHandler_Veneer
../Startup/startup_XMC4500.s:534    .text:00000320 CAN0_0_IRQHandler_Veneer
../Startup/startup_XMC4500.s:536    .text:0000032a CAN0_1_IRQHandler_Veneer
../Startup/startup_XMC4500.s:538    .text:00000334 CAN0_2_IRQHandler_Veneer
../Startup/startup_XMC4500.s:540    .text:0000033e CAN0_3_IRQHandler_Veneer
../Startup/startup_XMC4500.s:542    .text:00000348 CAN0_4_IRQHandler_Veneer
../Startup/startup_XMC4500.s:544    .text:00000352 CAN0_5_IRQHandler_Veneer
../Startup/startup_XMC4500.s:546    .text:0000035c CAN0_6_IRQHandler_Veneer
../Startup/startup_XMC4500.s:548    .text:00000366 CAN0_7_IRQHandler_Veneer
../Startup/startup_XMC4500.s:550    .text:00000370 USIC0_0_IRQHandler_Veneer
../Startup/startup_XMC4500.s:552    .text:0000037a USIC0_1_IRQHandler_Veneer
../Startup/startup_XMC4500.s:554    .text:00000384 USIC0_2_IRQHandler_Veneer
../Startup/startup_XMC4500.s:556    .text:0000038e USIC0_3_IRQHandler_Veneer
../Startup/startup_XMC4500.s:558    .text:00000398 USIC0_4_IRQHandler_Veneer
../Startup/startup_XMC4500.s:560    .text:000003a2 USIC0_5_IRQHandler_Veneer
../Startup/startup_XMC4500.s:562    .text:000003ac USIC1_0_IRQHandler_Veneer
../Startup/startup_XMC4500.s:564    .text:000003b6 USIC1_1_IRQHandler_Veneer
../Startup/startup_XMC4500.s:566    .text:000003c0 USIC1_2_IRQHandler_Veneer
../Startup/startup_XMC4500.s:568    .text:000003ca USIC1_3_IRQHandler_Veneer
../Startup/startup_XMC4500.s:570    .text:000003d4 USIC1_4_IRQHandler_Veneer
../Startup/startup_XMC4500.s:572    .text:000003de USIC1_5_IRQHandler_Veneer
../Startup/startup_XMC4500.s:574    .text:000003e8 USIC2_0_IRQHandler_Veneer
../Startup/startup_XMC4500.s:576    .text:000003f2 USIC2_1_IRQHandler_Veneer
../Startup/startup_XMC4500.s:578    .text:000003fc USIC2_2_IRQHandler_Veneer
../Startup/startup_XMC4500.s:580    .text:00000406 USIC2_3_IRQHandler_Veneer
../Startup/startup_XMC4500.s:582    .text:00000410 USIC2_4_IRQHandler_Veneer
../Startup/startup_XMC4500.s:584    .text:0000041a USIC2_5_IRQHandler_Veneer
../Startup/startup_XMC4500.s:586    .text:00000424 LEDTS0_0_IRQHandler_Veneer
../Startup/startup_XMC4500.s:588    .text:0000042e FCE0_0_IRQHandler_Veneer
../Startup/startup_XMC4500.s:590    .text:00000438 GPDMA0_0_IRQHandler_Veneer
../Startup/startup_XMC4500.s:592    .text:00000442 SDMMC0_0_IRQHandler_Veneer
../Startup/startup_XMC4500.s:594    .text:0000044c USB0_0_IRQHandler_Veneer
../Startup/startup_XMC4500.s:596    .text:00000456 ETH0_0_IRQHandler_Veneer
../Startup/startup_XMC4500.s:598    .text:00000460 GPDMA1_0_IRQHandler_Veneer
                   .Xmc4500.reset:00000000 $d
../Startup/startup_XMC4500.s:254    .Xmc4500.reset:00000200 $t
../Startup/startup_XMC4500.s:628    .XmcStartup:00000000 SystemInit_DAVE3
../Startup/startup_XMC4500.s:277    .Xmc4500.postreset:00000000 __Xmc4500_Program_Loader
../Startup/startup_XMC4500.s:269    .Xmc4500.reset:00000210 $d
         .ARM.exidx.Xmc4500.reset:00000000 $d
../Startup/startup_XMC4500.s:283    .Xmc4500.postreset:00000000 $t
../Startup/startup_XMC4500.s:315    .Xmc4500.postreset:00000030 SKIPCOPY
../Startup/startup_XMC4500.s:298    .Xmc4500.postreset:00000016 STARTCOPY
../Startup/startup_XMC4500.s:306    .Xmc4500.postreset:0000001a COPYLOOP
../Startup/startup_XMC4500.s:342    .Xmc4500.postreset:0000005c SKIPCLEAR
../Startup/startup_XMC4500.s:331    .Xmc4500.postreset:00000044 STARTCLEAR
../Startup/startup_XMC4500.s:335    .Xmc4500.postreset:0000004c CLEARLOOP
                            *ABS*:e000ed08 SCB_VTOR
../Startup/startup_XMC4500.s:362    .Xmc4500.postreset:0000007a $d
     .ARM.exidx.Xmc4500.postreset:00000000 $d
../Startup/startup_XMC4500.s:375    .text:00000000 NMI_Handler
../Startup/startup_XMC4500.s:375    .text:00000000 $t
../Startup/startup_XMC4500.s:377    .text:0000000c HardFault_Handler
../Startup/startup_XMC4500.s:379    .text:00000018 MemManage_Handler
../Startup/startup_XMC4500.s:381    .text:00000024 BusFault_Handler
../Startup/startup_XMC4500.s:383    .text:00000030 UsageFault_Handler
../Startup/startup_XMC4500.s:385    .text:0000003c SVC_Handler
../Startup/startup_XMC4500.s:387    .text:00000048 DebugMon_Handler
../Startup/startup_XMC4500.s:389    .text:00000054 PendSV_Handler
../Startup/startup_XMC4500.s:391    .text:00000060 SysTick_Handler
../Startup/startup_XMC4500.s:398    .text:0000006c SCU_0_IRQHandler
../Startup/startup_XMC4500.s:400    .text:00000078 ERU0_0_IRQHandler
../Startup/startup_XMC4500.s:402    .text:00000084 ERU0_1_IRQHandler
../Startup/startup_XMC4500.s:404    .text:00000090 ERU0_2_IRQHandler
../Startup/startup_XMC4500.s:406    .text:0000009c ERU0_3_IRQHandler
../Startup/startup_XMC4500.s:408    .text:000000a8 ERU1_0_IRQHandler
../Startup/startup_XMC4500.s:410    .text:000000b2 ERU1_1_IRQHandler
../Startup/startup_XMC4500.s:412    .text:000000bc ERU1_2_IRQHandler
../Startup/startup_XMC4500.s:414    .text:000000c6 ERU1_3_IRQHandler
../Startup/startup_XMC4500.s:416    .text:000000d0 PMU0_0_IRQHandler
../Startup/startup_XMC4500.s:418    .text:000000da VADC0_C0_0_IRQHandler
../Startup/startup_XMC4500.s:420    .text:000000e4 VADC0_C0_1_IRQHandler
../Startup/startup_XMC4500.s:422    .text:000000ee VADC0_C0_2_IRQHandler
../Startup/startup_XMC4500.s:424    .text:000000f8 VADC0_C0_3_IRQHandler
../Startup/startup_XMC4500.s:426    .text:00000102 VADC0_G0_0_IRQHandler
../Startup/startup_XMC4500.s:428    .text:0000010c VADC0_G0_1_IRQHandler
../Startup/startup_XMC4500.s:430    .text:00000116 VADC0_G0_2_IRQHandler
../Startup/startup_XMC4500.s:432    .text:00000120 VADC0_G0_3_IRQHandler
../Startup/startup_XMC4500.s:434    .text:0000012a VADC0_G1_0_IRQHandler
../Startup/startup_XMC4500.s:436    .text:00000134 VADC0_G1_1_IRQHandler
../Startup/startup_XMC4500.s:438    .text:0000013e VADC0_G1_2_IRQHandler
../Startup/startup_XMC4500.s:440    .text:00000148 VADC0_G1_3_IRQHandler
../Startup/startup_XMC4500.s:442    .text:00000152 VADC0_G2_0_IRQHandler
../Startup/startup_XMC4500.s:444    .text:0000015c VADC0_G2_1_IRQHandler
../Startup/startup_XMC4500.s:446    .text:00000166 VADC0_G2_2_IRQHandler
../Startup/startup_XMC4500.s:448    .text:00000170 VADC0_G2_3_IRQHandler
../Startup/startup_XMC4500.s:450    .text:0000017a VADC0_G3_0_IRQHandler
../Startup/startup_XMC4500.s:452    .text:00000184 VADC0_G3_1_IRQHandler
../Startup/startup_XMC4500.s:454    .text:0000018e VADC0_G3_2_IRQHandler
../Startup/startup_XMC4500.s:456    .text:00000198 VADC0_G3_3_IRQHandler
../Startup/startup_XMC4500.s:458    .text:000001a2 DSD0_0_IRQHandler
../Startup/startup_XMC4500.s:460    .text:000001ac DSD0_1_IRQHandler
../Startup/startup_XMC4500.s:462    .text:000001b6 DSD0_2_IRQHandler
../Startup/startup_XMC4500.s:464    .text:000001c0 DSD0_3_IRQHandler
../Startup/startup_XMC4500.s:466    .text:000001ca DSD0_4_IRQHandler
../Startup/startup_XMC4500.s:468    .text:000001d4 DSD0_5_IRQHandler
../Startup/startup_XMC4500.s:470    .text:000001de DSD0_6_IRQHandler
../Startup/startup_XMC4500.s:472    .text:000001e8 DSD0_7_IRQHandler
../Startup/startup_XMC4500.s:474    .text:000001f2 DAC0_0_IRQHandler
../Startup/startup_XMC4500.s:476    .text:000001fc DAC0_1_IRQHandler
../Startup/startup_XMC4500.s:478    .text:00000206 CCU40_0_IRQHandler
../Startup/startup_XMC4500.s:480    .text:00000210 CCU40_1_IRQHandler
../Startup/startup_XMC4500.s:482    .text:0000021a CCU40_2_IRQHandler
../Startup/startup_XMC4500.s:484    .text:00000224 CCU40_3_IRQHandler
../Startup/startup_XMC4500.s:486    .text:0000022e CCU41_0_IRQHandler
../Startup/startup_XMC4500.s:488    .text:00000238 CCU41_1_IRQHandler
../Startup/startup_XMC4500.s:490    .text:00000242 CCU41_2_IRQHandler
../Startup/startup_XMC4500.s:492    .text:0000024c CCU41_3_IRQHandler
../Startup/startup_XMC4500.s:494    .text:00000256 CCU42_0_IRQHandler
../Startup/startup_XMC4500.s:496    .text:00000260 CCU42_1_IRQHandler
../Startup/startup_XMC4500.s:498    .text:0000026a CCU42_2_IRQHandler
../Startup/startup_XMC4500.s:500    .text:00000274 CCU42_3_IRQHandler
../Startup/startup_XMC4500.s:502    .text:0000027e CCU43_0_IRQHandler
../Startup/startup_XMC4500.s:504    .text:00000288 CCU43_1_IRQHandler
../Startup/startup_XMC4500.s:506    .text:00000292 CCU43_2_IRQHandler
../Startup/startup_XMC4500.s:508    .text:0000029c CCU43_3_IRQHandler
../Startup/startup_XMC4500.s:510    .text:000002a6 CCU80_0_IRQHandler
../Startup/startup_XMC4500.s:512    .text:000002b0 CCU80_1_IRQHandler
../Startup/startup_XMC4500.s:514    .text:000002ba CCU80_2_IRQHandler
../Startup/startup_XMC4500.s:516    .text:000002c4 CCU80_3_IRQHandler
../Startup/startup_XMC4500.s:518    .text:000002ce CCU81_0_IRQHandler
../Startup/startup_XMC4500.s:520    .text:000002d8 CCU81_1_IRQHandler
../Startup/startup_XMC4500.s:522    .text:000002e2 CCU81_2_IRQHandler
../Startup/startup_XMC4500.s:524    .text:000002ec CCU81_3_IRQHandler
../Startup/startup_XMC4500.s:526    .text:000002f6 POSIF0_0_IRQHandler
../Startup/startup_XMC4500.s:528    .text:00000300 POSIF0_1_IRQHandler
../Startup/startup_XMC4500.s:530    .text:0000030a POSIF1_0_IRQHandler
../Startup/startup_XMC4500.s:532    .text:00000314 POSIF1_1_IRQHandler
../Startup/startup_XMC4500.s:534    .text:0000031e CAN0_0_IRQHandler
../Startup/startup_XMC4500.s:536    .text:00000328 CAN0_1_IRQHandler
../Startup/startup_XMC4500.s:538    .text:00000332 CAN0_2_IRQHandler
../Startup/startup_XMC4500.s:540    .text:0000033c CAN0_3_IRQHandler
../Startup/startup_XMC4500.s:542    .text:00000346 CAN0_4_IRQHandler
../Startup/startup_XMC4500.s:544    .text:00000350 CAN0_5_IRQHandler
../Startup/startup_XMC4500.s:546    .text:0000035a CAN0_6_IRQHandler
../Startup/startup_XMC4500.s:548    .text:00000364 CAN0_7_IRQHandler
../Startup/startup_XMC4500.s:550    .text:0000036e USIC0_0_IRQHandler
../Startup/startup_XMC4500.s:552    .text:00000378 USIC0_1_IRQHandler
../Startup/startup_XMC4500.s:554    .text:00000382 USIC0_2_IRQHandler
../Startup/startup_XMC4500.s:556    .text:0000038c USIC0_3_IRQHandler
../Startup/startup_XMC4500.s:558    .text:00000396 USIC0_4_IRQHandler
../Startup/startup_XMC4500.s:560    .text:000003a0 USIC0_5_IRQHandler
../Startup/startup_XMC4500.s:562    .text:000003aa USIC1_0_IRQHandler
../Startup/startup_XMC4500.s:564    .text:000003b4 USIC1_1_IRQHandler
../Startup/startup_XMC4500.s:566    .text:000003be USIC1_2_IRQHandler
../Startup/startup_XMC4500.s:568    .text:000003c8 USIC1_3_IRQHandler
../Startup/startup_XMC4500.s:570    .text:000003d2 USIC1_4_IRQHandler
../Startup/startup_XMC4500.s:572    .text:000003dc USIC1_5_IRQHandler
../Startup/startup_XMC4500.s:574    .text:000003e6 USIC2_0_IRQHandler
../Startup/startup_XMC4500.s:576    .text:000003f0 USIC2_1_IRQHandler
../Startup/startup_XMC4500.s:578    .text:000003fa USIC2_2_IRQHandler
../Startup/startup_XMC4500.s:580    .text:00000404 USIC2_3_IRQHandler
../Startup/startup_XMC4500.s:582    .text:0000040e USIC2_4_IRQHandler
../Startup/startup_XMC4500.s:584    .text:00000418 USIC2_5_IRQHandler
../Startup/startup_XMC4500.s:586    .text:00000422 LEDTS0_0_IRQHandler
../Startup/startup_XMC4500.s:588    .text:0000042c FCE0_0_IRQHandler
../Startup/startup_XMC4500.s:590    .text:00000436 GPDMA0_0_IRQHandler
../Startup/startup_XMC4500.s:592    .text:00000440 SDMMC0_0_IRQHandler
../Startup/startup_XMC4500.s:594    .text:0000044a USB0_0_IRQHandler
../Startup/startup_XMC4500.s:596    .text:00000454 ETH0_0_IRQHandler
../Startup/startup_XMC4500.s:598    .text:0000045e GPDMA1_0_IRQHandler
../Startup/startup_XMC4500.s:615    .text:00000468 AllowPLLInitByStartup
../Startup/startup_XMC4500.s:629    .XmcStartup:00000000 $t
../Startup/startup_XMC4500.s:637    *ABS*:58004000 PREF_PCON
../Startup/startup_XMC4500.s:638    *ABS*:5000413c SCU_GCU_PEEN
../Startup/startup_XMC4500.s:639    *ABS*:50004150 SCU_GCU_PEFLAG
../Startup/startup_XMC4500.s:640    *ABS*:58002014 FLASH_FCON
../Startup/startup_XMC4500.s:625    .text:0000046e $d

UNDEFINED SYMBOLS
__Xmc4500_stack
SystemInit
eROData
__Xmc4500_sData
__Xmc4500_Data_Size
__Xmc4500_sBSS
__Xmc4500_BSS_Size
SystemCoreClockUpdate
__libc_init_array
main
