Archive member included because of file (symbol)

c:/dave-3.1.10/arm-gcc/bin/../lib/gcc/arm-none-eabi/4.7.4/armv7e-m\libgcc.a(_arm_addsubdf3.o)
                              Sensors.o (__aeabi_dsub)
c:/dave-3.1.10/arm-gcc/bin/../lib/gcc/arm-none-eabi/4.7.4/armv7e-m\libgcc.a(_arm_muldivdf3.o)
                              Sensors.o (__aeabi_dmul)
c:/dave-3.1.10/arm-gcc/bin/../lib/gcc/arm-none-eabi/4.7.4/armv7e-m\libgcc.a(_arm_fixunsdfsi.o)
                              Sensors.o (__aeabi_d2uiz)
c:/dave-3.1.10/arm-gcc/bin/../lib/gcc/arm-none-eabi/4.7.4/../../../../arm-none-eabi/lib/armv7e-m\libc.a(lib_a-init.o)
                              Startup/startup_XMC4500.o (__libc_init_array)

Allocating common symbols
Common symbol       size              file

TimerTbl            0x400             Dave/Generated/src/SYSTM002/SYSTM002.o
LightAdcConversion  0x2               Sensors.o
au8RoomSensorData   0x14              Room.o
TemperatureAdcConversion
                    0x2               Sensors.o
HumidityAdcConversion
                    0x2               Sensors.o
TimerId             0x4               dht.o

Discarded input sections

 .comment       0x00000000       0x71 AdcRelaxKit.o
 .comment       0x00000000       0x71 Room.o
 .comment       0x00000000       0x71 Sensors.o
 .comment       0x00000000       0x71 dht.o
 .comment       0x00000000       0x71 Startup/system_XMC4500.o
 .comment       0x00000000       0x71 Lib/System_LibcStubs.o
 .comment       0x00000000       0x71 Dave/Generated/src/UART001/UART001.o
 .comment       0x00000000       0x71 Dave/Generated/src/UART001/UART001_Conf.o
 .comment       0x00000000       0x71 Dave/Generated/src/SYSTM002/SYSTM002.o
 .comment       0x00000000       0x71 Dave/Generated/src/RESET001/RESET001.o
 .comment       0x00000000       0x71 Dave/Generated/src/NVIC002/NVIC002.o
 .comment       0x00000000       0x71 Dave/Generated/src/NVIC002/NVIC002_Conf.o
 .comment       0x00000000       0x71 Dave/Generated/src/LIBS/CCU8PWMLIB.o
 .comment       0x00000000       0x71 Dave/Generated/src/LIBS/MOTORLIB.o
 .comment       0x00000000       0x71 Dave/Generated/src/IO004/IO004.o
 .comment       0x00000000       0x71 Dave/Generated/src/IO004/IO004_Conf.o
 .comment       0x00000000       0x71 Dave/Generated/src/IO001/IO001.o
 .comment       0x00000000       0x71 Dave/Generated/src/IO001/IO001_Conf.o
 .comment       0x00000000       0x71 Dave/Generated/src/DAVESupport/DAVE3.o
 .comment       0x00000000       0x71 Dave/Generated/src/DAVESupport/MULTIPLEXER.o
 .comment       0x00000000       0x71 Dave/Generated/src/CLK001/CLK001.o
 .comment       0x00000000       0x71 Dave/Generated/src/ADCGROUP001/ADCGroup001.o
 .comment       0x00000000       0x71 Dave/Generated/src/ADCGROUP001/ADCGroup001_Conf.o
 .comment       0x00000000       0x71 Dave/Generated/src/ADCGLOB001/ADCGlob001.o
 .comment       0x00000000       0x71 Dave/Generated/src/ADCGLOB001/ADCGlob001_Conf.o
 .comment       0x00000000       0x71 Dave/Generated/src/ADC001/ADC001.o
 .comment       0x00000000       0x71 Dave/Generated/src/ADC001/ADC001_Conf.o

Memory Configuration

Name             Origin             Length             Attributes
FLASH_1_cached   0x08000000         0x00100000         xr
FLASH_1_uncached 0x0c000000         0x00100000         xr
PSRAM_1          0x10000000         0x00010000         !xr
DSRAM_1_system   0x20000000         0x00010000         !xr
DSRAM_2_comm     0x30000000         0x00008000         !xr
*default*        0x00000000         0xffffffff

Linker script and memory map

LOAD AdcRelaxKit.o
LOAD Room.o
LOAD Sensors.o
LOAD dht.o
LOAD Startup/startup_XMC4500.o
LOAD Startup/system_XMC4500.o
LOAD Lib/System_LibcStubs.o
LOAD Dave/Generated/src/UART001/UART001.o
LOAD Dave/Generated/src/UART001/UART001_Conf.o
LOAD Dave/Generated/src/SYSTM002/SYSTM002.o
LOAD Dave/Generated/src/RESET001/RESET001.o
LOAD Dave/Generated/src/NVIC002/NVIC002.o
LOAD Dave/Generated/src/NVIC002/NVIC002_Conf.o
LOAD Dave/Generated/src/LIBS/CCU8PWMLIB.o
LOAD Dave/Generated/src/LIBS/MOTORLIB.o
LOAD Dave/Generated/src/IO004/IO004.o
LOAD Dave/Generated/src/IO004/IO004_Conf.o
LOAD Dave/Generated/src/IO001/IO001.o
LOAD Dave/Generated/src/IO001/IO001_Conf.o
LOAD Dave/Generated/src/DAVESupport/DAVE3.o
LOAD Dave/Generated/src/DAVESupport/MULTIPLEXER.o
LOAD Dave/Generated/src/CLK001/CLK001.o
LOAD Dave/Generated/src/ADCGROUP001/ADCGroup001.o
LOAD Dave/Generated/src/ADCGROUP001/ADCGroup001_Conf.o
LOAD Dave/Generated/src/ADCGLOB001/ADCGlob001.o
LOAD Dave/Generated/src/ADCGLOB001/ADCGlob001_Conf.o
LOAD Dave/Generated/src/ADC001/ADC001.o
LOAD Dave/Generated/src/ADC001/ADC001_Conf.o
START GROUP
LOAD c:/dave-3.1.10/arm-gcc/bin/../lib/gcc/arm-none-eabi/4.7.4/armv7e-m\libgcc.a
LOAD c:/dave-3.1.10/arm-gcc/bin/../lib/gcc/arm-none-eabi/4.7.4/../../../../arm-none-eabi/lib/armv7e-m\libc.a
END GROUP
                0x00000800                stack_size = 0x800

.text           0x08000000     0x3980 load address 0x0c000000
                0x08000000                sText = .
 *(.Xmc4500.reset)
 .Xmc4500.reset
                0x08000000      0x21c Startup/startup_XMC4500.o
                0x08000000                __Xmc4500_interrupt_vector_cortex_m
                0x08000200                __Xmc4500_reset_cortex_m
 *(.Xmc4500.postreset)
 .Xmc4500.postreset
                0x0800021c       0x94 Startup/startup_XMC4500.o
 *(.XmcStartup)
 .XmcStartup    0x080002b0        0x4 Startup/startup_XMC4500.o
 *(.text .text.* .gnu.linkonce.t.*)
 .text          0x080002b4        0x0 AdcRelaxKit.o
 .text.VADC0_C0_2_IRQHandler
                0x080002b4       0x44 AdcRelaxKit.o
                0x080002b4                VADC0_C0_2_IRQHandler
 .text          0x080002f8        0x0 Room.o
 .text.PackData
                0x080002f8       0x58 Room.o
                0x080002f8                PackData
 .text.startup.main
                0x08000350       0x40 Room.o
                0x08000350                main
 .text          0x08000390        0x0 Sensors.o
 .text.GetTemperature
                0x08000390       0xb8 Sensors.o
                0x08000390                GetTemperature
 .text.GetLight
                0x08000448       0x24 Sensors.o
                0x08000448                GetLight
 .text.GetHumidity
                0x0800046c       0x18 Sensors.o
                0x0800046c                GetHumidity
 .text          0x08000484        0x0 dht.o
 .text.TimerHandlerReadSensors
                0x08000484      0x110 dht.o
                0x08000484                TimerHandlerReadSensors
 .text.DHT_Init
                0x08000594       0x1c dht.o
                0x08000594                DHT_Init
 .text.DHT_Read
                0x080005b0       0x2c dht.o
                0x080005b0                DHT_Read
 .text          0x080005dc      0x82c Startup/startup_XMC4500.o
                0x080005dc                NMI_Handler
                0x080005de                NMI_Handler_Veneer
                0x080005ec                HardFault_Handler
                0x080005ee                HardFault_Handler_Veneer
                0x080005fc                MemManage_Handler
                0x080005fe                MemManage_Handler_Veneer
                0x0800060c                BusFault_Handler
                0x0800060e                BusFault_Handler_Veneer
                0x0800061c                UsageFault_Handler
                0x0800061e                UsageFault_Handler_Veneer
                0x0800062c                SVC_Handler
                0x0800062e                SVC_Handler_Veneer
                0x0800063c                DebugMon_Handler
                0x0800063e                DebugMon_Handler_Veneer
                0x0800064c                PendSV_Handler
                0x0800064e                PendSV_Handler_Veneer
                0x0800065e                SysTick_Handler_Veneer
                0x0800066c                SCU_0_IRQHandler
                0x0800066e                SCU_0_IRQHandler_Veneer
                0x0800067c                ERU0_0_IRQHandler
                0x0800067e                ERU0_0_IRQHandler_Veneer
                0x0800068c                ERU0_1_IRQHandler
                0x0800068e                ERU0_1_IRQHandler_Veneer
                0x0800069c                ERU0_2_IRQHandler
                0x0800069e                ERU0_2_IRQHandler_Veneer
                0x080006ac                ERU0_3_IRQHandler
                0x080006ae                ERU0_3_IRQHandler_Veneer
                0x080006bc                ERU1_0_IRQHandler
                0x080006be                ERU1_0_IRQHandler_Veneer
                0x080006cc                ERU1_1_IRQHandler
                0x080006ce                ERU1_1_IRQHandler_Veneer
                0x080006dc                ERU1_2_IRQHandler
                0x080006de                ERU1_2_IRQHandler_Veneer
                0x080006ec                ERU1_3_IRQHandler
                0x080006ee                ERU1_3_IRQHandler_Veneer
                0x080006fc                PMU0_0_IRQHandler
                0x080006fe                PMU0_0_IRQHandler_Veneer
                0x0800070c                VADC0_C0_0_IRQHandler
                0x0800070e                VADC0_C0_0_IRQHandler_Veneer
                0x0800071c                VADC0_C0_1_IRQHandler
                0x0800071e                VADC0_C0_1_IRQHandler_Veneer
                0x0800072e                VADC0_C0_2_IRQHandler_Veneer
                0x0800073c                VADC0_C0_3_IRQHandler
                0x0800073e                VADC0_C0_3_IRQHandler_Veneer
                0x0800074c                VADC0_G0_0_IRQHandler
                0x0800074e                VADC0_G0_0_IRQHandler_Veneer
                0x0800075c                VADC0_G0_1_IRQHandler
                0x0800075e                VADC0_G0_1_IRQHandler_Veneer
                0x0800076c                VADC0_G0_2_IRQHandler
                0x0800076e                VADC0_G0_2_IRQHandler_Veneer
                0x0800077c                VADC0_G0_3_IRQHandler
                0x0800077e                VADC0_G0_3_IRQHandler_Veneer
                0x0800078c                VADC0_G1_0_IRQHandler
                0x0800078e                VADC0_G1_0_IRQHandler_Veneer
                0x0800079c                VADC0_G1_1_IRQHandler
                0x0800079e                VADC0_G1_1_IRQHandler_Veneer
                0x080007ac                VADC0_G1_2_IRQHandler
                0x080007ae                VADC0_G1_2_IRQHandler_Veneer
                0x080007bc                VADC0_G1_3_IRQHandler
                0x080007be                VADC0_G1_3_IRQHandler_Veneer
                0x080007cc                VADC0_G2_0_IRQHandler
                0x080007ce                VADC0_G2_0_IRQHandler_Veneer
                0x080007dc                VADC0_G2_1_IRQHandler
                0x080007de                VADC0_G2_1_IRQHandler_Veneer
                0x080007ec                VADC0_G2_2_IRQHandler
                0x080007ee                VADC0_G2_2_IRQHandler_Veneer
                0x080007fc                VADC0_G2_3_IRQHandler
                0x080007fe                VADC0_G2_3_IRQHandler_Veneer
                0x0800080c                VADC0_G3_0_IRQHandler
                0x0800080e                VADC0_G3_0_IRQHandler_Veneer
                0x0800081c                VADC0_G3_1_IRQHandler
                0x0800081e                VADC0_G3_1_IRQHandler_Veneer
                0x0800082c                VADC0_G3_2_IRQHandler
                0x0800082e                VADC0_G3_2_IRQHandler_Veneer
                0x0800083c                VADC0_G3_3_IRQHandler
                0x0800083e                VADC0_G3_3_IRQHandler_Veneer
                0x0800084c                DSD0_0_IRQHandler
                0x0800084e                DSD0_0_IRQHandler_Veneer
                0x0800085c                DSD0_1_IRQHandler
                0x0800085e                DSD0_1_IRQHandler_Veneer
                0x0800086c                DSD0_2_IRQHandler
                0x0800086e                DSD0_2_IRQHandler_Veneer
                0x0800087c                DSD0_3_IRQHandler
                0x0800087e                DSD0_3_IRQHandler_Veneer
                0x0800088c                DSD0_4_IRQHandler
                0x0800088e                DSD0_4_IRQHandler_Veneer
                0x0800089c                DSD0_5_IRQHandler
                0x0800089e                DSD0_5_IRQHandler_Veneer
                0x080008ac                DSD0_6_IRQHandler
                0x080008ae                DSD0_6_IRQHandler_Veneer
                0x080008bc                DSD0_7_IRQHandler
                0x080008be                DSD0_7_IRQHandler_Veneer
                0x080008cc                DAC0_0_IRQHandler
                0x080008ce                DAC0_0_IRQHandler_Veneer
                0x080008dc                DAC0_1_IRQHandler
                0x080008de                DAC0_1_IRQHandler_Veneer
                0x080008ec                CCU40_0_IRQHandler
                0x080008ee                CCU40_0_IRQHandler_Veneer
                0x080008fc                CCU40_1_IRQHandler
                0x080008fe                CCU40_1_IRQHandler_Veneer
                0x0800090c                CCU40_2_IRQHandler
                0x0800090e                CCU40_2_IRQHandler_Veneer
                0x0800091c                CCU40_3_IRQHandler
                0x0800091e                CCU40_3_IRQHandler_Veneer
                0x0800092c                CCU41_0_IRQHandler
                0x0800092e                CCU41_0_IRQHandler_Veneer
                0x0800093a                CCU41_1_IRQHandler
                0x0800093c                CCU41_1_IRQHandler_Veneer
                0x08000948                CCU41_2_IRQHandler
                0x0800094a                CCU41_2_IRQHandler_Veneer
                0x08000956                CCU41_3_IRQHandler
                0x08000958                CCU41_3_IRQHandler_Veneer
                0x08000964                CCU42_0_IRQHandler
                0x08000966                CCU42_0_IRQHandler_Veneer
                0x08000972                CCU42_1_IRQHandler
                0x08000974                CCU42_1_IRQHandler_Veneer
                0x08000980                CCU42_2_IRQHandler
                0x08000982                CCU42_2_IRQHandler_Veneer
                0x0800098e                CCU42_3_IRQHandler
                0x08000990                CCU42_3_IRQHandler_Veneer
                0x0800099c                CCU43_0_IRQHandler
                0x0800099e                CCU43_0_IRQHandler_Veneer
                0x080009aa                CCU43_1_IRQHandler
                0x080009ac                CCU43_1_IRQHandler_Veneer
                0x080009b8                CCU43_2_IRQHandler
                0x080009ba                CCU43_2_IRQHandler_Veneer
                0x080009c6                CCU43_3_IRQHandler
                0x080009c8                CCU43_3_IRQHandler_Veneer
                0x080009d4                CCU80_0_IRQHandler
                0x080009d6                CCU80_0_IRQHandler_Veneer
                0x080009e2                CCU80_1_IRQHandler
                0x080009e4                CCU80_1_IRQHandler_Veneer
                0x080009f0                CCU80_2_IRQHandler
                0x080009f2                CCU80_2_IRQHandler_Veneer
                0x080009fe                CCU80_3_IRQHandler
                0x08000a00                CCU80_3_IRQHandler_Veneer
                0x08000a0c                CCU81_0_IRQHandler
                0x08000a0e                CCU81_0_IRQHandler_Veneer
                0x08000a1a                CCU81_1_IRQHandler
                0x08000a1c                CCU81_1_IRQHandler_Veneer
                0x08000a28                CCU81_2_IRQHandler
                0x08000a2a                CCU81_2_IRQHandler_Veneer
                0x08000a36                CCU81_3_IRQHandler
                0x08000a38                CCU81_3_IRQHandler_Veneer
                0x08000a44                POSIF0_0_IRQHandler
                0x08000a46                POSIF0_0_IRQHandler_Veneer
                0x08000a52                POSIF0_1_IRQHandler
                0x08000a54                POSIF0_1_IRQHandler_Veneer
                0x08000a60                POSIF1_0_IRQHandler
                0x08000a62                POSIF1_0_IRQHandler_Veneer
                0x08000a6e                POSIF1_1_IRQHandler
                0x08000a70                POSIF1_1_IRQHandler_Veneer
                0x08000a7c                CAN0_0_IRQHandler
                0x08000a7e                CAN0_0_IRQHandler_Veneer
                0x08000a8a                CAN0_1_IRQHandler
                0x08000a8c                CAN0_1_IRQHandler_Veneer
                0x08000a98                CAN0_2_IRQHandler
                0x08000a9a                CAN0_2_IRQHandler_Veneer
                0x08000aa6                CAN0_3_IRQHandler
                0x08000aa8                CAN0_3_IRQHandler_Veneer
                0x08000ab4                CAN0_4_IRQHandler
                0x08000ab6                CAN0_4_IRQHandler_Veneer
                0x08000ac2                CAN0_5_IRQHandler
                0x08000ac4                CAN0_5_IRQHandler_Veneer
                0x08000ad0                CAN0_6_IRQHandler
                0x08000ad2                CAN0_6_IRQHandler_Veneer
                0x08000ade                CAN0_7_IRQHandler
                0x08000ae0                CAN0_7_IRQHandler_Veneer
                0x08000aec                USIC0_0_IRQHandler
                0x08000aee                USIC0_0_IRQHandler_Veneer
                0x08000afa                USIC0_1_IRQHandler
                0x08000afc                USIC0_1_IRQHandler_Veneer
                0x08000b08                USIC0_2_IRQHandler
                0x08000b0a                USIC0_2_IRQHandler_Veneer
                0x08000b16                USIC0_3_IRQHandler
                0x08000b18                USIC0_3_IRQHandler_Veneer
                0x08000b24                USIC0_4_IRQHandler
                0x08000b26                USIC0_4_IRQHandler_Veneer
                0x08000b32                USIC0_5_IRQHandler
                0x08000b34                USIC0_5_IRQHandler_Veneer
                0x08000b40                USIC1_0_IRQHandler
                0x08000b42                USIC1_0_IRQHandler_Veneer
                0x08000b4e                USIC1_1_IRQHandler
                0x08000b50                USIC1_1_IRQHandler_Veneer
                0x08000b5c                USIC1_2_IRQHandler
                0x08000b5e                USIC1_2_IRQHandler_Veneer
                0x08000b6a                USIC1_3_IRQHandler
                0x08000b6c                USIC1_3_IRQHandler_Veneer
                0x08000b78                USIC1_4_IRQHandler
                0x08000b7a                USIC1_4_IRQHandler_Veneer
                0x08000b86                USIC1_5_IRQHandler
                0x08000b88                USIC1_5_IRQHandler_Veneer
                0x08000b94                USIC2_0_IRQHandler
                0x08000b96                USIC2_0_IRQHandler_Veneer
                0x08000ba2                USIC2_1_IRQHandler
                0x08000ba4                USIC2_1_IRQHandler_Veneer
                0x08000bb0                USIC2_2_IRQHandler
                0x08000bb2                USIC2_2_IRQHandler_Veneer
                0x08000bbe                USIC2_3_IRQHandler
                0x08000bc0                USIC2_3_IRQHandler_Veneer
                0x08000bcc                USIC2_4_IRQHandler
                0x08000bce                USIC2_4_IRQHandler_Veneer
                0x08000bda                USIC2_5_IRQHandler
                0x08000bdc                USIC2_5_IRQHandler_Veneer
                0x08000be8                LEDTS0_0_IRQHandler
                0x08000bea                LEDTS0_0_IRQHandler_Veneer
                0x08000bf6                FCE0_0_IRQHandler
                0x08000bf8                FCE0_0_IRQHandler_Veneer
                0x08000c04                GPDMA0_0_IRQHandler
                0x08000c06                GPDMA0_0_IRQHandler_Veneer
                0x08000c12                SDMMC0_0_IRQHandler
                0x08000c14                SDMMC0_0_IRQHandler_Veneer
                0x08000c20                USB0_0_IRQHandler
                0x08000c22                USB0_0_IRQHandler_Veneer
                0x08000c2e                ETH0_0_IRQHandler
                0x08000c30                ETH0_0_IRQHandler_Veneer
                0x08000c3c                GPDMA1_0_IRQHandler
                0x08000c3e                GPDMA1_0_IRQHandler_Veneer
 .text          0x08000e08        0x0 Startup/system_XMC4500.o
 .text.SystemCoreClockUpdate
                0x08000e08       0x70 Startup/system_XMC4500.o
                0x08000e08                SystemCoreClockUpdate
 .text.SystemInit
                0x08000e78      0x204 Startup/system_XMC4500.o
                0x08000e78                SystemInit
 .text          0x0800107c        0x0 Lib/System_LibcStubs.o
 .text._open    0x0800107c        0x6 Lib/System_LibcStubs.o
                0x0800107c                _open
 .text._lseek   0x08001082        0x6 Lib/System_LibcStubs.o
                0x08001082                _lseek
 .text._read    0x08001088        0x4 Lib/System_LibcStubs.o
                0x08001088                _read
 .text._write   0x0800108c        0x6 Lib/System_LibcStubs.o
                0x0800108c                _write
 .text._close   0x08001092        0x6 Lib/System_LibcStubs.o
                0x08001092                _close
 .text._fstat   0x08001098        0xe Lib/System_LibcStubs.o
                0x08001098                _fstat
 .text._link    0x080010a6        0xe Lib/System_LibcStubs.o
                0x080010a6                _link
 .text._unlink  0x080010b4        0x6 Lib/System_LibcStubs.o
                0x080010b4                _unlink
 *fill*         0x080010ba        0x2 00
 .text._sbrk    0x080010bc       0x38 Lib/System_LibcStubs.o
                0x080010bc                _sbrk
 .text._times   0x080010f4        0x6 Lib/System_LibcStubs.o
                0x080010f4                _times
 .text._wait    0x080010fa        0x6 Lib/System_LibcStubs.o
                0x080010fa                _wait
 .text._kill    0x08001100        0x6 Lib/System_LibcStubs.o
                0x08001100                _kill
 .text._fork    0x08001106        0x6 Lib/System_LibcStubs.o
                0x08001106                _fork
 .text._getpid  0x0800110c        0x6 Lib/System_LibcStubs.o
                0x0800110c                _getpid
 .text._exit    0x08001112        0x2 Lib/System_LibcStubs.o
                0x08001112                _exit
 .text._init    0x08001114        0x2 Lib/System_LibcStubs.o
                0x08001114                _init
 .text._isatty  0x08001116        0x6 Lib/System_LibcStubs.o
                0x08001116                _isatty
 .text          0x0800111c        0x0 Dave/Generated/src/UART001/UART001.o
 .text.UART001_lInit
                0x0800111c      0x110 Dave/Generated/src/UART001/UART001.o
                0x0800111c                UART001_lInit
 .text.UART001_lConfigTXPin
                0x0800122c       0x74 Dave/Generated/src/UART001/UART001.o
                0x0800122c                UART001_lConfigTXPin
 .text.UART001_labsRealType
                0x080012a0       0x18 Dave/Generated/src/UART001/UART001.o
                0x080012a0                UART001_labsRealType
 .text.UART001_lConfigureBaudRate
                0x080012b8      0x1a0 Dave/Generated/src/UART001/UART001.o
                0x080012b8                UART001_lConfigureBaudRate
 .text.UART001_Init
                0x08001458       0x2c Dave/Generated/src/UART001/UART001.o
                0x08001458                UART001_Init
 .text.UART001_DeInit
                0x08001484        0x2 Dave/Generated/src/UART001/UART001.o
                0x08001484                UART001_DeInit
 *fill*         0x08001486        0x2 00
 .text.UART001_Configure
                0x08001488       0x98 Dave/Generated/src/UART001/UART001.o
                0x08001488                UART001_Configure
 .text.UART001_ReadDataMultiple
                0x08001520       0x2e Dave/Generated/src/UART001/UART001.o
                0x08001520                UART001_ReadDataMultiple
 .text.UART001_ReadDataBytes
                0x0800154e       0x2c Dave/Generated/src/UART001/UART001.o
                0x0800154e                UART001_ReadDataBytes
 .text.UART001_WriteDataMultiple
                0x0800157a       0x36 Dave/Generated/src/UART001/UART001.o
                0x0800157a                UART001_WriteDataMultiple
 .text.UART001_WriteDataBytes
                0x080015b0       0x34 Dave/Generated/src/UART001/UART001.o
                0x080015b0                UART001_WriteDataBytes
 .text.UART001_GetFlagStatus
                0x080015e4       0x38 Dave/Generated/src/UART001/UART001.o
                0x080015e4                UART001_GetFlagStatus
 .text.UART001_ClearFlag
                0x0800161c       0x32 Dave/Generated/src/UART001/UART001.o
                0x0800161c                UART001_ClearFlag
 .text          0x0800164e        0x0 Dave/Generated/src/UART001/UART001_Conf.o
 .text          0x0800164e        0x0 Dave/Generated/src/SYSTM002/SYSTM002.o
 *fill*         0x0800164e        0x2 00
 .text.SYSTM002_lInsertTimerList
                0x08001650       0x88 Dave/Generated/src/SYSTM002/SYSTM002.o
 .text.SYSTM002_lRemoveTimerList
                0x080016d8       0x44 Dave/Generated/src/SYSTM002/SYSTM002.o
 .text.SysTick_Handler
                0x0800171c       0x5c Dave/Generated/src/SYSTM002/SYSTM002.o
                0x0800171c                SysTick_Handler
 .text.SYSTM002_Init
                0x08001778       0x6c Dave/Generated/src/SYSTM002/SYSTM002.o
                0x08001778                SYSTM002_Init
 .text.SYSTM002_CreateTimer
                0x080017e4       0x84 Dave/Generated/src/SYSTM002/SYSTM002.o
                0x080017e4                SYSTM002_CreateTimer
 .text.SYSTM002_StartTimer
                0x08001868       0x44 Dave/Generated/src/SYSTM002/SYSTM002.o
                0x08001868                SYSTM002_StartTimer
 .text.SYSTM002_StopTimer
                0x080018ac       0x3c Dave/Generated/src/SYSTM002/SYSTM002.o
                0x080018ac                SYSTM002_StopTimer
 .text.SYSTM002_DeleteTimer
                0x080018e8       0x44 Dave/Generated/src/SYSTM002/SYSTM002.o
                0x080018e8                SYSTM002_DeleteTimer
 .text.SYSTM002_GetTime
                0x0800192c       0x10 Dave/Generated/src/SYSTM002/SYSTM002.o
                0x0800192c                SYSTM002_GetTime
 .text          0x0800193c        0x0 Dave/Generated/src/RESET001/RESET001.o
 .text.RESET001_AssertReset
                0x0800193c       0x14 Dave/Generated/src/RESET001/RESET001.o
                0x0800193c                RESET001_AssertReset
 .text.RESET001_DeassertReset
                0x08001950       0x14 Dave/Generated/src/RESET001/RESET001.o
                0x08001950                RESET001_DeassertReset
 .text.RESET001_GetResetInfo
                0x08001964        0xc Dave/Generated/src/RESET001/RESET001.o
                0x08001964                RESET001_GetResetInfo
 .text.RESET001_GetStatus
                0x08001970       0x1c Dave/Generated/src/RESET001/RESET001.o
                0x08001970                RESET001_GetStatus
 .text.RESET001_ClearResetInfo
                0x0800198c       0x10 Dave/Generated/src/RESET001/RESET001.o
                0x0800198c                RESET001_ClearResetInfo
 .text          0x0800199c        0x0 Dave/Generated/src/NVIC002/NVIC002.o
 .text.NVIC002_Init
                0x0800199c       0x94 Dave/Generated/src/NVIC002/NVIC002.o
                0x0800199c                NVIC002_Init
 .text          0x08001a30        0x0 Dave/Generated/src/NVIC002/NVIC002_Conf.o
 .text          0x08001a30        0x0 Dave/Generated/src/LIBS/CCU8PWMLIB.o
 .text          0x08001a30        0x0 Dave/Generated/src/LIBS/MOTORLIB.o
 .text          0x08001a30        0x0 Dave/Generated/src/IO004/IO004.o
 .text.IO004_Init
                0x08001a30       0x28 Dave/Generated/src/IO004/IO004.o
                0x08001a30                IO004_Init
 .text.IO004_DisableOutputDriver
                0x08001a58       0xb2 Dave/Generated/src/IO004/IO004.o
                0x08001a58                IO004_DisableOutputDriver
 .text.IO004_EnableOutputDriver
                0x08001b0a       0xb2 Dave/Generated/src/IO004/IO004.o
                0x08001b0a                IO004_EnableOutputDriver
 .text          0x08001bbc        0x0 Dave/Generated/src/IO004/IO004_Conf.o
 .text          0x08001bbc        0x0 Dave/Generated/src/IO001/IO001.o
 .text.IO001_Init
                0x08001bbc       0x34 Dave/Generated/src/IO001/IO001.o
                0x08001bbc                IO001_Init
 .text.IO001_EnableDigitalInput
                0x08001bf0       0xba Dave/Generated/src/IO001/IO001.o
                0x08001bf0                IO001_EnableDigitalInput
 .text.IO001_DisableDigitalInput
                0x08001caa       0x12 Dave/Generated/src/IO001/IO001.o
                0x08001caa                IO001_DisableDigitalInput
 .text          0x08001cbc        0x0 Dave/Generated/src/IO001/IO001_Conf.o
 .text          0x08001cbc        0x0 Dave/Generated/src/DAVESupport/DAVE3.o
 .text.DAVE_Init
                0x08001cbc       0x4c Dave/Generated/src/DAVESupport/DAVE3.o
                0x08001cbc                DAVE_Init
 .text.SystemInit_DAVE3
                0x08001d08        0x4 Dave/Generated/src/DAVESupport/DAVE3.o
                0x08001d08                SystemInit_DAVE3
 .text          0x08001d0c        0x0 Dave/Generated/src/DAVESupport/MULTIPLEXER.o
 .text.DAVE_MUX_Init
                0x08001d0c       0x88 Dave/Generated/src/DAVESupport/MULTIPLEXER.o
                0x08001d0c                DAVE_MUX_Init
 .text.DAVE_MUX_PreInit
                0x08001d94        0x2 Dave/Generated/src/DAVESupport/MULTIPLEXER.o
                0x08001d94                DAVE_MUX_PreInit
 .text          0x08001d96        0x0 Dave/Generated/src/CLK001/CLK001.o
 .text.CLK001_Delay
                0x08001d96       0x1e Dave/Generated/src/CLK001/CLK001.o
 .text.CLK001_Init
                0x08001db4      0x1a8 Dave/Generated/src/CLK001/CLK001.o
                0x08001db4                CLK001_Init
 .text.AllowPLLInitByStartup
                0x08001f5c        0x4 Dave/Generated/src/CLK001/CLK001.o
                0x08001f5c                AllowPLLInitByStartup
 .text          0x08001f60        0x0 Dave/Generated/src/ADCGROUP001/ADCGroup001.o
 .text.ADCGROUP001_lInit
                0x08001f60      0x114 Dave/Generated/src/ADCGROUP001/ADCGroup001.o
                0x08001f60                ADCGROUP001_lInit
 .text.ADCGROUP001_Deinit
                0x08002074       0x3a Dave/Generated/src/ADCGROUP001/ADCGroup001.o
                0x08002074                ADCGROUP001_Deinit
 .text.ADCGROUP001_GetStartupCalStatus
                0x080020ae        0xe Dave/Generated/src/ADCGROUP001/ADCGroup001.o
                0x080020ae                ADCGROUP001_GetStartupCalStatus
 .text.ADCGROUP001_Init
                0x080020bc       0x24 Dave/Generated/src/ADCGROUP001/ADCGroup001.o
                0x080020bc                ADCGROUP001_Init
 .text.ADCGROUP001_SetGroupBound0
                0x080020e0       0x32 Dave/Generated/src/ADCGROUP001/ADCGroup001.o
                0x080020e0                ADCGROUP001_SetGroupBound0
 *fill*         0x08002112        0x2 00
 .text.ADCGROUP001_SetGroupBound1
                0x08002114       0x38 Dave/Generated/src/ADCGROUP001/ADCGroup001.o
                0x08002114                ADCGROUP001_SetGroupBound1
 .text.ADCGROUP001_ActiveGroupServiceRequestNode
                0x0800214c       0x34 Dave/Generated/src/ADCGROUP001/ADCGroup001.o
                0x0800214c                ADCGROUP001_ActiveGroupServiceRequestNode
 .text.ADCGROUP001_DeActiveGroupServiceRequestNode
                0x08002180       0x2a Dave/Generated/src/ADCGROUP001/ADCGroup001.o
                0x08002180                ADCGROUP001_DeActiveGroupServiceRequestNode
 .text.ADCGROUP001_ActiveSharedServiceRequestNode
                0x080021aa       0x36 Dave/Generated/src/ADCGROUP001/ADCGroup001.o
                0x080021aa                ADCGROUP001_ActiveSharedServiceRequestNode
 .text.ADCGROUP001_DeActiveSharedServiceRequestNode
                0x080021e0       0x2c Dave/Generated/src/ADCGROUP001/ADCGroup001.o
                0x080021e0                ADCGROUP001_DeActiveSharedServiceRequestNode
 .text.ADCGROUP001_EMUXStartSelection
                0x0800220c       0x2c Dave/Generated/src/ADCGROUP001/ADCGroup001.o
                0x0800220c                ADCGROUP001_EMUXStartSelection
 .text.ADCGROUP001_GetEMUXStartSelection
                0x08002238       0x22 Dave/Generated/src/ADCGROUP001/ADCGroup001.o
                0x08002238                ADCGROUP001_GetEMUXStartSelection
 .text.ADCGROUP001_SetEMUXChannelSelect
                0x0800225a       0x2e Dave/Generated/src/ADCGROUP001/ADCGroup001.o
                0x0800225a                ADCGROUP001_SetEMUXChannelSelect
 .text.ADCGROUP001_SetEMUXMode
                0x08002288       0x32 Dave/Generated/src/ADCGROUP001/ADCGroup001.o
                0x08002288                ADCGROUP001_SetEMUXMode
 .text.ADCGROUP001_SetEMUXCodeScheme
                0x080022ba       0x32 Dave/Generated/src/ADCGROUP001/ADCGroup001.o
                0x080022ba                ADCGROUP001_SetEMUXCodeScheme
 .text.ADCGROUP001_SetGroupClass0SampleTime
                0x080022ec       0x28 Dave/Generated/src/ADCGROUP001/ADCGroup001.o
                0x080022ec                ADCGROUP001_SetGroupClass0SampleTime
 .text.ADCGROUP001_SetGroupClass1SampleTime
                0x08002314       0x28 Dave/Generated/src/ADCGROUP001/ADCGroup001.o
                0x08002314                ADCGROUP001_SetGroupClass1SampleTime
 .text.ADCGROUP001_SetGroupClass0EmuxSampleTime
                0x0800233c       0x2e Dave/Generated/src/ADCGROUP001/ADCGroup001.o
                0x0800233c                ADCGROUP001_SetGroupClass0EmuxSampleTime
 .text.ADCGROUP001_SetGroupClass1EmuxSampleTime
                0x0800236a       0x2e Dave/Generated/src/ADCGROUP001/ADCGroup001.o
                0x0800236a                ADCGROUP001_SetGroupClass1EmuxSampleTime
 .text.ADCGROUP001_SetGroupClass0ConvMode
                0x08002398       0x32 Dave/Generated/src/ADCGROUP001/ADCGroup001.o
                0x08002398                ADCGROUP001_SetGroupClass0ConvMode
 .text.ADCGROUP001_SetGroupClass1ConvMode
                0x080023ca       0x32 Dave/Generated/src/ADCGROUP001/ADCGroup001.o
                0x080023ca                ADCGROUP001_SetGroupClass1ConvMode
 .text.ADCGROUP001_SetGroupClass0EmuxConvMode
                0x080023fc       0x32 Dave/Generated/src/ADCGROUP001/ADCGroup001.o
                0x080023fc                ADCGROUP001_SetGroupClass0EmuxConvMode
 .text.ADCGROUP001_SetGroupClass1EmuxConvMode
                0x0800242e       0x32 Dave/Generated/src/ADCGROUP001/ADCGroup001.o
                0x0800242e                ADCGROUP001_SetGroupClass1EmuxConvMode
 .text.ADCGROUP001_SetEMUXSampleTimeControl
                0x08002460       0x32 Dave/Generated/src/ADCGROUP001/ADCGroup001.o
                0x08002460                ADCGROUP001_SetEMUXSampleTimeControl
 .text          0x08002492        0x0 Dave/Generated/src/ADCGROUP001/ADCGroup001_Conf.o
 .text          0x08002492        0x0 Dave/Generated/src/ADCGLOB001/ADCGlob001.o
 *fill*         0x08002492        0x2 00
 .text.ADCGLOB001_Init
                0x08002494       0xb4 Dave/Generated/src/ADCGLOB001/ADCGlob001.o
                0x08002494                ADCGLOB001_Init
 .text.ADCGLOB001_DeInit
                0x08002548       0x48 Dave/Generated/src/ADCGLOB001/ADCGlob001.o
                0x08002548                ADCGLOB001_DeInit
 .text.ADCGLOB001_CLKRequestDisable
                0x08002590       0x1a Dave/Generated/src/ADCGLOB001/ADCGlob001.o
                0x08002590                ADCGLOB001_CLKRequestDisable
 .text.ADCGLOB001_CLKRequestEnable
                0x080025aa       0x1a Dave/Generated/src/ADCGLOB001/ADCGlob001.o
                0x080025aa                ADCGLOB001_CLKRequestEnable
 .text.ADCGLOB001_SetStartUpCalibration
                0x080025c4       0x1e Dave/Generated/src/ADCGLOB001/ADCGlob001.o
                0x080025c4                ADCGLOB001_SetStartUpCalibration
 *fill*         0x080025e2        0x2 00
 .text.ADCGLOB001_StartUpCalibrationInit
                0x080025e4       0x2c Dave/Generated/src/ADCGLOB001/ADCGlob001.o
                0x080025e4                ADCGLOB001_StartUpCalibrationInit
 .text.ADCGLOB001_EnableSleepModeControl
                0x08002610       0x1a Dave/Generated/src/ADCGLOB001/ADCGlob001.o
                0x08002610                ADCGLOB001_EnableSleepModeControl
 .text.ADCGLOB001_DisregardSleepModeControl
                0x0800262a       0x1a Dave/Generated/src/ADCGLOB001/ADCGlob001.o
                0x0800262a                ADCGLOB001_DisregardSleepModeControl
 .text.ADCGLOB001_SetGlobClass0ConvMode
                0x08002644       0x32 Dave/Generated/src/ADCGLOB001/ADCGlob001.o
                0x08002644                ADCGLOB001_SetGlobClass0ConvMode
 .text.ADCGLOB001_SetGlobClass0SampleTime
                0x08002676       0x28 Dave/Generated/src/ADCGLOB001/ADCGlob001.o
                0x08002676                ADCGLOB001_SetGlobClass0SampleTime
 .text.ADCGLOB001_SetGlobClass0EmuxConvMode
                0x0800269e       0x32 Dave/Generated/src/ADCGLOB001/ADCGlob001.o
                0x0800269e                ADCGLOB001_SetGlobClass0EmuxConvMode
 .text.ADCGLOB001_SetGlobClass0EmuxSampleTime
                0x080026d0       0x2e Dave/Generated/src/ADCGLOB001/ADCGlob001.o
                0x080026d0                ADCGLOB001_SetGlobClass0EmuxSampleTime
 .text.ADCGLOB001_SetGlobClass1ConvMode
                0x080026fe       0x32 Dave/Generated/src/ADCGLOB001/ADCGlob001.o
                0x080026fe                ADCGLOB001_SetGlobClass1ConvMode
 .text.ADCGLOB001_SetGlobClass1SampleTime
                0x08002730       0x28 Dave/Generated/src/ADCGLOB001/ADCGlob001.o
                0x08002730                ADCGLOB001_SetGlobClass1SampleTime
 .text.ADCGLOB001_SetGlobClass1EmuxConvMode
                0x08002758       0x32 Dave/Generated/src/ADCGLOB001/ADCGlob001.o
                0x08002758                ADCGLOB001_SetGlobClass1EmuxConvMode
 .text.ADCGLOB001_SetGlobClass1EmuxSampleTime
                0x0800278a       0x2e Dave/Generated/src/ADCGLOB001/ADCGlob001.o
                0x0800278a                ADCGLOB001_SetGlobClass1EmuxSampleTime
 .text.ADCGLOB001_GetDisableBitStatus
                0x080027b8       0x1a Dave/Generated/src/ADCGLOB001/ADCGlob001.o
                0x080027b8                ADCGLOB001_GetDisableBitStatus
 .text.ADCGLOB001_GetIdValue
                0x080027d2       0x16 Dave/Generated/src/ADCGLOB001/ADCGlob001.o
                0x080027d2                ADCGLOB001_GetIdValue
 .text.ADCGLOB001_GTFRConvtrDiagnoGrp
                0x080027e8       0x4c Dave/Generated/src/ADCGLOB001/ADCGlob001.o
                0x080027e8                ADCGLOB001_GTFRConvtrDiagnoGrp
 .text.ADCGLOB001_GTFRConvtrDiagnoEnable
                0x08002834       0x2a Dave/Generated/src/ADCGLOB001/ADCGlob001.o
                0x08002834                ADCGLOB001_GTFRConvtrDiagnoEnable
 .text.ADCGLOB001_GTFRConvtrDiagnoPullDevicesSelect
                0x0800285e       0x4a Dave/Generated/src/ADCGLOB001/ADCGlob001.o
                0x0800285e                ADCGLOB001_GTFRConvtrDiagnoPullDevicesSelect
 .text.ADCGLOB001_GTFRPullDwnDiagnoEnable
                0x080028a8       0x2a Dave/Generated/src/ADCGLOB001/ADCGlob001.o
                0x080028a8                ADCGLOB001_GTFRPullDwnDiagnoEnable
 .text          0x080028d2        0x0 Dave/Generated/src/ADCGLOB001/ADCGlob001_Conf.o
 .text          0x080028d2        0x0 Dave/Generated/src/ADC001/ADC001.o
 *fill*         0x080028d2        0x2 00
 .text.ADC001_lInit
                0x080028d4      0x13c Dave/Generated/src/ADC001/ADC001.o
                0x080028d4                ADC001_lInit
 .text.ADC001_Init
                0x08002a10       0x14 Dave/Generated/src/ADC001/ADC001.o
                0x08002a10                ADC001_Init
 .text.ADC001_Deinit
                0x08002a24       0x94 Dave/Generated/src/ADC001/ADC001.o
                0x08002a24                ADC001_Deinit
 .text.ADC001_SelectInputClass
                0x08002ab8       0x68 Dave/Generated/src/ADC001/ADC001.o
                0x08002ab8                ADC001_SelectInputClass
 .text.ADC001_EnableResultEvt
                0x08002b20       0x1c Dave/Generated/src/ADC001/ADC001.o
                0x08002b20                ADC001_EnableResultEvt
 .text.ADC001_DisableResultEvt
                0x08002b3c       0x1c Dave/Generated/src/ADC001/ADC001.o
                0x08002b3c                ADC001_DisableResultEvt
 .text.ADC001_GetResult
                0x08002b58       0x32 Dave/Generated/src/ADC001/ADC001.o
                0x08002b58                ADC001_GetResult
 .text.ADC001_GetFastResult
                0x08002b8a        0xa Dave/Generated/src/ADC001/ADC001.o
                0x08002b8a                ADC001_GetFastResult
 .text.ADC001_GetResultEvtFlag
                0x08002b94       0x20 Dave/Generated/src/ADC001/ADC001.o
                0x08002b94                ADC001_GetResultEvtFlag
 .text.ADC001_SetResultEvtFlag
                0x08002bb4       0x1c Dave/Generated/src/ADC001/ADC001.o
                0x08002bb4                ADC001_SetResultEvtFlag
 .text.ADC001_ClearResultEvtFlag
                0x08002bd0       0x1c Dave/Generated/src/ADC001/ADC001.o
                0x08002bd0                ADC001_ClearResultEvtFlag
 .text.ADC001_GetChannelEvtFlag
                0x08002bec       0x68 Dave/Generated/src/ADC001/ADC001.o
                0x08002bec                ADC001_GetChannelEvtFlag
 .text.ADC001_SetChannelEvtFlag
                0x08002c54       0x64 Dave/Generated/src/ADC001/ADC001.o
                0x08002c54                ADC001_SetChannelEvtFlag
 .text.ADC001_ClearChannelEvtFlag
                0x08002cb8       0x64 Dave/Generated/src/ADC001/ADC001.o
                0x08002cb8                ADC001_ClearChannelEvtFlag
 .text.ADC001_EnableBackGroundEvent
                0x08002d1c       0x1c Dave/Generated/src/ADC001/ADC001.o
                0x08002d1c                ADC001_EnableBackGroundEvent
 .text.ADC001_DisableBackGroundEvent
                0x08002d38       0x1c Dave/Generated/src/ADC001/ADC001.o
                0x08002d38                ADC001_DisableBackGroundEvent
 .text.ADC001_GetBackGroundEvtFlag
                0x08002d54       0x22 Dave/Generated/src/ADC001/ADC001.o
                0x08002d54                ADC001_GetBackGroundEvtFlag
 .text.ADC001_SetBackGroundEvtFlag
                0x08002d76       0x1c Dave/Generated/src/ADC001/ADC001.o
                0x08002d76                ADC001_SetBackGroundEvtFlag
 .text.ADC001_ClearBackGroundEvtFlag
                0x08002d92       0x1c Dave/Generated/src/ADC001/ADC001.o
                0x08002d92                ADC001_ClearBackGroundEvtFlag
 .text.ADC001_ClearPendingBits
                0x08002dae       0x1e Dave/Generated/src/ADC001/ADC001.o
                0x08002dae                ADC001_ClearPendingBits
 .text.ADC001_GenerateLoadEvent
                0x08002dcc       0x1e Dave/Generated/src/ADC001/ADC001.o
                0x08002dcc                ADC001_GenerateLoadEvent
 .text.ADC001_EnableGate
                0x08002dea       0x28 Dave/Generated/src/ADC001/ADC001.o
                0x08002dea                ADC001_EnableGate
 .text.ADC001_GetGateLevel
                0x08002e12       0x22 Dave/Generated/src/ADC001/ADC001.o
                0x08002e12                ADC001_GetGateLevel
 .text.ADC001_SetExternalTriggerMode
                0x08002e34       0x42 Dave/Generated/src/ADC001/ADC001.o
                0x08002e34                ADC001_SetExternalTriggerMode
 .text.ADC001_EnableExternalTrigger
                0x08002e76       0x1e Dave/Generated/src/ADC001/ADC001.o
                0x08002e76                ADC001_EnableExternalTrigger
 .text.ADC001_DisableExternalTrigger
                0x08002e94       0x1e Dave/Generated/src/ADC001/ADC001.o
                0x08002e94                ADC001_DisableExternalTrigger
 .text.ADC001_EnableArbitrationSlot
                0x08002eb2       0x46 Dave/Generated/src/ADC001/ADC001.o
                0x08002eb2                ADC001_EnableArbitrationSlot
 .text.ADC001_DisableArbitrationSlot
                0x08002ef8       0x46 Dave/Generated/src/ADC001/ADC001.o
                0x08002ef8                ADC001_DisableArbitrationSlot
 .text.ADC001_SetLoadEventMode
                0x08002f3e       0x32 Dave/Generated/src/ADC001/ADC001.o
                0x08002f3e                ADC001_SetLoadEventMode
 .text.ADC001_SetPendingChannel
                0x08002f70       0x4c Dave/Generated/src/ADC001/ADC001.o
                0x08002f70                ADC001_SetPendingChannel
 .text.ADC001_ClearPendingChannel
                0x08002fbc       0x4e Dave/Generated/src/ADC001/ADC001.o
                0x08002fbc                ADC001_ClearPendingChannel
 .text.ADC001_SetChannelSelect
                0x0800300a       0x4c Dave/Generated/src/ADC001/ADC001.o
                0x0800300a                ADC001_SetChannelSelect
 .text.ADC001_ClearChannelSelect
                0x08003056       0x4e Dave/Generated/src/ADC001/ADC001.o
                0x08003056                ADC001_ClearChannelSelect
 .text.ADC001_SetChannelEventMode
                0x080030a4       0x72 Dave/Generated/src/ADC001/ADC001.o
                0x080030a4                ADC001_SetChannelEventMode
 .text          0x08003116        0x0 Dave/Generated/src/ADC001/ADC001_Conf.o
 *fill*         0x08003116        0x2 00
 .text          0x08003118      0x370 c:/dave-3.1.10/arm-gcc/bin/../lib/gcc/arm-none-eabi/4.7.4/armv7e-m\libgcc.a(_arm_addsubdf3.o)
                0x08003118                __aeabi_drsub
                0x08003120                __aeabi_dsub
                0x08003120                __subdf3
                0x08003124                __aeabi_dadd
                0x08003124                __adddf3
                0x0800339c                __floatunsidf
                0x0800339c                __aeabi_ui2d
                0x080033bc                __floatsidf
                0x080033bc                __aeabi_i2d
                0x080033e0                __aeabi_f2d
                0x080033e0                __extendsfdf2
                0x0800341c                __floatundidf
                0x0800341c                __aeabi_ul2d
                0x0800342c                __floatdidf
                0x0800342c                __aeabi_l2d
 .text          0x08003488      0x424 c:/dave-3.1.10/arm-gcc/bin/../lib/gcc/arm-none-eabi/4.7.4/armv7e-m\libgcc.a(_arm_muldivdf3.o)
                0x08003488                __aeabi_dmul
                0x08003488                __muldf3
                0x080036dc                __divdf3
                0x080036dc                __aeabi_ddiv
 .text          0x080038ac       0x40 c:/dave-3.1.10/arm-gcc/bin/../lib/gcc/arm-none-eabi/4.7.4/armv7e-m\libgcc.a(_arm_fixunsdfsi.o)
                0x080038ac                __aeabi_d2uiz
                0x080038ac                __fixunsdfsi
 .text          0x080038ec        0x0 c:/dave-3.1.10/arm-gcc/bin/../lib/gcc/arm-none-eabi/4.7.4/../../../../arm-none-eabi/lib/armv7e-m\libc.a(lib_a-init.o)
 .text.__libc_init_array
                0x080038ec       0x94 c:/dave-3.1.10/arm-gcc/bin/../lib/gcc/arm-none-eabi/4.7.4/../../../../arm-none-eabi/lib/armv7e-m\libc.a(lib_a-init.o)
                0x080038ec                __libc_init_array
 *(.glue*)
 .glue_7        0x00000000        0x0 linker stubs
 .glue_7t       0x00000000        0x0 linker stubs
 *(.v4*)
 .v4_bx         0x00000000        0x0 linker stubs
 *(.vfp11_veneer)
 .vfp11_veneer  0x00000000        0x0 linker stubs
 *(.init)
                0x08003980                __preinit_array_start = .
 *(.preinit_array)
                0x08003980                __preinit_array_end = .
                0x08003980                __init_array_start = .
 *(SORT(.init_array.*))
 *(.init_array)
                0x08003980                __init_array_end = .
 *crtbegin.o(.ctors)
 *(EXCLUDE_FILE(*crtend.o) .ctors)
 *(SORT(.ctors.*))
 *crtend.o(.ctors)
 *(.fini)
                0x08003980                __fini_array_start = .
 *(.fini_array)
 *(SORT(.fini_array.*))
                0x08003980                __fini_array_end = .
 *crtbegin.o(.dtors)
 *(EXCLUDE_FILE(*crtend.o) .dtors)
 *(SORT(.dtors.*))
 *crtend.o(.dtors)
                0x08003980                __extab_start = .
 *(.ARM.extab* .gnu.linkonce.armextab.*)
 .ARM.extab.Xmc4500.reset
                0x08003980        0x0 Startup/startup_XMC4500.o
 .ARM.extab.Xmc4500.postreset
                0x08003980        0x0 Startup/startup_XMC4500.o
                0x08003980                . = ALIGN (0x4)
                0x08003980                __extab_end = ABSOLUTE (.)

.iplt           0x08003980        0x0 load address 0x0c003980
 .iplt          0x00000000        0x0 AdcRelaxKit.o

.ARM.exidx      0x08003980       0x10 load address 0x0c003980
                0x08003980                __exidx_start = .
 *(.ARM.exidx* .gnu.linkonce.armexidx.*)
 .ARM.exidx.Xmc4500.reset
                0x08003980        0x8 Startup/startup_XMC4500.o
 .ARM.exidx.Xmc4500.postreset
                0x08003988        0x8 Startup/startup_XMC4500.o
                0x08003990                . = ALIGN (0x4)
                0x08003990                __exidx_end = ABSOLUTE (.)

.rodata         0x08003990       0xf0 load address 0x0c003990
 *(.rodata .rodata.*)
 .rodata        0x08003990       0x34 Dave/Generated/src/UART001/UART001_Conf.o
                0x08003990                UART001_Handle0
 .rodata        0x080039c4        0x4 Dave/Generated/src/NVIC002/NVIC002_Conf.o
                0x080039c4                NVIC002_Handle0
 .rodata        0x080039c8        0x8 Dave/Generated/src/IO004/IO004_Conf.o
                0x080039c8                IO004_Handle0
 .rodata        0x080039d0       0x18 Dave/Generated/src/IO001/IO001_Conf.o
                0x080039d0                IO001_Handle2
                0x080039d8                IO001_Handle1
                0x080039e0                IO001_Handle0
 .rodata        0x080039e8       0x20 Dave/Generated/src/ADCGROUP001/ADCGroup001_Conf.o
                0x080039e8                ADCGROUP001_Handle0
 .rodata        0x08003a08       0x18 Dave/Generated/src/ADCGLOB001/ADCGlob001_Conf.o
                0x08003a08                ADCGLOB001_Handle0
 .rodata        0x08003a20       0x60 Dave/Generated/src/ADC001/ADC001_Conf.o
                0x08003a20                ADC001_Handle0
                0x08003a74                ADC001_ChannelACHandle
                0x08003a77                ADC001_ChannelABHandle
                0x08003a7a                ADC001_ChannelAAHandle
 *(.gnu.linkonce.r*)

.rel.dyn        0x08003a80        0x0 load address 0x0c003a80
 .rel.iplt      0x00000000        0x0 AdcRelaxKit.o
                0x08003a80                . = ALIGN (0x10)
                0x0c003a80                eROData = (. | 0x4000000)

Stack           0x20000000      0x800
                0x20000800                . = (. + stack_size)
 *fill*         0x20000000      0x800 00
                0x20000800                __Xmc4500_stack = .

Communication_Buffers
 *DMA_Descriptors.o(COMMON)

USB_RAM

.bss            0x20000800      0x454
                0x20000800                __Xmc4500_sBSS = .
 *(.bss)
 .bss           0x20000800        0x0 AdcRelaxKit.o
 .bss           0x20000800        0x2 Room.o
                0x20000800                u8RoomSensorDataSize
                0x20000801                u8NumberOfTimerPeriods
 .bss           0x20000802        0x0 Sensors.o
 .bss           0x20000802        0xa dht.o
                0x20000802                u8NumberOfTimerInterrupts
                0x20000803                eDhtState
                0x20000804                u8NumberOfRecvBits
                0x20000806                u16Aux
                0x20000808                u16Humidity
                0x2000080a                u16Temperature
 .bss           0x2000080c        0x0 Startup/startup_XMC4500.o
 .bss           0x2000080c        0x0 Startup/system_XMC4500.o
 .bss           0x2000080c        0xc Lib/System_LibcStubs.o
                0x20000814                __dso_handle
 .bss           0x20000818        0x0 Dave/Generated/src/UART001/UART001.o
 .bss           0x20000818        0x0 Dave/Generated/src/UART001/UART001_Conf.o
 .bss           0x20000818        0xc Dave/Generated/src/SYSTM002/SYSTM002.o
                0x20000818                TimerList
                0x2000081c                SysTickCount
                0x20000820                TimerTracker
 .bss           0x20000824        0x0 Dave/Generated/src/RESET001/RESET001.o
 .bss           0x20000824        0x0 Dave/Generated/src/NVIC002/NVIC002.o
 .bss           0x20000824        0x0 Dave/Generated/src/NVIC002/NVIC002_Conf.o
 .bss           0x20000824        0x0 Dave/Generated/src/LIBS/CCU8PWMLIB.o
 .bss           0x20000824        0x0 Dave/Generated/src/LIBS/MOTORLIB.o
 .bss           0x20000824        0x0 Dave/Generated/src/IO004/IO004.o
 .bss           0x20000824        0x0 Dave/Generated/src/IO004/IO004_Conf.o
 .bss           0x20000824        0x0 Dave/Generated/src/IO001/IO001.o
 .bss           0x20000824        0x0 Dave/Generated/src/IO001/IO001_Conf.o
 .bss           0x20000824        0x0 Dave/Generated/src/DAVESupport/DAVE3.o
 .bss           0x20000824        0x0 Dave/Generated/src/DAVESupport/MULTIPLEXER.o
 .bss           0x20000824        0x8 Dave/Generated/src/CLK001/CLK001.o
 .bss           0x2000082c        0x0 Dave/Generated/src/ADCGROUP001/ADCGroup001.o
 .bss           0x2000082c        0x1 Dave/Generated/src/ADCGROUP001/ADCGroup001_Conf.o
                0x2000082c                ADCGROUP001_DynamicHandle0
 .bss           0x2000082d        0x0 Dave/Generated/src/ADCGLOB001/ADCGlob001.o
 .bss           0x2000082d        0x1 Dave/Generated/src/ADCGLOB001/ADCGlob001_Conf.o
                0x2000082d                ADCGLOB001_DynamicData0
 .bss           0x2000082e        0x0 Dave/Generated/src/ADC001/ADC001.o
 .bss           0x2000082e        0x6 Dave/Generated/src/ADC001/ADC001_Conf.o
                0x2000082e                ADC001_DynamicHandle
 .bss           0x20000834        0x0 c:/dave-3.1.10/arm-gcc/bin/../lib/gcc/arm-none-eabi/4.7.4/armv7e-m\libgcc.a(_arm_addsubdf3.o)
 .bss           0x20000834        0x0 c:/dave-3.1.10/arm-gcc/bin/../lib/gcc/arm-none-eabi/4.7.4/armv7e-m\libgcc.a(_arm_muldivdf3.o)
 .bss           0x20000834        0x0 c:/dave-3.1.10/arm-gcc/bin/../lib/gcc/arm-none-eabi/4.7.4/armv7e-m\libgcc.a(_arm_fixunsdfsi.o)
 .bss           0x20000834        0x0 c:/dave-3.1.10/arm-gcc/bin/../lib/gcc/arm-none-eabi/4.7.4/../../../../arm-none-eabi/lib/armv7e-m\libc.a(lib_a-init.o)
 *(.bss*)
 *(EXCLUDE_FILE(*DMA_Descriptors.o) COMMON)
 COMMON         0x20000834       0x14 Room.o
                0x20000834                au8RoomSensorData
 COMMON         0x20000848        0x6 Sensors.o
                0x20000848                LightAdcConversion
                0x2000084a                TemperatureAdcConversion
                0x2000084c                HumidityAdcConversion
 *fill*         0x2000084e        0x2 00
 COMMON         0x20000850        0x4 dht.o
                0x20000850                TimerId
 COMMON         0x20000854      0x400 Dave/Generated/src/SYSTM002/SYSTM002.o
                0x20000854                TimerTbl
 *(.gnu.linkonce.b*)
                0x20000c54                __Xmc4500_eBSS = ALIGN (0x4)
                0x00000454                __Xmc4500_BSS_Size = (__Xmc4500_eBSS - __Xmc4500_sBSS)

.data           0x20000c60       0x90 load address 0x0c003a80
                0x20000c60                __Xmc4500_sData = .
 *(.data)
 .data          0x20000c60        0x0 AdcRelaxKit.o
 .data          0x20000c60        0x0 Room.o
 .data          0x20000c60       0x78 Sensors.o
                0x20000c60                afHumidityResistance30DegreesTable
                0x20000c84                afHumidityResistance25DegreesTable
                0x20000ca8                afHumidityResistance20DegreesTable
                0x20000ccc                au8HumidityTable
 .data          0x20000cd8        0x0 dht.o
 .data          0x20000cd8        0x0 Startup/startup_XMC4500.o
 .data          0x20000cd8        0x4 Startup/system_XMC4500.o
                0x20000cd8                SystemCoreClock
 .data          0x20000cdc        0x0 Lib/System_LibcStubs.o
 .data          0x20000cdc        0x0 Dave/Generated/src/UART001/UART001.o
 .data          0x20000cdc        0x4 Dave/Generated/src/UART001/UART001_Conf.o
                0x20000cdc                UART001_HandleArray
 .data          0x20000ce0        0x0 Dave/Generated/src/SYSTM002/SYSTM002.o
 .data          0x20000ce0        0x0 Dave/Generated/src/RESET001/RESET001.o
 .data          0x20000ce0        0x0 Dave/Generated/src/NVIC002/NVIC002.o
 .data          0x20000ce0        0x4 Dave/Generated/src/NVIC002/NVIC002_Conf.o
                0x20000ce0                NVIC002_HandleArray
 .data          0x20000ce4        0x0 Dave/Generated/src/LIBS/CCU8PWMLIB.o
 .data          0x20000ce4        0x0 Dave/Generated/src/LIBS/MOTORLIB.o
 .data          0x20000ce4        0x0 Dave/Generated/src/IO004/IO004.o
 .data          0x20000ce4        0x0 Dave/Generated/src/IO004/IO004_Conf.o
 .data          0x20000ce4        0x0 Dave/Generated/src/IO001/IO001.o
 .data          0x20000ce4        0x0 Dave/Generated/src/IO001/IO001_Conf.o
 .data          0x20000ce4        0x0 Dave/Generated/src/DAVESupport/DAVE3.o
 .data          0x20000ce4        0x0 Dave/Generated/src/DAVESupport/MULTIPLEXER.o
 .data          0x20000ce4        0x0 Dave/Generated/src/CLK001/CLK001.o
 .data          0x20000ce4        0x0 Dave/Generated/src/ADCGROUP001/ADCGroup001.o
 .data          0x20000ce4        0x0 Dave/Generated/src/ADCGROUP001/ADCGroup001_Conf.o
 .data          0x20000ce4        0x0 Dave/Generated/src/ADCGLOB001/ADCGlob001.o
 .data          0x20000ce4        0x0 Dave/Generated/src/ADCGLOB001/ADCGlob001_Conf.o
 .data          0x20000ce4        0x0 Dave/Generated/src/ADC001/ADC001.o
 .data          0x20000ce4        0xc Dave/Generated/src/ADC001/ADC001_Conf.o
                0x20000ce4                ADC001_ChannelHandlePtr
 .data          0x20000cf0        0x0 c:/dave-3.1.10/arm-gcc/bin/../lib/gcc/arm-none-eabi/4.7.4/armv7e-m\libgcc.a(_arm_addsubdf3.o)
 .data          0x20000cf0        0x0 c:/dave-3.1.10/arm-gcc/bin/../lib/gcc/arm-none-eabi/4.7.4/armv7e-m\libgcc.a(_arm_muldivdf3.o)
 .data          0x20000cf0        0x0 c:/dave-3.1.10/arm-gcc/bin/../lib/gcc/arm-none-eabi/4.7.4/armv7e-m\libgcc.a(_arm_fixunsdfsi.o)
 .data          0x20000cf0        0x0 c:/dave-3.1.10/arm-gcc/bin/../lib/gcc/arm-none-eabi/4.7.4/../../../../arm-none-eabi/lib/armv7e-m\libc.a(lib_a-init.o)
 *(.data*)
 *(*.data)
 *(.gnu.linkonce.d*)
                0x20000cf0                __Xmc4500_eData = ALIGN (0x4)
                0x00000090                __Xmc4500_Data_Size = (__Xmc4500_eData - __Xmc4500_sData)
                0x20000cf0                __Xmc4500_heap_start = ALIGN (0x8)
                0x20010000                __Xmc4500_heap_end = (ORIGIN (DSRAM_1_system) + 0x10000)
                0x20000cf0                Heap_Bank1_Start = __Xmc4500_heap_start
                0x0000f310                Heap_Bank1_Size = (__Xmc4500_heap_end - __Xmc4500_heap_start)
                0x20010000                Heap_Bank1_End = ABSOLUTE (__Xmc4500_heap_end)

.igot.plt       0x20000cf0        0x0 load address 0x0c003b10
 .igot.plt      0x00000000        0x0 AdcRelaxKit.o

DSRAM2_Heap     0x30000000        0x0
                0x30000000                Heap_Bank2_Start = .
                0x00008000                Heap_Bank2_Size = (0x8000 - (Heap_Bank2_Start - ORIGIN (DSRAM_2_comm)))

PSRAM_Heap      0x10000000        0x0
                0x10000000                Heap_Bank3_Start = .
                0x00010000                Heap_Bank3_Size = (0x10000 - (Heap_Bank3_Start - ORIGIN (PSRAM_1)))

/DISCARD/
 *(.comment)

.stab
 *(.stab)

.stabstr
 *(.stabstr)

.debug
 *(.debug)

.line
 *(.line)

.debug_srcinfo
 *(.debug_srcinfo)

.debug_sfnames
 *(.debug_sfnames)

.debug_aranges
 *(.debug_aranges)

.debug_pubnames
 *(.debug_pubnames)

.debug_pubtypes
 *(.debug_pubtypes)

.debug_info
 *(.debug_info .gnu.linkonce.wi.*)

.debug_abbrev
 *(.debug_abbrev)

.debug_line
 *(.debug_line)

.debug_frame    0x00000000       0x30
 *(.debug_frame)
 .debug_frame   0x00000000       0x30 c:/dave-3.1.10/arm-gcc/bin/../lib/gcc/arm-none-eabi/4.7.4/../../../../arm-none-eabi/lib/armv7e-m\libc.a(lib_a-init.o)

.debug_str
 *(.debug_str)

.debug_loc
 *(.debug_loc)

.debug_macinfo
 *(.debug_macinfo)

.debug_ranges
 *(.debug_ranges)

.debug_weaknames
 *(.debug_weaknames)

.debug_funcnames
 *(.debug_funcnames)

.debug_typenames
 *(.debug_typenames)

.debug_varnames
 *(.debug_varnames)

.build_attributes
                0x00000000      0x6b2
 *(.ARM.attributes)
 .ARM.attributes
                0x00000000       0x39 AdcRelaxKit.o
 .ARM.attributes
                0x00000039       0x39 Room.o
 .ARM.attributes
                0x00000072       0x39 Sensors.o
 .ARM.attributes
                0x000000ab       0x39 dht.o
 .ARM.attributes
                0x000000e4       0x27 Startup/startup_XMC4500.o
 .ARM.attributes
                0x0000010b       0x39 Startup/system_XMC4500.o
 .ARM.attributes
                0x00000144       0x39 Lib/System_LibcStubs.o
 .ARM.attributes
                0x0000017d       0x39 Dave/Generated/src/UART001/UART001.o
 .ARM.attributes
                0x000001b6       0x39 Dave/Generated/src/UART001/UART001_Conf.o
 .ARM.attributes
                0x000001ef       0x39 Dave/Generated/src/SYSTM002/SYSTM002.o
 .ARM.attributes
                0x00000228       0x39 Dave/Generated/src/RESET001/RESET001.o
 .ARM.attributes
                0x00000261       0x39 Dave/Generated/src/NVIC002/NVIC002.o
 .ARM.attributes
                0x0000029a       0x39 Dave/Generated/src/NVIC002/NVIC002_Conf.o
 .ARM.attributes
                0x000002d3       0x39 Dave/Generated/src/LIBS/CCU8PWMLIB.o
 .ARM.attributes
                0x0000030c       0x39 Dave/Generated/src/LIBS/MOTORLIB.o
 .ARM.attributes
                0x00000345       0x39 Dave/Generated/src/IO004/IO004.o
 .ARM.attributes
                0x0000037e       0x39 Dave/Generated/src/IO004/IO004_Conf.o
 .ARM.attributes
                0x000003b7       0x39 Dave/Generated/src/IO001/IO001.o
 .ARM.attributes
                0x000003f0       0x39 Dave/Generated/src/IO001/IO001_Conf.o
 .ARM.attributes
                0x00000429       0x39 Dave/Generated/src/DAVESupport/DAVE3.o
 .ARM.attributes
                0x00000462       0x39 Dave/Generated/src/DAVESupport/MULTIPLEXER.o
 .ARM.attributes
                0x0000049b       0x39 Dave/Generated/src/CLK001/CLK001.o
 .ARM.attributes
                0x000004d4       0x39 Dave/Generated/src/ADCGROUP001/ADCGroup001.o
 .ARM.attributes
                0x0000050d       0x39 Dave/Generated/src/ADCGROUP001/ADCGroup001_Conf.o
 .ARM.attributes
                0x00000546       0x39 Dave/Generated/src/ADCGLOB001/ADCGlob001.o
 .ARM.attributes
                0x0000057f       0x39 Dave/Generated/src/ADCGLOB001/ADCGlob001_Conf.o
 .ARM.attributes
                0x000005b8       0x39 Dave/Generated/src/ADC001/ADC001.o
 .ARM.attributes
                0x000005f1       0x39 Dave/Generated/src/ADC001/ADC001_Conf.o
 .ARM.attributes
                0x0000062a       0x1e c:/dave-3.1.10/arm-gcc/bin/../lib/gcc/arm-none-eabi/4.7.4/armv7e-m\libgcc.a(_arm_addsubdf3.o)
 .ARM.attributes
                0x00000648       0x1e c:/dave-3.1.10/arm-gcc/bin/../lib/gcc/arm-none-eabi/4.7.4/armv7e-m\libgcc.a(_arm_muldivdf3.o)
 .ARM.attributes
                0x00000666       0x1e c:/dave-3.1.10/arm-gcc/bin/../lib/gcc/arm-none-eabi/4.7.4/armv7e-m\libgcc.a(_arm_fixunsdfsi.o)
 .ARM.attributes
                0x00000684       0x2e c:/dave-3.1.10/arm-gcc/bin/../lib/gcc/arm-none-eabi/4.7.4/../../../../arm-none-eabi/lib/armv7e-m\libc.a(lib_a-init.o)
OUTPUT(BedRoomSlave.elf elf32-littlearm)
