Archive member included because of file (symbol)

c:/dave-3.1.10/arm-gcc/bin/../lib/gcc/arm-none-eabi/4.7.4/armv7e-m\libgcc.a(_arm_addsubdf3.o)
                              Sensors.o (__aeabi_dsub)
c:/dave-3.1.10/arm-gcc/bin/../lib/gcc/arm-none-eabi/4.7.4/armv7e-m\libgcc.a(_arm_muldivdf3.o)
                              Sensors.o (__aeabi_dmul)
c:/dave-3.1.10/arm-gcc/bin/../lib/gcc/arm-none-eabi/4.7.4/armv7e-m\libgcc.a(_arm_fixunsdfsi.o)
                              Sensors.o (__aeabi_d2uiz)
c:/dave-3.1.10/arm-gcc/bin/../lib/gcc/arm-none-eabi/4.7.4/../../../../arm-none-eabi/lib/armv7e-m\libc.a(lib_a-init.o)
                              Startup/startup_XMC4500.o (__libc_init_array)

Allocating common symbols
Common symbol       size              file

LightAdcConversion  0x2               Sensors.o
AdcConversionResult
                    0x4               Sensors.o
TemperatureAdcConversion
                    0x2               Sensors.o
HumidityAdcConversion
                    0x2               Sensors.o

Discarded input sections

 .comment       0x00000000       0x71 Startup/system_XMC4500.o
 .comment       0x00000000       0x71 BedRoomSlave.o
 .comment       0x00000000       0x71 Sensors.o
 .comment       0x00000000       0x71 Lib/System_LibcStubs.o
 .comment       0x00000000       0x71 Dave/Generated/src/UART001/UART001.o
 .comment       0x00000000       0x71 Dave/Generated/src/UART001/UART001_Conf.o
 .comment       0x00000000       0x71 Dave/Generated/src/RESET001/RESET001.o
 .comment       0x00000000       0x71 Dave/Generated/src/NVIC002/NVIC002.o
 .comment       0x00000000       0x71 Dave/Generated/src/NVIC002/NVIC002_Conf.o
 .comment       0x00000000       0x71 Dave/Generated/src/LIBS/CCU8PWMLIB.o
 .comment       0x00000000       0x71 Dave/Generated/src/LIBS/MOTORLIB.o
 .comment       0x00000000       0x71 Dave/Generated/src/IO001/IO001.o
 .comment       0x00000000       0x71 Dave/Generated/src/IO001/IO001_Conf.o
 .comment       0x00000000       0x71 Dave/Generated/src/DAVESupport/DAVE3.o
 .comment       0x00000000       0x71 Dave/Generated/src/DAVESupport/MULTIPLEXER.o
 .comment       0x00000000       0x71 Dave/Generated/src/CLK001/CLK001.o
 .comment       0x00000000       0x71 Dave/Generated/src/ADCGROUP001/ADCGroup001.o
 .comment       0x00000000       0x71 Dave/Generated/src/ADCGROUP001/ADCGroup001_Conf.o
 .comment       0x00000000       0x71 Dave/Generated/src/ADCGLOB001/ADCGlob001.o
 .comment       0x00000000       0x71 Dave/Generated/src/ADCGLOB001/ADCGlob001_Conf.o
 .comment       0x00000000       0x71 Dave/Generated/src/ADC001/ADC001.o
 .comment       0x00000000       0x71 Dave/Generated/src/ADC001/ADC001_Conf.o

Memory Configuration

Name             Origin             Length             Attributes
FLASH_1_cached   0x08000000         0x00100000         xr
FLASH_1_uncached 0x0c000000         0x00100000         xr
PSRAM_1          0x10000000         0x00010000         !xr
DSRAM_1_system   0x20000000         0x00010000         !xr
DSRAM_2_comm     0x30000000         0x00008000         !xr
*default*        0x00000000         0xffffffff

Linker script and memory map

LOAD Startup/startup_XMC4500.o
LOAD Startup/system_XMC4500.o
LOAD BedRoomSlave.o
LOAD Sensors.o
LOAD Lib/System_LibcStubs.o
LOAD Dave/Generated/src/UART001/UART001.o
LOAD Dave/Generated/src/UART001/UART001_Conf.o
LOAD Dave/Generated/src/RESET001/RESET001.o
LOAD Dave/Generated/src/NVIC002/NVIC002.o
LOAD Dave/Generated/src/NVIC002/NVIC002_Conf.o
LOAD Dave/Generated/src/LIBS/CCU8PWMLIB.o
LOAD Dave/Generated/src/LIBS/MOTORLIB.o
LOAD Dave/Generated/src/IO001/IO001.o
LOAD Dave/Generated/src/IO001/IO001_Conf.o
LOAD Dave/Generated/src/DAVESupport/DAVE3.o
LOAD Dave/Generated/src/DAVESupport/MULTIPLEXER.o
LOAD Dave/Generated/src/CLK001/CLK001.o
LOAD Dave/Generated/src/ADCGROUP001/ADCGroup001.o
LOAD Dave/Generated/src/ADCGROUP001/ADCGroup001_Conf.o
LOAD Dave/Generated/src/ADCGLOB001/ADCGlob001.o
LOAD Dave/Generated/src/ADCGLOB001/ADCGlob001_Conf.o
LOAD Dave/Generated/src/ADC001/ADC001.o
LOAD Dave/Generated/src/ADC001/ADC001_Conf.o
START GROUP
LOAD c:/dave-3.1.10/arm-gcc/bin/../lib/gcc/arm-none-eabi/4.7.4/armv7e-m\libgcc.a
LOAD c:/dave-3.1.10/arm-gcc/bin/../lib/gcc/arm-none-eabi/4.7.4/../../../../arm-none-eabi/lib/armv7e-m\libc.a
END GROUP
                0x00000800                stack_size = 0x800

.text           0x08000000     0x3328 load address 0x0c000000
                0x08000000                sText = .
 *(.Xmc4500.reset)
 .Xmc4500.reset
                0x08000000      0x21c Startup/startup_XMC4500.o
                0x08000000                __Xmc4500_interrupt_vector_cortex_m
                0x08000200                __Xmc4500_reset_cortex_m
 *(.Xmc4500.postreset)
 .Xmc4500.postreset
                0x0800021c       0x94 Startup/startup_XMC4500.o
 *(.XmcStartup)
 .XmcStartup    0x080002b0        0x4 Startup/startup_XMC4500.o
 *(.text .text.* .gnu.linkonce.t.*)
 .text          0x080002b4      0x82c Startup/startup_XMC4500.o
                0x080002b4                NMI_Handler
                0x080002b6                NMI_Handler_Veneer
                0x080002c4                HardFault_Handler
                0x080002c6                HardFault_Handler_Veneer
                0x080002d4                MemManage_Handler
                0x080002d6                MemManage_Handler_Veneer
                0x080002e4                BusFault_Handler
                0x080002e6                BusFault_Handler_Veneer
                0x080002f4                UsageFault_Handler
                0x080002f6                UsageFault_Handler_Veneer
                0x08000304                SVC_Handler
                0x08000306                SVC_Handler_Veneer
                0x08000314                DebugMon_Handler
                0x08000316                DebugMon_Handler_Veneer
                0x08000324                PendSV_Handler
                0x08000326                PendSV_Handler_Veneer
                0x08000334                SysTick_Handler
                0x08000336                SysTick_Handler_Veneer
                0x08000344                SCU_0_IRQHandler
                0x08000346                SCU_0_IRQHandler_Veneer
                0x08000354                ERU0_0_IRQHandler
                0x08000356                ERU0_0_IRQHandler_Veneer
                0x08000364                ERU0_1_IRQHandler
                0x08000366                ERU0_1_IRQHandler_Veneer
                0x08000374                ERU0_2_IRQHandler
                0x08000376                ERU0_2_IRQHandler_Veneer
                0x08000384                ERU0_3_IRQHandler
                0x08000386                ERU0_3_IRQHandler_Veneer
                0x08000394                ERU1_0_IRQHandler
                0x08000396                ERU1_0_IRQHandler_Veneer
                0x080003a4                ERU1_1_IRQHandler
                0x080003a6                ERU1_1_IRQHandler_Veneer
                0x080003b4                ERU1_2_IRQHandler
                0x080003b6                ERU1_2_IRQHandler_Veneer
                0x080003c4                ERU1_3_IRQHandler
                0x080003c6                ERU1_3_IRQHandler_Veneer
                0x080003d4                PMU0_0_IRQHandler
                0x080003d6                PMU0_0_IRQHandler_Veneer
                0x080003e4                VADC0_C0_0_IRQHandler
                0x080003e6                VADC0_C0_0_IRQHandler_Veneer
                0x080003f4                VADC0_C0_1_IRQHandler
                0x080003f6                VADC0_C0_1_IRQHandler_Veneer
                0x08000406                VADC0_C0_2_IRQHandler_Veneer
                0x08000414                VADC0_C0_3_IRQHandler
                0x08000416                VADC0_C0_3_IRQHandler_Veneer
                0x08000424                VADC0_G0_0_IRQHandler
                0x08000426                VADC0_G0_0_IRQHandler_Veneer
                0x08000434                VADC0_G0_1_IRQHandler
                0x08000436                VADC0_G0_1_IRQHandler_Veneer
                0x08000444                VADC0_G0_2_IRQHandler
                0x08000446                VADC0_G0_2_IRQHandler_Veneer
                0x08000454                VADC0_G0_3_IRQHandler
                0x08000456                VADC0_G0_3_IRQHandler_Veneer
                0x08000464                VADC0_G1_0_IRQHandler
                0x08000466                VADC0_G1_0_IRQHandler_Veneer
                0x08000474                VADC0_G1_1_IRQHandler
                0x08000476                VADC0_G1_1_IRQHandler_Veneer
                0x08000484                VADC0_G1_2_IRQHandler
                0x08000486                VADC0_G1_2_IRQHandler_Veneer
                0x08000494                VADC0_G1_3_IRQHandler
                0x08000496                VADC0_G1_3_IRQHandler_Veneer
                0x080004a4                VADC0_G2_0_IRQHandler
                0x080004a6                VADC0_G2_0_IRQHandler_Veneer
                0x080004b4                VADC0_G2_1_IRQHandler
                0x080004b6                VADC0_G2_1_IRQHandler_Veneer
                0x080004c4                VADC0_G2_2_IRQHandler
                0x080004c6                VADC0_G2_2_IRQHandler_Veneer
                0x080004d4                VADC0_G2_3_IRQHandler
                0x080004d6                VADC0_G2_3_IRQHandler_Veneer
                0x080004e4                VADC0_G3_0_IRQHandler
                0x080004e6                VADC0_G3_0_IRQHandler_Veneer
                0x080004f4                VADC0_G3_1_IRQHandler
                0x080004f6                VADC0_G3_1_IRQHandler_Veneer
                0x08000504                VADC0_G3_2_IRQHandler
                0x08000506                VADC0_G3_2_IRQHandler_Veneer
                0x08000514                VADC0_G3_3_IRQHandler
                0x08000516                VADC0_G3_3_IRQHandler_Veneer
                0x08000524                DSD0_0_IRQHandler
                0x08000526                DSD0_0_IRQHandler_Veneer
                0x08000534                DSD0_1_IRQHandler
                0x08000536                DSD0_1_IRQHandler_Veneer
                0x08000544                DSD0_2_IRQHandler
                0x08000546                DSD0_2_IRQHandler_Veneer
                0x08000554                DSD0_3_IRQHandler
                0x08000556                DSD0_3_IRQHandler_Veneer
                0x08000564                DSD0_4_IRQHandler
                0x08000566                DSD0_4_IRQHandler_Veneer
                0x08000574                DSD0_5_IRQHandler
                0x08000576                DSD0_5_IRQHandler_Veneer
                0x08000584                DSD0_6_IRQHandler
                0x08000586                DSD0_6_IRQHandler_Veneer
                0x08000594                DSD0_7_IRQHandler
                0x08000596                DSD0_7_IRQHandler_Veneer
                0x080005a4                DAC0_0_IRQHandler
                0x080005a6                DAC0_0_IRQHandler_Veneer
                0x080005b4                DAC0_1_IRQHandler
                0x080005b6                DAC0_1_IRQHandler_Veneer
                0x080005c4                CCU40_0_IRQHandler
                0x080005c6                CCU40_0_IRQHandler_Veneer
                0x080005d4                CCU40_1_IRQHandler
                0x080005d6                CCU40_1_IRQHandler_Veneer
                0x080005e4                CCU40_2_IRQHandler
                0x080005e6                CCU40_2_IRQHandler_Veneer
                0x080005f4                CCU40_3_IRQHandler
                0x080005f6                CCU40_3_IRQHandler_Veneer
                0x08000604                CCU41_0_IRQHandler
                0x08000606                CCU41_0_IRQHandler_Veneer
                0x08000612                CCU41_1_IRQHandler
                0x08000614                CCU41_1_IRQHandler_Veneer
                0x08000620                CCU41_2_IRQHandler
                0x08000622                CCU41_2_IRQHandler_Veneer
                0x0800062e                CCU41_3_IRQHandler
                0x08000630                CCU41_3_IRQHandler_Veneer
                0x0800063c                CCU42_0_IRQHandler
                0x0800063e                CCU42_0_IRQHandler_Veneer
                0x0800064a                CCU42_1_IRQHandler
                0x0800064c                CCU42_1_IRQHandler_Veneer
                0x08000658                CCU42_2_IRQHandler
                0x0800065a                CCU42_2_IRQHandler_Veneer
                0x08000666                CCU42_3_IRQHandler
                0x08000668                CCU42_3_IRQHandler_Veneer
                0x08000674                CCU43_0_IRQHandler
                0x08000676                CCU43_0_IRQHandler_Veneer
                0x08000682                CCU43_1_IRQHandler
                0x08000684                CCU43_1_IRQHandler_Veneer
                0x08000690                CCU43_2_IRQHandler
                0x08000692                CCU43_2_IRQHandler_Veneer
                0x0800069e                CCU43_3_IRQHandler
                0x080006a0                CCU43_3_IRQHandler_Veneer
                0x080006ac                CCU80_0_IRQHandler
                0x080006ae                CCU80_0_IRQHandler_Veneer
                0x080006ba                CCU80_1_IRQHandler
                0x080006bc                CCU80_1_IRQHandler_Veneer
                0x080006c8                CCU80_2_IRQHandler
                0x080006ca                CCU80_2_IRQHandler_Veneer
                0x080006d6                CCU80_3_IRQHandler
                0x080006d8                CCU80_3_IRQHandler_Veneer
                0x080006e4                CCU81_0_IRQHandler
                0x080006e6                CCU81_0_IRQHandler_Veneer
                0x080006f2                CCU81_1_IRQHandler
                0x080006f4                CCU81_1_IRQHandler_Veneer
                0x08000700                CCU81_2_IRQHandler
                0x08000702                CCU81_2_IRQHandler_Veneer
                0x0800070e                CCU81_3_IRQHandler
                0x08000710                CCU81_3_IRQHandler_Veneer
                0x0800071c                POSIF0_0_IRQHandler
                0x0800071e                POSIF0_0_IRQHandler_Veneer
                0x0800072a                POSIF0_1_IRQHandler
                0x0800072c                POSIF0_1_IRQHandler_Veneer
                0x08000738                POSIF1_0_IRQHandler
                0x0800073a                POSIF1_0_IRQHandler_Veneer
                0x08000746                POSIF1_1_IRQHandler
                0x08000748                POSIF1_1_IRQHandler_Veneer
                0x08000754                CAN0_0_IRQHandler
                0x08000756                CAN0_0_IRQHandler_Veneer
                0x08000762                CAN0_1_IRQHandler
                0x08000764                CAN0_1_IRQHandler_Veneer
                0x08000770                CAN0_2_IRQHandler
                0x08000772                CAN0_2_IRQHandler_Veneer
                0x0800077e                CAN0_3_IRQHandler
                0x08000780                CAN0_3_IRQHandler_Veneer
                0x0800078c                CAN0_4_IRQHandler
                0x0800078e                CAN0_4_IRQHandler_Veneer
                0x0800079a                CAN0_5_IRQHandler
                0x0800079c                CAN0_5_IRQHandler_Veneer
                0x080007a8                CAN0_6_IRQHandler
                0x080007aa                CAN0_6_IRQHandler_Veneer
                0x080007b6                CAN0_7_IRQHandler
                0x080007b8                CAN0_7_IRQHandler_Veneer
                0x080007c4                USIC0_0_IRQHandler
                0x080007c6                USIC0_0_IRQHandler_Veneer
                0x080007d2                USIC0_1_IRQHandler
                0x080007d4                USIC0_1_IRQHandler_Veneer
                0x080007e0                USIC0_2_IRQHandler
                0x080007e2                USIC0_2_IRQHandler_Veneer
                0x080007ee                USIC0_3_IRQHandler
                0x080007f0                USIC0_3_IRQHandler_Veneer
                0x080007fc                USIC0_4_IRQHandler
                0x080007fe                USIC0_4_IRQHandler_Veneer
                0x0800080a                USIC0_5_IRQHandler
                0x0800080c                USIC0_5_IRQHandler_Veneer
                0x08000818                USIC1_0_IRQHandler
                0x0800081a                USIC1_0_IRQHandler_Veneer
                0x08000826                USIC1_1_IRQHandler
                0x08000828                USIC1_1_IRQHandler_Veneer
                0x08000834                USIC1_2_IRQHandler
                0x08000836                USIC1_2_IRQHandler_Veneer
                0x08000842                USIC1_3_IRQHandler
                0x08000844                USIC1_3_IRQHandler_Veneer
                0x08000850                USIC1_4_IRQHandler
                0x08000852                USIC1_4_IRQHandler_Veneer
                0x0800085e                USIC1_5_IRQHandler
                0x08000860                USIC1_5_IRQHandler_Veneer
                0x0800086c                USIC2_0_IRQHandler
                0x0800086e                USIC2_0_IRQHandler_Veneer
                0x0800087a                USIC2_1_IRQHandler
                0x0800087c                USIC2_1_IRQHandler_Veneer
                0x08000888                USIC2_2_IRQHandler
                0x0800088a                USIC2_2_IRQHandler_Veneer
                0x08000896                USIC2_3_IRQHandler
                0x08000898                USIC2_3_IRQHandler_Veneer
                0x080008a4                USIC2_4_IRQHandler
                0x080008a6                USIC2_4_IRQHandler_Veneer
                0x080008b2                USIC2_5_IRQHandler
                0x080008b4                USIC2_5_IRQHandler_Veneer
                0x080008c0                LEDTS0_0_IRQHandler
                0x080008c2                LEDTS0_0_IRQHandler_Veneer
                0x080008ce                FCE0_0_IRQHandler
                0x080008d0                FCE0_0_IRQHandler_Veneer
                0x080008dc                GPDMA0_0_IRQHandler
                0x080008de                GPDMA0_0_IRQHandler_Veneer
                0x080008ea                SDMMC0_0_IRQHandler
                0x080008ec                SDMMC0_0_IRQHandler_Veneer
                0x080008f8                USB0_0_IRQHandler
                0x080008fa                USB0_0_IRQHandler_Veneer
                0x08000906                ETH0_0_IRQHandler
                0x08000908                ETH0_0_IRQHandler_Veneer
                0x08000914                GPDMA1_0_IRQHandler
                0x08000916                GPDMA1_0_IRQHandler_Veneer
 .text          0x08000ae0        0x0 Startup/system_XMC4500.o
 .text.SystemCoreClockUpdate
                0x08000ae0       0x70 Startup/system_XMC4500.o
                0x08000ae0                SystemCoreClockUpdate
 .text.SystemInit
                0x08000b50      0x204 Startup/system_XMC4500.o
                0x08000b50                SystemInit
 .text          0x08000d54        0x0 BedRoomSlave.o
 .text.startup.main
                0x08000d54       0x44 BedRoomSlave.o
                0x08000d54                main
 .text          0x08000d98        0x0 Sensors.o
 .text.GetTemperature
                0x08000d98       0xb0 Sensors.o
                0x08000d98                GetTemperature
 .text.GetLight
                0x08000e48       0x10 Sensors.o
                0x08000e48                GetLight
 .text.GetHumidity
                0x08000e58       0x10 Sensors.o
                0x08000e58                GetHumidity
 .text.VADC0_C0_2_IRQHandler
                0x08000e68       0x44 Sensors.o
                0x08000e68                VADC0_C0_2_IRQHandler
 .text          0x08000eac        0x0 Lib/System_LibcStubs.o
 .text._open    0x08000eac        0x6 Lib/System_LibcStubs.o
                0x08000eac                _open
 .text._lseek   0x08000eb2        0x6 Lib/System_LibcStubs.o
                0x08000eb2                _lseek
 .text._read    0x08000eb8        0x4 Lib/System_LibcStubs.o
                0x08000eb8                _read
 .text._write   0x08000ebc        0x6 Lib/System_LibcStubs.o
                0x08000ebc                _write
 .text._close   0x08000ec2        0x6 Lib/System_LibcStubs.o
                0x08000ec2                _close
 .text._fstat   0x08000ec8        0xe Lib/System_LibcStubs.o
                0x08000ec8                _fstat
 .text._link    0x08000ed6        0xe Lib/System_LibcStubs.o
                0x08000ed6                _link
 .text._unlink  0x08000ee4        0x6 Lib/System_LibcStubs.o
                0x08000ee4                _unlink
 *fill*         0x08000eea        0x2 00
 .text._sbrk    0x08000eec       0x38 Lib/System_LibcStubs.o
                0x08000eec                _sbrk
 .text._times   0x08000f24        0x6 Lib/System_LibcStubs.o
                0x08000f24                _times
 .text._wait    0x08000f2a        0x6 Lib/System_LibcStubs.o
                0x08000f2a                _wait
 .text._kill    0x08000f30        0x6 Lib/System_LibcStubs.o
                0x08000f30                _kill
 .text._fork    0x08000f36        0x6 Lib/System_LibcStubs.o
                0x08000f36                _fork
 .text._getpid  0x08000f3c        0x6 Lib/System_LibcStubs.o
                0x08000f3c                _getpid
 .text._exit    0x08000f42        0x2 Lib/System_LibcStubs.o
                0x08000f42                _exit
 .text._init    0x08000f44        0x2 Lib/System_LibcStubs.o
                0x08000f44                _init
 .text._isatty  0x08000f46        0x6 Lib/System_LibcStubs.o
                0x08000f46                _isatty
 .text          0x08000f4c        0x0 Dave/Generated/src/UART001/UART001.o
 .text.UART001_lInit
                0x08000f4c      0x110 Dave/Generated/src/UART001/UART001.o
                0x08000f4c                UART001_lInit
 .text.UART001_lConfigTXPin
                0x0800105c       0x74 Dave/Generated/src/UART001/UART001.o
                0x0800105c                UART001_lConfigTXPin
 .text.UART001_labsRealType
                0x080010d0       0x18 Dave/Generated/src/UART001/UART001.o
                0x080010d0                UART001_labsRealType
 .text.UART001_lConfigureBaudRate
                0x080010e8      0x1a0 Dave/Generated/src/UART001/UART001.o
                0x080010e8                UART001_lConfigureBaudRate
 .text.UART001_Init
                0x08001288       0x2c Dave/Generated/src/UART001/UART001.o
                0x08001288                UART001_Init
 .text.UART001_DeInit
                0x080012b4        0x2 Dave/Generated/src/UART001/UART001.o
                0x080012b4                UART001_DeInit
 *fill*         0x080012b6        0x2 00
 .text.UART001_Configure
                0x080012b8       0x98 Dave/Generated/src/UART001/UART001.o
                0x080012b8                UART001_Configure
 .text.UART001_ReadDataMultiple
                0x08001350       0x2e Dave/Generated/src/UART001/UART001.o
                0x08001350                UART001_ReadDataMultiple
 .text.UART001_ReadDataBytes
                0x0800137e       0x2c Dave/Generated/src/UART001/UART001.o
                0x0800137e                UART001_ReadDataBytes
 .text.UART001_WriteDataMultiple
                0x080013aa       0x36 Dave/Generated/src/UART001/UART001.o
                0x080013aa                UART001_WriteDataMultiple
 .text.UART001_WriteDataBytes
                0x080013e0       0x34 Dave/Generated/src/UART001/UART001.o
                0x080013e0                UART001_WriteDataBytes
 .text.UART001_GetFlagStatus
                0x08001414       0x38 Dave/Generated/src/UART001/UART001.o
                0x08001414                UART001_GetFlagStatus
 .text.UART001_ClearFlag
                0x0800144c       0x32 Dave/Generated/src/UART001/UART001.o
                0x0800144c                UART001_ClearFlag
 .text          0x0800147e        0x0 Dave/Generated/src/UART001/UART001_Conf.o
 .text          0x0800147e        0x0 Dave/Generated/src/RESET001/RESET001.o
 *fill*         0x0800147e        0x2 00
 .text.RESET001_AssertReset
                0x08001480       0x14 Dave/Generated/src/RESET001/RESET001.o
                0x08001480                RESET001_AssertReset
 .text.RESET001_DeassertReset
                0x08001494       0x14 Dave/Generated/src/RESET001/RESET001.o
                0x08001494                RESET001_DeassertReset
 .text.RESET001_GetResetInfo
                0x080014a8        0xc Dave/Generated/src/RESET001/RESET001.o
                0x080014a8                RESET001_GetResetInfo
 .text.RESET001_GetStatus
                0x080014b4       0x1c Dave/Generated/src/RESET001/RESET001.o
                0x080014b4                RESET001_GetStatus
 .text.RESET001_ClearResetInfo
                0x080014d0       0x10 Dave/Generated/src/RESET001/RESET001.o
                0x080014d0                RESET001_ClearResetInfo
 .text          0x080014e0        0x0 Dave/Generated/src/NVIC002/NVIC002.o
 .text.NVIC002_Init
                0x080014e0       0x94 Dave/Generated/src/NVIC002/NVIC002.o
                0x080014e0                NVIC002_Init
 .text          0x08001574        0x0 Dave/Generated/src/NVIC002/NVIC002_Conf.o
 .text          0x08001574        0x0 Dave/Generated/src/LIBS/CCU8PWMLIB.o
 .text          0x08001574        0x0 Dave/Generated/src/LIBS/MOTORLIB.o
 .text          0x08001574        0x0 Dave/Generated/src/IO001/IO001.o
 .text.IO001_Init
                0x08001574       0x34 Dave/Generated/src/IO001/IO001.o
                0x08001574                IO001_Init
 .text.IO001_EnableDigitalInput
                0x080015a8       0xba Dave/Generated/src/IO001/IO001.o
                0x080015a8                IO001_EnableDigitalInput
 .text.IO001_DisableDigitalInput
                0x08001662       0x12 Dave/Generated/src/IO001/IO001.o
                0x08001662                IO001_DisableDigitalInput
 .text          0x08001674        0x0 Dave/Generated/src/IO001/IO001_Conf.o
 .text          0x08001674        0x0 Dave/Generated/src/DAVESupport/DAVE3.o
 .text.DAVE_Init
                0x08001674       0x44 Dave/Generated/src/DAVESupport/DAVE3.o
                0x08001674                DAVE_Init
 .text.SystemInit_DAVE3
                0x080016b8        0x4 Dave/Generated/src/DAVESupport/DAVE3.o
                0x080016b8                SystemInit_DAVE3
 .text          0x080016bc        0x0 Dave/Generated/src/DAVESupport/MULTIPLEXER.o
 .text.DAVE_MUX_Init
                0x080016bc       0x80 Dave/Generated/src/DAVESupport/MULTIPLEXER.o
                0x080016bc                DAVE_MUX_Init
 .text.DAVE_MUX_PreInit
                0x0800173c        0x2 Dave/Generated/src/DAVESupport/MULTIPLEXER.o
                0x0800173c                DAVE_MUX_PreInit
 .text          0x0800173e        0x0 Dave/Generated/src/CLK001/CLK001.o
 .text.CLK001_Delay
                0x0800173e       0x1e Dave/Generated/src/CLK001/CLK001.o
 .text.CLK001_Init
                0x0800175c      0x1a8 Dave/Generated/src/CLK001/CLK001.o
                0x0800175c                CLK001_Init
 .text.AllowPLLInitByStartup
                0x08001904        0x4 Dave/Generated/src/CLK001/CLK001.o
                0x08001904                AllowPLLInitByStartup
 .text          0x08001908        0x0 Dave/Generated/src/ADCGROUP001/ADCGroup001.o
 .text.ADCGROUP001_lInit
                0x08001908      0x114 Dave/Generated/src/ADCGROUP001/ADCGroup001.o
                0x08001908                ADCGROUP001_lInit
 .text.ADCGROUP001_Deinit
                0x08001a1c       0x3a Dave/Generated/src/ADCGROUP001/ADCGroup001.o
                0x08001a1c                ADCGROUP001_Deinit
 .text.ADCGROUP001_GetStartupCalStatus
                0x08001a56        0xe Dave/Generated/src/ADCGROUP001/ADCGroup001.o
                0x08001a56                ADCGROUP001_GetStartupCalStatus
 .text.ADCGROUP001_Init
                0x08001a64       0x24 Dave/Generated/src/ADCGROUP001/ADCGroup001.o
                0x08001a64                ADCGROUP001_Init
 .text.ADCGROUP001_SetGroupBound0
                0x08001a88       0x32 Dave/Generated/src/ADCGROUP001/ADCGroup001.o
                0x08001a88                ADCGROUP001_SetGroupBound0
 *fill*         0x08001aba        0x2 00
 .text.ADCGROUP001_SetGroupBound1
                0x08001abc       0x38 Dave/Generated/src/ADCGROUP001/ADCGroup001.o
                0x08001abc                ADCGROUP001_SetGroupBound1
 .text.ADCGROUP001_ActiveGroupServiceRequestNode
                0x08001af4       0x34 Dave/Generated/src/ADCGROUP001/ADCGroup001.o
                0x08001af4                ADCGROUP001_ActiveGroupServiceRequestNode
 .text.ADCGROUP001_DeActiveGroupServiceRequestNode
                0x08001b28       0x2a Dave/Generated/src/ADCGROUP001/ADCGroup001.o
                0x08001b28                ADCGROUP001_DeActiveGroupServiceRequestNode
 .text.ADCGROUP001_ActiveSharedServiceRequestNode
                0x08001b52       0x36 Dave/Generated/src/ADCGROUP001/ADCGroup001.o
                0x08001b52                ADCGROUP001_ActiveSharedServiceRequestNode
 .text.ADCGROUP001_DeActiveSharedServiceRequestNode
                0x08001b88       0x2c Dave/Generated/src/ADCGROUP001/ADCGroup001.o
                0x08001b88                ADCGROUP001_DeActiveSharedServiceRequestNode
 .text.ADCGROUP001_EMUXStartSelection
                0x08001bb4       0x2c Dave/Generated/src/ADCGROUP001/ADCGroup001.o
                0x08001bb4                ADCGROUP001_EMUXStartSelection
 .text.ADCGROUP001_GetEMUXStartSelection
                0x08001be0       0x22 Dave/Generated/src/ADCGROUP001/ADCGroup001.o
                0x08001be0                ADCGROUP001_GetEMUXStartSelection
 .text.ADCGROUP001_SetEMUXChannelSelect
                0x08001c02       0x2e Dave/Generated/src/ADCGROUP001/ADCGroup001.o
                0x08001c02                ADCGROUP001_SetEMUXChannelSelect
 .text.ADCGROUP001_SetEMUXMode
                0x08001c30       0x32 Dave/Generated/src/ADCGROUP001/ADCGroup001.o
                0x08001c30                ADCGROUP001_SetEMUXMode
 .text.ADCGROUP001_SetEMUXCodeScheme
                0x08001c62       0x32 Dave/Generated/src/ADCGROUP001/ADCGroup001.o
                0x08001c62                ADCGROUP001_SetEMUXCodeScheme
 .text.ADCGROUP001_SetGroupClass0SampleTime
                0x08001c94       0x28 Dave/Generated/src/ADCGROUP001/ADCGroup001.o
                0x08001c94                ADCGROUP001_SetGroupClass0SampleTime
 .text.ADCGROUP001_SetGroupClass1SampleTime
                0x08001cbc       0x28 Dave/Generated/src/ADCGROUP001/ADCGroup001.o
                0x08001cbc                ADCGROUP001_SetGroupClass1SampleTime
 .text.ADCGROUP001_SetGroupClass0EmuxSampleTime
                0x08001ce4       0x2e Dave/Generated/src/ADCGROUP001/ADCGroup001.o
                0x08001ce4                ADCGROUP001_SetGroupClass0EmuxSampleTime
 .text.ADCGROUP001_SetGroupClass1EmuxSampleTime
                0x08001d12       0x2e Dave/Generated/src/ADCGROUP001/ADCGroup001.o
                0x08001d12                ADCGROUP001_SetGroupClass1EmuxSampleTime
 .text.ADCGROUP001_SetGroupClass0ConvMode
                0x08001d40       0x32 Dave/Generated/src/ADCGROUP001/ADCGroup001.o
                0x08001d40                ADCGROUP001_SetGroupClass0ConvMode
 .text.ADCGROUP001_SetGroupClass1ConvMode
                0x08001d72       0x32 Dave/Generated/src/ADCGROUP001/ADCGroup001.o
                0x08001d72                ADCGROUP001_SetGroupClass1ConvMode
 .text.ADCGROUP001_SetGroupClass0EmuxConvMode
                0x08001da4       0x32 Dave/Generated/src/ADCGROUP001/ADCGroup001.o
                0x08001da4                ADCGROUP001_SetGroupClass0EmuxConvMode
 .text.ADCGROUP001_SetGroupClass1EmuxConvMode
                0x08001dd6       0x32 Dave/Generated/src/ADCGROUP001/ADCGroup001.o
                0x08001dd6                ADCGROUP001_SetGroupClass1EmuxConvMode
 .text.ADCGROUP001_SetEMUXSampleTimeControl
                0x08001e08       0x32 Dave/Generated/src/ADCGROUP001/ADCGroup001.o
                0x08001e08                ADCGROUP001_SetEMUXSampleTimeControl
 .text          0x08001e3a        0x0 Dave/Generated/src/ADCGROUP001/ADCGroup001_Conf.o
 .text          0x08001e3a        0x0 Dave/Generated/src/ADCGLOB001/ADCGlob001.o
 *fill*         0x08001e3a        0x2 00
 .text.ADCGLOB001_Init
                0x08001e3c       0xb4 Dave/Generated/src/ADCGLOB001/ADCGlob001.o
                0x08001e3c                ADCGLOB001_Init
 .text.ADCGLOB001_DeInit
                0x08001ef0       0x48 Dave/Generated/src/ADCGLOB001/ADCGlob001.o
                0x08001ef0                ADCGLOB001_DeInit
 .text.ADCGLOB001_CLKRequestDisable
                0x08001f38       0x1a Dave/Generated/src/ADCGLOB001/ADCGlob001.o
                0x08001f38                ADCGLOB001_CLKRequestDisable
 .text.ADCGLOB001_CLKRequestEnable
                0x08001f52       0x1a Dave/Generated/src/ADCGLOB001/ADCGlob001.o
                0x08001f52                ADCGLOB001_CLKRequestEnable
 .text.ADCGLOB001_SetStartUpCalibration
                0x08001f6c       0x1e Dave/Generated/src/ADCGLOB001/ADCGlob001.o
                0x08001f6c                ADCGLOB001_SetStartUpCalibration
 *fill*         0x08001f8a        0x2 00
 .text.ADCGLOB001_StartUpCalibrationInit
                0x08001f8c       0x2c Dave/Generated/src/ADCGLOB001/ADCGlob001.o
                0x08001f8c                ADCGLOB001_StartUpCalibrationInit
 .text.ADCGLOB001_EnableSleepModeControl
                0x08001fb8       0x1a Dave/Generated/src/ADCGLOB001/ADCGlob001.o
                0x08001fb8                ADCGLOB001_EnableSleepModeControl
 .text.ADCGLOB001_DisregardSleepModeControl
                0x08001fd2       0x1a Dave/Generated/src/ADCGLOB001/ADCGlob001.o
                0x08001fd2                ADCGLOB001_DisregardSleepModeControl
 .text.ADCGLOB001_SetGlobClass0ConvMode
                0x08001fec       0x32 Dave/Generated/src/ADCGLOB001/ADCGlob001.o
                0x08001fec                ADCGLOB001_SetGlobClass0ConvMode
 .text.ADCGLOB001_SetGlobClass0SampleTime
                0x0800201e       0x28 Dave/Generated/src/ADCGLOB001/ADCGlob001.o
                0x0800201e                ADCGLOB001_SetGlobClass0SampleTime
 .text.ADCGLOB001_SetGlobClass0EmuxConvMode
                0x08002046       0x32 Dave/Generated/src/ADCGLOB001/ADCGlob001.o
                0x08002046                ADCGLOB001_SetGlobClass0EmuxConvMode
 .text.ADCGLOB001_SetGlobClass0EmuxSampleTime
                0x08002078       0x2e Dave/Generated/src/ADCGLOB001/ADCGlob001.o
                0x08002078                ADCGLOB001_SetGlobClass0EmuxSampleTime
 .text.ADCGLOB001_SetGlobClass1ConvMode
                0x080020a6       0x32 Dave/Generated/src/ADCGLOB001/ADCGlob001.o
                0x080020a6                ADCGLOB001_SetGlobClass1ConvMode
 .text.ADCGLOB001_SetGlobClass1SampleTime
                0x080020d8       0x28 Dave/Generated/src/ADCGLOB001/ADCGlob001.o
                0x080020d8                ADCGLOB001_SetGlobClass1SampleTime
 .text.ADCGLOB001_SetGlobClass1EmuxConvMode
                0x08002100       0x32 Dave/Generated/src/ADCGLOB001/ADCGlob001.o
                0x08002100                ADCGLOB001_SetGlobClass1EmuxConvMode
 .text.ADCGLOB001_SetGlobClass1EmuxSampleTime
                0x08002132       0x2e Dave/Generated/src/ADCGLOB001/ADCGlob001.o
                0x08002132                ADCGLOB001_SetGlobClass1EmuxSampleTime
 .text.ADCGLOB001_GetDisableBitStatus
                0x08002160       0x1a Dave/Generated/src/ADCGLOB001/ADCGlob001.o
                0x08002160                ADCGLOB001_GetDisableBitStatus
 .text.ADCGLOB001_GetIdValue
                0x0800217a       0x16 Dave/Generated/src/ADCGLOB001/ADCGlob001.o
                0x0800217a                ADCGLOB001_GetIdValue
 .text.ADCGLOB001_GTFRConvtrDiagnoGrp
                0x08002190       0x4c Dave/Generated/src/ADCGLOB001/ADCGlob001.o
                0x08002190                ADCGLOB001_GTFRConvtrDiagnoGrp
 .text.ADCGLOB001_GTFRConvtrDiagnoEnable
                0x080021dc       0x2a Dave/Generated/src/ADCGLOB001/ADCGlob001.o
                0x080021dc                ADCGLOB001_GTFRConvtrDiagnoEnable
 .text.ADCGLOB001_GTFRConvtrDiagnoPullDevicesSelect
                0x08002206       0x4a Dave/Generated/src/ADCGLOB001/ADCGlob001.o
                0x08002206                ADCGLOB001_GTFRConvtrDiagnoPullDevicesSelect
 .text.ADCGLOB001_GTFRPullDwnDiagnoEnable
                0x08002250       0x2a Dave/Generated/src/ADCGLOB001/ADCGlob001.o
                0x08002250                ADCGLOB001_GTFRPullDwnDiagnoEnable
 .text          0x0800227a        0x0 Dave/Generated/src/ADCGLOB001/ADCGlob001_Conf.o
 .text          0x0800227a        0x0 Dave/Generated/src/ADC001/ADC001.o
 *fill*         0x0800227a        0x2 00
 .text.ADC001_lInit
                0x0800227c      0x13c Dave/Generated/src/ADC001/ADC001.o
                0x0800227c                ADC001_lInit
 .text.ADC001_Init
                0x080023b8       0x14 Dave/Generated/src/ADC001/ADC001.o
                0x080023b8                ADC001_Init
 .text.ADC001_Deinit
                0x080023cc       0x94 Dave/Generated/src/ADC001/ADC001.o
                0x080023cc                ADC001_Deinit
 .text.ADC001_SelectInputClass
                0x08002460       0x68 Dave/Generated/src/ADC001/ADC001.o
                0x08002460                ADC001_SelectInputClass
 .text.ADC001_EnableResultEvt
                0x080024c8       0x1c Dave/Generated/src/ADC001/ADC001.o
                0x080024c8                ADC001_EnableResultEvt
 .text.ADC001_DisableResultEvt
                0x080024e4       0x1c Dave/Generated/src/ADC001/ADC001.o
                0x080024e4                ADC001_DisableResultEvt
 .text.ADC001_GetResult
                0x08002500       0x32 Dave/Generated/src/ADC001/ADC001.o
                0x08002500                ADC001_GetResult
 .text.ADC001_GetFastResult
                0x08002532        0xa Dave/Generated/src/ADC001/ADC001.o
                0x08002532                ADC001_GetFastResult
 .text.ADC001_GetResultEvtFlag
                0x0800253c       0x20 Dave/Generated/src/ADC001/ADC001.o
                0x0800253c                ADC001_GetResultEvtFlag
 .text.ADC001_SetResultEvtFlag
                0x0800255c       0x1c Dave/Generated/src/ADC001/ADC001.o
                0x0800255c                ADC001_SetResultEvtFlag
 .text.ADC001_ClearResultEvtFlag
                0x08002578       0x1c Dave/Generated/src/ADC001/ADC001.o
                0x08002578                ADC001_ClearResultEvtFlag
 .text.ADC001_GetChannelEvtFlag
                0x08002594       0x68 Dave/Generated/src/ADC001/ADC001.o
                0x08002594                ADC001_GetChannelEvtFlag
 .text.ADC001_SetChannelEvtFlag
                0x080025fc       0x64 Dave/Generated/src/ADC001/ADC001.o
                0x080025fc                ADC001_SetChannelEvtFlag
 .text.ADC001_ClearChannelEvtFlag
                0x08002660       0x64 Dave/Generated/src/ADC001/ADC001.o
                0x08002660                ADC001_ClearChannelEvtFlag
 .text.ADC001_EnableBackGroundEvent
                0x080026c4       0x1c Dave/Generated/src/ADC001/ADC001.o
                0x080026c4                ADC001_EnableBackGroundEvent
 .text.ADC001_DisableBackGroundEvent
                0x080026e0       0x1c Dave/Generated/src/ADC001/ADC001.o
                0x080026e0                ADC001_DisableBackGroundEvent
 .text.ADC001_GetBackGroundEvtFlag
                0x080026fc       0x22 Dave/Generated/src/ADC001/ADC001.o
                0x080026fc                ADC001_GetBackGroundEvtFlag
 .text.ADC001_SetBackGroundEvtFlag
                0x0800271e       0x1c Dave/Generated/src/ADC001/ADC001.o
                0x0800271e                ADC001_SetBackGroundEvtFlag
 .text.ADC001_ClearBackGroundEvtFlag
                0x0800273a       0x1c Dave/Generated/src/ADC001/ADC001.o
                0x0800273a                ADC001_ClearBackGroundEvtFlag
 .text.ADC001_ClearPendingBits
                0x08002756       0x1e Dave/Generated/src/ADC001/ADC001.o
                0x08002756                ADC001_ClearPendingBits
 .text.ADC001_GenerateLoadEvent
                0x08002774       0x1e Dave/Generated/src/ADC001/ADC001.o
                0x08002774                ADC001_GenerateLoadEvent
 .text.ADC001_EnableGate
                0x08002792       0x28 Dave/Generated/src/ADC001/ADC001.o
                0x08002792                ADC001_EnableGate
 .text.ADC001_GetGateLevel
                0x080027ba       0x22 Dave/Generated/src/ADC001/ADC001.o
                0x080027ba                ADC001_GetGateLevel
 .text.ADC001_SetExternalTriggerMode
                0x080027dc       0x42 Dave/Generated/src/ADC001/ADC001.o
                0x080027dc                ADC001_SetExternalTriggerMode
 .text.ADC001_EnableExternalTrigger
                0x0800281e       0x1e Dave/Generated/src/ADC001/ADC001.o
                0x0800281e                ADC001_EnableExternalTrigger
 .text.ADC001_DisableExternalTrigger
                0x0800283c       0x1e Dave/Generated/src/ADC001/ADC001.o
                0x0800283c                ADC001_DisableExternalTrigger
 .text.ADC001_EnableArbitrationSlot
                0x0800285a       0x46 Dave/Generated/src/ADC001/ADC001.o
                0x0800285a                ADC001_EnableArbitrationSlot
 .text.ADC001_DisableArbitrationSlot
                0x080028a0       0x46 Dave/Generated/src/ADC001/ADC001.o
                0x080028a0                ADC001_DisableArbitrationSlot
 .text.ADC001_SetLoadEventMode
                0x080028e6       0x32 Dave/Generated/src/ADC001/ADC001.o
                0x080028e6                ADC001_SetLoadEventMode
 .text.ADC001_SetPendingChannel
                0x08002918       0x4c Dave/Generated/src/ADC001/ADC001.o
                0x08002918                ADC001_SetPendingChannel
 .text.ADC001_ClearPendingChannel
                0x08002964       0x4e Dave/Generated/src/ADC001/ADC001.o
                0x08002964                ADC001_ClearPendingChannel
 .text.ADC001_SetChannelSelect
                0x080029b2       0x4c Dave/Generated/src/ADC001/ADC001.o
                0x080029b2                ADC001_SetChannelSelect
 .text.ADC001_ClearChannelSelect
                0x080029fe       0x4e Dave/Generated/src/ADC001/ADC001.o
                0x080029fe                ADC001_ClearChannelSelect
 .text.ADC001_SetChannelEventMode
                0x08002a4c       0x72 Dave/Generated/src/ADC001/ADC001.o
                0x08002a4c                ADC001_SetChannelEventMode
 .text          0x08002abe        0x0 Dave/Generated/src/ADC001/ADC001_Conf.o
 *fill*         0x08002abe        0x2 00
 .text          0x08002ac0      0x370 c:/dave-3.1.10/arm-gcc/bin/../lib/gcc/arm-none-eabi/4.7.4/armv7e-m\libgcc.a(_arm_addsubdf3.o)
                0x08002ac0                __aeabi_drsub
                0x08002ac8                __aeabi_dsub
                0x08002ac8                __subdf3
                0x08002acc                __aeabi_dadd
                0x08002acc                __adddf3
                0x08002d44                __floatunsidf
                0x08002d44                __aeabi_ui2d
                0x08002d64                __floatsidf
                0x08002d64                __aeabi_i2d
                0x08002d88                __aeabi_f2d
                0x08002d88                __extendsfdf2
                0x08002dc4                __floatundidf
                0x08002dc4                __aeabi_ul2d
                0x08002dd4                __floatdidf
                0x08002dd4                __aeabi_l2d
 .text          0x08002e30      0x424 c:/dave-3.1.10/arm-gcc/bin/../lib/gcc/arm-none-eabi/4.7.4/armv7e-m\libgcc.a(_arm_muldivdf3.o)
                0x08002e30                __aeabi_dmul
                0x08002e30                __muldf3
                0x08003084                __divdf3
                0x08003084                __aeabi_ddiv
 .text          0x08003254       0x40 c:/dave-3.1.10/arm-gcc/bin/../lib/gcc/arm-none-eabi/4.7.4/armv7e-m\libgcc.a(_arm_fixunsdfsi.o)
                0x08003254                __aeabi_d2uiz
                0x08003254                __fixunsdfsi
 .text          0x08003294        0x0 c:/dave-3.1.10/arm-gcc/bin/../lib/gcc/arm-none-eabi/4.7.4/../../../../arm-none-eabi/lib/armv7e-m\libc.a(lib_a-init.o)
 .text.__libc_init_array
                0x08003294       0x94 c:/dave-3.1.10/arm-gcc/bin/../lib/gcc/arm-none-eabi/4.7.4/../../../../arm-none-eabi/lib/armv7e-m\libc.a(lib_a-init.o)
                0x08003294                __libc_init_array
 *(.glue*)
 .glue_7        0x00000000        0x0 linker stubs
 .glue_7t       0x00000000        0x0 linker stubs
 *(.v4*)
 .v4_bx         0x00000000        0x0 linker stubs
 *(.vfp11_veneer)
 .vfp11_veneer  0x00000000        0x0 linker stubs
 *(.init)
                0x08003328                __preinit_array_start = .
 *(.preinit_array)
                0x08003328                __preinit_array_end = .
                0x08003328                __init_array_start = .
 *(SORT(.init_array.*))
 *(.init_array)
                0x08003328                __init_array_end = .
 *crtbegin.o(.ctors)
 *(EXCLUDE_FILE(*crtend.o) .ctors)
 *(SORT(.ctors.*))
 *crtend.o(.ctors)
 *(.fini)
                0x08003328                __fini_array_start = .
 *(.fini_array)
 *(SORT(.fini_array.*))
                0x08003328                __fini_array_end = .
 *crtbegin.o(.dtors)
 *(EXCLUDE_FILE(*crtend.o) .dtors)
 *(SORT(.dtors.*))
 *crtend.o(.dtors)
                0x08003328                __extab_start = .
 *(.ARM.extab* .gnu.linkonce.armextab.*)
 .ARM.extab.Xmc4500.reset
                0x08003328        0x0 Startup/startup_XMC4500.o
 .ARM.extab.Xmc4500.postreset
                0x08003328        0x0 Startup/startup_XMC4500.o
                0x08003328                . = ALIGN (0x4)
                0x08003328                __extab_end = ABSOLUTE (.)

.iplt           0x08003328        0x0 load address 0x0c003328
 .iplt          0x00000000        0x0 Startup/startup_XMC4500.o

.ARM.exidx      0x08003328       0x10 load address 0x0c003328
                0x08003328                __exidx_start = .
 *(.ARM.exidx* .gnu.linkonce.armexidx.*)
 .ARM.exidx.Xmc4500.reset
                0x08003328        0x8 Startup/startup_XMC4500.o
 .ARM.exidx.Xmc4500.postreset
                0x08003330        0x8 Startup/startup_XMC4500.o
                0x08003338                . = ALIGN (0x4)
                0x08003338                __exidx_end = ABSOLUTE (.)

.rodata         0x08003338       0xec load address 0x0c003338
 *(.rodata .rodata.*)
 .rodata        0x08003338        0x3 BedRoomSlave.o
 *fill*         0x0800333b        0x1 00
 .rodata        0x0800333c       0x34 Dave/Generated/src/UART001/UART001_Conf.o
                0x0800333c                UART001_Handle0
 .rodata        0x08003370        0x4 Dave/Generated/src/NVIC002/NVIC002_Conf.o
                0x08003370                NVIC002_Handle0
 .rodata        0x08003374       0x18 Dave/Generated/src/IO001/IO001_Conf.o
                0x08003374                IO001_Handle2
                0x0800337c                IO001_Handle1
                0x08003384                IO001_Handle0
 .rodata        0x0800338c       0x20 Dave/Generated/src/ADCGROUP001/ADCGroup001_Conf.o
                0x0800338c                ADCGROUP001_Handle0
 .rodata        0x080033ac       0x18 Dave/Generated/src/ADCGLOB001/ADCGlob001_Conf.o
                0x080033ac                ADCGLOB001_Handle0
 .rodata        0x080033c4       0x60 Dave/Generated/src/ADC001/ADC001_Conf.o
                0x080033c4                ADC001_Handle0
                0x08003418                ADC001_ChannelACHandle
                0x0800341b                ADC001_ChannelABHandle
                0x0800341e                ADC001_ChannelAAHandle
 *(.gnu.linkonce.r*)

.rel.dyn        0x08003424        0x0 load address 0x0c003424
 .rel.iplt      0x00000000        0x0 Startup/startup_XMC4500.o
                0x08003430                . = ALIGN (0x10)
                0x0c003430                eROData = (. | 0x4000000)

Stack           0x20000000      0x800
                0x20000800                . = (. + stack_size)
 *fill*         0x20000000      0x800 00
                0x20000800                __Xmc4500_stack = .

Communication_Buffers
 *DMA_Descriptors.o(COMMON)

USB_RAM

.bss            0x20000800       0x26
                0x20000800                __Xmc4500_sBSS = .
 *(.bss)
 .bss           0x20000800        0x0 Startup/startup_XMC4500.o
 .bss           0x20000800        0x0 Startup/system_XMC4500.o
 .bss           0x20000800        0x0 BedRoomSlave.o
 .bss           0x20000800        0x0 Sensors.o
 .bss           0x20000800        0xc Lib/System_LibcStubs.o
                0x20000808                __dso_handle
 .bss           0x2000080c        0x0 Dave/Generated/src/UART001/UART001.o
 .bss           0x2000080c        0x0 Dave/Generated/src/UART001/UART001_Conf.o
 .bss           0x2000080c        0x0 Dave/Generated/src/RESET001/RESET001.o
 .bss           0x2000080c        0x0 Dave/Generated/src/NVIC002/NVIC002.o
 .bss           0x2000080c        0x0 Dave/Generated/src/NVIC002/NVIC002_Conf.o
 .bss           0x2000080c        0x0 Dave/Generated/src/LIBS/CCU8PWMLIB.o
 .bss           0x2000080c        0x0 Dave/Generated/src/LIBS/MOTORLIB.o
 .bss           0x2000080c        0x0 Dave/Generated/src/IO001/IO001.o
 .bss           0x2000080c        0x0 Dave/Generated/src/IO001/IO001_Conf.o
 .bss           0x2000080c        0x0 Dave/Generated/src/DAVESupport/DAVE3.o
 .bss           0x2000080c        0x0 Dave/Generated/src/DAVESupport/MULTIPLEXER.o
 .bss           0x2000080c        0x8 Dave/Generated/src/CLK001/CLK001.o
 .bss           0x20000814        0x0 Dave/Generated/src/ADCGROUP001/ADCGroup001.o
 .bss           0x20000814        0x1 Dave/Generated/src/ADCGROUP001/ADCGroup001_Conf.o
                0x20000814                ADCGROUP001_DynamicHandle0
 .bss           0x20000815        0x0 Dave/Generated/src/ADCGLOB001/ADCGlob001.o
 .bss           0x20000815        0x1 Dave/Generated/src/ADCGLOB001/ADCGlob001_Conf.o
                0x20000815                ADCGLOB001_DynamicData0
 .bss           0x20000816        0x0 Dave/Generated/src/ADC001/ADC001.o
 .bss           0x20000816        0x6 Dave/Generated/src/ADC001/ADC001_Conf.o
                0x20000816                ADC001_DynamicHandle
 .bss           0x2000081c        0x0 c:/dave-3.1.10/arm-gcc/bin/../lib/gcc/arm-none-eabi/4.7.4/armv7e-m\libgcc.a(_arm_addsubdf3.o)
 .bss           0x2000081c        0x0 c:/dave-3.1.10/arm-gcc/bin/../lib/gcc/arm-none-eabi/4.7.4/armv7e-m\libgcc.a(_arm_muldivdf3.o)
 .bss           0x2000081c        0x0 c:/dave-3.1.10/arm-gcc/bin/../lib/gcc/arm-none-eabi/4.7.4/armv7e-m\libgcc.a(_arm_fixunsdfsi.o)
 .bss           0x2000081c        0x0 c:/dave-3.1.10/arm-gcc/bin/../lib/gcc/arm-none-eabi/4.7.4/../../../../arm-none-eabi/lib/armv7e-m\libc.a(lib_a-init.o)
 *(.bss*)
 *(EXCLUDE_FILE(*DMA_Descriptors.o) COMMON)
 COMMON         0x2000081c        0xa Sensors.o
                0x2000081c                LightAdcConversion
                0x2000081e                AdcConversionResult
                0x20000822                TemperatureAdcConversion
                0x20000824                HumidityAdcConversion
 *(.gnu.linkonce.b*)
                0x20000828                __Xmc4500_eBSS = ALIGN (0x4)
                0x00000028                __Xmc4500_BSS_Size = (__Xmc4500_eBSS - __Xmc4500_sBSS)

.data           0x20000830       0x18 load address 0x0c003430
                0x20000830                __Xmc4500_sData = .
 *(.data)
 .data          0x20000830        0x0 Startup/startup_XMC4500.o
 .data          0x20000830        0x4 Startup/system_XMC4500.o
                0x20000830                SystemCoreClock
 .data          0x20000834        0x0 BedRoomSlave.o
 .data          0x20000834        0x0 Sensors.o
 .data          0x20000834        0x0 Lib/System_LibcStubs.o
 .data          0x20000834        0x0 Dave/Generated/src/UART001/UART001.o
 .data          0x20000834        0x4 Dave/Generated/src/UART001/UART001_Conf.o
                0x20000834                UART001_HandleArray
 .data          0x20000838        0x0 Dave/Generated/src/RESET001/RESET001.o
 .data          0x20000838        0x0 Dave/Generated/src/NVIC002/NVIC002.o
 .data          0x20000838        0x4 Dave/Generated/src/NVIC002/NVIC002_Conf.o
                0x20000838                NVIC002_HandleArray
 .data          0x2000083c        0x0 Dave/Generated/src/LIBS/CCU8PWMLIB.o
 .data          0x2000083c        0x0 Dave/Generated/src/LIBS/MOTORLIB.o
 .data          0x2000083c        0x0 Dave/Generated/src/IO001/IO001.o
 .data          0x2000083c        0x0 Dave/Generated/src/IO001/IO001_Conf.o
 .data          0x2000083c        0x0 Dave/Generated/src/DAVESupport/DAVE3.o
 .data          0x2000083c        0x0 Dave/Generated/src/DAVESupport/MULTIPLEXER.o
 .data          0x2000083c        0x0 Dave/Generated/src/CLK001/CLK001.o
 .data          0x2000083c        0x0 Dave/Generated/src/ADCGROUP001/ADCGroup001.o
 .data          0x2000083c        0x0 Dave/Generated/src/ADCGROUP001/ADCGroup001_Conf.o
 .data          0x2000083c        0x0 Dave/Generated/src/ADCGLOB001/ADCGlob001.o
 .data          0x2000083c        0x0 Dave/Generated/src/ADCGLOB001/ADCGlob001_Conf.o
 .data          0x2000083c        0x0 Dave/Generated/src/ADC001/ADC001.o
 .data          0x2000083c        0xc Dave/Generated/src/ADC001/ADC001_Conf.o
                0x2000083c                ADC001_ChannelHandlePtr
 .data          0x20000848        0x0 c:/dave-3.1.10/arm-gcc/bin/../lib/gcc/arm-none-eabi/4.7.4/armv7e-m\libgcc.a(_arm_addsubdf3.o)
 .data          0x20000848        0x0 c:/dave-3.1.10/arm-gcc/bin/../lib/gcc/arm-none-eabi/4.7.4/armv7e-m\libgcc.a(_arm_muldivdf3.o)
 .data          0x20000848        0x0 c:/dave-3.1.10/arm-gcc/bin/../lib/gcc/arm-none-eabi/4.7.4/armv7e-m\libgcc.a(_arm_fixunsdfsi.o)
 .data          0x20000848        0x0 c:/dave-3.1.10/arm-gcc/bin/../lib/gcc/arm-none-eabi/4.7.4/../../../../arm-none-eabi/lib/armv7e-m\libc.a(lib_a-init.o)
 *(.data*)
 *(*.data)
 *(.gnu.linkonce.d*)
                0x20000848                __Xmc4500_eData = ALIGN (0x4)
                0x00000018                __Xmc4500_Data_Size = (__Xmc4500_eData - __Xmc4500_sData)
                0x20000848                __Xmc4500_heap_start = ALIGN (0x8)
                0x20010000                __Xmc4500_heap_end = (ORIGIN (DSRAM_1_system) + 0x10000)
                0x20000848                Heap_Bank1_Start = __Xmc4500_heap_start
                0x0000f7b8                Heap_Bank1_Size = (__Xmc4500_heap_end - __Xmc4500_heap_start)
                0x20010000                Heap_Bank1_End = ABSOLUTE (__Xmc4500_heap_end)

.igot.plt       0x20000848        0x0 load address 0x0c003448
 .igot.plt      0x00000000        0x0 Startup/startup_XMC4500.o

DSRAM2_Heap     0x30000000        0x0
                0x30000000                Heap_Bank2_Start = .
                0x00008000                Heap_Bank2_Size = (0x8000 - (Heap_Bank2_Start - ORIGIN (DSRAM_2_comm)))

PSRAM_Heap      0x10000000        0x0
                0x10000000                Heap_Bank3_Start = .
                0x00010000                Heap_Bank3_Size = (0x10000 - (Heap_Bank3_Start - ORIGIN (PSRAM_1)))

/DISCARD/
 *(.comment)

.stab
 *(.stab)

.stabstr
 *(.stabstr)

.debug
 *(.debug)

.line
 *(.line)

.debug_srcinfo
 *(.debug_srcinfo)

.debug_sfnames
 *(.debug_sfnames)

.debug_aranges
 *(.debug_aranges)

.debug_pubnames
 *(.debug_pubnames)

.debug_pubtypes
 *(.debug_pubtypes)

.debug_info
 *(.debug_info .gnu.linkonce.wi.*)

.debug_abbrev
 *(.debug_abbrev)

.debug_line
 *(.debug_line)

.debug_frame    0x00000000       0x30
 *(.debug_frame)
 .debug_frame   0x00000000       0x30 c:/dave-3.1.10/arm-gcc/bin/../lib/gcc/arm-none-eabi/4.7.4/../../../../arm-none-eabi/lib/armv7e-m\libc.a(lib_a-init.o)

.debug_str
 *(.debug_str)

.debug_loc
 *(.debug_loc)

.debug_macinfo
 *(.debug_macinfo)

.debug_ranges
 *(.debug_ranges)

.debug_weaknames
 *(.debug_weaknames)

.debug_funcnames
 *(.debug_funcnames)

.debug_typenames
 *(.debug_typenames)

.debug_varnames
 *(.debug_varnames)

.build_attributes
                0x00000000      0x595
 *(.ARM.attributes)
 .ARM.attributes
                0x00000000       0x27 Startup/startup_XMC4500.o
 .ARM.attributes
                0x00000027       0x39 Startup/system_XMC4500.o
 .ARM.attributes
                0x00000060       0x39 BedRoomSlave.o
 .ARM.attributes
                0x00000099       0x39 Sensors.o
 .ARM.attributes
                0x000000d2       0x39 Lib/System_LibcStubs.o
 .ARM.attributes
                0x0000010b       0x39 Dave/Generated/src/UART001/UART001.o
 .ARM.attributes
                0x00000144       0x39 Dave/Generated/src/UART001/UART001_Conf.o
 .ARM.attributes
                0x0000017d       0x39 Dave/Generated/src/RESET001/RESET001.o
 .ARM.attributes
                0x000001b6       0x39 Dave/Generated/src/NVIC002/NVIC002.o
 .ARM.attributes
                0x000001ef       0x39 Dave/Generated/src/NVIC002/NVIC002_Conf.o
 .ARM.attributes
                0x00000228       0x39 Dave/Generated/src/LIBS/CCU8PWMLIB.o
 .ARM.attributes
                0x00000261       0x39 Dave/Generated/src/LIBS/MOTORLIB.o
 .ARM.attributes
                0x0000029a       0x39 Dave/Generated/src/IO001/IO001.o
 .ARM.attributes
                0x000002d3       0x39 Dave/Generated/src/IO001/IO001_Conf.o
 .ARM.attributes
                0x0000030c       0x39 Dave/Generated/src/DAVESupport/DAVE3.o
 .ARM.attributes
                0x00000345       0x39 Dave/Generated/src/DAVESupport/MULTIPLEXER.o
 .ARM.attributes
                0x0000037e       0x39 Dave/Generated/src/CLK001/CLK001.o
 .ARM.attributes
                0x000003b7       0x39 Dave/Generated/src/ADCGROUP001/ADCGroup001.o
 .ARM.attributes
                0x000003f0       0x39 Dave/Generated/src/ADCGROUP001/ADCGroup001_Conf.o
 .ARM.attributes
                0x00000429       0x39 Dave/Generated/src/ADCGLOB001/ADCGlob001.o
 .ARM.attributes
                0x00000462       0x39 Dave/Generated/src/ADCGLOB001/ADCGlob001_Conf.o
 .ARM.attributes
                0x0000049b       0x39 Dave/Generated/src/ADC001/ADC001.o
 .ARM.attributes
                0x000004d4       0x39 Dave/Generated/src/ADC001/ADC001_Conf.o
 .ARM.attributes
                0x0000050d       0x1e c:/dave-3.1.10/arm-gcc/bin/../lib/gcc/arm-none-eabi/4.7.4/armv7e-m\libgcc.a(_arm_addsubdf3.o)
 .ARM.attributes
                0x0000052b       0x1e c:/dave-3.1.10/arm-gcc/bin/../lib/gcc/arm-none-eabi/4.7.4/armv7e-m\libgcc.a(_arm_muldivdf3.o)
 .ARM.attributes
                0x00000549       0x1e c:/dave-3.1.10/arm-gcc/bin/../lib/gcc/arm-none-eabi/4.7.4/armv7e-m\libgcc.a(_arm_fixunsdfsi.o)
 .ARM.attributes
                0x00000567       0x2e c:/dave-3.1.10/arm-gcc/bin/../lib/gcc/arm-none-eabi/4.7.4/../../../../arm-none-eabi/lib/armv7e-m\libc.a(lib_a-init.o)
OUTPUT(BedRoomSlave.elf elf32-littlearm)
