   1              		.syntax unified
   2              		.cpu cortex-m4
   3              		.eabi_attribute 27, 3
   4              		.fpu fpv4-sp-d16
   5              		.eabi_attribute 20, 1
   6              		.eabi_attribute 21, 1
   7              		.eabi_attribute 23, 3
   8              		.eabi_attribute 24, 1
   9              		.eabi_attribute 25, 1
  10              		.eabi_attribute 26, 1
  11              		.eabi_attribute 30, 4
  12              		.eabi_attribute 34, 1
  13              		.eabi_attribute 18, 4
  14              		.thumb
  15              		.file	"Main.c"
  16              		.section	.text.CGI_led_handler,"ax",%progbits
  17              		.align	1
  18              		.global	CGI_led_handler
  19              		.thumb
  20              		.thumb_func
  22              	CGI_led_handler:
  23              		@ args = 0, pretend = 0, frame = 0
  24              		@ frame_needed = 0, uses_anonymous_args = 0
  25              		@ link register save eliminated.
  26 0000 0048     		ldr	r0, .L2
  27 0002 7047     		bx	lr
  28              	.L3:
  29              		.align	2
  30              	.L2:
  31 0004 00000000 		.word	.LC0
  33              		.global	__aeabi_i2d
  34              		.global	__aeabi_dmul
  35              		.global	__aeabi_d2uiz
  36              		.section	.text.SSI_Temp_Handler,"ax",%progbits
  37              		.align	1
  38              		.global	SSI_Temp_Handler
  39              		.thumb
  40              		.thumb_func
  42              	SSI_Temp_Handler:
  43              		@ args = 0, pretend = 0, frame = 8
  44              		@ frame_needed = 0, uses_anonymous_args = 0
  45 0000 73B5     		push	{r0, r1, r4, r5, r6, lr}
  46 0002 0023     		movs	r3, #0
  47 0004 0C46     		mov	r4, r1
  48 0006 ADF80630 		strh	r3, [sp, #6]	@ movhi
  49 000a B8BB     		cbnz	r0, .L5
  50 000c 0DF10601 		add	r1, sp, #6
  51 0010 2348     		ldr	r0, .L10+8
  52 0012 FFF7FEFF 		bl	ADCCH001_GetResult
  53 0016 BDF80600 		ldrh	r0, [sp, #6]
  54 001a FFF7FEFF 		bl	__aeabi_i2d
  55 001e 1EA3     		adr	r3, .L10
  56 0020 D3E90023 		ldrd	r2, [r3]
  57 0024 FFF7FEFF 		bl	__aeabi_dmul
  58 0028 FFF7FEFF 		bl	__aeabi_d2uiz
  59 002c 4FF47A75 		mov	r5, #1000
  60 0030 80B2     		uxth	r0, r0
  61 0032 1C4A     		ldr	r2, .L10+12
  62 0034 B0FBF5F6 		udiv	r6, r0, r5
  63 0038 F1B2     		uxtb	r1, r6
  64 003a 5643     		muls	r6, r2, r6
  65 003c 8319     		adds	r3, r0, r6
  66 003e 6425     		movs	r5, #100
  67 0040 93FBF5F2 		sdiv	r2, r3, r5
  68 0044 D5B2     		uxtb	r5, r2
  69 0046 6FF06302 		mvn	r2, #99
  70 004a 6A43     		muls	r2, r5, r2
  71 004c 9619     		adds	r6, r2, r6
  72 004e 8319     		adds	r3, r0, r6
  73 0050 0A26     		movs	r6, #10
  74 0052 93FBF6F3 		sdiv	r3, r3, r6
  75 0056 DBB2     		uxtb	r3, r3
  76 0058 3035     		adds	r5, r5, #48
  77 005a 6570     		strb	r5, [r4, #1]
  78 005c 03F13005 		add	r5, r3, #48
  79 0060 A570     		strb	r5, [r4, #2]
  80 0062 3030     		adds	r0, r0, #48
  81 0064 1825     		movs	r5, #24
  82 0066 05FB0100 		mla	r0, r5, r1, r0
  83 006a 01F13006 		add	r6, r1, #48
  84 006e 8218     		adds	r2, r0, r2
  85 0070 6FF00901 		mvn	r1, #9
  86 0074 2670     		strb	r6, [r4, #0]
  87 0076 01FB0323 		mla	r3, r1, r3, r2
  88 007a 08E0     		b	.L8
  89              	.L5:
  90 007c 0128     		cmp	r0, #1
  91 007e 09D1     		bne	.L7
  92 0080 6320     		movs	r0, #99
  93 0082 0870     		strb	r0, [r1, #0]
  94 0084 6C22     		movs	r2, #108
  95 0086 6121     		movs	r1, #97
  96 0088 6170     		strb	r1, [r4, #1]
  97 008a A270     		strb	r2, [r4, #2]
  98 008c 6423     		movs	r3, #100
  99              	.L8:
 100 008e E370     		strb	r3, [r4, #3]
 101 0090 0420     		movs	r0, #4
 102 0092 00E0     		b	.L6
 103              	.L7:
 104 0094 1846     		mov	r0, r3
 105              	.L6:
 106 0096 7CBD     		pop	{r2, r3, r4, r5, r6, pc}
 107              	.L11:
 108              		.align	3
 109              	.L10:
 110 0098 9A999999 		.word	-1717986918
 111 009c 9999E93F 		.word	1072273817
 112 00a0 00000000 		.word	ADCCH001_Handle0
 113 00a4 18FCFFFF 		.word	-1000
 115              		.section	.text.http_CGI_init,"ax",%progbits
 116              		.align	1
 117              		.global	http_CGI_init
 118              		.thumb
 119              		.thumb_func
 121              	http_CGI_init:
 122              		@ args = 0, pretend = 0, frame = 0
 123              		@ frame_needed = 0, uses_anonymous_args = 0
 124              		@ link register save eliminated.
 125 0000 044A     		ldr	r2, .L13
 126 0002 054B     		ldr	r3, .L13+4
 127 0004 92E80300 		ldmia	r2, {r0, r1}
 128 0008 83E80300 		stmia	r3, {r0, r1}
 129 000c 1846     		mov	r0, r3
 130 000e 0121     		movs	r1, #1
 131 0010 FFF7FEBF 		b	http_set_cgi_handlers
 132              	.L14:
 133              		.align	2
 134              	.L13:
 135 0014 00000000 		.word	.LANCHOR0
 136 0018 00000000 		.word	CGI_TAB
 138              		.section	.text.http_SSI_init,"ax",%progbits
 139              		.align	1
 140              		.global	http_SSI_init
 141              		.thumb
 142              		.thumb_func
 144              	http_SSI_init:
 145              		@ args = 0, pretend = 0, frame = 0
 146              		@ frame_needed = 0, uses_anonymous_args = 0
 147              		@ link register save eliminated.
 148 0000 024B     		ldr	r3, .L16
 149 0002 0348     		ldr	r0, .L16+4
 150 0004 1968     		ldr	r1, [r3, #0]
 151 0006 0222     		movs	r2, #2
 152 0008 FFF7FEBF 		b	http_set_ssi_handler
 153              	.L17:
 154              		.align	2
 155              	.L16:
 156 000c 00000000 		.word	.LANCHOR1
 157 0010 00000000 		.word	SSI_Temp_Handler
 159              		.section	.text.startup.main,"ax",%progbits
 160              		.align	1
 161              		.global	main
 162              		.thumb
 163              		.thumb_func
 165              	main:
 166              		@ Volatile: function does not return.
 167              		@ args = 0, pretend = 0, frame = 0
 168              		@ frame_needed = 0, uses_anonymous_args = 0
 169 0000 08B5     		push	{r3, lr}
 170 0002 FFF7FEFF 		bl	DAVE_Init
 171 0006 0548     		ldr	r0, .L20
 172 0008 FFF7FEFF 		bl	ADC002_InitializeQueue
 173 000c FFF7FEFF 		bl	lwIPStack_init
 174 0010 FFF7FEFF 		bl	http_CGI_init
 175 0014 FFF7FEFF 		bl	http_SSI_init
 176              	.L19:
 177 0018 FEE7     		b	.L19
 178              	.L21:
 179 001a 00BF     		.align	2
 180              	.L20:
 181 001c 00000000 		.word	ADC002_Handle0
 183              		.global	TAGS
 184              		.global	TAGCHAR2
 185              		.global	TAGCHAR
 186              		.comm	CGI_TAB,8,4
 187              		.global	LED_CGI
 188              		.section	.rodata
 189              		.align	2
 190              		.set	.LANCHOR0,. + 0
 193              	LED_CGI:
 194 0000 0D000000 		.word	.LC3
 195 0004 00000000 		.word	CGI_led_handler
 196              		.section	.rodata.str1.1,"aMS",%progbits,1
 197              	.LC0:
 198 0000 2F4C4544 		.ascii	"/LED.htm\000"
 198      2E68746D 
 198      00
 199              	.LC1:
 200 0009 7500     		.ascii	"u\000"
 201              	.LC2:
 202 000b 7400     		.ascii	"t\000"
 203              	.LC3:
 204 000d 2F6C6564 		.ascii	"/leds.cgi\000"
 204      732E6367 
 204      6900
 205              		.data
 206              		.align	2
 207              		.set	.LANCHOR1,. + 0
 210              	TAGS:
 211 0000 00000000 		.word	TAGCHAR
 214              	TAGCHAR2:
 215 0004 09000000 		.word	.LC1
 218              	TAGCHAR:
 219 0008 0B000000 		.word	.LC2
 220              		.ident	"GCC: (GNU Tools for ARM Embedded Processors) 4.7.4 20130913 (release) [ARM/embedded-4_7-br
DEFINED SYMBOLS
                            *ABS*:00000000 Main.c
C:\Users\Mihai\AppData\Local\Temp\ccE67Xx6.s:17     .text.CGI_led_handler:00000000 $t
C:\Users\Mihai\AppData\Local\Temp\ccE67Xx6.s:22     .text.CGI_led_handler:00000000 CGI_led_handler
C:\Users\Mihai\AppData\Local\Temp\ccE67Xx6.s:31     .text.CGI_led_handler:00000004 $d
C:\Users\Mihai\AppData\Local\Temp\ccE67Xx6.s:37     .text.SSI_Temp_Handler:00000000 $t
C:\Users\Mihai\AppData\Local\Temp\ccE67Xx6.s:42     .text.SSI_Temp_Handler:00000000 SSI_Temp_Handler
C:\Users\Mihai\AppData\Local\Temp\ccE67Xx6.s:110    .text.SSI_Temp_Handler:00000098 $d
C:\Users\Mihai\AppData\Local\Temp\ccE67Xx6.s:116    .text.http_CGI_init:00000000 $t
C:\Users\Mihai\AppData\Local\Temp\ccE67Xx6.s:121    .text.http_CGI_init:00000000 http_CGI_init
C:\Users\Mihai\AppData\Local\Temp\ccE67Xx6.s:135    .text.http_CGI_init:00000014 $d
                            *COM*:00000008 CGI_TAB
C:\Users\Mihai\AppData\Local\Temp\ccE67Xx6.s:139    .text.http_SSI_init:00000000 $t
C:\Users\Mihai\AppData\Local\Temp\ccE67Xx6.s:144    .text.http_SSI_init:00000000 http_SSI_init
C:\Users\Mihai\AppData\Local\Temp\ccE67Xx6.s:156    .text.http_SSI_init:0000000c $d
C:\Users\Mihai\AppData\Local\Temp\ccE67Xx6.s:160    .text.startup.main:00000000 $t
C:\Users\Mihai\AppData\Local\Temp\ccE67Xx6.s:165    .text.startup.main:00000000 main
C:\Users\Mihai\AppData\Local\Temp\ccE67Xx6.s:181    .text.startup.main:0000001c $d
C:\Users\Mihai\AppData\Local\Temp\ccE67Xx6.s:210    .data:00000000 TAGS
C:\Users\Mihai\AppData\Local\Temp\ccE67Xx6.s:214    .data:00000004 TAGCHAR2
C:\Users\Mihai\AppData\Local\Temp\ccE67Xx6.s:218    .data:00000008 TAGCHAR
C:\Users\Mihai\AppData\Local\Temp\ccE67Xx6.s:193    .rodata:00000000 LED_CGI
C:\Users\Mihai\AppData\Local\Temp\ccE67Xx6.s:189    .rodata:00000000 $d
C:\Users\Mihai\AppData\Local\Temp\ccE67Xx6.s:206    .data:00000000 $d

UNDEFINED SYMBOLS
__aeabi_i2d
__aeabi_dmul
__aeabi_d2uiz
ADCCH001_GetResult
ADCCH001_Handle0
http_set_cgi_handlers
http_set_ssi_handler
DAVE_Init
ADC002_InitializeQueue
lwIPStack_init
ADC002_Handle0
