Archive member included because of file (symbol)

c:/dave-3.1.10/arm-gcc/bin/../lib/gcc/arm-none-eabi/4.7.4/armv7e-m\libgcc.a(_arm_addsubdf3.o)
                              Sensors.o (__aeabi_dsub)
c:/dave-3.1.10/arm-gcc/bin/../lib/gcc/arm-none-eabi/4.7.4/armv7e-m\libgcc.a(_arm_muldivdf3.o)
                              Sensors.o (__aeabi_dmul)
c:/dave-3.1.10/arm-gcc/bin/../lib/gcc/arm-none-eabi/4.7.4/armv7e-m\libgcc.a(_arm_fixunsdfsi.o)
                              Sensors.o (__aeabi_d2uiz)
c:/dave-3.1.10/arm-gcc/bin/../lib/gcc/arm-none-eabi/4.7.4/../../../../arm-none-eabi/lib/armv7e-m\libc.a(lib_a-calloc.o)
                              Dave/Generated/src/SLTHA001/SLTHA001.o (calloc)
c:/dave-3.1.10/arm-gcc/bin/../lib/gcc/arm-none-eabi/4.7.4/../../../../arm-none-eabi/lib/armv7e-m\libc.a(lib_a-errno.o)
                              Dave/Generated/src/SLTHA001/SLTHA001.o (__errno)
c:/dave-3.1.10/arm-gcc/bin/../lib/gcc/arm-none-eabi/4.7.4/../../../../arm-none-eabi/lib/armv7e-m\libc.a(lib_a-fclose.o)
                              Dave/Generated/src/WEBSERVER001/HTTPServer/fs.o (fclose)
c:/dave-3.1.10/arm-gcc/bin/../lib/gcc/arm-none-eabi/4.7.4/../../../../arm-none-eabi/lib/armv7e-m\libc.a(lib_a-fflush.o)
                              c:/dave-3.1.10/arm-gcc/bin/../lib/gcc/arm-none-eabi/4.7.4/../../../../arm-none-eabi/lib/armv7e-m\libc.a(lib_a-fclose.o) (_fflush_r)
c:/dave-3.1.10/arm-gcc/bin/../lib/gcc/arm-none-eabi/4.7.4/../../../../arm-none-eabi/lib/armv7e-m\libc.a(lib_a-findfp.o)
                              c:/dave-3.1.10/arm-gcc/bin/../lib/gcc/arm-none-eabi/4.7.4/../../../../arm-none-eabi/lib/armv7e-m\libc.a(lib_a-fclose.o) (__sinit)
c:/dave-3.1.10/arm-gcc/bin/../lib/gcc/arm-none-eabi/4.7.4/../../../../arm-none-eabi/lib/armv7e-m\libc.a(lib_a-fopen.o)
                              Dave/Generated/src/WEBSERVER001/HTTPServer/fs.o (fopen)
c:/dave-3.1.10/arm-gcc/bin/../lib/gcc/arm-none-eabi/4.7.4/../../../../arm-none-eabi/lib/armv7e-m\libc.a(lib_a-fread.o)
                              Dave/Generated/src/WEBSERVER001/HTTPServer/fs.o (fread)
c:/dave-3.1.10/arm-gcc/bin/../lib/gcc/arm-none-eabi/4.7.4/../../../../arm-none-eabi/lib/armv7e-m\libc.a(lib_a-fseek.o)
                              c:/dave-3.1.10/arm-gcc/bin/../lib/gcc/arm-none-eabi/4.7.4/../../../../arm-none-eabi/lib/armv7e-m\libc.a(lib_a-fopen.o) (_fseek_r)
c:/dave-3.1.10/arm-gcc/bin/../lib/gcc/arm-none-eabi/4.7.4/../../../../arm-none-eabi/lib/armv7e-m\libc.a(lib_a-fstatr.o)
                              c:/dave-3.1.10/arm-gcc/bin/../lib/gcc/arm-none-eabi/4.7.4/../../../../arm-none-eabi/lib/armv7e-m\libc.a(lib_a-fseek.o) (_fstat_r)
c:/dave-3.1.10/arm-gcc/bin/../lib/gcc/arm-none-eabi/4.7.4/../../../../arm-none-eabi/lib/armv7e-m\libc.a(lib_a-fwalk.o)
                              c:/dave-3.1.10/arm-gcc/bin/../lib/gcc/arm-none-eabi/4.7.4/../../../../arm-none-eabi/lib/armv7e-m\libc.a(lib_a-findfp.o) (_fwalk)
c:/dave-3.1.10/arm-gcc/bin/../lib/gcc/arm-none-eabi/4.7.4/../../../../arm-none-eabi/lib/armv7e-m\libc.a(lib_a-impure.o)
                              c:/dave-3.1.10/arm-gcc/bin/../lib/gcc/arm-none-eabi/4.7.4/../../../../arm-none-eabi/lib/armv7e-m\libc.a(lib_a-fflush.o) (_global_impure_ptr)
c:/dave-3.1.10/arm-gcc/bin/../lib/gcc/arm-none-eabi/4.7.4/../../../../arm-none-eabi/lib/armv7e-m\libc.a(lib_a-init.o)
                              Startup/startup_XMC4500.o (__libc_init_array)
c:/dave-3.1.10/arm-gcc/bin/../lib/gcc/arm-none-eabi/4.7.4/../../../../arm-none-eabi/lib/armv7e-m\libc.a(lib_a-makebuf.o)
                              c:/dave-3.1.10/arm-gcc/bin/../lib/gcc/arm-none-eabi/4.7.4/../../../../arm-none-eabi/lib/armv7e-m\libc.a(lib_a-fseek.o) (__smakebuf_r)
c:/dave-3.1.10/arm-gcc/bin/../lib/gcc/arm-none-eabi/4.7.4/../../../../arm-none-eabi/lib/armv7e-m\libc.a(lib_a-malloc.o)
                              Dave/Generated/src/SLTHA001/SLTHA001.o (malloc)
c:/dave-3.1.10/arm-gcc/bin/../lib/gcc/arm-none-eabi/4.7.4/../../../../arm-none-eabi/lib/armv7e-m\libc.a(lib_a-memcpy.o)
                              DataProcessing.o (memcpy)
c:/dave-3.1.10/arm-gcc/bin/../lib/gcc/arm-none-eabi/4.7.4/../../../../arm-none-eabi/lib/armv7e-m\libc.a(lib_a-memmove.o)
                              Dave/Generated/src/LMM001/LMM001.o (memmove)
c:/dave-3.1.10/arm-gcc/bin/../lib/gcc/arm-none-eabi/4.7.4/../../../../arm-none-eabi/lib/armv7e-m\libc.a(lib_a-memset.o)
                              Dave/Generated/src/WEBSERVER001/HTTPServer/httpd.o (memset)
c:/dave-3.1.10/arm-gcc/bin/../lib/gcc/arm-none-eabi/4.7.4/../../../../arm-none-eabi/lib/armv7e-m\libc.a(lib_a-mktime.o)
                              Dave/Generated/src/SLTHA001/SLTHA001.o (mktime)
c:/dave-3.1.10/arm-gcc/bin/../lib/gcc/arm-none-eabi/4.7.4/../../../../arm-none-eabi/lib/armv7e-m\libc.a(lib_a-mktm_r.o)
                              c:/dave-3.1.10/arm-gcc/bin/../lib/gcc/arm-none-eabi/4.7.4/../../../../arm-none-eabi/lib/armv7e-m\libc.a(lib_a-mktime.o) (__tzcalc_limits)
[...]
Memory Configuration

Name             Origin             Length             Attributes
FLASH_1_cached   0x08000000         0x00100000         xr
FLASH_1_uncached 0x0c000000         0x00100000         xr
PSRAM_1          0x10000000         0x00010000         !xr
DSRAM_1_system   0x20000000         0x00010000         !xr
DSRAM_2_comm     0x30000000         0x00008000         !xr
*default*        0x00000000         0xffffffff

Linker script and memory map

LOAD AdcRelaxKit.o
LOAD DataProcessing.o
LOAD DataQueue.o
LOAD Sensors.o
LOAD SmartHome.o
LOAD WebServerFunctions.o
LOAD Startup/startup_XMC4500.o
LOAD Startup/system_XMC4500.o
LOAD Lib/System_LibcStubs.o
LOAD Dave/Generated/src/WEBSERVER001/HTTPServer/fs.o
LOAD Dave/Generated/src/WEBSERVER001/HTTPServer/fsdata.o
LOAD Dave/Generated/src/WEBSERVER001/HTTPServer/httpd.o
LOAD Dave/Generated/src/UART001/UART001.o
LOAD Dave/Generated/src/UART001/UART001_Conf.o
LOAD Dave/Generated/src/SYSTM001/SYSTM001.o
LOAD Dave/Generated/src/SLTHA003/SLTHA003.o
LOAD Dave/Generated/src/SLTHA003/SLTHA003_Conf.o
LOAD Dave/Generated/src/SLTHA001/SLTHA001.o
LOAD Dave/Generated/src/SLTHA001/SLTHA001_Conf.o
LOAD Dave/Generated/src/SDMMC003/SDMMC003.o
LOAD Dave/Generated/src/SDMMC003/SDMMC003_Conf.o
LOAD Dave/Generated/src/SDMMC003/SDMMC003_Private.o
LOAD Dave/Generated/src/SDMMC001/SDMMC001.o
LOAD Dave/Generated/src/SDMMC001/SDMMC001_Conf.o
LOAD Dave/Generated/src/RTC001/RTC001.o
LOAD Dave/Generated/src/RTC001/RTC001_Conf.o
LOAD Dave/Generated/src/RESET001/RESET001.o
LOAD Dave/Generated/src/NVIC_SCU001/NVIC_SCU001.o
LOAD Dave/Generated/src/NVIC002/NVIC002.o
LOAD Dave/Generated/src/NVIC002/NVIC002_Conf.o
LOAD Dave/Generated/src/MOTORLIBS/MOTORLIBS.o
LOAD Dave/Generated/src/LMM001/LMM001.o
LOAD Dave/Generated/src/LMM001/LMM001_Conf.o
LOAD Dave/Generated/src/LIBS/CCU8PWMLIB.o
LOAD Dave/Generated/src/IO004/IO004.o
LOAD Dave/Generated/src/IO004/IO004_Conf.o
LOAD Dave/Generated/src/IO001/IO001.o
LOAD Dave/Generated/src/IO001/IO001_Conf.o
LOAD Dave/Generated/src/GMM001/GMM001.o
LOAD Dave/Generated/src/GMM001/GMM001_Conf.o
LOAD Dave/Generated/src/FATFS004/FATFS004.o
LOAD Dave/Generated/src/FATFS004/FATFS004_Conf.o
LOAD Dave/Generated/src/FATFS002/FATFS002_Conf.o
LOAD Dave/Generated/src/FATFS002/syscall.o
LOAD Dave/Generated/src/FATFS002/Src/ff.o
LOAD Dave/Generated/src/ETH004/ETH004_Conf.o
LOAD Dave/Generated/src/ETH004/01_lwIP_Stack/src/netif/etharp.o
LOAD Dave/Generated/src/ETH004/01_lwIP_Stack/src/netif/ethernetif.o
LOAD Dave/Generated/src/ETH004/01_lwIP_Stack/src/netif/loopif.o
LOAD Dave/Generated/src/ETH004/01_lwIP_Stack/src/netif/slipif.o
LOAD Dave/Generated/src/ETH004/01_lwIP_Stack/src/core/dhcp.o
LOAD Dave/Generated/src/ETH004/01_lwIP_Stack/src/core/dns.o
LOAD Dave/Generated/src/ETH004/01_lwIP_Stack/src/core/init.o
LOAD Dave/Generated/src/ETH004/01_lwIP_Stack/src/core/mem.o
LOAD Dave/Generated/src/ETH004/01_lwIP_Stack/src/core/memp.o
LOAD Dave/Generated/src/ETH004/01_lwIP_Stack/src/core/netconf.o
LOAD Dave/Generated/src/ETH004/01_lwIP_Stack/src/core/netif.o
LOAD Dave/Generated/src/ETH004/01_lwIP_Stack/src/core/pbuf.o
LOAD Dave/Generated/src/ETH004/01_lwIP_Stack/src/core/raw.o
LOAD Dave/Generated/src/ETH004/01_lwIP_Stack/src/core/stats.o
LOAD Dave/Generated/src/ETH004/01_lwIP_Stack/src/core/sys.o
LOAD Dave/Generated/src/ETH004/01_lwIP_Stack/src/core/tcp.o
LOAD Dave/Generated/src/ETH004/01_lwIP_Stack/src/core/tcp_in.o
LOAD Dave/Generated/src/ETH004/01_lwIP_Stack/src/core/tcp_out.o
LOAD Dave/Generated/src/ETH004/01_lwIP_Stack/src/core/udp.o
LOAD Dave/Generated/src/ETH004/01_lwIP_Stack/src/core/ipv4/autoip.o
LOAD Dave/Generated/src/ETH004/01_lwIP_Stack/src/core/ipv4/icmp.o
LOAD Dave/Generated/src/ETH004/01_lwIP_Stack/src/core/ipv4/igmp.o
LOAD Dave/Generated/src/ETH004/01_lwIP_Stack/src/core/ipv4/inet.o
LOAD Dave/Generated/src/ETH004/01_lwIP_Stack/src/core/ipv4/inet_chksum.o
LOAD Dave/Generated/src/ETH004/01_lwIP_Stack/src/core/ipv4/ip.o
LOAD Dave/Generated/src/ETH004/01_lwIP_Stack/src/core/ipv4/ip_addr.o
LOAD Dave/Generated/src/ETH004/01_lwIP_Stack/src/core/ipv4/ip_frag.o
LOAD Dave/Generated/src/ETH004/01_lwIP_Stack/src/api/api_lib.o
LOAD Dave/Generated/src/ETH004/01_lwIP_Stack/src/api/api_msg.o
LOAD Dave/Generated/src/ETH004/01_lwIP_Stack/src/api/err.o
LOAD Dave/Generated/src/ETH004/01_lwIP_Stack/src/api/netbuf.o
LOAD Dave/Generated/src/ETH004/01_lwIP_Stack/src/api/netdb.o
LOAD Dave/Generated/src/ETH004/01_lwIP_Stack/src/api/netifapi.o
LOAD Dave/Generated/src/ETH004/01_lwIP_Stack/src/api/sockets.o
LOAD Dave/Generated/src/ETH004/01_lwIP_Stack/src/api/tcpip.o
LOAD Dave/Generated/src/ETH004/01_lwIP_Stack/port/arch/sys/sys_arch.o
LOAD Dave/Generated/src/ETH002/EthernetPHY.o
LOAD Dave/Generated/src/ETH001/DMA_Descriptors.o
LOAD Dave/Generated/src/ETH001/synopGMAC_Dev.o
LOAD Dave/Generated/src/ETH001/synopGMAC_network_interface.o
LOAD Dave/Generated/src/ETH001/synopGMAC_plat.o
LOAD Dave/Generated/src/ETH001/synopGMAC_stack_interface.o
LOAD Dave/Generated/src/DAVESupport/DAVE3.o
LOAD Dave/Generated/src/DAVESupport/MULTIPLEXER.o
LOAD Dave/Generated/src/CLK001/CLK001.o
LOAD Dave/Generated/src/ADCGROUP001/ADCGroup001.o
LOAD Dave/Generated/src/ADCGROUP001/ADCGroup001_Conf.o
LOAD Dave/Generated/src/ADCGLOB001/ADCGlob001.o
LOAD Dave/Generated/src/ADCGLOB001/ADCGlob001_Conf.o
LOAD Dave/Generated/src/ADC001/ADC001.o
LOAD Dave/Generated/src/ADC001/ADC001_Conf.o
START GROUP
LOAD c:/dave-3.1.10/arm-gcc/bin/../lib/gcc/arm-none-eabi/4.7.4/armv7e-m\libgcc.a
LOAD c:/dave-3.1.10/arm-gcc/bin/../lib/gcc/arm-none-eabi/4.7.4/../../../../arm-none-eabi/lib/armv7e-m\libc.a
END GROUP
                0x00000800                stack_size = 0x800

.text           0x08000000    0x12a2c load address 0x0c000000
                0x08000000                sText = .
 *(.Xmc4500.reset)
 .Xmc4500.reset
                0x08000000      0x21c Startup/startup_XMC4500.o
                0x08000000                __Xmc4500_interrupt_vector_cortex_m
                0x08000200                __Xmc4500_reset_cortex_m
 *(.Xmc4500.postreset)
 .Xmc4500.postreset
                0x0800021c       0x94 Startup/startup_XMC4500.o
 *(.XmcStartup)
 .XmcStartup    0x080002b0        0x4 Startup/startup_XMC4500.o
 *(.text .text.* .gnu.linkonce.t.*)
 .text          0x080002b4        0x0 AdcRelaxKit.o
 .text.VADC0_C0_2_IRQHandler
                0x080002b4       0x44 AdcRelaxKit.o
                0x080002b4                VADC0_C0_2_IRQHandler
 .text          0x080002f8        0x0 DataProcessing.o
 .text.USIC1_0_IRQHandler
                0x080002f8       0x28 DataProcessing.o
                0x080002f8                USIC1_0_IRQHandler
 .text.UpdateSensorInformation
                0x08000320       0x20 DataProcessing.o
                0x08000320                UpdateSensorInformation
 .text.convertToCharArray
                0x08000340       0x86 DataProcessing.o
                0x08000340                convertToCharArray
 *fill*         0x080003c6        0x2 00
 .text.ProcessReceivedData
                0x080003c8      0x100 DataProcessing.o
                0x080003c8                ProcessReceivedData
 .text          0x080004c8        0x0 DataQueue.o
 .text.Queue_Init
                0x080004c8       0x10 DataQueue.o
                0x080004c8                Queue_Init
 .text.Queue_IsEmpty
                0x080004d8       0x16 DataQueue.o
                0x080004d8                Queue_IsEmpty
 .text.Queue_IsFull
                0x080004ee       0x18 DataQueue.o
                0x080004ee                Queue_IsFull
 .text.Queue_PutByte
                0x08000506       0x2e DataQueue.o
                0x08000506                Queue_PutByte
 .text.Queue_PutBuffer
                0x08000534       0x40 DataQueue.o
                0x08000534                Queue_PutBuffer
 .text.Queue_GetByte
                0x08000574       0x32 DataQueue.o
                0x08000574                Queue_GetByte
 .text.Queue_GetBuffer
                0x080005a6       0x42 DataQueue.o
                0x080005a6                Queue_GetBuffer
 .text          0x080005e8        0x0 Sensors.o
 .text.GetTemperature
                0x080005e8       0xb8 Sensors.o
                0x080005e8                GetTemperature
 .text.GetLight
                0x080006a0       0x24 Sensors.o
                0x080006a0                GetLight
 .text.GetHumidity
                0x080006c4       0x18 Sensors.o
                0x080006c4                GetHumidity
 .text          0x080006dc        0x0 SmartHome.o
 .text.TimerHandlerReadSensors
                0x080006dc       0x10 SmartHome.o
                0x080006dc                TimerHandlerReadSensors
 .text.startup.main
                0x080006ec       0x48 SmartHome.o
                0x080006ec                main
 .text          0x08000734        0x0 WebServerFunctions.o
 .text.SSI_Handler
                0x08000734       0x60 WebServerFunctions.o
                0x08000734                SSI_Handler
 .text.CGI_led_handler
                0x08000794       0x6c WebServerFunctions.o
                0x08000794                CGI_led_handler
 .text.http_CGI_init
                0x08000800       0x1c WebServerFunctions.o
                0x08000800                http_CGI_init
 .text.http_SSI_init
                0x0800081c       0x14 WebServerFunctions.o
                0x0800081c                http_SSI_init
 .text          0x08000830      0x82c Startup/startup_XMC4500.o
                0x08000830                NMI_Handler
                0x08000832                NMI_Handler_Veneer
                0x08000840                HardFault_Handler
                0x08000842                HardFault_Handler_Veneer
                0x08000850                MemManage_Handler
                0x08000852                MemManage_Handler_Veneer
                0x08000860                BusFault_Handler
                0x08000862                BusFault_Handler_Veneer
                0x08000870                UsageFault_Handler
                0x08000872                UsageFault_Handler_Veneer
                0x08000880                SVC_Handler
                0x08000882                SVC_Handler_Veneer
                0x08000890                DebugMon_Handler
                0x08000892                DebugMon_Handler_Veneer
                0x080008a0                PendSV_Handler
                0x080008a2                PendSV_Handler_Veneer
                0x080008b2                SysTick_Handler_Veneer
                0x080008c2                SCU_0_IRQHandler_Veneer
                0x080008d0                ERU0_0_IRQHandler
                0x080008d2                ERU0_0_IRQHandler_Veneer
                0x080008e0                ERU0_1_IRQHandler
                0x080008e2                ERU0_1_IRQHandler_Veneer
                0x080008f0                ERU0_2_IRQHandler
                0x080008f2                ERU0_2_IRQHandler_Veneer
                0x08000900                ERU0_3_IRQHandler
                0x08000902                ERU0_3_IRQHandler_Veneer
                0x08000910                ERU1_0_IRQHandler
                0x08000912                ERU1_0_IRQHandler_Veneer
                0x08000920                ERU1_1_IRQHandler
                0x08000922                ERU1_1_IRQHandler_Veneer
                0x08000930                ERU1_2_IRQHandler
                0x08000932                ERU1_2_IRQHandler_Veneer
                0x08000940                ERU1_3_IRQHandler
                0x08000942                ERU1_3_IRQHandler_Veneer
                0x08000950                PMU0_0_IRQHandler
                0x08000952                PMU0_0_IRQHandler_Veneer
                0x08000960                VADC0_C0_0_IRQHandler
                0x08000962                VADC0_C0_0_IRQHandler_Veneer
                0x08000970                VADC0_C0_1_IRQHandler
                0x08000972                VADC0_C0_1_IRQHandler_Veneer
                0x08000982                VADC0_C0_2_IRQHandler_Veneer
                0x08000990                VADC0_C0_3_IRQHandler
                0x08000992                VADC0_C0_3_IRQHandler_Veneer
                0x080009a0                VADC0_G0_0_IRQHandler
                0x080009a2                VADC0_G0_0_IRQHandler_Veneer
                0x080009b0                VADC0_G0_1_IRQHandler
                0x080009b2                VADC0_G0_1_IRQHandler_Veneer
                0x080009c0                VADC0_G0_2_IRQHandler
                0x080009c2                VADC0_G0_2_IRQHandler_Veneer
                0x080009d0                VADC0_G0_3_IRQHandler
                0x080009d2                VADC0_G0_3_IRQHandler_Veneer
                0x080009e0                VADC0_G1_0_IRQHandler
                0x080009e2                VADC0_G1_0_IRQHandler_Veneer
                0x080009f0                VADC0_G1_1_IRQHandler
                0x080009f2                VADC0_G1_1_IRQHandler_Veneer
                0x08000a00                VADC0_G1_2_IRQHandler
                0x08000a02                VADC0_G1_2_IRQHandler_Veneer
                0x08000a10                VADC0_G1_3_IRQHandler
                0x08000a12                VADC0_G1_3_IRQHandler_Veneer
                0x08000a20                VADC0_G2_0_IRQHandler
                0x08000a22                VADC0_G2_0_IRQHandler_Veneer
                0x08000a30                VADC0_G2_1_IRQHandler
                0x08000a32                VADC0_G2_1_IRQHandler_Veneer
                0x08000a40                VADC0_G2_2_IRQHandler
                0x08000a42                VADC0_G2_2_IRQHandler_Veneer
                0x08000a50                VADC0_G2_3_IRQHandler
                0x08000a52                VADC0_G2_3_IRQHandler_Veneer
                0x08000a60                VADC0_G3_0_IRQHandler
                0x08000a62                VADC0_G3_0_IRQHandler_Veneer
                0x08000a70                VADC0_G3_1_IRQHandler
                0x08000a72                VADC0_G3_1_IRQHandler_Veneer
                0x08000a80                VADC0_G3_2_IRQHandler
                0x08000a82                VADC0_G3_2_IRQHandler_Veneer
                0x08000a90                VADC0_G3_3_IRQHandler
                0x08000a92                VADC0_G3_3_IRQHandler_Veneer
                0x08000aa0                DSD0_0_IRQHandler
                0x08000aa2                DSD0_0_IRQHandler_Veneer
                0x08000ab0                DSD0_1_IRQHandler
                0x08000ab2                DSD0_1_IRQHandler_Veneer
                0x08000ac0                DSD0_2_IRQHandler
                0x08000ac2                DSD0_2_IRQHandler_Veneer
                0x08000ad0                DSD0_3_IRQHandler
                0x08000ad2                DSD0_3_IRQHandler_Veneer
                0x08000ae0                DSD0_4_IRQHandler
                0x08000ae2                DSD0_4_IRQHandler_Veneer
                0x08000af0                DSD0_5_IRQHandler
                0x08000af2                DSD0_5_IRQHandler_Veneer
                0x08000b00                DSD0_6_IRQHandler
                0x08000b02                DSD0_6_IRQHandler_Veneer
                0x08000b10                DSD0_7_IRQHandler
                0x08000b12                DSD0_7_IRQHandler_Veneer
                0x08000b20                DAC0_0_IRQHandler
                0x08000b22                DAC0_0_IRQHandler_Veneer
                0x08000b30                DAC0_1_IRQHandler
                0x08000b32                DAC0_1_IRQHandler_Veneer
                0x08000b40                CCU40_0_IRQHandler
                0x08000b42                CCU40_0_IRQHandler_Veneer
                0x08000b50                CCU40_1_IRQHandler
                0x08000b52                CCU40_1_IRQHandler_Veneer
                0x08000b60                CCU40_2_IRQHandler
                0x08000b62                CCU40_2_IRQHandler_Veneer
                0x08000b70                CCU40_3_IRQHandler
                0x08000b72                CCU40_3_IRQHandler_Veneer
                0x08000b80                CCU41_0_IRQHandler
                0x08000b82                CCU41_0_IRQHandler_Veneer
                0x08000b8e                CCU41_1_IRQHandler
                0x08000b90                CCU41_1_IRQHandler_Veneer
                0x08000b9c                CCU41_2_IRQHandler
                0x08000b9e                CCU41_2_IRQHandler_Veneer
                0x08000baa                CCU41_3_IRQHandler
                0x08000bac                CCU41_3_IRQHandler_Veneer
                0x08000bb8                CCU42_0_IRQHandler
                0x08000bba                CCU42_0_IRQHandler_Veneer
                0x08000bc6                CCU42_1_IRQHandler
                0x08000bc8                CCU42_1_IRQHandler_Veneer
                0x08000bd4                CCU42_2_IRQHandler
                0x08000bd6                CCU42_2_IRQHandler_Veneer
                0x08000be2                CCU42_3_IRQHandler
                0x08000be4                CCU42_3_IRQHandler_Veneer
                0x08000bf0                CCU43_0_IRQHandler
                0x08000bf2                CCU43_0_IRQHandler_Veneer
                0x08000bfe                CCU43_1_IRQHandler
                0x08000c00                CCU43_1_IRQHandler_Veneer
                0x08000c0c                CCU43_2_IRQHandler
                0x08000c0e                CCU43_2_IRQHandler_Veneer
                0x08000c1a                CCU43_3_IRQHandler
                0x08000c1c                CCU43_3_IRQHandler_Veneer
                0x08000c28                CCU80_0_IRQHandler
                0x08000c2a                CCU80_0_IRQHandler_Veneer
                0x08000c36                CCU80_1_IRQHandler
                0x08000c38                CCU80_1_IRQHandler_Veneer
                0x08000c44                CCU80_2_IRQHandler
                0x08000c46                CCU80_2_IRQHandler_Veneer
                0x08000c52                CCU80_3_IRQHandler
                0x08000c54                CCU80_3_IRQHandler_Veneer
                0x08000c60                CCU81_0_IRQHandler
                0x08000c62                CCU81_0_IRQHandler_Veneer
                0x08000c6e                CCU81_1_IRQHandler
                0x08000c70                CCU81_1_IRQHandler_Veneer
                0x08000c7c                CCU81_2_IRQHandler
                0x08000c7e                CCU81_2_IRQHandler_Veneer
                0x08000c8a                CCU81_3_IRQHandler
                0x08000c8c                CCU81_3_IRQHandler_Veneer
                0x08000c98                POSIF0_0_IRQHandler
                0x08000c9a                POSIF0_0_IRQHandler_Veneer
                0x08000ca6                POSIF0_1_IRQHandler
                0x08000ca8                POSIF0_1_IRQHandler_Veneer
                0x08000cb4                POSIF1_0_IRQHandler
                0x08000cb6                POSIF1_0_IRQHandler_Veneer
                0x08000cc2                POSIF1_1_IRQHandler
                0x08000cc4                POSIF1_1_IRQHandler_Veneer
                0x08000cd0                CAN0_0_IRQHandler
                0x08000cd2                CAN0_0_IRQHandler_Veneer
                0x08000cde                CAN0_1_IRQHandler
                0x08000ce0                CAN0_1_IRQHandler_Veneer
                0x08000cec                CAN0_2_IRQHandler
                0x08000cee                CAN0_2_IRQHandler_Veneer
                0x08000cfa                CAN0_3_IRQHandler
                0x08000cfc                CAN0_3_IRQHandler_Veneer
                0x08000d08                CAN0_4_IRQHandler
                0x08000d0a                CAN0_4_IRQHandler_Veneer
                0x08000d16                CAN0_5_IRQHandler
                0x08000d18                CAN0_5_IRQHandler_Veneer
                0x08000d24                CAN0_6_IRQHandler
                0x08000d26                CAN0_6_IRQHandler_Veneer
                0x08000d32                CAN0_7_IRQHandler
                0x08000d34                CAN0_7_IRQHandler_Veneer
                0x08000d40                USIC0_0_IRQHandler
                0x08000d42                USIC0_0_IRQHandler_Veneer
                0x08000d4e                USIC0_1_IRQHandler
                0x08000d50                USIC0_1_IRQHandler_Veneer
                0x08000d5c                USIC0_2_IRQHandler
                0x08000d5e                USIC0_2_IRQHandler_Veneer
                0x08000d6a                USIC0_3_IRQHandler
                0x08000d6c                USIC0_3_IRQHandler_Veneer
                0x08000d78                USIC0_4_IRQHandler
                0x08000d7a                USIC0_4_IRQHandler_Veneer
                0x08000d86                USIC0_5_IRQHandler
                0x08000d88                USIC0_5_IRQHandler_Veneer
                0x08000d96                USIC1_0_IRQHandler_Veneer
                0x08000da2                USIC1_1_IRQHandler
                0x08000da4                USIC1_1_IRQHandler_Veneer
                0x08000db0                USIC1_2_IRQHandler
                0x08000db2                USIC1_2_IRQHandler_Veneer
                0x08000dbe                USIC1_3_IRQHandler
                0x08000dc0                USIC1_3_IRQHandler_Veneer
                0x08000dcc                USIC1_4_IRQHandler
                0x08000dce                USIC1_4_IRQHandler_Veneer
                0x08000dda                USIC1_5_IRQHandler
                0x08000ddc                USIC1_5_IRQHandler_Veneer
                0x08000de8                USIC2_0_IRQHandler
                0x08000dea                USIC2_0_IRQHandler_Veneer
                0x08000df6                USIC2_1_IRQHandler
                0x08000df8                USIC2_1_IRQHandler_Veneer
                0x08000e04                USIC2_2_IRQHandler
                0x08000e06                USIC2_2_IRQHandler_Veneer
                0x08000e12                USIC2_3_IRQHandler
                0x08000e14                USIC2_3_IRQHandler_Veneer
                0x08000e20                USIC2_4_IRQHandler
                0x08000e22                USIC2_4_IRQHandler_Veneer
                0x08000e2e                USIC2_5_IRQHandler
                0x08000e30                USIC2_5_IRQHandler_Veneer
                0x08000e3c                LEDTS0_0_IRQHandler
                0x08000e3e                LEDTS0_0_IRQHandler_Veneer
                0x08000e4a                FCE0_0_IRQHandler
                0x08000e4c                FCE0_0_IRQHandler_Veneer
                0x08000e58                GPDMA0_0_IRQHandler
                0x08000e5a                GPDMA0_0_IRQHandler_Veneer
                0x08000e68                SDMMC0_0_IRQHandler_Veneer
                0x08000e74                USB0_0_IRQHandler
                0x08000e76                USB0_0_IRQHandler_Veneer
                0x08000e84                ETH0_0_IRQHandler_Veneer
                0x08000e90                GPDMA1_0_IRQHandler
                0x08000e92                GPDMA1_0_IRQHandler_Veneer
 .text          0x0800105c        0x0 Startup/system_XMC4500.o
 .text.SystemCoreClockUpdate
                0x0800105c       0x70 Startup/system_XMC4500.o
                0x0800105c                SystemCoreClockUpdate
 .text.SystemInit
                0x080010cc      0x204 Startup/system_XMC4500.o
                0x080010cc                SystemInit
 .text          0x080012d0        0x0 Lib/System_LibcStubs.o
 .text._open    0x080012d0        0x6 Lib/System_LibcStubs.o
 .text._lseek   0x080012d6        0x6 Lib/System_LibcStubs.o
 .text._read    0x080012dc        0x4 Lib/System_LibcStubs.o
                0x080012dc                _read
 .text._write   0x080012e0        0x6 Lib/System_LibcStubs.o
                0x080012e0                _write
 .text._close   0x080012e6        0x6 Lib/System_LibcStubs.o
 .text._fstat   0x080012ec        0xe Lib/System_LibcStubs.o
 .text._link    0x080012fa        0xe Lib/System_LibcStubs.o
 .text._unlink  0x08001308        0x6 Lib/System_LibcStubs.o
 *fill*         0x0800130e        0x2 00
 .text._sbrk    0x08001310       0x38 Lib/System_LibcStubs.o
                0x08001310                _sbrk
 .text._times   0x08001348        0x6 Lib/System_LibcStubs.o
                0x08001348                _times
 .text._wait    0x0800134e        0x6 Lib/System_LibcStubs.o
                0x0800134e                _wait
 .text._kill    0x08001354        0x6 Lib/System_LibcStubs.o
                0x08001354                _kill
 .text._fork    0x0800135a        0x6 Lib/System_LibcStubs.o
                0x0800135a                _fork
 .text._getpid  0x08001360        0x6 Lib/System_LibcStubs.o
                0x08001360                _getpid
 .text._exit    0x08001366        0x2 Lib/System_LibcStubs.o
                0x08001366                _exit
 .text._init    0x08001368        0x2 Lib/System_LibcStubs.o
                0x08001368                _init
 .text._isatty  0x0800136a        0x6 Lib/System_LibcStubs.o
 .text          0x08001370        0x0 Dave/Generated/src/WEBSERVER001/HTTPServer/fs.o
 .text.fs_open  0x08001370       0x6c Dave/Generated/src/WEBSERVER001/HTTPServer/fs.o
                0x08001370                fs_open
 .text.fs_close
                0x080013dc       0x2c Dave/Generated/src/WEBSERVER001/HTTPServer/fs.o
                0x080013dc                fs_close
 .text.fs_read  0x08001408       0x20 Dave/Generated/src/WEBSERVER001/HTTPServer/fs.o
                0x08001408                fs_read
 .text.fs_bytes_left
                0x08001428        0x8 Dave/Generated/src/WEBSERVER001/HTTPServer/fs.o
                0x08001428                fs_bytes_left
 .text          0x08001430        0x0 Dave/Generated/src/WEBSERVER001/HTTPServer/fsdata.o
 .text          0x08001430        0x0 Dave/Generated/src/WEBSERVER001/HTTPServer/httpd.o
 .text.http_accept
                0x08001430       0x68 Dave/Generated/src/WEBSERVER001/HTTPServer/httpd.o
 .text.http_state_free
                0x08001498       0x2a Dave/Generated/src/WEBSERVER001/HTTPServer/httpd.o
 .text.http_err
                0x080014c2        0x8 Dave/Generated/src/WEBSERVER001/HTTPServer/httpd.o
 .text.strnstr  0x080014ca       0x4e Dave/Generated/src/WEBSERVER001/HTTPServer/httpd.o
 .text.http_close_conn
                0x08001518       0x54 Dave/Generated/src/WEBSERVER001/HTTPServer/httpd.o
 .text.http_get_404_file
                0x0800156c       0x40 Dave/Generated/src/WEBSERVER001/HTTPServer/httpd.o
 .text.http_write.constprop.9
                0x080015ac       0x30 Dave/Generated/src/WEBSERVER001/HTTPServer/httpd.o
 .text.http_send_data
                0x080015dc      0x41c Dave/Generated/src/WEBSERVER001/HTTPServer/httpd.o
 .text.http_sent
                0x080019f8       0x16 Dave/Generated/src/WEBSERVER001/HTTPServer/httpd.o
 .text.http_poll
                0x08001a0e       0x32 Dave/Generated/src/WEBSERVER001/HTTPServer/httpd.o
 .text.http_find_error_file
                0x08001a40       0x70 Dave/Generated/src/WEBSERVER001/HTTPServer/httpd.o
 .text.http_recv
                0x08001ab0      0x2c4 Dave/Generated/src/WEBSERVER001/HTTPServer/httpd.o
 .text.httpd_init
                0x08001d74       0x48 Dave/Generated/src/WEBSERVER001/HTTPServer/httpd.o
                0x08001d74                httpd_init
 .text.http_set_ssi_handler
                0x08001dbc        0xc Dave/Generated/src/WEBSERVER001/HTTPServer/httpd.o
                0x08001dbc                http_set_ssi_handler
 .text.http_set_cgi_handlers
                0x08001dc8       0x10 Dave/Generated/src/WEBSERVER001/HTTPServer/httpd.o
                0x08001dc8                http_set_cgi_handlers
 .text          0x08001dd8        0x0 Dave/Generated/src/UART001/UART001.o
 .text.UART001_lInit
                0x08001dd8      0x110 Dave/Generated/src/UART001/UART001.o
                0x08001dd8                UART001_lInit
 .text.UART001_lConfigTXPin
                0x08001ee8       0x74 Dave/Generated/src/UART001/UART001.o
                0x08001ee8                UART001_lConfigTXPin
 .text.UART001_labsRealType
                0x08001f5c       0x18 Dave/Generated/src/UART001/UART001.o
                0x08001f5c                UART001_labsRealType
 .text.UART001_lConfigureBaudRate
                0x08001f74      0x1a0 Dave/Generated/src/UART001/UART001.o
                0x08001f74                UART001_lConfigureBaudRate
 .text.UART001_Init
                0x08002114       0x2c Dave/Generated/src/UART001/UART001.o
                0x08002114                UART001_Init
 .text.UART001_DeInit
                0x08002140        0x2 Dave/Generated/src/UART001/UART001.o
                0x08002140                UART001_DeInit
 *fill*         0x08002142        0x2 00
 .text.UART001_Configure
                0x08002144       0x98 Dave/Generated/src/UART001/UART001.o
                0x08002144                UART001_Configure
 .text.UART001_ReadDataMultiple
                0x080021dc       0x2e Dave/Generated/src/UART001/UART001.o
                0x080021dc                UART001_ReadDataMultiple
 .text.UART001_ReadDataBytes
                0x0800220a       0x2c Dave/Generated/src/UART001/UART001.o
                0x0800220a                UART001_ReadDataBytes
 .text.UART001_WriteDataMultiple
                0x08002236       0x36 Dave/Generated/src/UART001/UART001.o
                0x08002236                UART001_WriteDataMultiple
 .text.UART001_WriteDataBytes
                0x0800226c       0x34 Dave/Generated/src/UART001/UART001.o
                0x0800226c                UART001_WriteDataBytes
 .text.UART001_GetFlagStatus
                0x080022a0       0x38 Dave/Generated/src/UART001/UART001.o
                0x080022a0                UART001_GetFlagStatus
 .text.UART001_ClearFlag
                0x080022d8       0x32 Dave/Generated/src/UART001/UART001.o
                0x080022d8                UART001_ClearFlag
 .text          0x0800230a        0x0 Dave/Generated/src/UART001/UART001_Conf.o
 .text          0x0800230a        0x0 Dave/Generated/src/SYSTM001/SYSTM001.o
 *fill*         0x0800230a        0x2 00
 .text.SYSTM001_lInsertTimerList
                0x0800230c       0x6c Dave/Generated/src/SYSTM001/SYSTM001.o
 .text.SYSTM001_lRemoveTimerList
                0x08002378       0x44 Dave/Generated/src/SYSTM001/SYSTM001.o
 .text.SysTick_Handler
                0x080023bc       0x5c Dave/Generated/src/SYSTM001/SYSTM001.o
                0x080023bc                SysTick_Handler
 .text.SYSTM001_Init
                0x08002418       0x64 Dave/Generated/src/SYSTM001/SYSTM001.o
                0x08002418                SYSTM001_Init
 .text.SYSTM001_CreateTimer
                0x0800247c       0x6c Dave/Generated/src/SYSTM001/SYSTM001.o
                0x0800247c                SYSTM001_CreateTimer
 .text.SYSTM001_StartTimer
                0x080024e8       0x44 Dave/Generated/src/SYSTM001/SYSTM001.o
                0x080024e8                SYSTM001_StartTimer
 .text.SYSTM001_StopTimer
                0x0800252c       0x3c Dave/Generated/src/SYSTM001/SYSTM001.o
                0x0800252c                SYSTM001_StopTimer
 .text.SYSTM001_DeleteTimer
                0x08002568       0x44 Dave/Generated/src/SYSTM001/SYSTM001.o
                0x08002568                SYSTM001_DeleteTimer
 .text.SYSTM001_GetTime
                0x080025ac        0xc Dave/Generated/src/SYSTM001/SYSTM001.o
                0x080025ac                SYSTM001_GetTime
 .text.SYSTM001_GetSysTickCount
                0x080025b8        0xc Dave/Generated/src/SYSTM001/SYSTM001.o
                0x080025b8                SYSTM001_GetSysTickCount
 .text          0x080025c4        0x0 Dave/Generated/src/SLTHA003/SLTHA003.o
 .text._malloc_r
                0x080025c4        0x6 Dave/Generated/src/SLTHA003/SLTHA003.o
                0x080025c4                _malloc_r
 .text._calloc_r
                0x080025ca       0x1a Dave/Generated/src/SLTHA003/SLTHA003.o
                0x080025ca                _calloc_r
 .text._free_r  0x080025e4        0x6 Dave/Generated/src/SLTHA003/SLTHA003.o
                0x080025e4                _free_r
 .text._realloc_r
                0x080025ea        0x6 Dave/Generated/src/SLTHA003/SLTHA003.o
                0x080025ea                _realloc_r
 .text._gettimeofday_r
                0x080025f0       0x20 Dave/Generated/src/SLTHA003/SLTHA003.o
                0x080025f0                _gettimeofday_r
 .text._times_r
                0x08002610        0xc Dave/Generated/src/SLTHA003/SLTHA003.o
                0x08002610                _times_r
 .text          0x0800261c        0x0 Dave/Generated/src/SLTHA003/SLTHA003_Conf.o
 .text          0x0800261c        0x0 Dave/Generated/src/SLTHA001/SLTHA001.o
 .text.SLTHA001_lFatInfoToStatus
                0x0800261c       0x84 Dave/Generated/src/SLTHA001/SLTHA001.o
 .text.SLTHA001_lFindAvailableSlot
                0x080026a0       0x44 Dave/Generated/src/SLTHA001/SLTHA001.o
                0x080026a0                SLTHA001_lFindAvailableSlot
 .text.SLTHA001_lLocalInitialize
                0x080026e4       0x28 Dave/Generated/src/SLTHA001/SLTHA001.o
                0x080026e4                SLTHA001_lLocalInitialize
 .text._open    0x0800270c      0x148 Dave/Generated/src/SLTHA001/SLTHA001.o
                0x0800270c                _open
 .text._close   0x08002854       0x5c Dave/Generated/src/SLTHA001/SLTHA001.o
                0x08002854                _close
 .text._read_r  0x080028b0       0x74 Dave/Generated/src/SLTHA001/SLTHA001.o
                0x080028b0                _read_r
 .text._write_r
                0x08002924       0x74 Dave/Generated/src/SLTHA001/SLTHA001.o
                0x08002924                _write_r
 .text._lseek   0x08002998       0x70 Dave/Generated/src/SLTHA001/SLTHA001.o
                0x08002998                _lseek
 .text._unlink  0x08002a08       0x24 Dave/Generated/src/SLTHA001/SLTHA001.o
                0x08002a08                _unlink
 .text._fstat   0x08002a2c       0x64 Dave/Generated/src/SLTHA001/SLTHA001.o
                0x08002a2c                _fstat
 .text._stat    0x08002a90       0x44 Dave/Generated/src/SLTHA001/SLTHA001.o
                0x08002a90                _stat
 .text.rename   0x08002ad4       0x24 Dave/Generated/src/SLTHA001/SLTHA001.o
                0x08002ad4                rename
 .text._chmod   0x08002af8       0x28 Dave/Generated/src/SLTHA001/SLTHA001.o
                0x08002af8                _chmod
 .text._mkdir   0x08002b20       0x24 Dave/Generated/src/SLTHA001/SLTHA001.o
                0x08002b20                _mkdir
 .text._sync    0x08002b44       0x20 Dave/Generated/src/SLTHA001/SLTHA001.o
                0x08002b44                _sync
 .text.mkfs     0x08002b64       0x24 Dave/Generated/src/SLTHA001/SLTHA001.o
                0x08002b64                mkfs
 .text.mount    0x08002b88       0x24 Dave/Generated/src/SLTHA001/SLTHA001.o
                0x08002b88                mount
 .text._isatty  0x08002bac        0xa Dave/Generated/src/SLTHA001/SLTHA001.o
                0x08002bac                _isatty
 .text.SLTHA001_Init
                0x08002bb6        0x4 Dave/Generated/src/SLTHA001/SLTHA001.o
                0x08002bb6                SLTHA001_Init
 .text._link    0x08002bba       0x10 Dave/Generated/src/SLTHA001/SLTHA001.o
                0x08002bba                _link
 .text.fdisk    0x08002bca        0x6 Dave/Generated/src/SLTHA001/SLTHA001.o
                0x08002bca                fdisk
 .text          0x08002bd0        0x0 Dave/Generated/src/SLTHA001/SLTHA001_Conf.o
 .text          0x08002bd0        0x0 Dave/Generated/src/SDMMC003/SDMMC003.o
 .text.SDMMC003_HostControllerInit
                0x08002bd0       0x68 Dave/Generated/src/SDMMC003/SDMMC003.o
                0x08002bd0                SDMMC003_HostControllerInit
 .text.SDMMC003_HostControllerDeInit
                0x08002c38       0x24 Dave/Generated/src/SDMMC003/SDMMC003.o
                0x08002c38                SDMMC003_HostControllerDeInit
 .text.SDMMC003_CardReadMultipleBlocks
                0x08002c5c       0x5c Dave/Generated/src/SDMMC003/SDMMC003.o
                0x08002c5c                SDMMC003_CardReadMultipleBlocks
 .text.SDMMC003_CardReadSingleBlock
                0x08002cb8       0x5c Dave/Generated/src/SDMMC003/SDMMC003.o
                0x08002cb8                SDMMC003_CardReadSingleBlock
 .text.SDMMC003_CardWriteMultipleBlocks
                0x08002d14       0x60 Dave/Generated/src/SDMMC003/SDMMC003.o
                0x08002d14                SDMMC003_CardWriteMultipleBlocks
 .text.SDMMC003_CardWriteSingleBlock
                0x08002d74       0x60 Dave/Generated/src/SDMMC003/SDMMC003.o
                0x08002d74                SDMMC003_CardWriteSingleBlock
 .text.SDMMC003_LockUnlockCard
                0x08002dd4       0x5c Dave/Generated/src/SDMMC003/SDMMC003.o
                0x08002dd4                SDMMC003_LockUnlockCard
 .text.SDMMC003_GetLockStatus
                0x08002e30       0x40 Dave/Generated/src/SDMMC003/SDMMC003.o
                0x08002e30                SDMMC003_GetLockStatus
 .text.SDMMC003_GetCurrentState
                0x08002e70       0x40 Dave/Generated/src/SDMMC003/SDMMC003.o
                0x08002e70                SDMMC003_GetCurrentState
 .text.SDMMC003_GetCardType
                0x08002eb0       0x18 Dave/Generated/src/SDMMC003/SDMMC003.o
                0x08002eb0                SDMMC003_GetCardType
 .text.SDMMC003_GetCid
                0x08002ec8       0x54 Dave/Generated/src/SDMMC003/SDMMC003.o
                0x08002ec8                SDMMC003_GetCid
 .text.SDMMC003_GetOcr
                0x08002f1c       0x20 Dave/Generated/src/SDMMC003/SDMMC003.o
                0x08002f1c                SDMMC003_GetOcr
 .text.SDMMC003_GetCsd
                0x08002f3c       0x40 Dave/Generated/src/SDMMC003/SDMMC003.o
                0x08002f3c                SDMMC003_GetCsd
 .text.SDMMC003_GetSectorCount
                0x08002f7c       0x8c Dave/Generated/src/SDMMC003/SDMMC003.o
                0x08002f7c                SDMMC003_GetSectorCount
 .text.SDMMC003_GetSectorSize
                0x08003008       0x1c Dave/Generated/src/SDMMC003/SDMMC003.o
                0x08003008                SDMMC003_GetSectorSize
 .text.SDMMC003_GetBlockSize
                0x08003024       0x54 Dave/Generated/src/SDMMC003/SDMMC003.o
                0x08003024                SDMMC003_GetBlockSize
 .text.SDMMC003_FlushDiskWriteCache
                0x08003078       0x14 Dave/Generated/src/SDMMC003/SDMMC003.o
                0x08003078                SDMMC003_FlushDiskWriteCache
 .text.SDMMC003_GetSdStatus
                0x0800308c       0x68 Dave/Generated/src/SDMMC003/SDMMC003.o
                0x0800308c                SDMMC003_GetSdStatus
 .text.SDMMC003_EraseBlock
                0x080030f4       0xc0 Dave/Generated/src/SDMMC003/SDMMC003.o
                0x080030f4                SDMMC003_EraseBlock
 .text.SDMMC003_EjectCard
                0x080031b4       0x48 Dave/Generated/src/SDMMC003/SDMMC003.o
                0x080031b4                SDMMC003_EjectCard
 .text.SDMMC003_Init
                0x080031fc        0xc Dave/Generated/src/SDMMC003/SDMMC003.o
                0x080031fc                SDMMC003_Init
 .text.SDMMC003_Start
                0x08003208       0x5c Dave/Generated/src/SDMMC003/SDMMC003.o
                0x08003208                SDMMC003_Start
 .text.SDMMC003_CardDetectionSupport
                0x08003264       0x14 Dave/Generated/src/SDMMC003/SDMMC003.o
                0x08003264                SDMMC003_CardDetectionSupport
 .text          0x08003278        0x0 Dave/Generated/src/SDMMC003/SDMMC003_Conf.o
 .text          0x08003278        0x0 Dave/Generated/src/SDMMC003/SDMMC003_Private.o
 .text.Timer_CallBack
                0x08003278       0x18 Dave/Generated/src/SDMMC003/SDMMC003_Private.o
                0x08003278                Timer_CallBack
 .text.SDMMC003_lCardCleanUp
                0x08003290       0x3c Dave/Generated/src/SDMMC003/SDMMC003_Private.o
                0x08003290                SDMMC003_lCardCleanUp
 .text.SDMMC003_lCheckDatCmdline
                0x080032cc       0x64 Dave/Generated/src/SDMMC003/SDMMC003_Private.o
                0x080032cc                SDMMC003_lCheckDatCmdline
 .text.SDMMC003_lCheckArgumentError
                0x08003330       0x2a Dave/Generated/src/SDMMC003/SDMMC003_Private.o
                0x08003330                SDMMC003_lCheckArgumentError
 .text.SDMMC003_lCheckEraseError
                0x0800335a       0x20 Dave/Generated/src/SDMMC003/SDMMC003_Private.o
                0x0800335a                SDMMC003_lCheckEraseError
 .text.SDMMC003_lCheckCardError
                0x0800337a       0x20 Dave/Generated/src/SDMMC003/SDMMC003_Private.o
                0x0800337a                SDMMC003_lCheckCardError
 .text.SDMMC003_lCheckErrorInResponse
                0x0800339a       0x50 Dave/Generated/src/SDMMC003/SDMMC003_Private.o
                0x0800339a                SDMMC003_lCheckErrorInResponse
 *fill*         0x080033ea        0x2 00
 .text.SDMMC003_lGetCardLockState
                0x080033ec       0x28 Dave/Generated/src/SDMMC003/SDMMC003_Private.o
                0x080033ec                SDMMC003_lGetCardLockState
 .text.SDMMC003_lWriteCardType
                0x08003414       0x30 Dave/Generated/src/SDMMC003/SDMMC003_Private.o
                0x08003414                SDMMC003_lWriteCardType
 .text.SDMMC003_lSetWriteProtect
                0x08003444       0x38 Dave/Generated/src/SDMMC003/SDMMC003_Private.o
                0x08003444                SDMMC003_lSetWriteProtect
 .text.SDMMC003_lCheckLockStatus
                0x0800347c       0x28 Dave/Generated/src/SDMMC003/SDMMC003_Private.o
                0x0800347c                SDMMC003_lCheckLockStatus
 .text.SDMMC003_lNormalInterruptHandler
                0x080034a4       0x8c Dave/Generated/src/SDMMC003/SDMMC003_Private.o
                0x080034a4                SDMMC003_lNormalInterruptHandler
 .text.SDMMC003_lErrorInterruptHandler
                0x08003530      0x14c Dave/Generated/src/SDMMC003/SDMMC003_Private.o
                0x08003530                SDMMC003_lErrorInterruptHandler
 .text.SDMMC003_CheckPCMDFlag
                0x0800367c        0xc Dave/Generated/src/SDMMC003/SDMMC003_Private.o
                0x0800367c                SDMMC003_CheckPCMDFlag
 .text.SDMMC003_lDelay
                0x08003688       0x44 Dave/Generated/src/SDMMC003/SDMMC003_Private.o
                0x08003688                SDMMC003_lDelay
 .text.SDMMC0_0_IRQHandler
                0x080036cc       0x48 Dave/Generated/src/SDMMC003/SDMMC003_Private.o
                0x080036cc                SDMMC0_0_IRQHandler
 .text.SDMMC003_lStartTimer
                0x08003714       0x38 Dave/Generated/src/SDMMC003/SDMMC003_Private.o
                0x08003714                SDMMC003_lStartTimer
 .text.SDMMC003_lStopTimer
                0x0800374c       0x1c Dave/Generated/src/SDMMC003/SDMMC003_Private.o
                0x0800374c                SDMMC003_lStopTimer
 .text.SDMMC003_lCommandDelay
                0x08003768       0x54 Dave/Generated/src/SDMMC003/SDMMC003_Private.o
                0x08003768                SDMMC003_lCommandDelay
 .text.SDMMC003_lTransferDelay
                0x080037bc       0x44 Dave/Generated/src/SDMMC003/SDMMC003_Private.o
                0x080037bc                SDMMC003_lTransferDelay
 .text.SDMMC003_lReadResponse
                0x08003800       0xa0 Dave/Generated/src/SDMMC003/SDMMC003_Private.o
                0x08003800                SDMMC003_lReadResponse
 .text.SDMMC003_lReset
                0x080038a0       0x44 Dave/Generated/src/SDMMC003/SDMMC003_Private.o
                0x080038a0                SDMMC003_lReset
 .text.SDMMC003_lErrorInterruptRecovery
                0x080038e4       0x9c Dave/Generated/src/SDMMC003/SDMMC003_Private.o
                0x080038e4                SDMMC003_lErrorInterruptRecovery
 .text.SDMMC003_lDataTransfer
                0x08003980       0x84 Dave/Generated/src/SDMMC003/SDMMC003_Private.o
                0x08003980                SDMMC003_lDataTransfer
 .text.SDMMC003_lSendCommand
                0x08003a04       0xa8 Dave/Generated/src/SDMMC003/SDMMC003_Private.o
                0x08003a04                SDMMC003_lSendCommand
 .text.SDMMC003_lAcmdErrorRecovery
                0x08003aac       0x68 Dave/Generated/src/SDMMC003/SDMMC003_Private.o
                0x08003aac                SDMMC003_lAcmdErrorRecovery
 .text.SDMMC003_lSwitchToTransferState
                0x08003b14       0x44 Dave/Generated/src/SDMMC003/SDMMC003_Private.o
                0x08003b14                SDMMC003_lSwitchToTransferState
 .text.SDMMC003_lSwitchBusWidth
                0x08003b58       0x64 Dave/Generated/src/SDMMC003/SDMMC003_Private.o
                0x08003b58                SDMMC003_lSwitchBusWidth
 .text.SDMMC003_lConfigureRegForMultiTransfer
                0x08003bbc       0x78 Dave/Generated/src/SDMMC003/SDMMC003_Private.o
                0x08003bbc                SDMMC003_lConfigureRegForMultiTransfer
 .text.SDMMC003_lMultiBlockTransfer
                0x08003c34       0x50 Dave/Generated/src/SDMMC003/SDMMC003_Private.o
                0x08003c34                SDMMC003_lMultiBlockTransfer
 .text.SDMMC003_lConfigureForSingleTransfer
                0x08003c84       0x4c Dave/Generated/src/SDMMC003/SDMMC003_Private.o
                0x08003c84                SDMMC003_lConfigureForSingleTransfer
 .text.SDMMC003_lReadRca
                0x08003cd0       0x14 Dave/Generated/src/SDMMC003/SDMMC003_Private.o
                0x08003cd0                SDMMC003_lReadRca
 .text.SDMMC003_lQueryOperatingCond
                0x08003ce4       0x48 Dave/Generated/src/SDMMC003/SDMMC003_Private.o
                0x08003ce4                SDMMC003_lQueryOperatingCond
 .text.SDMMC003_lSetVoltageWindow
                0x08003d2c       0x68 Dave/Generated/src/SDMMC003/SDMMC003_Private.o
                0x08003d2c                SDMMC003_lSetVoltageWindow
 .text.SDMMC003_lQueryVoltage
                0x08003d94       0x58 Dave/Generated/src/SDMMC003/SDMMC003_Private.o
                0x08003d94                SDMMC003_lQueryVoltage
 .text.SDMMC003_lInitializeCard
                0x08003dec       0xa4 Dave/Generated/src/SDMMC003/SDMMC003_Private.o
                0x08003dec                SDMMC003_lInitializeCard
 .text.SDMMC003_lSingleBlockTransfer
                0x08003e90       0x6c Dave/Generated/src/SDMMC003/SDMMC003_Private.o
                0x08003e90                SDMMC003_lSingleBlockTransfer
 .text.SDMMC003_lSwitchSpeed
                0x08003efc       0x60 Dave/Generated/src/SDMMC003/SDMMC003_Private.o
                0x08003efc                SDMMC003_lSwitchSpeed
 .text.SDMMC003_lReadCardRegisters
                0x08003f5c       0x9c Dave/Generated/src/SDMMC003/SDMMC003_Private.o
                0x08003f5c                SDMMC003_lReadCardRegisters
 .text.SDMMC003_lAfterCardInitialize
                0x08003ff8       0x40 Dave/Generated/src/SDMMC003/SDMMC003_Private.o
                0x08003ff8                SDMMC003_lAfterCardInitialize
 .text.SDMMC003_lCardIdentificationProcess
                0x08004038       0x6c Dave/Generated/src/SDMMC003/SDMMC003_Private.o
                0x08004038                SDMMC003_lCardIdentificationProcess
 .text.SDMMC003_lCheckSectorBound
                0x080040a4       0x22 Dave/Generated/src/SDMMC003/SDMMC003_Private.o
                0x080040a4                SDMMC003_lCheckSectorBound
 *fill*         0x080040c6        0x2 00
 .text.SDMMC003_lLocalErase
                0x080040c8       0x6c Dave/Generated/src/SDMMC003/SDMMC003_Private.o
                0x080040c8                SDMMC003_lLocalErase
 .text          0x08004134        0x0 Dave/Generated/src/SDMMC001/SDMMC001.o
 .text.SDMMC001_lFindDiskStatus
                0x08004134       0x34 Dave/Generated/src/SDMMC001/SDMMC001.o
                0x08004134                SDMMC001_lFindDiskStatus
 .text.SDMMC001_Initialize
                0x08004168       0x38 Dave/Generated/src/SDMMC001/SDMMC001.o
                0x08004168                SDMMC001_Initialize
 .text.SDMMC001_GetStatus
                0x080041a0        0x4 Dave/Generated/src/SDMMC001/SDMMC001.o
                0x080041a0                SDMMC001_GetStatus
 .text.SDMMC001_ReadBlock
                0x080041a4       0x30 Dave/Generated/src/SDMMC001/SDMMC001.o
                0x080041a4                SDMMC001_ReadBlock
 .text.SDMMC001_WriteBlock
                0x080041d4       0x3c Dave/Generated/src/SDMMC001/SDMMC001.o
                0x080041d4                SDMMC001_WriteBlock
 .text.SDMMC001_Ioctl
                0x08004210      0x1ac Dave/Generated/src/SDMMC001/SDMMC001.o
                0x08004210                SDMMC001_Ioctl
 .text          0x080043bc        0x0 Dave/Generated/src/SDMMC001/SDMMC001_Conf.o
 .text          0x080043bc        0x0 Dave/Generated/src/RTC001/RTC001.o
 .text.RTC001_ldatevalid
                0x080043bc       0x54 Dave/Generated/src/RTC001/RTC001.o
 .text.RTC001_DeInit
                0x08004410        0x2 Dave/Generated/src/RTC001/RTC001.o
                0x08004410                RTC001_DeInit
 *fill*         0x08004412        0x2 00
 .text.RTC001_Enable
                0x08004414       0x30 Dave/Generated/src/RTC001/RTC001.o
                0x08004414                RTC001_Enable
 .text.RTC001_Disable
                0x08004444       0x74 Dave/Generated/src/RTC001/RTC001.o
                0x08004444                RTC001_Disable
 .text.RTC001_GetFlagStatus
                0x080044b8       0x14 Dave/Generated/src/RTC001/RTC001.o
                0x080044b8                RTC001_GetFlagStatus
 .text.RTC001_ClearFlagStatus
                0x080044cc       0x10 Dave/Generated/src/RTC001/RTC001.o
                0x080044cc                RTC001_ClearFlagStatus
 .text.RTC001_ConfigAlarm
                0x080044dc       0x8c Dave/Generated/src/RTC001/RTC001.o
                0x080044dc                RTC001_ConfigAlarm
 .text.RTC001_Clock_GetTime
                0x08004568       0x3c Dave/Generated/src/RTC001/RTC001.o
                0x08004568                RTC001_Clock_GetTime
 .text.RTC001_Clock_SetTime
                0x080045a4       0xf8 Dave/Generated/src/RTC001/RTC001.o
                0x080045a4                RTC001_Clock_SetTime
 .text.RTC001_Init
                0x0800469c       0x7c Dave/Generated/src/RTC001/RTC001.o
                0x0800469c                RTC001_Init
 .text.RTC001_Time
                0x08004718       0xd0 Dave/Generated/src/RTC001/RTC001.o
                0x08004718                RTC001_Time
 .text          0x080047e8        0x0 Dave/Generated/src/RTC001/RTC001_Conf.o
 .text          0x080047e8        0x0 Dave/Generated/src/RESET001/RESET001.o
 .text.RESET001_AssertReset
                0x080047e8       0x14 Dave/Generated/src/RESET001/RESET001.o
                0x080047e8                RESET001_AssertReset
 .text.RESET001_DeassertReset
                0x080047fc       0x14 Dave/Generated/src/RESET001/RESET001.o
                0x080047fc                RESET001_DeassertReset
 .text.RESET001_GetResetInfo
                0x08004810        0xc Dave/Generated/src/RESET001/RESET001.o
                0x08004810                RESET001_GetResetInfo
 .text.RESET001_GetStatus
                0x0800481c       0x1c Dave/Generated/src/RESET001/RESET001.o
                0x0800481c                RESET001_GetStatus
 .text          0x08004838        0x0 Dave/Generated/src/NVIC_SCU001/NVIC_SCU001.o
 .text.NVIC_SCU001_Init
                0x08004838       0x3c Dave/Generated/src/NVIC_SCU001/NVIC_SCU001.o
                0x08004838                NVIC_SCU001_Init
 .text.NVIC_SCU001_RegisterCallback
                0x08004874       0x14 Dave/Generated/src/NVIC_SCU001/NVIC_SCU001.o
                0x08004874                NVIC_SCU001_RegisterCallback
 .text.SCU_0_IRQHandler
                0x08004888      0x1ac Dave/Generated/src/NVIC_SCU001/NVIC_SCU001.o
                0x08004888                SCU_0_IRQHandler
 .text          0x08004a34        0x0 Dave/Generated/src/NVIC002/NVIC002.o
 .text.NVIC002_Init
                0x08004a34       0xa4 Dave/Generated/src/NVIC002/NVIC002.o
                0x08004a34                NVIC002_Init
 .text          0x08004ad8        0x0 Dave/Generated/src/NVIC002/NVIC002_Conf.o
 .text          0x08004ad8        0x0 Dave/Generated/src/MOTORLIBS/MOTORLIBS.o
 .text          0x08004ad8        0x0 Dave/Generated/src/LMM001/LMM001.o
 .text.LMM001_lmake_new_block
                0x08004ad8       0x32 Dave/Generated/src/LMM001/LMM001.o
 .text.LMM001_ldisconnect_from_free_list
                0x08004b0a       0x2e Dave/Generated/src/LMM001/LMM001.o
 .text.LMM001_l_assimilate_up
                0x08004b38       0x3a Dave/Generated/src/LMM001/LMM001.o
 .text.LMM001_l_assimilate_down
                0x08004b72       0x28 Dave/Generated/src/LMM001/LMM001.o
 .text.LMM001_free
                0x08004b9a       0x68 Dave/Generated/src/LMM001/LMM001.o
                0x08004b9a                LMM001_free
 .text.LMM001_malloc
                0x08004c02       0xec Dave/Generated/src/LMM001/LMM001.o
                0x08004c02                LMM001_malloc
 .text.LMM001_realloc
                0x08004cee       0xfc Dave/Generated/src/LMM001/LMM001.o
                0x08004cee                LMM001_realloc
 .text          0x08004dea        0x0 Dave/Generated/src/LMM001/LMM001_Conf.o
 .text          0x08004dea        0x0 Dave/Generated/src/LIBS/CCU8PWMLIB.o
 .text          0x08004dea        0x0 Dave/Generated/src/IO004/IO004.o
 *fill*         0x08004dea        0x2 00
 .text.IO004_Init
                0x08004dec       0x28 Dave/Generated/src/IO004/IO004.o
                0x08004dec                IO004_Init
 .text.IO004_DisableOutputDriver
                0x08004e14       0xb2 Dave/Generated/src/IO004/IO004.o
                0x08004e14                IO004_DisableOutputDriver
 .text.IO004_EnableOutputDriver
                0x08004ec6       0xb2 Dave/Generated/src/IO004/IO004.o
                0x08004ec6                IO004_EnableOutputDriver
 .text          0x08004f78        0x0 Dave/Generated/src/IO004/IO004_Conf.o
 .text          0x08004f78        0x0 Dave/Generated/src/IO001/IO001.o
 .text.IO001_Init
                0x08004f78       0x34 Dave/Generated/src/IO001/IO001.o
                0x08004f78                IO001_Init
 .text.IO001_EnableDigitalInput
                0x08004fac       0xba Dave/Generated/src/IO001/IO001.o
                0x08004fac                IO001_EnableDigitalInput
 .text.IO001_DisableDigitalInput
                0x08005066       0x12 Dave/Generated/src/IO001/IO001.o
                0x08005066                IO001_DisableDigitalInput
 .text          0x08005078        0x0 Dave/Generated/src/IO001/IO001_Conf.o
 .text          0x08005078        0x0 Dave/Generated/src/GMM001/GMM001.o
 .text.GMM001_Init
                0x08005078       0x70 Dave/Generated/src/GMM001/GMM001.o
                0x08005078                GMM001_Init
 .text.GMM001_malloc
                0x080050e8       0x34 Dave/Generated/src/GMM001/GMM001.o
                0x080050e8                GMM001_malloc
 .text.GMM001_realloc
                0x0800511c       0x78 Dave/Generated/src/GMM001/GMM001.o
                0x0800511c                GMM001_realloc
 .text.GMM001_free
                0x08005194       0x60 Dave/Generated/src/GMM001/GMM001.o
                0x08005194                GMM001_free
 .text          0x080051f4        0x0 Dave/Generated/src/GMM001/GMM001_Conf.o
 .text          0x080051f4        0x0 Dave/Generated/src/FATFS004/FATFS004.o
 .text.disk_initialize
                0x080051f4       0x1c Dave/Generated/src/FATFS004/FATFS004.o
                0x080051f4                disk_initialize
 .text.disk_status
                0x08005210       0x1c Dave/Generated/src/FATFS004/FATFS004.o
                0x08005210                disk_status
 .text.disk_read
                0x0800522c       0x2c Dave/Generated/src/FATFS004/FATFS004.o
                0x0800522c                disk_read
 .text.disk_write
                0x08005258       0x2c Dave/Generated/src/FATFS004/FATFS004.o
                0x08005258                disk_write
 .text.disk_ioctl
                0x08005284       0x28 Dave/Generated/src/FATFS004/FATFS004.o
                0x08005284                disk_ioctl
 .text.get_fattime
                0x080052ac       0x4c Dave/Generated/src/FATFS004/FATFS004.o
                0x080052ac                get_fattime
 .text          0x080052f8        0x0 Dave/Generated/src/FATFS004/FATFS004_Conf.o
 .text          0x080052f8        0x0 Dave/Generated/src/FATFS002/FATFS002_Conf.o
 .text.FATFS002_Init
                0x080052f8        0x2 Dave/Generated/src/FATFS002/FATFS002_Conf.o
                0x080052f8                FATFS002_Init
 .text          0x080052fa        0x0 Dave/Generated/src/FATFS002/syscall.o
 .text          0x080052fa        0x0 Dave/Generated/src/FATFS002/Src/ff.o
 .text.mem_cpy  0x080052fa       0x12 Dave/Generated/src/FATFS002/Src/ff.o
 .text.mem_set  0x0800530c        0xe Dave/Generated/src/FATFS002/Src/ff.o
 .text.get_fileinfo
                0x0800531a       0x82 Dave/Generated/src/FATFS002/Src/ff.o
 .text.move_window
                0x0800539c       0x76 Dave/Generated/src/FATFS002/Src/ff.o
 .text.sync     0x08005412       0xb6 Dave/Generated/src/FATFS002/Src/ff.o
 .text.validate
                0x080054c8       0x24 Dave/Generated/src/FATFS002/Src/ff.o
 .text.check_fs
                0x080054ec       0x88 Dave/Generated/src/FATFS002/Src/ff.o
 .text.chk_mounted
                0x08005574      0x314 Dave/Generated/src/FATFS002/Src/ff.o
 .text.clust2sect
                0x08005888       0x18 Dave/Generated/src/FATFS002/Src/ff.o
                0x08005888                clust2sect
 .text.get_fat  0x080058a0       0xca Dave/Generated/src/FATFS002/Src/ff.o
                0x080058a0                get_fat
 .text.dir_sdi  0x0800596a       0x84 Dave/Generated/src/FATFS002/Src/ff.o
 .text.dir_remove
                0x080059ee       0x24 Dave/Generated/src/FATFS002/Src/ff.o
 .text.put_fat  0x08005a12       0xf6 Dave/Generated/src/FATFS002/Src/ff.o
                0x08005a12                put_fat
 .text.create_chain
                0x08005b08       0x9a Dave/Generated/src/FATFS002/Src/ff.o
 .text.dir_next
                0x08005ba2       0xf4 Dave/Generated/src/FATFS002/Src/ff.o
 *fill*         0x08005c96        0x2 00
 .text.follow_path
                0x08005c98      0x204 Dave/Generated/src/FATFS002/Src/ff.o
 .text.dir_register
                0x08005e9c       0x5a Dave/Generated/src/FATFS002/Src/ff.o
 .text.dir_read
                0x08005ef6       0x4a Dave/Generated/src/FATFS002/Src/ff.o
 .text.remove_chain
                0x08005f40       0x82 Dave/Generated/src/FATFS002/Src/ff.o
 *fill*         0x08005fc2        0x2 00
 .text.f_mount  0x08005fc4       0x2c Dave/Generated/src/FATFS002/Src/ff.o
                0x08005fc4                f_mount
 .text.f_open   0x08005ff0      0x152 Dave/Generated/src/FATFS002/Src/ff.o
                0x08005ff0                f_open
 .text.f_read   0x08006142      0x168 Dave/Generated/src/FATFS002/Src/ff.o
                0x08006142                f_read
 .text.f_write  0x080062aa      0x196 Dave/Generated/src/FATFS002/Src/ff.o
                0x080062aa                f_write
 .text.f_sync   0x08006440       0xac Dave/Generated/src/FATFS002/Src/ff.o
                0x08006440                f_sync
 .text.f_close  0x080064ec        0xe Dave/Generated/src/FATFS002/Src/ff.o
                0x080064ec                f_close
 *fill*         0x080064fa        0x2 00
 .text.f_chdrive
                0x080064fc       0x14 Dave/Generated/src/FATFS002/Src/ff.o
                0x080064fc                f_chdrive
 .text.f_chdir  0x08006510       0x5e Dave/Generated/src/FATFS002/Src/ff.o
                0x08006510                f_chdir
 .text.f_lseek  0x0800656e      0x140 Dave/Generated/src/FATFS002/Src/ff.o
                0x0800656e                f_lseek
 .text.f_opendir
                0x080066ae       0x64 Dave/Generated/src/FATFS002/Src/ff.o
                0x080066ae                f_opendir
 .text.f_readdir
                0x08006712       0x54 Dave/Generated/src/FATFS002/Src/ff.o
                0x08006712                f_readdir
 .text.f_stat   0x08006766       0x40 Dave/Generated/src/FATFS002/Src/ff.o
                0x08006766                f_stat
 .text.f_getfree
                0x080067a6       0xe8 Dave/Generated/src/FATFS002/Src/ff.o
                0x080067a6                f_getfree
 .text.f_truncate
                0x0800688e       0x92 Dave/Generated/src/FATFS002/Src/ff.o
                0x0800688e                f_truncate
 .text.f_unlink
                0x08006920       0xc8 Dave/Generated/src/FATFS002/Src/ff.o
                0x08006920                f_unlink
 .text.f_mkdir  0x080069e8      0x1c2 Dave/Generated/src/FATFS002/Src/ff.o
                0x080069e8                f_mkdir
 .text.f_chmod  0x08006baa       0x5c Dave/Generated/src/FATFS002/Src/ff.o
                0x08006baa                f_chmod
 .text.f_utime  0x08006c06       0x5c Dave/Generated/src/FATFS002/Src/ff.o
                0x08006c06                f_utime
 .text.f_rename
                0x08006c62      0x128 Dave/Generated/src/FATFS002/Src/ff.o
                0x08006c62                f_rename
 *fill*         0x08006d8a        0x2 00
 .text.f_mkfs   0x08006d8c      0x5c8 Dave/Generated/src/FATFS002/Src/ff.o
                0x08006d8c                f_mkfs
 .text.f_gets   0x08007354       0x44 Dave/Generated/src/FATFS002/Src/ff.o
                0x08007354                f_gets
 .text.f_putc   0x08007398       0x22 Dave/Generated/src/FATFS002/Src/ff.o
                0x08007398                f_putc
 .text.f_puts   0x080073ba       0x20 Dave/Generated/src/FATFS002/Src/ff.o
                0x080073ba                f_puts
 .text.f_printf
                0x080073da      0x23c Dave/Generated/src/FATFS002/Src/ff.o
                0x080073da                f_printf
 .text          0x08007616        0x0 Dave/Generated/src/ETH004/ETH004_Conf.o
 .text          0x08007616        0x0 Dave/Generated/src/ETH004/01_lwIP_Stack/src/netif/etharp.o
 .text.etharp_send_ip
                0x08007616       0x30 Dave/Generated/src/ETH004/01_lwIP_Stack/src/netif/etharp.o
 .text.free_etharp_q
                0x08007646       0x1a Dave/Generated/src/ETH004/01_lwIP_Stack/src/netif/etharp.o
 .text.find_entry
                0x08007660      0x12c Dave/Generated/src/ETH004/01_lwIP_Stack/src/netif/etharp.o
 .text.update_arp_entry
                0x0800778c       0xac Dave/Generated/src/ETH004/01_lwIP_Stack/src/netif/etharp.o
 .text.etharp_tmr
                0x08007838       0x40 Dave/Generated/src/ETH004/01_lwIP_Stack/src/netif/etharp.o
                0x08007838                etharp_tmr
 .text.etharp_find_addr
                0x08007878       0x3c Dave/Generated/src/ETH004/01_lwIP_Stack/src/netif/etharp.o
                0x08007878                etharp_find_addr
 .text.etharp_ip_input
                0x080078b4       0x26 Dave/Generated/src/ETH004/01_lwIP_Stack/src/netif/etharp.o
                0x080078b4                etharp_ip_input
 .text.etharp_arp_input
                0x080078da       0xd4 Dave/Generated/src/ETH004/01_lwIP_Stack/src/netif/etharp.o
                0x080078da                etharp_arp_input
 *fill*         0x080079ae        0x2 00
 .text.etharp_request
                0x080079b0       0x98 Dave/Generated/src/ETH004/01_lwIP_Stack/src/netif/etharp.o
                0x080079b0                etharp_request
 .text.etharp_query
                0x08007a48      0x114 Dave/Generated/src/ETH004/01_lwIP_Stack/src/netif/etharp.o
                0x08007a48                etharp_query
 .text.etharp_output
                0x08007b5c       0xb8 Dave/Generated/src/ETH004/01_lwIP_Stack/src/netif/etharp.o
                0x08007b5c                etharp_output
 .text.ethernet_input
                0x08007c14       0x52 Dave/Generated/src/ETH004/01_lwIP_Stack/src/netif/etharp.o
                0x08007c14                ethernet_input
 .text          0x08007c66        0x0 Dave/Generated/src/ETH004/01_lwIP_Stack/src/netif/ethernetif.o
 .text.low_level_output
                0x08007c66       0x36 Dave/Generated/src/ETH004/01_lwIP_Stack/src/netif/ethernetif.o
 .text.lwip_Input
                0x08007c9c       0x5c Dave/Generated/src/ETH004/01_lwIP_Stack/src/netif/ethernetif.o
                0x08007c9c                lwip_Input
 .text.ethernetif_init
                0x08007cf8       0x60 Dave/Generated/src/ETH004/01_lwIP_Stack/src/netif/ethernetif.o
                0x08007cf8                ethernetif_init
 .text.Eth_Received_Data_Handler
                0x08007d58        0x4 Dave/Generated/src/ETH004/01_lwIP_Stack/src/netif/ethernetif.o
                0x08007d58                Eth_Received_Data_Handler
 .text          0x08007d5c        0x0 Dave/Generated/src/ETH004/01_lwIP_Stack/src/netif/loopif.o
 .text          0x08007d5c        0x0 Dave/Generated/src/ETH004/01_lwIP_Stack/src/netif/slipif.o
 .text          0x08007d5c        0x0 Dave/Generated/src/ETH004/01_lwIP_Stack/src/core/dhcp.o
 .text          0x08007d5c        0x0 Dave/Generated/src/ETH004/01_lwIP_Stack/src/core/dns.o
 .text.unlikely.dns_parse_name
                0x08007d5c       0x18 Dave/Generated/src/ETH004/01_lwIP_Stack/src/core/dns.o
 .text.dns_send
                0x08007d74       0xc0 Dave/Generated/src/ETH004/01_lwIP_Stack/src/core/dns.o
 .text.dns_check_entry
                0x08007e34       0x94 Dave/Generated/src/ETH004/01_lwIP_Stack/src/core/dns.o
 .text.dns_recv
                0x08007ec8      0x190 Dave/Generated/src/ETH004/01_lwIP_Stack/src/core/dns.o
 .text.dns_setserver
                0x08008058       0x1c Dave/Generated/src/ETH004/01_lwIP_Stack/src/core/dns.o
                0x08008058                dns_setserver
 .text.dns_init
                0x08008074       0x44 Dave/Generated/src/ETH004/01_lwIP_Stack/src/core/dns.o
                0x08008074                dns_init
 .text.dns_getserver
                0x080080b8       0x40 Dave/Generated/src/ETH004/01_lwIP_Stack/src/core/dns.o
                0x080080b8                dns_getserver
 .text.dns_tmr  0x080080f8       0x2c Dave/Generated/src/ETH004/01_lwIP_Stack/src/core/dns.o
                0x080080f8                dns_tmr
 .text.dns_gethostbyname
                0x08008124      0x110 Dave/Generated/src/ETH004/01_lwIP_Stack/src/core/dns.o
                0x08008124                dns_gethostbyname
 .text          0x08008234        0x0 Dave/Generated/src/ETH004/01_lwIP_Stack/src/core/init.o
 .text.lwip_init
                0x08008234       0x12 Dave/Generated/src/ETH004/01_lwIP_Stack/src/core/init.o
                0x08008234                lwip_init
 .text          0x08008246        0x0 Dave/Generated/src/ETH004/01_lwIP_Stack/src/core/mem.o
 *fill*         0x08008246        0x2 00
 .text.mem_init
                0x08008248       0x3c Dave/Generated/src/ETH004/01_lwIP_Stack/src/core/mem.o
                0x08008248                mem_init
 .text.mem_free
                0x08008284       0x90 Dave/Generated/src/ETH004/01_lwIP_Stack/src/core/mem.o
                0x08008284                mem_free
 .text.mem_realloc
                0x08008314       0xa8 Dave/Generated/src/ETH004/01_lwIP_Stack/src/core/mem.o
                0x08008314                mem_realloc
 .text.mem_malloc
                0x080083bc       0xac Dave/Generated/src/ETH004/01_lwIP_Stack/src/core/mem.o
                0x080083bc                mem_malloc
 .text.mem_calloc
                0x08008468       0x1c Dave/Generated/src/ETH004/01_lwIP_Stack/src/core/mem.o
                0x08008468                mem_calloc
 .text          0x08008484        0x0 Dave/Generated/src/ETH004/01_lwIP_Stack/src/core/memp.o
 .text          0x08008484        0x0 Dave/Generated/src/ETH004/01_lwIP_Stack/src/core/netconf.o
 .text.Ethernetwait_Timer_CallBack
                0x08008484        0xc Dave/Generated/src/ETH004/01_lwIP_Stack/src/core/netconf.o
                0x08008484                Ethernetwait_Timer_CallBack
 .text.PeriodicTimerCallback
                0x08008490        0x2 Dave/Generated/src/ETH004/01_lwIP_Stack/src/core/netconf.o
                0x08008490                PeriodicTimerCallback
 *fill*         0x08008492        0x2 00
 .text.DeletePeriodicTimer
                0x08008494        0xc Dave/Generated/src/ETH004/01_lwIP_Stack/src/core/netconf.o
                0x08008494                DeletePeriodicTimer
 .text.OneShotTimerCallback
                0x080084a0       0x38 Dave/Generated/src/ETH004/01_lwIP_Stack/src/core/netconf.o
                0x080084a0                OneShotTimerCallback
 .text.lwIPStack_init
                0x080084d8      0x118 Dave/Generated/src/ETH004/01_lwIP_Stack/src/core/netconf.o
                0x080084d8                lwIPStack_init
 .text.LwIP_Periodic_Timer_CallBack
                0x080085f0       0x78 Dave/Generated/src/ETH004/01_lwIP_Stack/src/core/netconf.o
                0x080085f0                LwIP_Periodic_Timer_CallBack
 .text.Periodic_Timer_CallBack
                0x08008668        0x6 Dave/Generated/src/ETH004/01_lwIP_Stack/src/core/netconf.o
                0x08008668                Periodic_Timer_CallBack
 *fill*         0x0800866e        0x2 00
 .text.lwIPStack_UnInit
                0x08008670       0x18 Dave/Generated/src/ETH004/01_lwIP_Stack/src/core/netconf.o
                0x08008670                lwIPStack_UnInit
 .text          0x08008688        0x0 Dave/Generated/src/ETH004/01_lwIP_Stack/src/core/netif.o
 .text.netif_remove
                0x08008688       0x4c Dave/Generated/src/ETH004/01_lwIP_Stack/src/core/netif.o
                0x08008688                netif_remove
 .text.netif_find
                0x080086d4       0x38 Dave/Generated/src/ETH004/01_lwIP_Stack/src/core/netif.o
                0x080086d4                netif_find
 .text.netif_set_ipaddr
                0x0800870c       0x50 Dave/Generated/src/ETH004/01_lwIP_Stack/src/core/netif.o
                0x0800870c                netif_set_ipaddr
 .text.netif_set_addr
                0x0800875c       0x1a Dave/Generated/src/ETH004/01_lwIP_Stack/src/core/netif.o
                0x0800875c                netif_set_addr
 *fill*         0x08008776        0x2 00
 .text.netif_add
                0x08008778       0x68 Dave/Generated/src/ETH004/01_lwIP_Stack/src/core/netif.o
                0x08008778                netif_add
 .text.netif_set_gw
                0x080087e0        0x8 Dave/Generated/src/ETH004/01_lwIP_Stack/src/core/netif.o
                0x080087e0                netif_set_gw
 .text.netif_set_netmask
                0x080087e8        0x8 Dave/Generated/src/ETH004/01_lwIP_Stack/src/core/netif.o
                0x080087e8                netif_set_netmask
 .text.netif_set_default
                0x080087f0        0xc Dave/Generated/src/ETH004/01_lwIP_Stack/src/core/netif.o
                0x080087f0                netif_set_default
 .text.netif_set_up
                0x080087fc       0x1e Dave/Generated/src/ETH004/01_lwIP_Stack/src/core/netif.o
                0x080087fc                netif_set_up
 .text.netif_set_down
                0x0800881a       0x12 Dave/Generated/src/ETH004/01_lwIP_Stack/src/core/netif.o
                0x0800881a                netif_set_down
 .text.netif_is_up
                0x0800882c        0xa Dave/Generated/src/ETH004/01_lwIP_Stack/src/core/netif.o
                0x0800882c                netif_is_up
 .text          0x08008836        0x0 Dave/Generated/src/ETH004/01_lwIP_Stack/src/core/pbuf.o
 .text.pbuf_header
                0x08008836       0x58 Dave/Generated/src/ETH004/01_lwIP_Stack/src/core/pbuf.o
                0x08008836                pbuf_header
 .text.pbuf_free
                0x0800888e       0x28 Dave/Generated/src/ETH004/01_lwIP_Stack/src/core/pbuf.o
                0x0800888e                pbuf_free
 .text.pbuf_realloc
                0x080088b6       0x4c Dave/Generated/src/ETH004/01_lwIP_Stack/src/core/pbuf.o
                0x080088b6                pbuf_realloc
 *fill*         0x08008902        0x2 00
 .text.pbuf_alloc
                0x08008904      0x11c Dave/Generated/src/ETH004/01_lwIP_Stack/src/core/pbuf.o
                0x08008904                pbuf_alloc
 .text.pbuf_clen
                0x08008a20       0x10 Dave/Generated/src/ETH004/01_lwIP_Stack/src/core/pbuf.o
                0x08008a20                pbuf_clen
 .text.pbuf_ref
                0x08008a30        0xa Dave/Generated/src/ETH004/01_lwIP_Stack/src/core/pbuf.o
                0x08008a30                pbuf_ref
 .text.pbuf_cat
                0x08008a3a       0x20 Dave/Generated/src/ETH004/01_lwIP_Stack/src/core/pbuf.o
                0x08008a3a                pbuf_cat
 .text.pbuf_chain
                0x08008a5a       0x12 Dave/Generated/src/ETH004/01_lwIP_Stack/src/core/pbuf.o
                0x08008a5a                pbuf_chain
 .text.pbuf_dechain
                0x08008a6c       0x26 Dave/Generated/src/ETH004/01_lwIP_Stack/src/core/pbuf.o
                0x08008a6c                pbuf_dechain
 .text.pbuf_copy
                0x08008a92       0x92 Dave/Generated/src/ETH004/01_lwIP_Stack/src/core/pbuf.o
                0x08008a92                pbuf_copy
 .text.pbuf_copy_partial
                0x08008b24       0x5e Dave/Generated/src/ETH004/01_lwIP_Stack/src/core/pbuf.o
                0x08008b24                pbuf_copy_partial
 .text.pbuf_take
                0x08008b82       0x48 Dave/Generated/src/ETH004/01_lwIP_Stack/src/core/pbuf.o
                0x08008b82                pbuf_take
 .text.pbuf_coalesce
                0x08008bca       0x28 Dave/Generated/src/ETH004/01_lwIP_Stack/src/core/pbuf.o
                0x08008bca                pbuf_coalesce
 .text          0x08008bf2        0x0 Dave/Generated/src/ETH004/01_lwIP_Stack/src/core/raw.o
 *fill*         0x08008bf2        0x2 00
 .text.raw_input
                0x08008bf4       0x6c Dave/Generated/src/ETH004/01_lwIP_Stack/src/core/raw.o
                0x08008bf4                raw_input
 .text.raw_bind
                0x08008c60        0xa Dave/Generated/src/ETH004/01_lwIP_Stack/src/core/raw.o
                0x08008c60                raw_bind
 .text.raw_connect
                0x08008c6a        0xa Dave/Generated/src/ETH004/01_lwIP_Stack/src/core/raw.o
                0x08008c6a                raw_connect
 .text.raw_recv
                0x08008c74        0x6 Dave/Generated/src/ETH004/01_lwIP_Stack/src/core/raw.o
                0x08008c74                raw_recv
 .text.raw_sendto
                0x08008c7a       0x86 Dave/Generated/src/ETH004/01_lwIP_Stack/src/core/raw.o
                0x08008c7a                raw_sendto
 .text.raw_send
                0x08008d00        0x6 Dave/Generated/src/ETH004/01_lwIP_Stack/src/core/raw.o
                0x08008d00                raw_send
 *fill*         0x08008d06        0x2 00
 .text.raw_remove
                0x08008d08       0x28 Dave/Generated/src/ETH004/01_lwIP_Stack/src/core/raw.o
                0x08008d08                raw_remove
 .text.raw_new  0x08008d30       0x34 Dave/Generated/src/ETH004/01_lwIP_Stack/src/core/raw.o
                0x08008d30                raw_new
 .text          0x08008d64        0x0 Dave/Generated/src/ETH004/01_lwIP_Stack/src/core/stats.o
 .text          0x08008d64        0x0 Dave/Generated/src/ETH004/01_lwIP_Stack/src/core/sys.o
 .text          0x08008d64        0x0 Dave/Generated/src/ETH004/01_lwIP_Stack/src/core/tcp.o
 .text.tcp_accept_null
                0x08008d64        0x6 Dave/Generated/src/ETH004/01_lwIP_Stack/src/core/tcp.o
 *fill*         0x08008d6a        0x2 00
 .text.tcp_new_port
                0x08008d6c       0x60 Dave/Generated/src/ETH004/01_lwIP_Stack/src/core/tcp.o
 .text.tcp_bind
                0x08008dcc       0xbc Dave/Generated/src/ETH004/01_lwIP_Stack/src/core/tcp.o
                0x08008dcc                tcp_bind
 .text.tcp_listen_with_backlog
                0x08008e88       0x90 Dave/Generated/src/ETH004/01_lwIP_Stack/src/core/tcp.o
                0x08008e88                tcp_listen_with_backlog
 .text.tcp_update_rcv_ann_wnd
                0x08008f18       0x38 Dave/Generated/src/ETH004/01_lwIP_Stack/src/core/tcp.o
                0x08008f18                tcp_update_rcv_ann_wnd
 .text.tcp_recved
                0x08008f50       0x3c Dave/Generated/src/ETH004/01_lwIP_Stack/src/core/tcp.o
                0x08008f50                tcp_recved
 .text.tcp_seg_free
                0x08008f8c       0x1e Dave/Generated/src/ETH004/01_lwIP_Stack/src/core/tcp.o
                0x08008f8c                tcp_seg_free
 .text.tcp_segs_free
                0x08008faa       0x18 Dave/Generated/src/ETH004/01_lwIP_Stack/src/core/tcp.o
                0x08008faa                tcp_segs_free
 .text.tcp_setprio
                0x08008fc2        0x4 Dave/Generated/src/ETH004/01_lwIP_Stack/src/core/tcp.o
                0x08008fc2                tcp_setprio
 .text.tcp_arg  0x08008fc6        0x4 Dave/Generated/src/ETH004/01_lwIP_Stack/src/core/tcp.o
                0x08008fc6                tcp_arg
 .text.tcp_recv
                0x08008fca        0x6 Dave/Generated/src/ETH004/01_lwIP_Stack/src/core/tcp.o
                0x08008fca                tcp_recv
 .text.tcp_sent
                0x08008fd0        0x6 Dave/Generated/src/ETH004/01_lwIP_Stack/src/core/tcp.o
                0x08008fd0                tcp_sent
 .text.tcp_err  0x08008fd6        0x6 Dave/Generated/src/ETH004/01_lwIP_Stack/src/core/tcp.o
                0x08008fd6                tcp_err
 .text.tcp_accept
                0x08008fdc        0x4 Dave/Generated/src/ETH004/01_lwIP_Stack/src/core/tcp.o
                0x08008fdc                tcp_accept
 .text.tcp_poll
                0x08008fe0        0xa Dave/Generated/src/ETH004/01_lwIP_Stack/src/core/tcp.o
                0x08008fe0                tcp_poll
 .text.tcp_pcb_purge
                0x08008fea       0x30 Dave/Generated/src/ETH004/01_lwIP_Stack/src/core/tcp.o
                0x08008fea                tcp_pcb_purge
 *fill*         0x0800901a        0x2 00
 .text.tcp_slowtmr
                0x0800901c      0x22c Dave/Generated/src/ETH004/01_lwIP_Stack/src/core/tcp.o
                0x0800901c                tcp_slowtmr
 .text.tcp_pcb_remove
                0x08009248       0x60 Dave/Generated/src/ETH004/01_lwIP_Stack/src/core/tcp.o
                0x08009248                tcp_pcb_remove
 .text.tcp_abandon
                0x080092a8       0x8c Dave/Generated/src/ETH004/01_lwIP_Stack/src/core/tcp.o
                0x080092a8                tcp_abandon
 .text.tcp_close
                0x08009334       0x8c Dave/Generated/src/ETH004/01_lwIP_Stack/src/core/tcp.o
                0x08009334                tcp_close
 .text.tcp_recv_null
                0x080093c0       0x24 Dave/Generated/src/ETH004/01_lwIP_Stack/src/core/tcp.o
                0x080093c0                tcp_recv_null
 .text.tcp_fasttmr
                0x080093e4       0x58 Dave/Generated/src/ETH004/01_lwIP_Stack/src/core/tcp.o
                0x080093e4                tcp_fasttmr
 .text.tcp_tmr  0x0800943c       0x24 Dave/Generated/src/ETH004/01_lwIP_Stack/src/core/tcp.o
                0x0800943c                tcp_tmr
 .text.tcp_next_iss
                0x08009460       0x18 Dave/Generated/src/ETH004/01_lwIP_Stack/src/core/tcp.o
                0x08009460                tcp_next_iss
 .text.tcp_alloc
                0x08009478      0x114 Dave/Generated/src/ETH004/01_lwIP_Stack/src/core/tcp.o
                0x08009478                tcp_alloc
 .text.tcp_new  0x0800958c        0x6 Dave/Generated/src/ETH004/01_lwIP_Stack/src/core/tcp.o
                0x0800958c                tcp_new
 .text.tcp_eff_send_mss
                0x08009592       0x1e Dave/Generated/src/ETH004/01_lwIP_Stack/src/core/tcp.o
                0x08009592                tcp_eff_send_mss
 .text.tcp_connect
                0x080095b0       0xc8 Dave/Generated/src/ETH004/01_lwIP_Stack/src/core/tcp.o
                0x080095b0                tcp_connect
 .text.tcp_debug_state_str
                0x08009678       0x10 Dave/Generated/src/ETH004/01_lwIP_Stack/src/core/tcp.o
                0x08009678                tcp_debug_state_str
 .text          0x08009688        0x0 Dave/Generated/src/ETH004/01_lwIP_Stack/src/core/tcp_in.o
 .text.tcp_parseopt
                0x08009688       0x80 Dave/Generated/src/ETH004/01_lwIP_Stack/src/core/tcp_in.o
 .text.tcp_receive
                0x08009708      0x474 Dave/Generated/src/ETH004/01_lwIP_Stack/src/core/tcp_in.o
 .text.tcp_input
                0x08009b7c      0x7dc Dave/Generated/src/ETH004/01_lwIP_Stack/src/core/tcp_in.o
                0x08009b7c                tcp_input
 .text          0x0800a358        0x0 Dave/Generated/src/ETH004/01_lwIP_Stack/src/core/tcp_out.o
 .text.tcp_output_set_header.constprop.0
                0x0800a358       0x6a Dave/Generated/src/ETH004/01_lwIP_Stack/src/core/tcp_out.o
 *fill*         0x0800a3c2        0x2 00
 .text.tcp_enqueue
                0x0800a3c4      0x394 Dave/Generated/src/ETH004/01_lwIP_Stack/src/core/tcp_out.o
                0x0800a3c4                tcp_enqueue
 .text.tcp_write
                0x0800a758       0x2e Dave/Generated/src/ETH004/01_lwIP_Stack/src/core/tcp_out.o
                0x0800a758                tcp_write
 .text.tcp_send_ctrl
                0x0800a786       0x14 Dave/Generated/src/ETH004/01_lwIP_Stack/src/core/tcp_out.o
                0x0800a786                tcp_send_ctrl
 .text.tcp_send_empty_ack
                0x0800a79a       0x52 Dave/Generated/src/ETH004/01_lwIP_Stack/src/core/tcp_out.o
                0x0800a79a                tcp_send_empty_ack
 .text.tcp_output
                0x0800a7ec      0x258 Dave/Generated/src/ETH004/01_lwIP_Stack/src/core/tcp_out.o
                0x0800a7ec                tcp_output
 .text.tcp_rst  0x0800aa44       0xa8 Dave/Generated/src/ETH004/01_lwIP_Stack/src/core/tcp_out.o
                0x0800aa44                tcp_rst
 .text.tcp_rexmit_rto
                0x0800aaec       0x2e Dave/Generated/src/ETH004/01_lwIP_Stack/src/core/tcp_out.o
                0x0800aaec                tcp_rexmit_rto
 .text.tcp_rexmit
                0x0800ab1a       0x48 Dave/Generated/src/ETH004/01_lwIP_Stack/src/core/tcp_out.o
                0x0800ab1a                tcp_rexmit
 .text.tcp_rexmit_fast
                0x0800ab62       0x5e Dave/Generated/src/ETH004/01_lwIP_Stack/src/core/tcp_out.o
                0x0800ab62                tcp_rexmit_fast
 .text.tcp_keepalive
                0x0800abc0       0x48 Dave/Generated/src/ETH004/01_lwIP_Stack/src/core/tcp_out.o
                0x0800abc0                tcp_keepalive
 .text.tcp_zero_window_probe
                0x0800ac08       0xa2 Dave/Generated/src/ETH004/01_lwIP_Stack/src/core/tcp_out.o
                0x0800ac08                tcp_zero_window_probe
 .text          0x0800acaa        0x0 Dave/Generated/src/ETH004/01_lwIP_Stack/src/core/udp.o
 *fill*         0x0800acaa        0x2 00
 .text.udp_input
                0x0800acac      0x16c Dave/Generated/src/ETH004/01_lwIP_Stack/src/core/udp.o
                0x0800acac                udp_input
 .text.udp_bind
                0x0800ae18       0x58 Dave/Generated/src/ETH004/01_lwIP_Stack/src/core/udp.o
                0x0800ae18                udp_bind
 .text.udp_sendto_if
                0x0800ae70       0xba Dave/Generated/src/ETH004/01_lwIP_Stack/src/core/udp.o
                0x0800ae70                udp_sendto_if
 .text.udp_sendto
                0x0800af2a       0x4c Dave/Generated/src/ETH004/01_lwIP_Stack/src/core/udp.o
                0x0800af2a                udp_sendto
 .text.udp_send
                0x0800af76        0x8 Dave/Generated/src/ETH004/01_lwIP_Stack/src/core/udp.o
                0x0800af76                udp_send
 *fill*         0x0800af7e        0x2 00
 .text.udp_connect
                0x0800af80       0x4c Dave/Generated/src/ETH004/01_lwIP_Stack/src/core/udp.o
                0x0800af80                udp_connect
 .text.udp_disconnect
                0x0800afcc       0x18 Dave/Generated/src/ETH004/01_lwIP_Stack/src/core/udp.o
                0x0800afcc                udp_disconnect
 .text.udp_recv
                0x0800afe4        0x6 Dave/Generated/src/ETH004/01_lwIP_Stack/src/core/udp.o
                0x0800afe4                udp_recv
 *fill*         0x0800afea        0x2 00
 .text.udp_remove
                0x0800afec       0x28 Dave/Generated/src/ETH004/01_lwIP_Stack/src/core/udp.o
                0x0800afec                udp_remove
 .text.udp_new  0x0800b014       0x24 Dave/Generated/src/ETH004/01_lwIP_Stack/src/core/udp.o
                0x0800b014                udp_new
 .text          0x0800b038        0x0 Dave/Generated/src/ETH004/01_lwIP_Stack/src/core/ipv4/autoip.o
 .text          0x0800b038        0x0 Dave/Generated/src/ETH004/01_lwIP_Stack/src/core/ipv4/icmp.o
 .text.icmp_send_response
                0x0800b038       0x7c Dave/Generated/src/ETH004/01_lwIP_Stack/src/core/ipv4/icmp.o
 .text.icmp_input
                0x0800b0b4       0xf0 Dave/Generated/src/ETH004/01_lwIP_Stack/src/core/ipv4/icmp.o
                0x0800b0b4                icmp_input
 .text.icmp_dest_unreach
                0x0800b1a4        0x8 Dave/Generated/src/ETH004/01_lwIP_Stack/src/core/ipv4/icmp.o
                0x0800b1a4                icmp_dest_unreach
 .text.icmp_time_exceeded
                0x0800b1ac        0x8 Dave/Generated/src/ETH004/01_lwIP_Stack/src/core/ipv4/icmp.o
                0x0800b1ac                icmp_time_exceeded
 .text          0x0800b1b4        0x0 Dave/Generated/src/ETH004/01_lwIP_Stack/src/core/ipv4/igmp.o
 .text.igmp_init
                0x0800b1b4       0x24 Dave/Generated/src/ETH004/01_lwIP_Stack/src/core/ipv4/igmp.o
                0x0800b1b4                igmp_init
 .text.igmp_stop
                0x0800b1d8       0x48 Dave/Generated/src/ETH004/01_lwIP_Stack/src/core/ipv4/igmp.o
                0x0800b1d8                igmp_stop
 .text.igmp_lookfor_group
                0x0800b220       0x24 Dave/Generated/src/ETH004/01_lwIP_Stack/src/core/ipv4/igmp.o
                0x0800b220                igmp_lookfor_group
 .text.igmp_lookup_group
                0x0800b244       0x40 Dave/Generated/src/ETH004/01_lwIP_Stack/src/core/ipv4/igmp.o
                0x0800b244                igmp_lookup_group
 .text.igmp_start
                0x0800b284       0x34 Dave/Generated/src/ETH004/01_lwIP_Stack/src/core/ipv4/igmp.o
                0x0800b284                igmp_start
 .text.igmp_remove_group
                0x0800b2b8       0x30 Dave/Generated/src/ETH004/01_lwIP_Stack/src/core/ipv4/igmp.o
                0x0800b2b8                igmp_remove_group
 .text.igmp_start_timer
                0x0800b2e8        0x4 Dave/Generated/src/ETH004/01_lwIP_Stack/src/core/ipv4/igmp.o
                0x0800b2e8                igmp_start_timer
 .text.igmp_stop_timer
                0x0800b2ec        0x6 Dave/Generated/src/ETH004/01_lwIP_Stack/src/core/ipv4/igmp.o
                0x0800b2ec                igmp_stop_timer
 .text.igmp_delaying_member
                0x0800b2f2       0x1a Dave/Generated/src/ETH004/01_lwIP_Stack/src/core/ipv4/igmp.o
                0x0800b2f2                igmp_delaying_member
 .text.igmp_input
                0x0800b30c       0xc4 Dave/Generated/src/ETH004/01_lwIP_Stack/src/core/ipv4/igmp.o
                0x0800b30c                igmp_input
 .text.igmp_report_groups
                0x0800b3d0       0x24 Dave/Generated/src/ETH004/01_lwIP_Stack/src/core/ipv4/igmp.o
                0x0800b3d0                igmp_report_groups
 .text.igmp_ip_output_if
                0x0800b3f4       0x46 Dave/Generated/src/ETH004/01_lwIP_Stack/src/core/ipv4/igmp.o
                0x0800b3f4                igmp_ip_output_if
 *fill*         0x0800b43a        0x2 00
 .text.igmp_send
                0x0800b43c       0x88 Dave/Generated/src/ETH004/01_lwIP_Stack/src/core/ipv4/igmp.o
                0x0800b43c                igmp_send
 .text.igmp_timeout
                0x0800b4c4        0xe Dave/Generated/src/ETH004/01_lwIP_Stack/src/core/ipv4/igmp.o
                0x0800b4c4                igmp_timeout
 *fill*         0x0800b4d2        0x2 00
 .text.igmp_tmr
                0x0800b4d4       0x24 Dave/Generated/src/ETH004/01_lwIP_Stack/src/core/ipv4/igmp.o
                0x0800b4d4                igmp_tmr
 .text.igmp_leavegroup
                0x0800b4f8       0x9c Dave/Generated/src/ETH004/01_lwIP_Stack/src/core/ipv4/igmp.o
                0x0800b4f8                igmp_leavegroup
 .text.igmp_joingroup
                0x0800b594       0x98 Dave/Generated/src/ETH004/01_lwIP_Stack/src/core/ipv4/igmp.o
                0x0800b594                igmp_joingroup
 .text          0x0800b62c        0x0 Dave/Generated/src/ETH004/01_lwIP_Stack/src/core/ipv4/inet.o
 .text.inet_ntoa
                0x0800b62c       0x6c Dave/Generated/src/ETH004/01_lwIP_Stack/src/core/ipv4/inet.o
                0x0800b62c                inet_ntoa
 .text.htons    0x0800b698        0xa Dave/Generated/src/ETH004/01_lwIP_Stack/src/core/ipv4/inet.o
                0x0800b698                htons
 .text.ntohs    0x0800b6a2        0xa Dave/Generated/src/ETH004/01_lwIP_Stack/src/core/ipv4/inet.o
                0x0800b6a2                ntohs
 .text.htonl    0x0800b6ac        0x4 Dave/Generated/src/ETH004/01_lwIP_Stack/src/core/ipv4/inet.o
                0x0800b6ac                htonl
 .text.inet_aton
                0x0800b6b0      0x106 Dave/Generated/src/ETH004/01_lwIP_Stack/src/core/ipv4/inet.o
                0x0800b6b0                inet_aton
 .text.inet_addr
                0x0800b7b6       0x14 Dave/Generated/src/ETH004/01_lwIP_Stack/src/core/ipv4/inet.o
                0x0800b7b6                inet_addr
 .text.ntohl    0x0800b7ca        0x4 Dave/Generated/src/ETH004/01_lwIP_Stack/src/core/ipv4/inet.o
                0x0800b7ca                ntohl
 .text          0x0800b7ce        0x0 Dave/Generated/src/ETH004/01_lwIP_Stack/src/core/ipv4/inet_chksum.o
 .text.lwip_standard_chksum
                0x0800b7ce       0x44 Dave/Generated/src/ETH004/01_lwIP_Stack/src/core/ipv4/inet_chksum.o
 .text.inet_chksum_pseudo
                0x0800b812       0x84 Dave/Generated/src/ETH004/01_lwIP_Stack/src/core/ipv4/inet_chksum.o
                0x0800b812                inet_chksum_pseudo
 .text.inet_chksum
                0x0800b896        0xc Dave/Generated/src/ETH004/01_lwIP_Stack/src/core/ipv4/inet_chksum.o
                0x0800b896                inet_chksum
 .text.inet_chksum_pbuf
                0x0800b8a2       0x46 Dave/Generated/src/ETH004/01_lwIP_Stack/src/core/ipv4/inet_chksum.o
                0x0800b8a2                inet_chksum_pbuf
 .text          0x0800b8e8        0x0 Dave/Generated/src/ETH004/01_lwIP_Stack/src/core/ipv4/ip.o
 .text.ip_route
                0x0800b8e8       0x3c Dave/Generated/src/ETH004/01_lwIP_Stack/src/core/ipv4/ip.o
                0x0800b8e8                ip_route
 .text.ip_input
                0x0800b924      0x1c0 Dave/Generated/src/ETH004/01_lwIP_Stack/src/core/ipv4/ip.o
                0x0800b924                ip_input
 .text.ip_output_if_opt
                0x0800bae4      0x134 Dave/Generated/src/ETH004/01_lwIP_Stack/src/core/ipv4/ip.o
                0x0800bae4                ip_output_if_opt
 .text.ip_output_if
                0x0800bc18       0x22 Dave/Generated/src/ETH004/01_lwIP_Stack/src/core/ipv4/ip.o
                0x0800bc18                ip_output_if
 .text.ip_output
                0x0800bc3a       0x38 Dave/Generated/src/ETH004/01_lwIP_Stack/src/core/ipv4/ip.o
                0x0800bc3a                ip_output
 .text          0x0800bc72        0x0 Dave/Generated/src/ETH004/01_lwIP_Stack/src/core/ipv4/ip_addr.o
 .text.ip_addr_isbroadcast
                0x0800bc72       0x32 Dave/Generated/src/ETH004/01_lwIP_Stack/src/core/ipv4/ip_addr.o
                0x0800bc72                ip_addr_isbroadcast
 .text          0x0800bca4        0x0 Dave/Generated/src/ETH004/01_lwIP_Stack/src/core/ipv4/ip_frag.o
 .text.ip_reass_free_complete_datagram
                0x0800bca4       0x84 Dave/Generated/src/ETH004/01_lwIP_Stack/src/core/ipv4/ip_frag.o
 .text.ip_reass_remove_oldest_datagram
                0x0800bd28       0x6c Dave/Generated/src/ETH004/01_lwIP_Stack/src/core/ipv4/ip_frag.o
 .text.ip_reass_tmr
                0x0800bd94       0x28 Dave/Generated/src/ETH004/01_lwIP_Stack/src/core/ipv4/ip_frag.o
                0x0800bd94                ip_reass_tmr
 .text.ip_reass
                0x0800bdbc      0x294 Dave/Generated/src/ETH004/01_lwIP_Stack/src/core/ipv4/ip_frag.o
                0x0800bdbc                ip_reass
 .text.ip_frag  0x0800c050      0x15c Dave/Generated/src/ETH004/01_lwIP_Stack/src/core/ipv4/ip_frag.o
                0x0800c050                ip_frag
 .text          0x0800c1ac        0x0 Dave/Generated/src/ETH004/01_lwIP_Stack/src/api/api_lib.o
 .text          0x0800c1ac        0x0 Dave/Generated/src/ETH004/01_lwIP_Stack/src/api/api_msg.o
 .text          0x0800c1ac        0x0 Dave/Generated/src/ETH004/01_lwIP_Stack/src/api/err.o
 .text          0x0800c1ac        0x0 Dave/Generated/src/ETH004/01_lwIP_Stack/src/api/netbuf.o
 .text          0x0800c1ac        0x0 Dave/Generated/src/ETH004/01_lwIP_Stack/src/api/netdb.o
 .text          0x0800c1ac        0x0 Dave/Generated/src/ETH004/01_lwIP_Stack/src/api/netifapi.o
 .text          0x0800c1ac        0x0 Dave/Generated/src/ETH004/01_lwIP_Stack/src/api/sockets.o
 .text          0x0800c1ac        0x0 Dave/Generated/src/ETH004/01_lwIP_Stack/src/api/tcpip.o
 .text          0x0800c1ac        0x0 Dave/Generated/src/ETH004/01_lwIP_Stack/port/arch/sys/sys_arch.o
 .text          0x0800c1ac        0x0 Dave/Generated/src/ETH002/EthernetPHY.o
 .text.PHY_lWriteReg.constprop.0
                0x0800c1ac       0x3c Dave/Generated/src/ETH002/EthernetPHY.o
 .text.PHY_lReadReg.constprop.1
                0x0800c1e8       0x40 Dave/Generated/src/ETH002/EthernetPHY.o
 .text.PHY_IsLinkUP
                0x0800c228       0x32 Dave/Generated/src/ETH002/EthernetPHY.o
                0x0800c228                PHY_IsLinkUP