Archive member included because of file (symbol)

c:/dave-3.1.10/arm-gcc/bin/../lib/gcc/arm-none-eabi/4.7.4/armv7e-m\libgcc.a(_arm_addsubdf3.o)
                              Main.o (__aeabi_i2d)
c:/dave-3.1.10/arm-gcc/bin/../lib/gcc/arm-none-eabi/4.7.4/armv7e-m\libgcc.a(_arm_muldivdf3.o)
                              Main.o (__aeabi_dmul)
c:/dave-3.1.10/arm-gcc/bin/../lib/gcc/arm-none-eabi/4.7.4/armv7e-m\libgcc.a(_arm_fixunsdfsi.o)
                              Main.o (__aeabi_d2uiz)
c:/dave-3.1.10/arm-gcc/bin/../lib/gcc/arm-none-eabi/4.7.4/../../../../arm-none-eabi/lib/armv7e-m\libc.a(lib_a-calloc.o)
                              Dave/Generated/src/SLTHA001/SLTHA001.o (calloc)
c:/dave-3.1.10/arm-gcc/bin/../lib/gcc/arm-none-eabi/4.7.4/../../../../arm-none-eabi/lib/armv7e-m\libc.a(lib_a-errno.o)
                              Dave/Generated/src/SLTHA001/SLTHA001.o (__errno)
c:/dave-3.1.10/arm-gcc/bin/../lib/gcc/arm-none-eabi/4.7.4/../../../../arm-none-eabi/lib/armv7e-m\libc.a(lib_a-fclose.o)
                              Dave/Generated/src/WEBSERVER001/HTTPServer/fs.o (fclose)
c:/dave-3.1.10/arm-gcc/bin/../lib/gcc/arm-none-eabi/4.7.4/../../../../arm-none-eabi/lib/armv7e-m\libc.a(lib_a-fflush.o)
                              c:/dave-3.1.10/arm-gcc/bin/../lib/gcc/arm-none-eabi/4.7.4/../../../../arm-none-eabi/lib/armv7e-m\libc.a(lib_a-fclose.o) (_fflush_r)
c:/dave-3.1.10/arm-gcc/bin/../lib/gcc/arm-none-eabi/4.7.4/../../../../arm-none-eabi/lib/armv7e-m\libc.a(lib_a-findfp.o)
                              c:/dave-3.1.10/arm-gcc/bin/../lib/gcc/arm-none-eabi/4.7.4/../../../../arm-none-eabi/lib/armv7e-m\libc.a(lib_a-fclose.o) (__sinit)
c:/dave-3.1.10/arm-gcc/bin/../lib/gcc/arm-none-eabi/4.7.4/../../../../arm-none-eabi/lib/armv7e-m\libc.a(lib_a-fopen.o)
                              Dave/Generated/src/WEBSERVER001/HTTPServer/fs.o (fopen)
c:/dave-3.1.10/arm-gcc/bin/../lib/gcc/arm-none-eabi/4.7.4/../../../../arm-none-eabi/lib/armv7e-m\libc.a(lib_a-fread.o)
                              Dave/Generated/src/WEBSERVER001/HTTPServer/fs.o (fread)
c:/dave-3.1.10/arm-gcc/bin/../lib/gcc/arm-none-eabi/4.7.4/../../../../arm-none-eabi/lib/armv7e-m\libc.a(lib_a-fseek.o)
                              c:/dave-3.1.10/arm-gcc/bin/../lib/gcc/arm-none-eabi/4.7.4/../../../../arm-none-eabi/lib/armv7e-m\libc.a(lib_a-fopen.o) (_fseek_r)
c:/dave-3.1.10/arm-gcc/bin/../lib/gcc/arm-none-eabi/4.7.4/../../../../arm-none-eabi/lib/armv7e-m\libc.a(lib_a-fstatr.o)
                              c:/dave-3.1.10/arm-gcc/bin/../lib/gcc/arm-none-eabi/4.7.4/../../../../arm-none-eabi/lib/armv7e-m\libc.a(lib_a-fseek.o) (_fstat_r)
c:/dave-3.1.10/arm-gcc/bin/../lib/gcc/arm-none-eabi/4.7.4/../../../../arm-none-eabi/lib/armv7e-m\libc.a(lib_a-fwalk.o)
                              c:/dave-3.1.10/arm-gcc/bin/../lib/gcc/arm-none-eabi/4.7.4/../../../../arm-none-eabi/lib/armv7e-m\libc.a(lib_a-findfp.o) (_fwalk)
c:/dave-3.1.10/arm-gcc/bin/../lib/gcc/arm-none-eabi/4.7.4/../../../../arm-none-eabi/lib/armv7e-m\libc.a(lib_a-impure.o)
                              c:/dave-3.1.10/arm-gcc/bin/../lib/gcc/arm-none-eabi/4.7.4/../../../../arm-none-eabi/lib/armv7e-m\libc.a(lib_a-fflush.o) (_global_impure_ptr)
c:/dave-3.1.10/arm-gcc/bin/../lib/gcc/arm-none-eabi/4.7.4/../../../../arm-none-eabi/lib/armv7e-m\libc.a(lib_a-init.o)
                              Startup/startup_XMC4500.o (__libc_init_array)
c:/dave-3.1.10/arm-gcc/bin/../lib/gcc/arm-none-eabi/4.7.4/../../../../arm-none-eabi/lib/armv7e-m\libc.a(lib_a-makebuf.o)
                              c:/dave-3.1.10/arm-gcc/bin/../lib/gcc/arm-none-eabi/4.7.4/../../../../arm-none-eabi/lib/armv7e-m\libc.a(lib_a-fseek.o) (__smakebuf_r)
c:/dave-3.1.10/arm-gcc/bin/../lib/gcc/arm-none-eabi/4.7.4/../../../../arm-none-eabi/lib/armv7e-m\libc.a(lib_a-malloc.o)
                              Dave/Generated/src/SLTHA001/SLTHA001.o (malloc)
c:/dave-3.1.10/arm-gcc/bin/../lib/gcc/arm-none-eabi/4.7.4/../../../../arm-none-eabi/lib/armv7e-m\libc.a(lib_a-memcpy.o)
                              Dave/Generated/src/WEBSERVER001/HTTPServer/httpd.o (memcpy)
c:/dave-3.1.10/arm-gcc/bin/../lib/gcc/arm-none-eabi/4.7.4/../../../../arm-none-eabi/lib/armv7e-m\libc.a(lib_a-memmove.o)
                              Dave/Generated/src/LMM001/LMM001.o (memmove)
c:/dave-3.1.10/arm-gcc/bin/../lib/gcc/arm-none-eabi/4.7.4/../../../../arm-none-eabi/lib/armv7e-m\libc.a(lib_a-memset.o)
                              Dave/Generated/src/WEBSERVER001/HTTPServer/httpd.o (memset)
c:/dave-3.1.10/arm-gcc/bin/../lib/gcc/arm-none-eabi/4.7.4/../../../../arm-none-eabi/lib/armv7e-m\libc.a(lib_a-mktime.o)
                              Dave/Generated/src/SLTHA001/SLTHA001.o (mktime)
c:/dave-3.1.10/arm-gcc/bin/../lib/gcc/arm-none-eabi/4.7.4/../../../../arm-none-eabi/lib/armv7e-m\libc.a(lib_a-mktm_r.o)
                              c:/dave-3.1.10/arm-gcc/bin/../lib/gcc/arm-none-eabi/4.7.4/../../../../arm-none-eabi/lib/armv7e-m\libc.a(lib_a-mktime.o) (__tzcalc_limits)
[...]
Memory Configuration

Name             Origin             Length             Attributes
FLASH_1_cached   0x08000000         0x00100000         xr
FLASH_1_uncached 0x0c000000         0x00100000         xr
PSRAM_1          0x10000000         0x00010000         !xr
DSRAM_1_system   0x20000000         0x00010000         !xr
DSRAM_2_comm     0x30000000         0x00008000         !xr
*default*        0x00000000         0xffffffff

Linker script and memory map

LOAD Startup/startup_XMC4500.o
LOAD Startup/system_XMC4500.o
LOAD Main.o
LOAD Dave/Generated/src/WEBSERVER001/HTTPServer/fs.o
LOAD Dave/Generated/src/WEBSERVER001/HTTPServer/fsdata.o
LOAD Dave/Generated/src/WEBSERVER001/HTTPServer/httpd.o
LOAD Dave/Generated/src/SYSTM001/SYSTM001.o
LOAD Dave/Generated/src/SLTHA003/SLTHA003.o
LOAD Dave/Generated/src/SLTHA003/SLTHA003_Conf.o
LOAD Dave/Generated/src/SLTHA001/SLTHA001.o
LOAD Dave/Generated/src/SLTHA001/SLTHA001_Conf.o
LOAD Dave/Generated/src/SDMMC003/SDMMC003.o
LOAD Dave/Generated/src/SDMMC003/SDMMC003_Conf.o
LOAD Dave/Generated/src/SDMMC003/SDMMC003_Private.o
LOAD Dave/Generated/src/SDMMC001/SDMMC001.o
LOAD Dave/Generated/src/SDMMC001/SDMMC001_Conf.o
LOAD Dave/Generated/src/RTC001/RTC001.o
LOAD Dave/Generated/src/RTC001/RTC001_Conf.o
LOAD Dave/Generated/src/RESET001/RESET001.o
LOAD Dave/Generated/src/NVIC_SCU001/NVIC_SCU001.o
LOAD Dave/Generated/src/LMM001/LMM001.o
LOAD Dave/Generated/src/LMM001/LMM001_Conf.o
LOAD Dave/Generated/src/LIBS/CCU8PWMLIB.o
LOAD Dave/Generated/src/IO004/IO004.o
LOAD Dave/Generated/src/IO004/IO004_Conf.o
LOAD Dave/Generated/src/IO001/IO001.o
LOAD Dave/Generated/src/IO001/IO001_Conf.o
LOAD Dave/Generated/src/GMM001/GMM001.o
LOAD Dave/Generated/src/GMM001/GMM001_Conf.o
LOAD Dave/Generated/src/FATFS004/FATFS004.o
LOAD Dave/Generated/src/FATFS004/FATFS004_Conf.o
LOAD Dave/Generated/src/FATFS002/FATFS002_Conf.o
LOAD Dave/Generated/src/FATFS002/syscall.o
LOAD Dave/Generated/src/FATFS002/Src/ff.o
LOAD Dave/Generated/src/ETH004/ETH004_Conf.o
LOAD Dave/Generated/src/ETH004/01_lwIP_Stack/src/netif/etharp.o
LOAD Dave/Generated/src/ETH004/01_lwIP_Stack/src/netif/ethernetif.o
LOAD Dave/Generated/src/ETH004/01_lwIP_Stack/src/netif/loopif.o
LOAD Dave/Generated/src/ETH004/01_lwIP_Stack/src/netif/slipif.o
LOAD Dave/Generated/src/ETH004/01_lwIP_Stack/src/core/dhcp.o
LOAD Dave/Generated/src/ETH004/01_lwIP_Stack/src/core/dns.o
LOAD Dave/Generated/src/ETH004/01_lwIP_Stack/src/core/init.o
LOAD Dave/Generated/src/ETH004/01_lwIP_Stack/src/core/mem.o
LOAD Dave/Generated/src/ETH004/01_lwIP_Stack/src/core/memp.o
LOAD Dave/Generated/src/ETH004/01_lwIP_Stack/src/core/netconf.o
LOAD Dave/Generated/src/ETH004/01_lwIP_Stack/src/core/netif.o
LOAD Dave/Generated/src/ETH004/01_lwIP_Stack/src/core/pbuf.o
LOAD Dave/Generated/src/ETH004/01_lwIP_Stack/src/core/raw.o
LOAD Dave/Generated/src/ETH004/01_lwIP_Stack/src/core/stats.o
LOAD Dave/Generated/src/ETH004/01_lwIP_Stack/src/core/sys.o
LOAD Dave/Generated/src/ETH004/01_lwIP_Stack/src/core/tcp.o
LOAD Dave/Generated/src/ETH004/01_lwIP_Stack/src/core/tcp_in.o
LOAD Dave/Generated/src/ETH004/01_lwIP_Stack/src/core/tcp_out.o
LOAD Dave/Generated/src/ETH004/01_lwIP_Stack/src/core/udp.o
LOAD Dave/Generated/src/ETH004/01_lwIP_Stack/src/core/ipv4/autoip.o
LOAD Dave/Generated/src/ETH004/01_lwIP_Stack/src/core/ipv4/icmp.o
LOAD Dave/Generated/src/ETH004/01_lwIP_Stack/src/core/ipv4/igmp.o
LOAD Dave/Generated/src/ETH004/01_lwIP_Stack/src/core/ipv4/inet.o
LOAD Dave/Generated/src/ETH004/01_lwIP_Stack/src/core/ipv4/inet_chksum.o
LOAD Dave/Generated/src/ETH004/01_lwIP_Stack/src/core/ipv4/ip.o
LOAD Dave/Generated/src/ETH004/01_lwIP_Stack/src/core/ipv4/ip_addr.o
LOAD Dave/Generated/src/ETH004/01_lwIP_Stack/src/core/ipv4/ip_frag.o
LOAD Dave/Generated/src/ETH004/01_lwIP_Stack/src/api/api_lib.o
LOAD Dave/Generated/src/ETH004/01_lwIP_Stack/src/api/api_msg.o
LOAD Dave/Generated/src/ETH004/01_lwIP_Stack/src/api/err.o
LOAD Dave/Generated/src/ETH004/01_lwIP_Stack/src/api/netbuf.o
LOAD Dave/Generated/src/ETH004/01_lwIP_Stack/src/api/netdb.o
LOAD Dave/Generated/src/ETH004/01_lwIP_Stack/src/api/netifapi.o
LOAD Dave/Generated/src/ETH004/01_lwIP_Stack/src/api/sockets.o
LOAD Dave/Generated/src/ETH004/01_lwIP_Stack/src/api/tcpip.o
LOAD Dave/Generated/src/ETH004/01_lwIP_Stack/port/arch/sys/sys_arch.o
LOAD Dave/Generated/src/ETH002/EthernetPHY.o
LOAD Dave/Generated/src/ETH001/DMA_Descriptors.o
LOAD Dave/Generated/src/ETH001/synopGMAC_Dev.o
LOAD Dave/Generated/src/ETH001/synopGMAC_network_interface.o
LOAD Dave/Generated/src/ETH001/synopGMAC_plat.o
LOAD Dave/Generated/src/ETH001/synopGMAC_stack_interface.o
LOAD Dave/Generated/src/DAVESupport/DAVE3.o
LOAD Dave/Generated/src/DAVESupport/MULTIPLEXER.o
LOAD Dave/Generated/src/CLK001/CLK001.o
LOAD Dave/Generated/src/ADCGROUP001/ADCGroup001.o
LOAD Dave/Generated/src/ADCGROUP001/ADCGroup001_Conf.o
LOAD Dave/Generated/src/ADCGLOB001/ADCGlob001.o
LOAD Dave/Generated/src/ADCGLOB001/ADCGlob001_Conf.o
LOAD Dave/Generated/src/ADCCH001/ADCCH001.o
LOAD Dave/Generated/src/ADCCH001/ADCCH001_Conf.o
LOAD Dave/Generated/src/ADC002/ADC002.o
LOAD Dave/Generated/src/ADC002/ADC002_Conf.o
START GROUP
LOAD c:/dave-3.1.10/arm-gcc/bin/../lib/gcc/arm-none-eabi/4.7.4/armv7e-m\libgcc.a
LOAD c:/dave-3.1.10/arm-gcc/bin/../lib/gcc/arm-none-eabi/4.7.4/../../../../arm-none-eabi/lib/armv7e-m\libc.a
END GROUP
START GROUP
LOAD C:\DAVE-3.1.10\eclipse\/../CMSIS/Infineon/Lib\libxmclibcstubs.a
END GROUP
                0x00000800                stack_size = 0x800

.text           0x08000000    0x121cc load address 0x0c000000
                0x08000000                sText = .
 *(.Xmc4500.reset)
 .Xmc4500.reset
                0x08000000      0x21c Startup/startup_XMC4500.o
                0x08000000                __Xmc4500_interrupt_vector_cortex_m
                0x08000200                __Xmc4500_reset_cortex_m
 *(.Xmc4500.postreset)
 .Xmc4500.postreset
                0x0800021c       0xa8 Startup/startup_XMC4500.o
 *(.XmcStartup)
 .XmcStartup    0x080002c4        0x4 Startup/startup_XMC4500.o
 *(.text .text.* .gnu.linkonce.t.*)
 .text          0x080002c8      0x628 Startup/startup_XMC4500.o
                0x080002c8                NMI_Handler
                0x080002ca                NMI_Handler_Veneer
                0x080002d4                HardFault_Handler
                0x080002d6                HardFault_Handler_Veneer
                0x080002e0                MemManage_Handler
                0x080002e2                MemManage_Handler_Veneer
                0x080002ec                BusFault_Handler
                0x080002ee                BusFault_Handler_Veneer
                0x080002f8                UsageFault_Handler
                0x080002fa                UsageFault_Handler_Veneer
                0x08000304                SVC_Handler
                0x08000306                SVC_Handler_Veneer
                0x08000310                DebugMon_Handler
                0x08000312                DebugMon_Handler_Veneer
                0x0800031c                PendSV_Handler
                0x0800031e                PendSV_Handler_Veneer
                0x0800032a                SysTick_Handler_Veneer
                0x08000336                SCU_0_IRQHandler_Veneer
                0x08000340                ERU0_0_IRQHandler
                0x08000342                ERU0_0_IRQHandler_Veneer
                0x0800034c                ERU0_1_IRQHandler
                0x0800034e                ERU0_1_IRQHandler_Veneer
                0x08000358                ERU0_2_IRQHandler
                0x0800035a                ERU0_2_IRQHandler_Veneer
                0x08000364                ERU0_3_IRQHandler
                0x08000366                ERU0_3_IRQHandler_Veneer
                0x08000370                ERU1_0_IRQHandler
                0x08000372                ERU1_0_IRQHandler_Veneer
                0x0800037a                ERU1_1_IRQHandler
                0x0800037c                ERU1_1_IRQHandler_Veneer
                0x08000384                ERU1_2_IRQHandler
                0x08000386                ERU1_2_IRQHandler_Veneer
                0x0800038e                ERU1_3_IRQHandler
                0x08000390                ERU1_3_IRQHandler_Veneer
                0x08000398                PMU0_0_IRQHandler
                0x0800039a                PMU0_0_IRQHandler_Veneer
                0x080003a2                VADC0_C0_0_IRQHandler
                0x080003a4                VADC0_C0_0_IRQHandler_Veneer
                0x080003ac                VADC0_C0_1_IRQHandler
                0x080003ae                VADC0_C0_1_IRQHandler_Veneer
                0x080003b6                VADC0_C0_2_IRQHandler
                0x080003b8                VADC0_C0_2_IRQHandler_Veneer
                0x080003c0                VADC0_C0_3_IRQHandler
                0x080003c2                VADC0_C0_3_IRQHandler_Veneer
                0x080003ca                VADC0_G0_0_IRQHandler
                0x080003cc                VADC0_G0_0_IRQHandler_Veneer
                0x080003d4                VADC0_G0_1_IRQHandler
                0x080003d6                VADC0_G0_1_IRQHandler_Veneer
                0x080003de                VADC0_G0_2_IRQHandler
                0x080003e0                VADC0_G0_2_IRQHandler_Veneer
                0x080003e8                VADC0_G0_3_IRQHandler
                0x080003ea                VADC0_G0_3_IRQHandler_Veneer
                0x080003f2                VADC0_G1_0_IRQHandler
                0x080003f4                VADC0_G1_0_IRQHandler_Veneer
                0x080003fc                VADC0_G1_1_IRQHandler
                0x080003fe                VADC0_G1_1_IRQHandler_Veneer
                0x08000406                VADC0_G1_2_IRQHandler
                0x08000408                VADC0_G1_2_IRQHandler_Veneer
                0x08000410                VADC0_G1_3_IRQHandler
                0x08000412                VADC0_G1_3_IRQHandler_Veneer
                0x0800041a                VADC0_G2_0_IRQHandler
                0x0800041c                VADC0_G2_0_IRQHandler_Veneer
                0x08000424                VADC0_G2_1_IRQHandler
                0x08000426                VADC0_G2_1_IRQHandler_Veneer
                0x0800042e                VADC0_G2_2_IRQHandler
                0x08000430                VADC0_G2_2_IRQHandler_Veneer
                0x08000438                VADC0_G2_3_IRQHandler
                0x0800043a                VADC0_G2_3_IRQHandler_Veneer
                0x08000442                VADC0_G3_0_IRQHandler
                0x08000444                VADC0_G3_0_IRQHandler_Veneer
                0x0800044c                VADC0_G3_1_IRQHandler
                0x0800044e                VADC0_G3_1_IRQHandler_Veneer
                0x08000456                VADC0_G3_2_IRQHandler
                0x08000458                VADC0_G3_2_IRQHandler_Veneer
                0x08000460                VADC0_G3_3_IRQHandler
                0x08000462                VADC0_G3_3_IRQHandler_Veneer
                0x0800046a                DSD0_0_IRQHandler
                0x0800046c                DSD0_0_IRQHandler_Veneer
                0x08000474                DSD0_1_IRQHandler
                0x08000476                DSD0_1_IRQHandler_Veneer
                0x0800047e                DSD0_2_IRQHandler
                0x08000480                DSD0_2_IRQHandler_Veneer
                0x08000488                DSD0_3_IRQHandler
                0x0800048a                DSD0_3_IRQHandler_Veneer
                0x08000492                DSD0_4_IRQHandler
                0x08000494                DSD0_4_IRQHandler_Veneer
                0x0800049c                DSD0_5_IRQHandler
                0x0800049e                DSD0_5_IRQHandler_Veneer
                0x080004a6                DSD0_6_IRQHandler
                0x080004a8                DSD0_6_IRQHandler_Veneer
                0x080004b0                DSD0_7_IRQHandler
                0x080004b2                DSD0_7_IRQHandler_Veneer
                0x080004ba                DAC0_0_IRQHandler
                0x080004bc                DAC0_0_IRQHandler_Veneer
                0x080004c4                DAC0_1_IRQHandler
                0x080004c6                DAC0_1_IRQHandler_Veneer
                0x080004ce                CCU40_0_IRQHandler
                0x080004d0                CCU40_0_IRQHandler_Veneer
                0x080004d8                CCU40_1_IRQHandler
                0x080004da                CCU40_1_IRQHandler_Veneer
                0x080004e2                CCU40_2_IRQHandler
                0x080004e4                CCU40_2_IRQHandler_Veneer
                0x080004ec                CCU40_3_IRQHandler
                0x080004ee                CCU40_3_IRQHandler_Veneer
                0x080004f6                CCU41_0_IRQHandler
                0x080004f8                CCU41_0_IRQHandler_Veneer
                0x08000500                CCU41_1_IRQHandler
                0x08000502                CCU41_1_IRQHandler_Veneer
                0x0800050a                CCU41_2_IRQHandler
                0x0800050c                CCU41_2_IRQHandler_Veneer
                0x08000514                CCU41_3_IRQHandler
                0x08000516                CCU41_3_IRQHandler_Veneer
                0x0800051e                CCU42_0_IRQHandler
                0x08000520                CCU42_0_IRQHandler_Veneer
                0x08000528                CCU42_1_IRQHandler
                0x0800052a                CCU42_1_IRQHandler_Veneer
                0x08000532                CCU42_2_IRQHandler
                0x08000534                CCU42_2_IRQHandler_Veneer
                0x0800053c                CCU42_3_IRQHandler
                0x0800053e                CCU42_3_IRQHandler_Veneer
                0x08000546                CCU43_0_IRQHandler
                0x08000548                CCU43_0_IRQHandler_Veneer
                0x08000550                CCU43_1_IRQHandler
                0x08000552                CCU43_1_IRQHandler_Veneer
                0x0800055a                CCU43_2_IRQHandler
                0x0800055c                CCU43_2_IRQHandler_Veneer
                0x08000564                CCU43_3_IRQHandler
                0x08000566                CCU43_3_IRQHandler_Veneer
                0x0800056e                CCU80_0_IRQHandler
                0x08000570                CCU80_0_IRQHandler_Veneer
                0x08000578                CCU80_1_IRQHandler
                0x0800057a                CCU80_1_IRQHandler_Veneer
                0x08000582                CCU80_2_IRQHandler
                0x08000584                CCU80_2_IRQHandler_Veneer
                0x0800058c                CCU80_3_IRQHandler
                0x0800058e                CCU80_3_IRQHandler_Veneer
                0x08000596                CCU81_0_IRQHandler
                0x08000598                CCU81_0_IRQHandler_Veneer
                0x080005a0                CCU81_1_IRQHandler
                0x080005a2                CCU81_1_IRQHandler_Veneer
                0x080005aa                CCU81_2_IRQHandler
                0x080005ac                CCU81_2_IRQHandler_Veneer
                0x080005b4                CCU81_3_IRQHandler
                0x080005b6                CCU81_3_IRQHandler_Veneer
                0x080005be                POSIF0_0_IRQHandler
                0x080005c0                POSIF0_0_IRQHandler_Veneer
                0x080005c8                POSIF0_1_IRQHandler
                0x080005ca                POSIF0_1_IRQHandler_Veneer
                0x080005d2                POSIF1_0_IRQHandler
                0x080005d4                POSIF1_0_IRQHandler_Veneer
                0x080005dc                POSIF1_1_IRQHandler
                0x080005de                POSIF1_1_IRQHandler_Veneer
                0x080005e6                CAN0_0_IRQHandler
                0x080005e8                CAN0_0_IRQHandler_Veneer
                0x080005f0                CAN0_1_IRQHandler
                0x080005f2                CAN0_1_IRQHandler_Veneer
                0x080005fa                CAN0_2_IRQHandler
                0x080005fc                CAN0_2_IRQHandler_Veneer
                0x08000604                CAN0_3_IRQHandler
                0x08000606                CAN0_3_IRQHandler_Veneer
                0x0800060e                CAN0_4_IRQHandler
                0x08000610                CAN0_4_IRQHandler_Veneer
                0x08000618                CAN0_5_IRQHandler
                0x0800061a                CAN0_5_IRQHandler_Veneer
                0x08000622                CAN0_6_IRQHandler
                0x08000624                CAN0_6_IRQHandler_Veneer
                0x0800062c                CAN0_7_IRQHandler
                0x0800062e                CAN0_7_IRQHandler_Veneer
                0x08000636                USIC0_0_IRQHandler
                0x08000638                USIC0_0_IRQHandler_Veneer
                0x08000640                USIC0_1_IRQHandler
                0x08000642                USIC0_1_IRQHandler_Veneer
                0x0800064a                USIC0_2_IRQHandler
                0x0800064c                USIC0_2_IRQHandler_Veneer
                0x08000654                USIC0_3_IRQHandler
                0x08000656                USIC0_3_IRQHandler_Veneer
                0x0800065e                USIC0_4_IRQHandler
                0x08000660                USIC0_4_IRQHandler_Veneer
                0x08000668                USIC0_5_IRQHandler
                0x0800066a                USIC0_5_IRQHandler_Veneer
                0x08000672                USIC1_0_IRQHandler
                0x08000674                USIC1_0_IRQHandler_Veneer
                0x0800067c                USIC1_1_IRQHandler
                0x0800067e                USIC1_1_IRQHandler_Veneer
                0x08000686                USIC1_2_IRQHandler
                0x08000688                USIC1_2_IRQHandler_Veneer
                0x08000690                USIC1_3_IRQHandler
                0x08000692                USIC1_3_IRQHandler_Veneer
                0x0800069a                USIC1_4_IRQHandler
                0x0800069c                USIC1_4_IRQHandler_Veneer
                0x080006a4                USIC1_5_IRQHandler
                0x080006a6                USIC1_5_IRQHandler_Veneer
                0x080006ae                USIC2_0_IRQHandler
                0x080006b0                USIC2_0_IRQHandler_Veneer
                0x080006b8                USIC2_1_IRQHandler
                0x080006ba                USIC2_1_IRQHandler_Veneer
                0x080006c2                USIC2_2_IRQHandler
                0x080006c4                USIC2_2_IRQHandler_Veneer
                0x080006cc                USIC2_3_IRQHandler
                0x080006ce                USIC2_3_IRQHandler_Veneer
                0x080006d6                USIC2_4_IRQHandler
                0x080006d8                USIC2_4_IRQHandler_Veneer
                0x080006e0                USIC2_5_IRQHandler
                0x080006e2                USIC2_5_IRQHandler_Veneer
                0x080006ea                LEDTS0_0_IRQHandler
                0x080006ec                LEDTS0_0_IRQHandler_Veneer
                0x080006f4                FCE0_0_IRQHandler
                0x080006f6                FCE0_0_IRQHandler_Veneer
                0x080006fe                GPDMA0_0_IRQHandler
                0x08000700                GPDMA0_0_IRQHandler_Veneer
                0x0800070a                SDMMC0_0_IRQHandler_Veneer
                0x08000712                USB0_0_IRQHandler
                0x08000714                USB0_0_IRQHandler_Veneer
                0x0800071e                ETH0_0_IRQHandler_Veneer
                0x08000726                GPDMA1_0_IRQHandler
                0x08000728                GPDMA1_0_IRQHandler_Veneer
 .text          0x080008f0        0x0 Startup/system_XMC4500.o
 .text.SystemCoreClockUpdate
                0x080008f0       0x70 Startup/system_XMC4500.o
                0x080008f0                SystemCoreClockUpdate
 .text.SystemInit
                0x08000960      0x204 Startup/system_XMC4500.o
                0x08000960                SystemInit
 .text          0x08000b64        0x0 Main.o
 *fill*         0x08000b64        0x4 00
 .text.SSI_ADC_Handler
                0x08000b68       0x98 Main.o
                0x08000b68                SSI_ADC_Handler
 .text.CGI_led_handler
                0x08000c00       0x88 Main.o
                0x08000c00                CGI_led_handler
 .text.http_CGI_init
                0x08000c88       0x1c Main.o
                0x08000c88                http_CGI_init
 .text.http_SSI_init
                0x08000ca4       0x14 Main.o
                0x08000ca4                http_SSI_init
 .text.startup.main
                0x08000cb8       0x20 Main.o
                0x08000cb8                main
 .text          0x08000cd8        0x0 Dave/Generated/src/WEBSERVER001/HTTPServer/fs.o
 .text.fs_open  0x08000cd8       0x6c Dave/Generated/src/WEBSERVER001/HTTPServer/fs.o
                0x08000cd8                fs_open
 .text.fs_close
                0x08000d44       0x2c Dave/Generated/src/WEBSERVER001/HTTPServer/fs.o
                0x08000d44                fs_close
 .text.fs_read  0x08000d70       0x20 Dave/Generated/src/WEBSERVER001/HTTPServer/fs.o
                0x08000d70                fs_read
 .text.fs_bytes_left
                0x08000d90        0x8 Dave/Generated/src/WEBSERVER001/HTTPServer/fs.o
                0x08000d90                fs_bytes_left
 .text          0x08000d98        0x0 Dave/Generated/src/WEBSERVER001/HTTPServer/fsdata.o
 .text          0x08000d98        0x0 Dave/Generated/src/WEBSERVER001/HTTPServer/httpd.o
 .text.http_accept
                0x08000d98       0x68 Dave/Generated/src/WEBSERVER001/HTTPServer/httpd.o
 .text.http_state_free
                0x08000e00       0x2a Dave/Generated/src/WEBSERVER001/HTTPServer/httpd.o
 .text.http_err
                0x08000e2a        0x8 Dave/Generated/src/WEBSERVER001/HTTPServer/httpd.o
 .text.strnstr  0x08000e32       0x4e Dave/Generated/src/WEBSERVER001/HTTPServer/httpd.o
 .text.http_close_conn
                0x08000e80       0x54 Dave/Generated/src/WEBSERVER001/HTTPServer/httpd.o
 .text.http_get_404_file
                0x08000ed4       0x40 Dave/Generated/src/WEBSERVER001/HTTPServer/httpd.o
 .text.http_write.constprop.9
                0x08000f14       0x30 Dave/Generated/src/WEBSERVER001/HTTPServer/httpd.o
 .text.http_send_data
                0x08000f44      0x41c Dave/Generated/src/WEBSERVER001/HTTPServer/httpd.o
 .text.http_sent
                0x08001360       0x16 Dave/Generated/src/WEBSERVER001/HTTPServer/httpd.o
 .text.http_poll
                0x08001376       0x32 Dave/Generated/src/WEBSERVER001/HTTPServer/httpd.o
 .text.http_find_error_file
                0x080013a8       0x70 Dave/Generated/src/WEBSERVER001/HTTPServer/httpd.o
 .text.http_recv
                0x08001418      0x2c4 Dave/Generated/src/WEBSERVER001/HTTPServer/httpd.o
 .text.httpd_init
                0x080016dc       0x48 Dave/Generated/src/WEBSERVER001/HTTPServer/httpd.o
                0x080016dc                httpd_init
 .text.http_set_ssi_handler
                0x08001724        0xc Dave/Generated/src/WEBSERVER001/HTTPServer/httpd.o
                0x08001724                http_set_ssi_handler
 .text.http_set_cgi_handlers
                0x08001730       0x10 Dave/Generated/src/WEBSERVER001/HTTPServer/httpd.o
                0x08001730                http_set_cgi_handlers
 .text          0x08001740        0x0 Dave/Generated/src/SYSTM001/SYSTM001.o
 .text.SYSTM001_lInsertTimerList
                0x08001740       0x6c Dave/Generated/src/SYSTM001/SYSTM001.o
 .text.SYSTM001_lRemoveTimerList
                0x080017ac       0x44 Dave/Generated/src/SYSTM001/SYSTM001.o
 .text.SysTick_Handler
                0x080017f0       0x5c Dave/Generated/src/SYSTM001/SYSTM001.o
                0x080017f0                SysTick_Handler
 .text.SYSTM001_Init
                0x0800184c       0x64 Dave/Generated/src/SYSTM001/SYSTM001.o
                0x0800184c                SYSTM001_Init
 .text.SYSTM001_CreateTimer
                0x080018b0       0x6c Dave/Generated/src/SYSTM001/SYSTM001.o
                0x080018b0                SYSTM001_CreateTimer
 .text.SYSTM001_StartTimer
                0x0800191c       0x44 Dave/Generated/src/SYSTM001/SYSTM001.o
                0x0800191c                SYSTM001_StartTimer
 .text.SYSTM001_StopTimer
                0x08001960       0x3c Dave/Generated/src/SYSTM001/SYSTM001.o
                0x08001960                SYSTM001_StopTimer
 .text.SYSTM001_DeleteTimer
                0x0800199c       0x44 Dave/Generated/src/SYSTM001/SYSTM001.o
                0x0800199c                SYSTM001_DeleteTimer
 .text.SYSTM001_GetTime
                0x080019e0        0xc Dave/Generated/src/SYSTM001/SYSTM001.o
                0x080019e0                SYSTM001_GetTime
 .text.SYSTM001_GetSysTickCount
                0x080019ec        0xc Dave/Generated/src/SYSTM001/SYSTM001.o
                0x080019ec                SYSTM001_GetSysTickCount
 .text          0x080019f8        0x0 Dave/Generated/src/SLTHA003/SLTHA003.o
 .text._malloc_r
                0x080019f8        0x6 Dave/Generated/src/SLTHA003/SLTHA003.o
                0x080019f8                _malloc_r
 .text._calloc_r
                0x080019fe       0x1a Dave/Generated/src/SLTHA003/SLTHA003.o
                0x080019fe                _calloc_r
 .text._free_r  0x08001a18        0x6 Dave/Generated/src/SLTHA003/SLTHA003.o
                0x08001a18                _free_r
 .text._realloc_r
                0x08001a1e        0x6 Dave/Generated/src/SLTHA003/SLTHA003.o
                0x08001a1e                _realloc_r
 .text._gettimeofday_r
                0x08001a24       0x20 Dave/Generated/src/SLTHA003/SLTHA003.o
                0x08001a24                _gettimeofday_r
 .text._times_r
                0x08001a44        0xc Dave/Generated/src/SLTHA003/SLTHA003.o
                0x08001a44                _times_r
 .text          0x08001a50        0x0 Dave/Generated/src/SLTHA003/SLTHA003_Conf.o
 .text          0x08001a50        0x0 Dave/Generated/src/SLTHA001/SLTHA001.o
 .text.SLTHA001_lFatInfoToStatus
                0x08001a50       0x84 Dave/Generated/src/SLTHA001/SLTHA001.o
 .text.SLTHA001_lFindAvailableSlot
                0x08001ad4       0x44 Dave/Generated/src/SLTHA001/SLTHA001.o
                0x08001ad4                SLTHA001_lFindAvailableSlot
 .text.SLTHA001_lLocalInitialize
                0x08001b18       0x28 Dave/Generated/src/SLTHA001/SLTHA001.o
                0x08001b18                SLTHA001_lLocalInitialize
 .text._open    0x08001b40      0x148 Dave/Generated/src/SLTHA001/SLTHA001.o
                0x08001b40                _open
 .text._close   0x08001c88       0x5c Dave/Generated/src/SLTHA001/SLTHA001.o
                0x08001c88                _close
 .text._read_r  0x08001ce4       0x74 Dave/Generated/src/SLTHA001/SLTHA001.o
                0x08001ce4                _read_r
 .text._write_r
                0x08001d58       0x74 Dave/Generated/src/SLTHA001/SLTHA001.o
                0x08001d58                _write_r
 .text._lseek   0x08001dcc       0x70 Dave/Generated/src/SLTHA001/SLTHA001.o
                0x08001dcc                _lseek
 .text._unlink  0x08001e3c       0x24 Dave/Generated/src/SLTHA001/SLTHA001.o
                0x08001e3c                _unlink
 .text._fstat   0x08001e60       0x64 Dave/Generated/src/SLTHA001/SLTHA001.o
                0x08001e60                _fstat
 .text._stat    0x08001ec4       0x44 Dave/Generated/src/SLTHA001/SLTHA001.o
                0x08001ec4                _stat
 .text.rename   0x08001f08       0x24 Dave/Generated/src/SLTHA001/SLTHA001.o
                0x08001f08                rename
 .text._chmod   0x08001f2c       0x28 Dave/Generated/src/SLTHA001/SLTHA001.o
                0x08001f2c                _chmod
 .text._mkdir   0x08001f54       0x24 Dave/Generated/src/SLTHA001/SLTHA001.o
                0x08001f54                _mkdir
 .text._sync    0x08001f78       0x20 Dave/Generated/src/SLTHA001/SLTHA001.o
                0x08001f78                _sync
 .text.mkfs     0x08001f98       0x24 Dave/Generated/src/SLTHA001/SLTHA001.o
                0x08001f98                mkfs
 .text.mount    0x08001fbc       0x24 Dave/Generated/src/SLTHA001/SLTHA001.o
                0x08001fbc                mount
 .text._isatty  0x08001fe0        0xa Dave/Generated/src/SLTHA001/SLTHA001.o
                0x08001fe0                _isatty
 .text.SLTHA001_Init
                0x08001fea        0x4 Dave/Generated/src/SLTHA001/SLTHA001.o
                0x08001fea                SLTHA001_Init
 .text._link    0x08001fee       0x10 Dave/Generated/src/SLTHA001/SLTHA001.o
                0x08001fee                _link
 .text.fdisk    0x08001ffe        0x6 Dave/Generated/src/SLTHA001/SLTHA001.o
                0x08001ffe                fdisk
 .text          0x08002004        0x0 Dave/Generated/src/SLTHA001/SLTHA001_Conf.o
 .text          0x08002004        0x0 Dave/Generated/src/SDMMC003/SDMMC003.o
 .text.SDMMC003_HostControllerInit
                0x08002004       0x68 Dave/Generated/src/SDMMC003/SDMMC003.o
                0x08002004                SDMMC003_HostControllerInit
 .text.SDMMC003_HostControllerDeInit
                0x0800206c       0x24 Dave/Generated/src/SDMMC003/SDMMC003.o
                0x0800206c                SDMMC003_HostControllerDeInit
 .text.SDMMC003_CardReadMultipleBlocks
                0x08002090       0x5c Dave/Generated/src/SDMMC003/SDMMC003.o
                0x08002090                SDMMC003_CardReadMultipleBlocks
 .text.SDMMC003_CardReadSingleBlock
                0x080020ec       0x5c Dave/Generated/src/SDMMC003/SDMMC003.o
                0x080020ec                SDMMC003_CardReadSingleBlock
 .text.SDMMC003_CardWriteMultipleBlocks
                0x08002148       0x60 Dave/Generated/src/SDMMC003/SDMMC003.o
                0x08002148                SDMMC003_CardWriteMultipleBlocks
 .text.SDMMC003_CardWriteSingleBlock
                0x080021a8       0x60 Dave/Generated/src/SDMMC003/SDMMC003.o
                0x080021a8                SDMMC003_CardWriteSingleBlock
 .text.SDMMC003_LockUnlockCard
                0x08002208       0x5c Dave/Generated/src/SDMMC003/SDMMC003.o
                0x08002208                SDMMC003_LockUnlockCard
 .text.SDMMC003_GetLockStatus
                0x08002264       0x40 Dave/Generated/src/SDMMC003/SDMMC003.o
                0x08002264                SDMMC003_GetLockStatus
 .text.SDMMC003_GetCurrentState
                0x080022a4       0x40 Dave/Generated/src/SDMMC003/SDMMC003.o
                0x080022a4                SDMMC003_GetCurrentState
 .text.SDMMC003_GetCardType
                0x080022e4       0x18 Dave/Generated/src/SDMMC003/SDMMC003.o
                0x080022e4                SDMMC003_GetCardType
 .text.SDMMC003_GetCid
                0x080022fc       0x54 Dave/Generated/src/SDMMC003/SDMMC003.o
                0x080022fc                SDMMC003_GetCid
 .text.SDMMC003_GetOcr
                0x08002350       0x20 Dave/Generated/src/SDMMC003/SDMMC003.o
                0x08002350                SDMMC003_GetOcr
 .text.SDMMC003_GetCsd
                0x08002370       0x40 Dave/Generated/src/SDMMC003/SDMMC003.o
                0x08002370                SDMMC003_GetCsd
 .text.SDMMC003_GetSectorCount
                0x080023b0       0x8c Dave/Generated/src/SDMMC003/SDMMC003.o
                0x080023b0                SDMMC003_GetSectorCount
 .text.SDMMC003_GetSectorSize
                0x0800243c       0x1c Dave/Generated/src/SDMMC003/SDMMC003.o
                0x0800243c                SDMMC003_GetSectorSize
 .text.SDMMC003_GetBlockSize
                0x08002458       0x54 Dave/Generated/src/SDMMC003/SDMMC003.o
                0x08002458                SDMMC003_GetBlockSize
 .text.SDMMC003_FlushDiskWriteCache
                0x080024ac       0x14 Dave/Generated/src/SDMMC003/SDMMC003.o
                0x080024ac                SDMMC003_FlushDiskWriteCache
 .text.SDMMC003_GetSdStatus
                0x080024c0       0x68 Dave/Generated/src/SDMMC003/SDMMC003.o
                0x080024c0                SDMMC003_GetSdStatus
 .text.SDMMC003_EraseBlock
                0x08002528       0xc0 Dave/Generated/src/SDMMC003/SDMMC003.o
                0x08002528                SDMMC003_EraseBlock
 .text.SDMMC003_EjectCard
                0x080025e8       0x48 Dave/Generated/src/SDMMC003/SDMMC003.o
                0x080025e8                SDMMC003_EjectCard
 .text.SDMMC003_Init
                0x08002630        0xc Dave/Generated/src/SDMMC003/SDMMC003.o
                0x08002630                SDMMC003_Init
 .text.SDMMC003_Start
                0x0800263c       0x5c Dave/Generated/src/SDMMC003/SDMMC003.o
                0x0800263c                SDMMC003_Start
 .text.SDMMC003_CardDetectionSupport
                0x08002698       0x14 Dave/Generated/src/SDMMC003/SDMMC003.o
                0x08002698                SDMMC003_CardDetectionSupport
 .text          0x080026ac        0x0 Dave/Generated/src/SDMMC003/SDMMC003_Conf.o
 .text          0x080026ac        0x0 Dave/Generated/src/SDMMC003/SDMMC003_Private.o
 .text.Timer_CallBack
                0x080026ac       0x18 Dave/Generated/src/SDMMC003/SDMMC003_Private.o
                0x080026ac                Timer_CallBack
 .text.SDMMC003_lCardCleanUp
                0x080026c4       0x3c Dave/Generated/src/SDMMC003/SDMMC003_Private.o
                0x080026c4                SDMMC003_lCardCleanUp
 .text.SDMMC003_lCheckDatCmdline
                0x08002700       0x64 Dave/Generated/src/SDMMC003/SDMMC003_Private.o
                0x08002700                SDMMC003_lCheckDatCmdline
 .text.SDMMC003_lCheckArgumentError
                0x08002764       0x2a Dave/Generated/src/SDMMC003/SDMMC003_Private.o
                0x08002764                SDMMC003_lCheckArgumentError
 .text.SDMMC003_lCheckEraseError
                0x0800278e       0x20 Dave/Generated/src/SDMMC003/SDMMC003_Private.o
                0x0800278e                SDMMC003_lCheckEraseError
 .text.SDMMC003_lCheckCardError
                0x080027ae       0x20 Dave/Generated/src/SDMMC003/SDMMC003_Private.o
                0x080027ae                SDMMC003_lCheckCardError
 .text.SDMMC003_lCheckErrorInResponse
                0x080027ce       0x50 Dave/Generated/src/SDMMC003/SDMMC003_Private.o
                0x080027ce                SDMMC003_lCheckErrorInResponse
 *fill*         0x0800281e        0x2 00
 .text.SDMMC003_lGetCardLockState
                0x08002820       0x28 Dave/Generated/src/SDMMC003/SDMMC003_Private.o
                0x08002820                SDMMC003_lGetCardLockState
 .text.SDMMC003_lWriteCardType
                0x08002848       0x30 Dave/Generated/src/SDMMC003/SDMMC003_Private.o
                0x08002848                SDMMC003_lWriteCardType
 .text.SDMMC003_lSetWriteProtect
                0x08002878       0x38 Dave/Generated/src/SDMMC003/SDMMC003_Private.o
                0x08002878                SDMMC003_lSetWriteProtect
 .text.SDMMC003_lCheckLockStatus
                0x080028b0       0x28 Dave/Generated/src/SDMMC003/SDMMC003_Private.o
                0x080028b0                SDMMC003_lCheckLockStatus
 .text.SDMMC003_lNormalInterruptHandler
                0x080028d8       0x8c Dave/Generated/src/SDMMC003/SDMMC003_Private.o
                0x080028d8                SDMMC003_lNormalInterruptHandler
 .text.SDMMC003_lErrorInterruptHandler
                0x08002964      0x14c Dave/Generated/src/SDMMC003/SDMMC003_Private.o
                0x08002964                SDMMC003_lErrorInterruptHandler
 .text.SDMMC003_CheckPCMDFlag
                0x08002ab0        0xc Dave/Generated/src/SDMMC003/SDMMC003_Private.o
                0x08002ab0                SDMMC003_CheckPCMDFlag
 .text.SDMMC003_lDelay
                0x08002abc       0x44 Dave/Generated/src/SDMMC003/SDMMC003_Private.o
                0x08002abc                SDMMC003_lDelay
 .text.SDMMC0_0_IRQHandler
                0x08002b00       0x48 Dave/Generated/src/SDMMC003/SDMMC003_Private.o
                0x08002b00                SDMMC0_0_IRQHandler
 .text.SDMMC003_lStartTimer
                0x08002b48       0x38 Dave/Generated/src/SDMMC003/SDMMC003_Private.o
                0x08002b48                SDMMC003_lStartTimer
 .text.SDMMC003_lStopTimer
                0x08002b80       0x1c Dave/Generated/src/SDMMC003/SDMMC003_Private.o
                0x08002b80                SDMMC003_lStopTimer
 .text.SDMMC003_lCommandDelay
                0x08002b9c       0x54 Dave/Generated/src/SDMMC003/SDMMC003_Private.o
                0x08002b9c                SDMMC003_lCommandDelay
 .text.SDMMC003_lTransferDelay
                0x08002bf0       0x44 Dave/Generated/src/SDMMC003/SDMMC003_Private.o
                0x08002bf0                SDMMC003_lTransferDelay
 .text.SDMMC003_lReadResponse
                0x08002c34       0xa0 Dave/Generated/src/SDMMC003/SDMMC003_Private.o
                0x08002c34                SDMMC003_lReadResponse
 .text.SDMMC003_lReset
                0x08002cd4       0x44 Dave/Generated/src/SDMMC003/SDMMC003_Private.o
                0x08002cd4                SDMMC003_lReset
 .text.SDMMC003_lErrorInterruptRecovery
                0x08002d18       0x9c Dave/Generated/src/SDMMC003/SDMMC003_Private.o
                0x08002d18                SDMMC003_lErrorInterruptRecovery
 .text.SDMMC003_lDataTransfer
                0x08002db4       0x84 Dave/Generated/src/SDMMC003/SDMMC003_Private.o
                0x08002db4                SDMMC003_lDataTransfer
 .text.SDMMC003_lSendCommand
                0x08002e38       0xa8 Dave/Generated/src/SDMMC003/SDMMC003_Private.o
                0x08002e38                SDMMC003_lSendCommand
 .text.SDMMC003_lAcmdErrorRecovery
                0x08002ee0       0x68 Dave/Generated/src/SDMMC003/SDMMC003_Private.o
                0x08002ee0                SDMMC003_lAcmdErrorRecovery
 .text.SDMMC003_lSwitchToTransferState
                0x08002f48       0x44 Dave/Generated/src/SDMMC003/SDMMC003_Private.o
                0x08002f48                SDMMC003_lSwitchToTransferState
 .text.SDMMC003_lSwitchBusWidth
                0x08002f8c       0x64 Dave/Generated/src/SDMMC003/SDMMC003_Private.o
                0x08002f8c                SDMMC003_lSwitchBusWidth
 .text.SDMMC003_lConfigureRegForMultiTransfer
                0x08002ff0       0x78 Dave/Generated/src/SDMMC003/SDMMC003_Private.o
                0x08002ff0                SDMMC003_lConfigureRegForMultiTransfer
 .text.SDMMC003_lMultiBlockTransfer
                0x08003068       0x50 Dave/Generated/src/SDMMC003/SDMMC003_Private.o
                0x08003068                SDMMC003_lMultiBlockTransfer
 .text.SDMMC003_lConfigureForSingleTransfer
                0x080030b8       0x4c Dave/Generated/src/SDMMC003/SDMMC003_Private.o
                0x080030b8                SDMMC003_lConfigureForSingleTransfer
 .text.SDMMC003_lReadRca
                0x08003104       0x14 Dave/Generated/src/SDMMC003/SDMMC003_Private.o
                0x08003104                SDMMC003_lReadRca
 .text.SDMMC003_lQueryOperatingCond
                0x08003118       0x48 Dave/Generated/src/SDMMC003/SDMMC003_Private.o
                0x08003118                SDMMC003_lQueryOperatingCond
 .text.SDMMC003_lSetVoltageWindow
                0x08003160       0x68 Dave/Generated/src/SDMMC003/SDMMC003_Private.o
                0x08003160                SDMMC003_lSetVoltageWindow
 .text.SDMMC003_lQueryVoltage
                0x080031c8       0x58 Dave/Generated/src/SDMMC003/SDMMC003_Private.o
                0x080031c8                SDMMC003_lQueryVoltage
 .text.SDMMC003_lInitializeCard
                0x08003220       0xa4 Dave/Generated/src/SDMMC003/SDMMC003_Private.o
                0x08003220                SDMMC003_lInitializeCard
 .text.SDMMC003_lSingleBlockTransfer
                0x080032c4       0x6c Dave/Generated/src/SDMMC003/SDMMC003_Private.o
                0x080032c4                SDMMC003_lSingleBlockTransfer
 .text.SDMMC003_lSwitchSpeed
                0x08003330       0x60 Dave/Generated/src/SDMMC003/SDMMC003_Private.o
                0x08003330                SDMMC003_lSwitchSpeed
 .text.SDMMC003_lReadCardRegisters
                0x08003390       0x9c Dave/Generated/src/SDMMC003/SDMMC003_Private.o
                0x08003390                SDMMC003_lReadCardRegisters
 .text.SDMMC003_lAfterCardInitialize
                0x0800342c       0x40 Dave/Generated/src/SDMMC003/SDMMC003_Private.o
                0x0800342c                SDMMC003_lAfterCardInitialize
 .text.SDMMC003_lCardIdentificationProcess
                0x0800346c       0x6c Dave/Generated/src/SDMMC003/SDMMC003_Private.o
                0x0800346c                SDMMC003_lCardIdentificationProcess
 .text.SDMMC003_lCheckSectorBound
                0x080034d8       0x22 Dave/Generated/src/SDMMC003/SDMMC003_Private.o
                0x080034d8                SDMMC003_lCheckSectorBound
 *fill*         0x080034fa        0x2 00
 .text.SDMMC003_lLocalErase
                0x080034fc       0x6c Dave/Generated/src/SDMMC003/SDMMC003_Private.o
                0x080034fc                SDMMC003_lLocalErase
 .text          0x08003568        0x0 Dave/Generated/src/SDMMC001/SDMMC001.o
 .text.SDMMC001_lFindDiskStatus
                0x08003568       0x34 Dave/Generated/src/SDMMC001/SDMMC001.o
                0x08003568                SDMMC001_lFindDiskStatus
 .text.SDMMC001_Initialize
                0x0800359c       0x38 Dave/Generated/src/SDMMC001/SDMMC001.o
                0x0800359c                SDMMC001_Initialize
 .text.SDMMC001_GetStatus
                0x080035d4        0x4 Dave/Generated/src/SDMMC001/SDMMC001.o
                0x080035d4                SDMMC001_GetStatus
 .text.SDMMC001_ReadBlock
                0x080035d8       0x30 Dave/Generated/src/SDMMC001/SDMMC001.o
                0x080035d8                SDMMC001_ReadBlock
 .text.SDMMC001_WriteBlock
                0x08003608       0x3c Dave/Generated/src/SDMMC001/SDMMC001.o
                0x08003608                SDMMC001_WriteBlock
 .text.SDMMC001_Ioctl
                0x08003644      0x1ac Dave/Generated/src/SDMMC001/SDMMC001.o
                0x08003644                SDMMC001_Ioctl
 .text          0x080037f0        0x0 Dave/Generated/src/SDMMC001/SDMMC001_Conf.o
 .text          0x080037f0        0x0 Dave/Generated/src/RTC001/RTC001.o
 .text.RTC001_ldatevalid
                0x080037f0       0x54 Dave/Generated/src/RTC001/RTC001.o
 .text.RTC001_DeInit
                0x08003844        0x2 Dave/Generated/src/RTC001/RTC001.o
                0x08003844                RTC001_DeInit
 *fill*         0x08003846        0x2 00
 .text.RTC001_Enable
                0x08003848       0x30 Dave/Generated/src/RTC001/RTC001.o
                0x08003848                RTC001_Enable
 .text.RTC001_Disable
                0x08003878       0x74 Dave/Generated/src/RTC001/RTC001.o
                0x08003878                RTC001_Disable
 .text.RTC001_GetFlagStatus
                0x080038ec       0x14 Dave/Generated/src/RTC001/RTC001.o
                0x080038ec                RTC001_GetFlagStatus
 .text.RTC001_ClearFlagStatus
                0x08003900       0x10 Dave/Generated/src/RTC001/RTC001.o
                0x08003900                RTC001_ClearFlagStatus
 .text.RTC001_ConfigAlarm
                0x08003910       0x8c Dave/Generated/src/RTC001/RTC001.o
                0x08003910                RTC001_ConfigAlarm
 .text.RTC001_Clock_GetTime
                0x0800399c       0x3c Dave/Generated/src/RTC001/RTC001.o
                0x0800399c                RTC001_Clock_GetTime
 .text.RTC001_Clock_SetTime
                0x080039d8       0xf8 Dave/Generated/src/RTC001/RTC001.o
                0x080039d8                RTC001_Clock_SetTime
 .text.RTC001_Init
                0x08003ad0       0x7c Dave/Generated/src/RTC001/RTC001.o
                0x08003ad0                RTC001_Init
 .text.RTC001_Time
                0x08003b4c       0xd0 Dave/Generated/src/RTC001/RTC001.o
                0x08003b4c                RTC001_Time
 .text          0x08003c1c        0x0 Dave/Generated/src/RTC001/RTC001_Conf.o
 .text          0x08003c1c        0x0 Dave/Generated/src/RESET001/RESET001.o
 .text.RESET001_AssertReset
                0x08003c1c       0x14 Dave/Generated/src/RESET001/RESET001.o
                0x08003c1c                RESET001_AssertReset
 .text.RESET001_DeassertReset
                0x08003c30       0x14 Dave/Generated/src/RESET001/RESET001.o
                0x08003c30                RESET001_DeassertReset
 .text.RESET001_GetResetInfo
                0x08003c44        0xc Dave/Generated/src/RESET001/RESET001.o
                0x08003c44                RESET001_GetResetInfo
 .text.RESET001_GetStatus
                0x08003c50       0x1c Dave/Generated/src/RESET001/RESET001.o
                0x08003c50                RESET001_GetStatus
 .text          0x08003c6c        0x0 Dave/Generated/src/NVIC_SCU001/NVIC_SCU001.o
 .text.NVIC_SCU001_Init
                0x08003c6c       0x3c Dave/Generated/src/NVIC_SCU001/NVIC_SCU001.o
                0x08003c6c                NVIC_SCU001_Init
 .text.NVIC_SCU001_RegisterCallback
                0x08003ca8       0x14 Dave/Generated/src/NVIC_SCU001/NVIC_SCU001.o
                0x08003ca8                NVIC_SCU001_RegisterCallback
 .text.SCU_0_IRQHandler
                0x08003cbc      0x1ac Dave/Generated/src/NVIC_SCU001/NVIC_SCU001.o
                0x08003cbc                SCU_0_IRQHandler
 .text          0x08003e68        0x0 Dave/Generated/src/LMM001/LMM001.o
 .text.LMM001_lmake_new_block
                0x08003e68       0x32 Dave/Generated/src/LMM001/LMM001.o
 .text.LMM001_ldisconnect_from_free_list
                0x08003e9a       0x2e Dave/Generated/src/LMM001/LMM001.o
 .text.LMM001_l_assimilate_up
                0x08003ec8       0x3a Dave/Generated/src/LMM001/LMM001.o
 .text.LMM001_l_assimilate_down
                0x08003f02       0x28 Dave/Generated/src/LMM001/LMM001.o
 .text.LMM001_free
                0x08003f2a       0x68 Dave/Generated/src/LMM001/LMM001.o
                0x08003f2a                LMM001_free
 .text.LMM001_malloc
                0x08003f92       0xec Dave/Generated/src/LMM001/LMM001.o
                0x08003f92                LMM001_malloc
 .text.LMM001_realloc
                0x0800407e       0xfc Dave/Generated/src/LMM001/LMM001.o
                0x0800407e                LMM001_realloc
 .text          0x0800417a        0x0 Dave/Generated/src/LMM001/LMM001_Conf.o
 .text          0x0800417a        0x0 Dave/Generated/src/LIBS/CCU8PWMLIB.o
 .text          0x0800417a        0x0 Dave/Generated/src/IO004/IO004.o
 *fill*         0x0800417a        0x2 00
 .text.IO004_Init
                0x0800417c       0x28 Dave/Generated/src/IO004/IO004.o
                0x0800417c                IO004_Init
 .text.IO004_DisableOutputDriver
                0x080041a4       0xb2 Dave/Generated/src/IO004/IO004.o
                0x080041a4                IO004_DisableOutputDriver
 .text.IO004_EnableOutputDriver
                0x08004256       0xb2 Dave/Generated/src/IO004/IO004.o
                0x08004256                IO004_EnableOutputDriver
 .text          0x08004308        0x0 Dave/Generated/src/IO004/IO004_Conf.o
 .text          0x08004308        0x0 Dave/Generated/src/IO001/IO001.o
 .text.IO001_Init
                0x08004308       0x18 Dave/Generated/src/IO001/IO001.o
                0x08004308                IO001_Init
 .text.IO001_EnableDigitalInput
                0x08004320       0xba Dave/Generated/src/IO001/IO001.o
                0x08004320                IO001_EnableDigitalInput
 .text.IO001_DisableDigitalInput
                0x080043da       0x12 Dave/Generated/src/IO001/IO001.o
                0x080043da                IO001_DisableDigitalInput
 .text          0x080043ec        0x0 Dave/Generated/src/IO001/IO001_Conf.o
 .text          0x080043ec        0x0 Dave/Generated/src/GMM001/GMM001.o
 .text.GMM001_Init
                0x080043ec       0x70 Dave/Generated/src/GMM001/GMM001.o
                0x080043ec                GMM001_Init
 .text.GMM001_malloc
                0x0800445c       0x34 Dave/Generated/src/GMM001/GMM001.o
                0x0800445c                GMM001_malloc
 .text.GMM001_realloc
                0x08004490       0x78 Dave/Generated/src/GMM001/GMM001.o
                0x08004490                GMM001_realloc
 .text.GMM001_free
                0x08004508       0x60 Dave/Generated/src/GMM001/GMM001.o
                0x08004508                GMM001_free
 .text          0x08004568        0x0 Dave/Generated/src/GMM001/GMM001_Conf.o
 .text          0x08004568        0x0 Dave/Generated/src/FATFS004/FATFS004.o
 .text.disk_initialize
                0x08004568       0x1c Dave/Generated/src/FATFS004/FATFS004.o
                0x08004568                disk_initialize
 .text.disk_status
                0x08004584       0x1c Dave/Generated/src/FATFS004/FATFS004.o
                0x08004584                disk_status
 .text.disk_read
                0x080045a0       0x2c Dave/Generated/src/FATFS004/FATFS004.o
                0x080045a0                disk_read
 .text.disk_write
                0x080045cc       0x2c Dave/Generated/src/FATFS004/FATFS004.o
                0x080045cc                disk_write
 .text.disk_ioctl
                0x080045f8       0x28 Dave/Generated/src/FATFS004/FATFS004.o
                0x080045f8                disk_ioctl
 .text.get_fattime
                0x08004620       0x4c Dave/Generated/src/FATFS004/FATFS004.o
                0x08004620                get_fattime
 .text          0x0800466c        0x0 Dave/Generated/src/FATFS004/FATFS004_Conf.o
 .text          0x0800466c        0x0 Dave/Generated/src/FATFS002/FATFS002_Conf.o
 .text.FATFS002_Init
                0x0800466c        0x2 Dave/Generated/src/FATFS002/FATFS002_Conf.o
                0x0800466c                FATFS002_Init
 .text          0x0800466e        0x0 Dave/Generated/src/FATFS002/syscall.o
 .text          0x0800466e        0x0 Dave/Generated/src/FATFS002/Src/ff.o
 .text.mem_cpy  0x0800466e       0x12 Dave/Generated/src/FATFS002/Src/ff.o
 .text.mem_set  0x08004680        0xe Dave/Generated/src/FATFS002/Src/ff.o
 .text.get_fileinfo
                0x0800468e       0x82 Dave/Generated/src/FATFS002/Src/ff.o
 .text.move_window
                0x08004710       0x76 Dave/Generated/src/FATFS002/Src/ff.o
 .text.sync     0x08004786       0xb6 Dave/Generated/src/FATFS002/Src/ff.o
 .text.validate
                0x0800483c       0x24 Dave/Generated/src/FATFS002/Src/ff.o
 .text.check_fs
                0x08004860       0x88 Dave/Generated/src/FATFS002/Src/ff.o
 .text.chk_mounted
                0x080048e8      0x314 Dave/Generated/src/FATFS002/Src/ff.o
 .text.clust2sect
                0x08004bfc       0x18 Dave/Generated/src/FATFS002/Src/ff.o
                0x08004bfc                clust2sect
 .text.get_fat  0x08004c14       0xca Dave/Generated/src/FATFS002/Src/ff.o
                0x08004c14                get_fat
 .text.dir_sdi  0x08004cde       0x84 Dave/Generated/src/FATFS002/Src/ff.o
 .text.dir_remove
                0x08004d62       0x24 Dave/Generated/src/FATFS002/Src/ff.o
 .text.put_fat  0x08004d86       0xf6 Dave/Generated/src/FATFS002/Src/ff.o
                0x08004d86                put_fat
 .text.create_chain
                0x08004e7c       0x9a Dave/Generated/src/FATFS002/Src/ff.o
 .text.dir_next
                0x08004f16       0xf4 Dave/Generated/src/FATFS002/Src/ff.o
 *fill*         0x0800500a        0x2 00
 .text.follow_path
                0x0800500c      0x204 Dave/Generated/src/FATFS002/Src/ff.o
 .text.dir_register
                0x08005210       0x5a Dave/Generated/src/FATFS002/Src/ff.o
 .text.dir_read
                0x0800526a       0x4a Dave/Generated/src/FATFS002/Src/ff.o
 .text.remove_chain
                0x080052b4       0x82 Dave/Generated/src/FATFS002/Src/ff.o
 *fill*         0x08005336        0x2 00
 .text.f_mount  0x08005338       0x2c Dave/Generated/src/FATFS002/Src/ff.o
                0x08005338                f_mount
 .text.f_open   0x08005364      0x152 Dave/Generated/src/FATFS002/Src/ff.o
                0x08005364                f_open
 .text.f_read   0x080054b6      0x168 Dave/Generated/src/FATFS002/Src/ff.o
                0x080054b6                f_read
 .text.f_write  0x0800561e      0x196 Dave/Generated/src/FATFS002/Src/ff.o
                0x0800561e                f_write
 .text.f_sync   0x080057b4       0xac Dave/Generated/src/FATFS002/Src/ff.o
                0x080057b4                f_sync
 .text.f_close  0x08005860        0xe Dave/Generated/src/FATFS002/Src/ff.o
                0x08005860                f_close
 *fill*         0x0800586e        0x2 00
 .text.f_chdrive
                0x08005870       0x14 Dave/Generated/src/FATFS002/Src/ff.o
                0x08005870                f_chdrive
 .text.f_chdir  0x08005884       0x5e Dave/Generated/src/FATFS002/Src/ff.o
                0x08005884                f_chdir
 .text.f_lseek  0x080058e2      0x140 Dave/Generated/src/FATFS002/Src/ff.o
                0x080058e2                f_lseek
 .text.f_opendir
                0x08005a22       0x64 Dave/Generated/src/FATFS002/Src/ff.o
                0x08005a22                f_opendir
 .text.f_readdir
                0x08005a86       0x54 Dave/Generated/src/FATFS002/Src/ff.o
                0x08005a86                f_readdir
 .text.f_stat   0x08005ada       0x40 Dave/Generated/src/FATFS002/Src/ff.o
                0x08005ada                f_stat
 .text.f_getfree
                0x08005b1a       0xe8 Dave/Generated/src/FATFS002/Src/ff.o
                0x08005b1a                f_getfree
 .text.f_truncate
                0x08005c02       0x92 Dave/Generated/src/FATFS002/Src/ff.o
                0x08005c02                f_truncate
 .text.f_unlink
                0x08005c94       0xc8 Dave/Generated/src/FATFS002/Src/ff.o
                0x08005c94                f_unlink
 .text.f_mkdir  0x08005d5c      0x1c2 Dave/Generated/src/FATFS002/Src/ff.o
                0x08005d5c                f_mkdir
 .text.f_chmod  0x08005f1e       0x5c Dave/Generated/src/FATFS002/Src/ff.o
                0x08005f1e                f_chmod
 .text.f_utime  0x08005f7a       0x5c Dave/Generated/src/FATFS002/Src/ff.o
                0x08005f7a                f_utime
 .text.f_rename
                0x08005fd6      0x128 Dave/Generated/src/FATFS002/Src/ff.o
                0x08005fd6                f_rename
 *fill*         0x080060fe        0x2 00
 .text.f_mkfs   0x08006100      0x5c8 Dave/Generated/src/FATFS002/Src/ff.o
                0x08006100                f_mkfs
 .text.f_gets   0x080066c8       0x44 Dave/Generated/src/FATFS002/Src/ff.o
                0x080066c8                f_gets
 .text.f_putc   0x0800670c       0x22 Dave/Generated/src/FATFS002/Src/ff.o
                0x0800670c                f_putc
 .text.f_puts   0x0800672e       0x20 Dave/Generated/src/FATFS002/Src/ff.o
                0x0800672e                f_puts
 .text.f_printf
                0x0800674e      0x23c Dave/Generated/src/FATFS002/Src/ff.o
                0x0800674e                f_printf
 .text          0x0800698a        0x0 Dave/Generated/src/ETH004/ETH004_Conf.o
 .text          0x0800698a        0x0 Dave/Generated/src/ETH004/01_lwIP_Stack/src/netif/etharp.o
 .text.etharp_send_ip
                0x0800698a       0x30 Dave/Generated/src/ETH004/01_lwIP_Stack/src/netif/etharp.o
 .text.free_etharp_q
                0x080069ba       0x1a Dave/Generated/src/ETH004/01_lwIP_Stack/src/netif/etharp.o
 .text.find_entry
                0x080069d4      0x12c Dave/Generated/src/ETH004/01_lwIP_Stack/src/netif/etharp.o
 .text.update_arp_entry
                0x08006b00       0xac Dave/Generated/src/ETH004/01_lwIP_Stack/src/netif/etharp.o
 .text.etharp_tmr
                0x08006bac       0x40 Dave/Generated/src/ETH004/01_lwIP_Stack/src/netif/etharp.o
                0x08006bac                etharp_tmr
 .text.etharp_find_addr
                0x08006bec       0x3c Dave/Generated/src/ETH004/01_lwIP_Stack/src/netif/etharp.o
                0x08006bec                etharp_find_addr
 .text.etharp_ip_input
                0x08006c28       0x26 Dave/Generated/src/ETH004/01_lwIP_Stack/src/netif/etharp.o
                0x08006c28                etharp_ip_input
 .text.etharp_arp_input
                0x08006c4e       0xd4 Dave/Generated/src/ETH004/01_lwIP_Stack/src/netif/etharp.o
                0x08006c4e                etharp_arp_input
 *fill*         0x08006d22        0x2 00
 .text.etharp_request
                0x08006d24       0x98 Dave/Generated/src/ETH004/01_lwIP_Stack/src/netif/etharp.o
                0x08006d24                etharp_request
 .text.etharp_query
                0x08006dbc      0x114 Dave/Generated/src/ETH004/01_lwIP_Stack/src/netif/etharp.o
                0x08006dbc                etharp_query
 .text.etharp_output
                0x08006ed0       0xb8 Dave/Generated/src/ETH004/01_lwIP_Stack/src/netif/etharp.o
                0x08006ed0                etharp_output
 .text.ethernet_input
                0x08006f88       0x52 Dave/Generated/src/ETH004/01_lwIP_Stack/src/netif/etharp.o
                0x08006f88                ethernet_input
 .text          0x08006fda        0x0 Dave/Generated/src/ETH004/01_lwIP_Stack/src/netif/ethernetif.o
 .text.low_level_output
                0x08006fda       0x36 Dave/Generated/src/ETH004/01_lwIP_Stack/src/netif/ethernetif.o
 .text.lwip_Input
                0x08007010       0x5c Dave/Generated/src/ETH004/01_lwIP_Stack/src/netif/ethernetif.o
                0x08007010                lwip_Input
 .text.ethernetif_init
                0x0800706c       0x60 Dave/Generated/src/ETH004/01_lwIP_Stack/src/netif/ethernetif.o
                0x0800706c                ethernetif_init
 .text.Eth_Received_Data_Handler
                0x080070cc        0x4 Dave/Generated/src/ETH004/01_lwIP_Stack/src/netif/ethernetif.o
                0x080070cc                Eth_Received_Data_Handler
 .text          0x080070d0        0x0 Dave/Generated/src/ETH004/01_lwIP_Stack/src/netif/loopif.o
 .text          0x080070d0        0x0 Dave/Generated/src/ETH004/01_lwIP_Stack/src/netif/slipif.o
 .text          0x080070d0        0x0 Dave/Generated/src/ETH004/01_lwIP_Stack/src/core/dhcp.o
 .text          0x080070d0        0x0 Dave/Generated/src/ETH004/01_lwIP_Stack/src/core/dns.o
 .text.unlikely.dns_parse_name
                0x080070d0       0x18 Dave/Generated/src/ETH004/01_lwIP_Stack/src/core/dns.o
 .text.dns_send
                0x080070e8       0xc0 Dave/Generated/src/ETH004/01_lwIP_Stack/src/core/dns.o
 .text.dns_check_entry
                0x080071a8       0x94 Dave/Generated/src/ETH004/01_lwIP_Stack/src/core/dns.o
 .text.dns_recv
                0x0800723c      0x190 Dave/Generated/src/ETH004/01_lwIP_Stack/src/core/dns.o
 .text.dns_setserver
                0x080073cc       0x1c Dave/Generated/src/ETH004/01_lwIP_Stack/src/core/dns.o
                0x080073cc                dns_setserver
 .text.dns_init
                0x080073e8       0x44 Dave/Generated/src/ETH004/01_lwIP_Stack/src/core/dns.o
                0x080073e8                dns_init
 .text.dns_getserver
                0x0800742c       0x40 Dave/Generated/src/ETH004/01_lwIP_Stack/src/core/dns.o
                0x0800742c                dns_getserver
 .text.dns_tmr  0x0800746c       0x2c Dave/Generated/src/ETH004/01_lwIP_Stack/src/core/dns.o
                0x0800746c                dns_tmr
 .text.dns_gethostbyname
                0x08007498      0x110 Dave/Generated/src/ETH004/01_lwIP_Stack/src/core/dns.o
                0x08007498                dns_gethostbyname
 .text          0x080075a8        0x0 Dave/Generated/src/ETH004/01_lwIP_Stack/src/core/init.o
 .text.lwip_init
                0x080075a8       0x12 Dave/Generated/src/ETH004/01_lwIP_Stack/src/core/init.o
                0x080075a8                lwip_init
 .text          0x080075ba        0x0 Dave/Generated/src/ETH004/01_lwIP_Stack/src/core/mem.o
 *fill*         0x080075ba        0x2 00
 .text.mem_init
                0x080075bc       0x3c Dave/Generated/src/ETH004/01_lwIP_Stack/src/core/mem.o
                0x080075bc                mem_init
 .text.mem_free
                0x080075f8       0x90 Dave/Generated/src/ETH004/01_lwIP_Stack/src/core/mem.o
                0x080075f8                mem_free
 .text.mem_realloc
                0x08007688       0xa8 Dave/Generated/src/ETH004/01_lwIP_Stack/src/core/mem.o
                0x08007688                mem_realloc
 .text.mem_malloc
                0x08007730       0xac Dave/Generated/src/ETH004/01_lwIP_Stack/src/core/mem.o
                0x08007730                mem_malloc
 .text.mem_calloc
                0x080077dc       0x1c Dave/Generated/src/ETH004/01_lwIP_Stack/src/core/mem.o
                0x080077dc                mem_calloc
 .text          0x080077f8        0x0 Dave/Generated/src/ETH004/01_lwIP_Stack/src/core/memp.o
 .text          0x080077f8        0x0 Dave/Generated/src/ETH004/01_lwIP_Stack/src/core/netconf.o
 .text.Ethernetwait_Timer_CallBack
                0x080077f8        0xc Dave/Generated/src/ETH004/01_lwIP_Stack/src/core/netconf.o
                0x080077f8                Ethernetwait_Timer_CallBack
 .text.PeriodicTimerCallback
                0x08007804        0x2 Dave/Generated/src/ETH004/01_lwIP_Stack/src/core/netconf.o
                0x08007804                PeriodicTimerCallback
 *fill*         0x08007806        0x2 00
 .text.DeletePeriodicTimer
                0x08007808        0xc Dave/Generated/src/ETH004/01_lwIP_Stack/src/core/netconf.o
                0x08007808                DeletePeriodicTimer
 .text.OneShotTimerCallback
                0x08007814       0x38 Dave/Generated/src/ETH004/01_lwIP_Stack/src/core/netconf.o
                0x08007814                OneShotTimerCallback
 .text.lwIPStack_init
                0x0800784c      0x118 Dave/Generated/src/ETH004/01_lwIP_Stack/src/core/netconf.o
                0x0800784c                lwIPStack_init
 .text.LwIP_Periodic_Timer_CallBack
                0x08007964       0x78 Dave/Generated/src/ETH004/01_lwIP_Stack/src/core/netconf.o
                0x08007964                LwIP_Periodic_Timer_CallBack
 .text.Periodic_Timer_CallBack
                0x080079dc        0x6 Dave/Generated/src/ETH004/01_lwIP_Stack/src/core/netconf.o
                0x080079dc                Periodic_Timer_CallBack
 *fill*         0x080079e2        0x2 00
 .text.lwIPStack_UnInit
                0x080079e4       0x18 Dave/Generated/src/ETH004/01_lwIP_Stack/src/core/netconf.o
                0x080079e4                lwIPStack_UnInit
 .text          0x080079fc        0x0 Dave/Generated/src/ETH004/01_lwIP_Stack/src/core/netif.o
 .text.netif_remove
                0x080079fc       0x4c Dave/Generated/src/ETH004/01_lwIP_Stack/src/core/netif.o
                0x080079fc                netif_remove
 .text.netif_find
                0x08007a48       0x38 Dave/Generated/src/ETH004/01_lwIP_Stack/src/core/netif.o
                0x08007a48                netif_find
 .text.netif_set_ipaddr
                0x08007a80       0x50 Dave/Generated/src/ETH004/01_lwIP_Stack/src/core/netif.o
                0x08007a80                netif_set_ipaddr
 .text.netif_set_addr
                0x08007ad0       0x1a Dave/Generated/src/ETH004/01_lwIP_Stack/src/core/netif.o
                0x08007ad0                netif_set_addr
 *fill*         0x08007aea        0x2 00
 .text.netif_add
                0x08007aec       0x68 Dave/Generated/src/ETH004/01_lwIP_Stack/src/core/netif.o
                0x08007aec                netif_add
 .text.netif_set_gw
                0x08007b54        0x8 Dave/Generated/src/ETH004/01_lwIP_Stack/src/core/netif.o
                0x08007b54                netif_set_gw
 .text.netif_set_netmask
                0x08007b5c        0x8 Dave/Generated/src/ETH004/01_lwIP_Stack/src/core/netif.o
                0x08007b5c                netif_set_netmask
 .text.netif_set_default
                0x08007b64        0xc Dave/Generated/src/ETH004/01_lwIP_Stack/src/core/netif.o
                0x08007b64                netif_set_default
 .text.netif_set_up
                0x08007b70       0x1e Dave/Generated/src/ETH004/01_lwIP_Stack/src/core/netif.o
                0x08007b70                netif_set_up
 .text.netif_set_down
                0x08007b8e       0x12 Dave/Generated/src/ETH004/01_lwIP_Stack/src/core/netif.o
                0x08007b8e                netif_set_down
 .text.netif_is_up
                0x08007ba0        0xa Dave/Generated/src/ETH004/01_lwIP_Stack/src/core/netif.o
                0x08007ba0                netif_is_up
 .text          0x08007baa        0x0 Dave/Generated/src/ETH004/01_lwIP_Stack/src/core/pbuf.o
 .text.pbuf_header
                0x08007baa       0x58 Dave/Generated/src/ETH004/01_lwIP_Stack/src/core/pbuf.o
                0x08007baa                pbuf_header
 .text.pbuf_free
                0x08007c02       0x28 Dave/Generated/src/ETH004/01_lwIP_Stack/src/core/pbuf.o
                0x08007c02                pbuf_free
 .text.pbuf_realloc
                0x08007c2a       0x4c Dave/Generated/src/ETH004/01_lwIP_Stack/src/core/pbuf.o
                0x08007c2a                pbuf_realloc
 *fill*         0x08007c76        0x2 00
 .text.pbuf_alloc
                0x08007c78      0x11c Dave/Generated/src/ETH004/01_lwIP_Stack/src/core/pbuf.o
                0x08007c78                pbuf_alloc
 .text.pbuf_clen
                0x08007d94       0x10 Dave/Generated/src/ETH004/01_lwIP_Stack/src/core/pbuf.o
                0x08007d94                pbuf_clen
 .text.pbuf_ref
                0x08007da4        0xa Dave/Generated/src/ETH004/01_lwIP_Stack/src/core/pbuf.o
                0x08007da4                pbuf_ref
 .text.pbuf_cat
                0x08007dae       0x20 Dave/Generated/src/ETH004/01_lwIP_Stack/src/core/pbuf.o
                0x08007dae                pbuf_cat
 .text.pbuf_chain
                0x08007dce       0x12 Dave/Generated/src/ETH004/01_lwIP_Stack/src/core/pbuf.o
                0x08007dce                pbuf_chain
 .text.pbuf_dechain
                0x08007de0       0x26 Dave/Generated/src/ETH004/01_lwIP_Stack/src/core/pbuf.o
                0x08007de0                pbuf_dechain
 .text.pbuf_copy
                0x08007e06       0x92 Dave/Generated/src/ETH004/01_lwIP_Stack/src/core/pbuf.o
                0x08007e06                pbuf_copy
 .text.pbuf_copy_partial
                0x08007e98       0x5e Dave/Generated/src/ETH004/01_lwIP_Stack/src/core/pbuf.o
                0x08007e98                pbuf_copy_partial
 .text.pbuf_take
                0x08007ef6       0x48 Dave/Generated/src/ETH004/01_lwIP_Stack/src/core/pbuf.o
                0x08007ef6                pbuf_take
 .text.pbuf_coalesce
                0x08007f3e       0x28 Dave/Generated/src/ETH004/01_lwIP_Stack/src/core/pbuf.o
                0x08007f3e                pbuf_coalesce
 .text          0x08007f66        0x0 Dave/Generated/src/ETH004/01_lwIP_Stack/src/core/raw.o
 *fill*         0x08007f66        0x2 00
 .text.raw_input
                0x08007f68       0x6c Dave/Generated/src/ETH004/01_lwIP_Stack/src/core/raw.o
                0x08007f68                raw_input
 .text.raw_bind
                0x08007fd4        0xa Dave/Generated/src/ETH004/01_lwIP_Stack/src/core/raw.o
                0x08007fd4                raw_bind
 .text.raw_connect
                0x08007fde        0xa Dave/Generated/src/ETH004/01_lwIP_Stack/src/core/raw.o
                0x08007fde                raw_connect
 .text.raw_recv
                0x08007fe8        0x6 Dave/Generated/src/ETH004/01_lwIP_Stack/src/core/raw.o
                0x08007fe8                raw_recv
 .text.raw_sendto
                0x08007fee       0x86 Dave/Generated/src/ETH004/01_lwIP_Stack/src/core/raw.o
                0x08007fee                raw_sendto
 .text.raw_send
                0x08008074        0x6 Dave/Generated/src/ETH004/01_lwIP_Stack/src/core/raw.o
                0x08008074                raw_send
 *fill*         0x0800807a        0x2 00
 .text.raw_remove
                0x0800807c       0x28 Dave/Generated/src/ETH004/01_lwIP_Stack/src/core/raw.o
                0x0800807c                raw_remove
 .text.raw_new  0x080080a4       0x34 Dave/Generated/src/ETH004/01_lwIP_Stack/src/core/raw.o
                0x080080a4                raw_new
 .text          0x080080d8        0x0 Dave/Generated/src/ETH004/01_lwIP_Stack/src/core/stats.o
 .text          0x080080d8        0x0 Dave/Generated/src/ETH004/01_lwIP_Stack/src/core/sys.o
 .text          0x080080d8        0x0 Dave/Generated/src/ETH004/01_lwIP_Stack/src/core/tcp.o
 .text.tcp_accept_null
                0x080080d8        0x6 Dave/Generated/src/ETH004/01_lwIP_Stack/src/core/tcp.o
 *fill*         0x080080de        0x2 00
 .text.tcp_new_port
                0x080080e0       0x60 Dave/Generated/src/ETH004/01_lwIP_Stack/src/core/tcp.o
 .text.tcp_bind
                0x08008140       0xbc Dave/Generated/src/ETH004/01_lwIP_Stack/src/core/tcp.o
                0x08008140                tcp_bind
 .text.tcp_listen_with_backlog
                0x080081fc       0x90 Dave/Generated/src/ETH004/01_lwIP_Stack/src/core/tcp.o
                0x080081fc                tcp_listen_with_backlog
 .text.tcp_update_rcv_ann_wnd
                0x0800828c       0x38 Dave/Generated/src/ETH004/01_lwIP_Stack/src/core/tcp.o
                0x0800828c                tcp_update_rcv_ann_wnd
 .text.tcp_recved
                0x080082c4       0x3c Dave/Generated/src/ETH004/01_lwIP_Stack/src/core/tcp.o
                0x080082c4                tcp_recved
 .text.tcp_seg_free
                0x08008300       0x1e Dave/Generated/src/ETH004/01_lwIP_Stack/src/core/tcp.o
                0x08008300                tcp_seg_free
 .text.tcp_segs_free
                0x0800831e       0x18 Dave/Generated/src/ETH004/01_lwIP_Stack/src/core/tcp.o
                0x0800831e                tcp_segs_free
 .text.tcp_setprio
                0x08008336        0x4 Dave/Generated/src/ETH004/01_lwIP_Stack/src/core/tcp.o
                0x08008336                tcp_setprio
 .text.tcp_arg  0x0800833a        0x4 Dave/Generated/src/ETH004/01_lwIP_Stack/src/core/tcp.o
                0x0800833a                tcp_arg
 .text.tcp_recv
                0x0800833e        0x6 Dave/Generated/src/ETH004/01_lwIP_Stack/src/core/tcp.o
                0x0800833e                tcp_recv
 .text.tcp_sent
                0x08008344        0x6 Dave/Generated/src/ETH004/01_lwIP_Stack/src/core/tcp.o
                0x08008344                tcp_sent
 .text.tcp_err  0x0800834a        0x6 Dave/Generated/src/ETH004/01_lwIP_Stack/src/core/tcp.o
                0x0800834a                tcp_err
 .text.tcp_accept
                0x08008350        0x4 Dave/Generated/src/ETH004/01_lwIP_Stack/src/core/tcp.o
                0x08008350                tcp_accept
 .text.tcp_poll
                0x08008354        0xa Dave/Generated/src/ETH004/01_lwIP_Stack/src/core/tcp.o
                0x08008354                tcp_poll
 .text.tcp_pcb_purge
                0x0800835e       0x30 Dave/Generated/src/ETH004/01_lwIP_Stack/src/core/tcp.o
                0x0800835e                tcp_pcb_purge
 *fill*         0x0800838e        0x2 00
 .text.tcp_slowtmr
                0x08008390      0x22c Dave/Generated/src/ETH004/01_lwIP_Stack/src/core/tcp.o
                0x08008390                tcp_slowtmr
 .text.tcp_pcb_remove
                0x080085bc       0x60 Dave/Generated/src/ETH004/01_lwIP_Stack/src/core/tcp.o
                0x080085bc                tcp_pcb_remove
 .text.tcp_abandon
                0x0800861c       0x8c Dave/Generated/src/ETH004/01_lwIP_Stack/src/core/tcp.o
                0x0800861c                tcp_abandon
 .text.tcp_close
                0x080086a8       0x8c Dave/Generated/src/ETH004/01_lwIP_Stack/src/core/tcp.o
                0x080086a8                tcp_close
 .text.tcp_recv_null
                0x08008734       0x24 Dave/Generated/src/ETH004/01_lwIP_Stack/src/core/tcp.o
                0x08008734                tcp_recv_null
 .text.tcp_fasttmr
                0x08008758       0x58 Dave/Generated/src/ETH004/01_lwIP_Stack/src/core/tcp.o
                0x08008758                tcp_fasttmr
 .text.tcp_tmr  0x080087b0       0x24 Dave/Generated/src/ETH004/01_lwIP_Stack/src/core/tcp.o
                0x080087b0                tcp_tmr
 .text.tcp_next_iss
                0x080087d4       0x18 Dave/Generated/src/ETH004/01_lwIP_Stack/src/core/tcp.o
                0x080087d4                tcp_next_iss
 .text.tcp_alloc
                0x080087ec      0x114 Dave/Generated/src/ETH004/01_lwIP_Stack/src/core/tcp.o
                0x080087ec                tcp_alloc
 .text.tcp_new  0x08008900        0x6 Dave/Generated/src/ETH004/01_lwIP_Stack/src/core/tcp.o
                0x08008900                tcp_new
 .text.tcp_eff_send_mss
                0x08008906       0x1e Dave/Generated/src/ETH004/01_lwIP_Stack/src/core/tcp.o
                0x08008906                tcp_eff_send_mss
 .text.tcp_connect
                0x08008924       0xc8 Dave/Generated/src/ETH004/01_lwIP_Stack/src/core/tcp.o
                0x08008924                tcp_connect
 .text.tcp_debug_state_str
                0x080089ec       0x10 Dave/Generated/src/ETH004/01_lwIP_Stack/src/core/tcp.o
                0x080089ec                tcp_debug_state_str
 .text          0x080089fc        0x0 Dave/Generated/src/ETH004/01_lwIP_Stack/src/core/tcp_in.o
 .text.tcp_parseopt
                0x080089fc       0x80 Dave/Generated/src/ETH004/01_lwIP_Stack/src/core/tcp_in.o
 .text.tcp_receive
                0x08008a7c      0x474 Dave/Generated/src/ETH004/01_lwIP_Stack/src/core/tcp_in.o
 .text.tcp_input
                0x08008ef0      0x7dc Dave/Generated/src/ETH004/01_lwIP_Stack/src/core/tcp_in.o
                0x08008ef0                tcp_input
 .text          0x080096cc        0x0 Dave/Generated/src/ETH004/01_lwIP_Stack/src/core/tcp_out.o
 .text.tcp_output_set_header.constprop.0
                0x080096cc       0x6a Dave/Generated/src/ETH004/01_lwIP_Stack/src/core/tcp_out.o
 *fill*         0x08009736        0x2 00
 .text.tcp_enqueue
                0x08009738      0x394 Dave/Generated/src/ETH004/01_lwIP_Stack/src/core/tcp_out.o
                0x08009738                tcp_enqueue
 .text.tcp_write
                0x08009acc       0x2e Dave/Generated/src/ETH004/01_lwIP_Stack/src/core/tcp_out.o
                0x08009acc                tcp_write
 .text.tcp_send_ctrl
                0x08009afa       0x14 Dave/Generated/src/ETH004/01_lwIP_Stack/src/core/tcp_out.o
                0x08009afa                tcp_send_ctrl
 .text.tcp_send_empty_ack
                0x08009b0e       0x52 Dave/Generated/src/ETH004/01_lwIP_Stack/src/core/tcp_out.o
                0x08009b0e                tcp_send_empty_ack
 .text.tcp_output
                0x08009b60      0x258 Dave/Generated/src/ETH004/01_lwIP_Stack/src/core/tcp_out.o
                0x08009b60                tcp_output
 .text.tcp_rst  0x08009db8       0xa8 Dave/Generated/src/ETH004/01_lwIP_Stack/src/core/tcp_out.o
                0x08009db8                tcp_rst
 .text.tcp_rexmit_rto
                0x08009e60       0x2e Dave/Generated/src/ETH004/01_lwIP_Stack/src/core/tcp_out.o
                0x08009e60                tcp_rexmit_rto
 .text.tcp_rexmit
                0x08009e8e       0x48 Dave/Generated/src/ETH004/01_lwIP_Stack/src/core/tcp_out.o
                0x08009e8e                tcp_rexmit
 .text.tcp_rexmit_fast
                0x08009ed6       0x5e Dave/Generated/src/ETH004/01_lwIP_Stack/src/core/tcp_out.o
                0x08009ed6                tcp_rexmit_fast
 .text.tcp_keepalive
                0x08009f34       0x48 Dave/Generated/src/ETH004/01_lwIP_Stack/src/core/tcp_out.o
                0x08009f34                tcp_keepalive
 .text.tcp_zero_window_probe
                0x08009f7c       0xa2 Dave/Generated/src/ETH004/01_lwIP_Stack/src/core/tcp_out.o
                0x08009f7c                tcp_zero_window_probe
 .text          0x0800a01e        0x0 Dave/Generated/src/ETH004/01_lwIP_Stack/src/core/udp.o
 *fill*         0x0800a01e        0x2 00
 .text.udp_input
                0x0800a020      0x16c Dave/Generated/src/ETH004/01_lwIP_Stack/src/core/udp.o
                0x0800a020                udp_input
 .text.udp_bind
                0x0800a18c       0x58 Dave/Generated/src/ETH004/01_lwIP_Stack/src/core/udp.o
                0x0800a18c                udp_bind
 .text.udp_sendto_if
                0x0800a1e4       0xba Dave/Generated/src/ETH004/01_lwIP_Stack/src/core/udp.o
                0x0800a1e4                udp_sendto_if
 .text.udp_sendto
                0x0800a29e       0x4c Dave/Generated/src/ETH004/01_lwIP_Stack/src/core/udp.o
                0x0800a29e                udp_sendto
 .text.udp_send
                0x0800a2ea        0x8 Dave/Generated/src/ETH004/01_lwIP_Stack/src/core/udp.o
                0x0800a2ea                udp_send
 *fill*         0x0800a2f2        0x2 00
 .text.udp_connect
                0x0800a2f4       0x4c Dave/Generated/src/ETH004/01_lwIP_Stack/src/core/udp.o
                0x0800a2f4                udp_connect
 .text.udp_disconnect
                0x0800a340       0x18 Dave/Generated/src/ETH004/01_lwIP_Stack/src/core/udp.o
                0x0800a340                udp_disconnect
 .text.udp_recv
                0x0800a358        0x6 Dave/Generated/src/ETH004/01_lwIP_Stack/src/core/udp.o
                0x0800a358                udp_recv
 *fill*         0x0800a35e        0x2 00
 .text.udp_remove
                0x0800a360       0x28 Dave/Generated/src/ETH004/01_lwIP_Stack/src/core/udp.o
                0x0800a360                udp_remove
 .text.udp_new  0x0800a388       0x24 Dave/Generated/src/ETH004/01_lwIP_Stack/src/core/udp.o
                0x0800a388                udp_new
 .text          0x0800a3ac        0x0 Dave/Generated/src/ETH004/01_lwIP_Stack/src/core/ipv4/autoip.o
 .text          0x0800a3ac        0x0 Dave/Generated/src/ETH004/01_lwIP_Stack/src/core/ipv4/icmp.o
 .text.icmp_send_response
                0x0800a3ac       0x7c Dave/Generated/src/ETH004/01_lwIP_Stack/src/core/ipv4/icmp.o
 .text.icmp_input
                0x0800a428       0xf0 Dave/Generated/src/ETH004/01_lwIP_Stack/src/core/ipv4/icmp.o
                0x0800a428                icmp_input
 .text.icmp_dest_unreach
                0x0800a518        0x8 Dave/Generated/src/ETH004/01_lwIP_Stack/src/core/ipv4/icmp.o
                0x0800a518                icmp_dest_unreach
 .text.icmp_time_exceeded
                0x0800a520        0x8 Dave/Generated/src/ETH004/01_lwIP_Stack/src/core/ipv4/icmp.o
                0x0800a520                icmp_time_exceeded
 .text          0x0800a528        0x0 Dave/Generated/src/ETH004/01_lwIP_Stack/src/core/ipv4/igmp.o
 .text.igmp_init
                0x0800a528       0x24 Dave/Generated/src/ETH004/01_lwIP_Stack/src/core/ipv4/igmp.o
                0x0800a528                igmp_init
 .text.igmp_stop
                0x0800a54c       0x48 Dave/Generated/src/ETH004/01_lwIP_Stack/src/core/ipv4/igmp.o
                0x0800a54c                igmp_stop
 .text.igmp_lookfor_group
                0x0800a594       0x24 Dave/Generated/src/ETH004/01_lwIP_Stack/src/core/ipv4/igmp.o
                0x0800a594                igmp_lookfor_group
 .text.igmp_lookup_group
                0x0800a5b8       0x40 Dave/Generated/src/ETH004/01_lwIP_Stack/src/core/ipv4/igmp.o
                0x0800a5b8                igmp_lookup_group
 .text.igmp_start
                0x0800a5f8       0x34 Dave/Generated/src/ETH004/01_lwIP_Stack/src/core/ipv4/igmp.o
                0x0800a5f8                igmp_start
 .text.igmp_remove_group
                0x0800a62c       0x30 Dave/Generated/src/ETH004/01_lwIP_Stack/src/core/ipv4/igmp.o
                0x0800a62c                igmp_remove_group
 .text.igmp_start_timer
                0x0800a65c        0x4 Dave/Generated/src/ETH004/01_lwIP_Stack/src/core/ipv4/igmp.o
                0x0800a65c                igmp_start_timer
 .text.igmp_stop_timer
                0x0800a660        0x6 Dave/Generated/src/ETH004/01_lwIP_Stack/src/core/ipv4/igmp.o
                0x0800a660                igmp_stop_timer
 .text.igmp_delaying_member
                0x0800a666       0x1a Dave/Generated/src/ETH004/01_lwIP_Stack/src/core/ipv4/igmp.o
                0x0800a666                igmp_delaying_member
 .text.igmp_input
                0x0800a680       0xc4 Dave/Generated/src/ETH004/01_lwIP_Stack/src/core/ipv4/igmp.o
                0x0800a680                igmp_input
 .text.igmp_report_groups
                0x0800a744       0x24 Dave/Generated/src/ETH004/01_lwIP_Stack/src/core/ipv4/igmp.o
                0x0800a744                igmp_report_groups
 .text.igmp_ip_output_if
                0x0800a768       0x46 Dave/Generated/src/ETH004/01_lwIP_Stack/src/core/ipv4/igmp.o
                0x0800a768                igmp_ip_output_if
 *fill*         0x0800a7ae        0x2 00
 .text.igmp_send
                0x0800a7b0       0x88 Dave/Generated/src/ETH004/01_lwIP_Stack/src/core/ipv4/igmp.o
                0x0800a7b0                igmp_send
 .text.igmp_timeout
                0x0800a838        0xe Dave/Generated/src/ETH004/01_lwIP_Stack/src/core/ipv4/igmp.o
                0x0800a838                igmp_timeout
 *fill*         0x0800a846        0x2 00
 .text.igmp_tmr
                0x0800a848       0x24 Dave/Generated/src/ETH004/01_lwIP_Stack/src/core/ipv4/igmp.o
                0x0800a848                igmp_tmr
 .text.igmp_leavegroup
                0x0800a86c       0x9c Dave/Generated/src/ETH004/01_lwIP_Stack/src/core/ipv4/igmp.o
                0x0800a86c                igmp_leavegroup
 .text.igmp_joingroup
                0x0800a908       0x98 Dave/Generated/src/ETH004/01_lwIP_Stack/src/core/ipv4/igmp.o
                0x0800a908                igmp_joingroup
 .text          0x0800a9a0        0x0 Dave/Generated/src/ETH004/01_lwIP_Stack/src/core/ipv4/inet.o
 .text.inet_ntoa
                0x0800a9a0       0x6c Dave/Generated/src/ETH004/01_lwIP_Stack/src/core/ipv4/inet.o
                0x0800a9a0                inet_ntoa
 .text.htons    0x0800aa0c        0xa Dave/Generated/src/ETH004/01_lwIP_Stack/src/core/ipv4/inet.o
                0x0800aa0c                htons
 .text.ntohs    0x0800aa16        0xa Dave/Generated/src/ETH004/01_lwIP_Stack/src/core/ipv4/inet.o
                0x0800aa16                ntohs
 .text.htonl    0x0800aa20        0x4 Dave/Generated/src/ETH004/01_lwIP_Stack/src/core/ipv4/inet.o
                0x0800aa20                htonl
 .text.inet_aton
                0x0800aa24      0x106 Dave/Generated/src/ETH004/01_lwIP_Stack/src/core/ipv4/inet.o
                0x0800aa24                inet_aton
 .text.inet_addr
                0x0800ab2a       0x14 Dave/Generated/src/ETH004/01_lwIP_Stack/src/core/ipv4/inet.o
                0x0800ab2a                inet_addr
 .text.ntohl    0x0800ab3e        0x4 Dave/Generated/src/ETH004/01_lwIP_Stack/src/core/ipv4/inet.o
                0x0800ab3e                ntohl
 .text          0x0800ab42        0x0 Dave/Generated/src/ETH004/01_lwIP_Stack/src/core/ipv4/inet_chksum.o
 .text.lwip_standard_chksum
                0x0800ab42       0x44 Dave/Generated/src/ETH004/01_lwIP_Stack/src/core/ipv4/inet_chksum.o
 .text.inet_chksum_pseudo
                0x0800ab86       0x84 Dave/Generated/src/ETH004/01_lwIP_Stack/src/core/ipv4/inet_chksum.o
                0x0800ab86                inet_chksum_pseudo
 .text.inet_chksum
                0x0800ac0a        0xc Dave/Generated/src/ETH004/01_lwIP_Stack/src/core/ipv4/inet_chksum.o
                0x0800ac0a                inet_chksum
 .text.inet_chksum_pbuf
                0x0800ac16       0x46 Dave/Generated/src/ETH004/01_lwIP_Stack/src/core/ipv4/inet_chksum.o
                0x0800ac16                inet_chksum_pbuf
 .text          0x0800ac5c        0x0 Dave/Generated/src/ETH004/01_lwIP_Stack/src/core/ipv4/ip.o
 .text.ip_route
                0x0800ac5c       0x3c Dave/Generated/src/ETH004/01_lwIP_Stack/src/core/ipv4/ip.o
                0x0800ac5c                ip_route
 .text.ip_input
                0x0800ac98      0x1c0 Dave/Generated/src/ETH004/01_lwIP_Stack/src/core/ipv4/ip.o
                0x0800ac98                ip_input
 .text.ip_output_if_opt
                0x0800ae58      0x134 Dave/Generated/src/ETH004/01_lwIP_Stack/src/core/ipv4/ip.o
                0x0800ae58                ip_output_if_opt
 .text.ip_output_if
                0x0800af8c       0x22 Dave/Generated/src/ETH004/01_lwIP_Stack/src/core/ipv4/ip.o
                0x0800af8c                ip_output_if
 .text.ip_output
                0x0800afae       0x38 Dave/Generated/src/ETH004/01_lwIP_Stack/src/core/ipv4/ip.o
                0x0800afae                ip_output
 .text          0x0800afe6        0x0 Dave/Generated/src/ETH004/01_lwIP_Stack/src/core/ipv4/ip_addr.o
 .text.ip_addr_isbroadcast
                0x0800afe6       0x32 Dave/Generated/src/ETH004/01_lwIP_Stack/src/core/ipv4/ip_addr.o
                0x0800afe6                ip_addr_isbroadcast
 .text          0x0800b018        0x0 Dave/Generated/src/ETH004/01_lwIP_Stack/src/core/ipv4/ip_frag.o
 .text.ip_reass_free_complete_datagram
                0x0800b018       0x84 Dave/Generated/src/ETH004/01_lwIP_Stack/src/core/ipv4/ip_frag.o
 .text.ip_reass_remove_oldest_datagram
                0x0800b09c       0x6c Dave/Generated/src/ETH004/01_lwIP_Stack/src/core/ipv4/ip_frag.o
 .text.ip_reass_tmr
                0x0800b108       0x28 Dave/Generated/src/ETH004/01_lwIP_Stack/src/core/ipv4/ip_frag.o
                0x0800b108                ip_reass_tmr
 .text.ip_reass
                0x0800b130      0x294 Dave/Generated/src/ETH004/01_lwIP_Stack/src/core/ipv4/ip_frag.o
                0x0800b130                ip_reass
 .text.ip_frag  0x0800b3c4      0x15c Dave/Generated/src/ETH004/01_lwIP_Stack/src/core/ipv4/ip_frag.o
                0x0800b3c4                ip_frag
 .text          0x0800b520        0x0 Dave/Generated/src/ETH004/01_lwIP_Stack/src/api/api_lib.o
 .text          0x0800b520        0x0 Dave/Generated/src/ETH004/01_lwIP_Stack/src/api/api_msg.o
 .text          0x0800b520        0x0 Dave/Generated/src/ETH004/01_lwIP_Stack/src/api/err.o
 .text          0x0800b520        0x0 Dave/Generated/src/ETH004/01_lwIP_Stack/src/api/netbuf.o
 .text          0x0800b520        0x0 Dave/Generated/src/ETH004/01_lwIP_Stack/src/api/netdb.o
 .text          0x0800b520        0x0 Dave/Generated/src/ETH004/01_lwIP_Stack/src/api/netifapi.o
 .text          0x0800b520        0x0 Dave/Generated/src/ETH004/01_lwIP_Stack/src/api/sockets.o
 .text          0x0800b520        0x0 Dave/Generated/src/ETH004/01_lwIP_Stack/src/api/tcpip.o
 .text          0x0800b520        0x0 Dave/Generated/src/ETH004/01_lwIP_Stack/port/arch/sys/sys_arch.o
 .text          0x0800b520        0x0 Dave/Generated/src/ETH002/EthernetPHY.o
 .text.PHY_lWriteReg.constprop.0
                0x0800b520       0x3c Dave/Generated/src/ETH002/EthernetPHY.o
 .text.PHY_lReadReg.constprop.1
                0x0800b55c       0x40 Dave/Generated/src/ETH002/EthernetPHY.o
 .text.PHY_IsLinkUP
                0x0800b59c       0x32 Dave/Generated/src/ETH002/EthernetPHY.o
                0x0800b59c                PHY_IsLinkUP
 *fill*         0x0800b5ce        0x2 00
 .text.PHY_InitializeDevice
                0x0800b5d0       0xfc Dave/Generated/src/ETH002/EthernetPHY.o
                0x0800b5d0                PHY_InitializeDevice
 .text.PHY_RegisterTimerCallback
                0x0800b6cc        0xc Dave/Generated/src/ETH002/EthernetPHY.o
                0x0800b6cc                PHY_RegisterTimerCallback
 .text          0x0800b6d8        0x0 Dave/Generated/src/ETH001/DMA_Descriptors.o
 .text          0x0800b6d8        0x0 Dave/Generated/src/ETH001/synopGMAC_Dev.o
 .text.synopGMAC_set_tx_address
                0x0800b6d8       0x14 Dave/Generated/src/ETH001/synopGMAC_Dev.o
                0x0800b6d8                synopGMAC_set_tx_address
 .text.synopGMAC_RegisterOneShotTimerCallback
                0x0800b6ec        0xc Dave/Generated/src/ETH001/synopGMAC_Dev.o
                0x0800b6ec                synopGMAC_RegisterOneShotTimerCallback
 .text.synopGMAC_set_mdc_clk_div
                0x0800b6f8       0x20 Dave/Generated/src/ETH001/synopGMAC_Dev.o
                0x0800b6f8                synopGMAC_set_mdc_clk_div
 .text.synopGMAC_get_mdc_clk_div
                0x0800b718       0x10 Dave/Generated/src/ETH001/synopGMAC_Dev.o
                0x0800b718                synopGMAC_get_mdc_clk_div
 .text.synopGMAC_read_version
                0x0800b728       0x12 Dave/Generated/src/ETH001/synopGMAC_Dev.o
                0x0800b728                synopGMAC_read_version
 .text.synopGMAC_rmii_100mbps_enable
                0x0800b73a        0xc Dave/Generated/src/ETH001/synopGMAC_Dev.o
                0x0800b73a                synopGMAC_rmii_100mbps_enable
 *fill*         0x0800b746        0x2 00
 .text.synopGMAC_reset
                0x0800b748       0x2c Dave/Generated/src/ETH001/synopGMAC_Dev.o
                0x0800b748                synopGMAC_reset
 .text.synopGMAC_dma_bus_mode_init
                0x0800b774       0x10 Dave/Generated/src/ETH001/synopGMAC_Dev.o
                0x0800b774                synopGMAC_dma_bus_mode_init
 .text.synopGMAC_dma_control_init
                0x0800b784       0x10 Dave/Generated/src/ETH001/synopGMAC_Dev.o
                0x0800b784                synopGMAC_dma_control_init
 .text.synopGMAC_wd_enable
                0x0800b794        0xc Dave/Generated/src/ETH001/synopGMAC_Dev.o
                0x0800b794                synopGMAC_wd_enable
 .text.synopGMAC_wd_disable
                0x0800b7a0        0xc Dave/Generated/src/ETH001/synopGMAC_Dev.o
                0x0800b7a0                synopGMAC_wd_disable
 .text.synopGMAC_jab_enable
                0x0800b7ac        0xc Dave/Generated/src/ETH001/synopGMAC_Dev.o
                0x0800b7ac                synopGMAC_jab_enable
 .text.synopGMAC_jab_disable
                0x0800b7b8        0xc Dave/Generated/src/ETH001/synopGMAC_Dev.o
                0x0800b7b8                synopGMAC_jab_disable
 .text.synopGMAC_frame_burst_enable
                0x0800b7c4        0xc Dave/Generated/src/ETH001/synopGMAC_Dev.o
                0x0800b7c4                synopGMAC_frame_burst_enable
 .text.synopGMAC_frame_burst_disable
                0x0800b7d0        0xc Dave/Generated/src/ETH001/synopGMAC_Dev.o
                0x0800b7d0                synopGMAC_frame_burst_disable
 .text.synopGMAC_jumbo_frame_enable
                0x0800b7dc        0xc Dave/Generated/src/ETH001/synopGMAC_Dev.o
                0x0800b7dc                synopGMAC_jumbo_frame_enable
 .text.synopGMAC_jumbo_frame_disable
                0x0800b7e8        0xc Dave/Generated/src/ETH001/synopGMAC_Dev.o
                0x0800b7e8                synopGMAC_jumbo_frame_disable
 .text.synopGMAC_disable_crs
                0x0800b7f4        0xc Dave/Generated/src/ETH001/synopGMAC_Dev.o
                0x0800b7f4                synopGMAC_disable_crs
 .text.synopGMAC_select_gmii
                0x0800b800        0xc Dave/Generated/src/ETH001/synopGMAC_Dev.o
                0x0800b800                synopGMAC_select_gmii
 .text.synopGMAC_select_mii
                0x0800b80c        0xc Dave/Generated/src/ETH001/synopGMAC_Dev.o
                0x0800b80c                synopGMAC_select_mii
 .text.synopGMAC_rx_own_enable
                0x0800b818        0xc Dave/Generated/src/ETH001/synopGMAC_Dev.o
                0x0800b818                synopGMAC_rx_own_enable
 .text.synopGMAC_rx_own_disable
                0x0800b824        0xc Dave/Generated/src/ETH001/synopGMAC_Dev.o
                0x0800b824                synopGMAC_rx_own_disable
 .text.synopGMAC_loopback_on
                0x0800b830        0xc Dave/Generated/src/ETH001/synopGMAC_Dev.o
                0x0800b830                synopGMAC_loopback_on
 .text.synopGMAC_loopback_off
                0x0800b83c        0xc Dave/Generated/src/ETH001/synopGMAC_Dev.o
                0x0800b83c                synopGMAC_loopback_off
 .text.synopGMAC_set_full_duplex
                0x0800b848        0xc Dave/Generated/src/ETH001/synopGMAC_Dev.o
                0x0800b848                synopGMAC_set_full_duplex
 .text.synopGMAC_set_half_duplex
                0x0800b854        0xc Dave/Generated/src/ETH001/synopGMAC_Dev.o
                0x0800b854                synopGMAC_set_half_duplex
 .text.synopGMAC_retry_enable
                0x0800b860        0xc Dave/Generated/src/ETH001/synopGMAC_Dev.o
                0x0800b860                synopGMAC_retry_enable
 .text.synopGMAC_retry_disable
                0x0800b86c        0xc Dave/Generated/src/ETH001/synopGMAC_Dev.o
                0x0800b86c                synopGMAC_retry_disable
 .text.synopGMAC_pad_crc_strip_enable
                0x0800b878        0xa Dave/Generated/src/ETH001/synopGMAC_Dev.o
                0x0800b878                synopGMAC_pad_crc_strip_enable
 .text.synopGMAC_pad_crc_strip_disable
                0x0800b882        0xa Dave/Generated/src/ETH001/synopGMAC_Dev.o
                0x0800b882                synopGMAC_pad_crc_strip_disable
 .text.synopGMAC_back_off_limit
                0x0800b88c       0x20 Dave/Generated/src/ETH001/synopGMAC_Dev.o
                0x0800b88c                synopGMAC_back_off_limit
 .text.synopGMAC_deferral_check_enable
                0x0800b8ac        0xa Dave/Generated/src/ETH001/synopGMAC_Dev.o
                0x0800b8ac                synopGMAC_deferral_check_enable
 .text.synopGMAC_deferral_check_disable
                0x0800b8b6        0xa Dave/Generated/src/ETH001/synopGMAC_Dev.o
                0x0800b8b6                synopGMAC_deferral_check_disable
 .text.synopGMAC_rx_enable
                0x0800b8c0        0xa Dave/Generated/src/ETH001/synopGMAC_Dev.o
                0x0800b8c0                synopGMAC_rx_enable
 .text.synopGMAC_rx_disable
                0x0800b8ca        0xa Dave/Generated/src/ETH001/synopGMAC_Dev.o
                0x0800b8ca                synopGMAC_rx_disable