Archive member included because of file (symbol)

c:/dave-3.1.10/arm-gcc/bin/../lib/gcc/arm-none-eabi/4.7.4/armv7e-m\libgcc.a(_arm_addsubdf3.o)
                              Main.o (__aeabi_i2d)
c:/dave-3.1.10/arm-gcc/bin/../lib/gcc/arm-none-eabi/4.7.4/armv7e-m\libgcc.a(_arm_muldivdf3.o)
                              Main.o (__aeabi_dmul)
c:/dave-3.1.10/arm-gcc/bin/../lib/gcc/arm-none-eabi/4.7.4/armv7e-m\libgcc.a(_arm_fixunsdfsi.o)
                              Main.o (__aeabi_d2uiz)
c:/dave-3.1.10/arm-gcc/bin/../lib/gcc/arm-none-eabi/4.7.4/../../../../arm-none-eabi/lib/armv7e-m\libc.a(lib_a-calloc.o)
                              Dave/Generated/src/SLTHA001/SLTHA001.o (calloc)
c:/dave-3.1.10/arm-gcc/bin/../lib/gcc/arm-none-eabi/4.7.4/../../../../arm-none-eabi/lib/armv7e-m\libc.a(lib_a-errno.o)
                              Dave/Generated/src/SLTHA001/SLTHA001.o (__errno)
c:/dave-3.1.10/arm-gcc/bin/../lib/gcc/arm-none-eabi/4.7.4/../../../../arm-none-eabi/lib/armv7e-m\libc.a(lib_a-fclose.o)
                              Dave/Generated/src/WEBSERVER001/HTTPServer/fs.o (fclose)
c:/dave-3.1.10/arm-gcc/bin/../lib/gcc/arm-none-eabi/4.7.4/../../../../arm-none-eabi/lib/armv7e-m\libc.a(lib_a-fflush.o)
                              c:/dave-3.1.10/arm-gcc/bin/../lib/gcc/arm-none-eabi/4.7.4/../../../../arm-none-eabi/lib/armv7e-m\libc.a(lib_a-fclose.o) (_fflush_r)
c:/dave-3.1.10/arm-gcc/bin/../lib/gcc/arm-none-eabi/4.7.4/../../../../arm-none-eabi/lib/armv7e-m\libc.a(lib_a-findfp.o)
                              c:/dave-3.1.10/arm-gcc/bin/../lib/gcc/arm-none-eabi/4.7.4/../../../../arm-none-eabi/lib/armv7e-m\libc.a(lib_a-fclose.o) (__sinit)
c:/dave-3.1.10/arm-gcc/bin/../lib/gcc/arm-none-eabi/4.7.4/../../../../arm-none-eabi/lib/armv7e-m\libc.a(lib_a-fopen.o)
                              Dave/Generated/src/WEBSERVER001/HTTPServer/fs.o (fopen)
c:/dave-3.1.10/arm-gcc/bin/../lib/gcc/arm-none-eabi/4.7.4/../../../../arm-none-eabi/lib/armv7e-m\libc.a(lib_a-fread.o)
                              Dave/Generated/src/WEBSERVER001/HTTPServer/fs.o (fread)
c:/dave-3.1.10/arm-gcc/bin/../lib/gcc/arm-none-eabi/4.7.4/../../../../arm-none-eabi/lib/armv7e-m\libc.a(lib_a-fseek.o)
                              c:/dave-3.1.10/arm-gcc/bin/../lib/gcc/arm-none-eabi/4.7.4/../../../../arm-none-eabi/lib/armv7e-m\libc.a(lib_a-fopen.o) (_fseek_r)
c:/dave-3.1.10/arm-gcc/bin/../lib/gcc/arm-none-eabi/4.7.4/../../../../arm-none-eabi/lib/armv7e-m\libc.a(lib_a-fstatr.o)
                              c:/dave-3.1.10/arm-gcc/bin/../lib/gcc/arm-none-eabi/4.7.4/../../../../arm-none-eabi/lib/armv7e-m\libc.a(lib_a-fseek.o) (_fstat_r)
c:/dave-3.1.10/arm-gcc/bin/../lib/gcc/arm-none-eabi/4.7.4/../../../../arm-none-eabi/lib/armv7e-m\libc.a(lib_a-fwalk.o)
                              c:/dave-3.1.10/arm-gcc/bin/../lib/gcc/arm-none-eabi/4.7.4/../../../../arm-none-eabi/lib/armv7e-m\libc.a(lib_a-findfp.o) (_fwalk)
c:/dave-3.1.10/arm-gcc/bin/../lib/gcc/arm-none-eabi/4.7.4/../../../../arm-none-eabi/lib/armv7e-m\libc.a(lib_a-impure.o)
                              c:/dave-3.1.10/arm-gcc/bin/../lib/gcc/arm-none-eabi/4.7.4/../../../../arm-none-eabi/lib/armv7e-m\libc.a(lib_a-fflush.o) (_global_impure_ptr)
c:/dave-3.1.10/arm-gcc/bin/../lib/gcc/arm-none-eabi/4.7.4/../../../../arm-none-eabi/lib/armv7e-m\libc.a(lib_a-init.o)
                              Startup/startup_XMC4500.o (__libc_init_array)
c:/dave-3.1.10/arm-gcc/bin/../lib/gcc/arm-none-eabi/4.7.4/../../../../arm-none-eabi/lib/armv7e-m\libc.a(lib_a-makebuf.o)
                              c:/dave-3.1.10/arm-gcc/bin/../lib/gcc/arm-none-eabi/4.7.4/../../../../arm-none-eabi/lib/armv7e-m\libc.a(lib_a-fseek.o) (__smakebuf_r)
c:/dave-3.1.10/arm-gcc/bin/../lib/gcc/arm-none-eabi/4.7.4/../../../../arm-none-eabi/lib/armv7e-m\libc.a(lib_a-malloc.o)
                              Dave/Generated/src/SLTHA001/SLTHA001.o (malloc)
c:/dave-3.1.10/arm-gcc/bin/../lib/gcc/arm-none-eabi/4.7.4/../../../../arm-none-eabi/lib/armv7e-m\libc.a(lib_a-memcpy.o)
                              Dave/Generated/src/WEBSERVER001/HTTPServer/httpd.o (memcpy)
c:/dave-3.1.10/arm-gcc/bin/../lib/gcc/arm-none-eabi/4.7.4/../../../../arm-none-eabi/lib/armv7e-m\libc.a(lib_a-memmove.o)
                              Dave/Generated/src/LMM001/LMM001.o (memmove)
c:/dave-3.1.10/arm-gcc/bin/../lib/gcc/arm-none-eabi/4.7.4/../../../../arm-none-eabi/lib/armv7e-m\libc.a(lib_a-memset.o)
                              Dave/Generated/src/WEBSERVER001/HTTPServer/httpd.o (memset)
c:/dave-3.1.10/arm-gcc/bin/../lib/gcc/arm-none-eabi/4.7.4/../../../../arm-none-eabi/lib/armv7e-m\libc.a(lib_a-mktime.o)
                              Dave/Generated/src/SLTHA001/SLTHA001.o (mktime)
c:/dave-3.1.10/arm-gcc/bin/../lib/gcc/arm-none-eabi/4.7.4/../../../../arm-none-eabi/lib/armv7e-m\libc.a(lib_a-mktm_r.o)
                              c:/dave-3.1.10/arm-gcc/bin/../lib/gcc/arm-none-eabi/4.7.4/../../../../arm-none-eabi/lib/armv7e-m\libc.a(lib_a-mktime.o) (__tzcalc_limits)
[...]
Memory Configuration

Name             Origin             Length             Attributes
FLASH_1_cached   0x08000000         0x00100000         xr
FLASH_1_uncached 0x0c000000         0x00100000         xr
PSRAM_1          0x10000000         0x00010000         !xr
DSRAM_1_system   0x20000000         0x00010000         !xr
DSRAM_2_comm     0x30000000         0x00008000         !xr
*default*        0x00000000         0xffffffff

Linker script and memory map

LOAD Startup/startup_XMC4500.o
LOAD Startup/system_XMC4500.o
LOAD Main.o
LOAD Lib/System_LibcStubs.o
LOAD Dave/Generated/src/WEBSERVER001/HTTPServer/fs.o
LOAD Dave/Generated/src/WEBSERVER001/HTTPServer/fsdata.o
LOAD Dave/Generated/src/WEBSERVER001/HTTPServer/httpd.o
LOAD Dave/Generated/src/UART001/UART001.o
LOAD Dave/Generated/src/UART001/UART001_Conf.o
LOAD Dave/Generated/src/SYSTM001/SYSTM001.o
LOAD Dave/Generated/src/SLTHA003/SLTHA003.o
LOAD Dave/Generated/src/SLTHA003/SLTHA003_Conf.o
LOAD Dave/Generated/src/SLTHA001/SLTHA001.o
LOAD Dave/Generated/src/SLTHA001/SLTHA001_Conf.o
LOAD Dave/Generated/src/SDMMC003/SDMMC003.o
LOAD Dave/Generated/src/SDMMC003/SDMMC003_Conf.o
LOAD Dave/Generated/src/SDMMC003/SDMMC003_Private.o
LOAD Dave/Generated/src/SDMMC001/SDMMC001.o
LOAD Dave/Generated/src/SDMMC001/SDMMC001_Conf.o
LOAD Dave/Generated/src/RTC001/RTC001.o
LOAD Dave/Generated/src/RTC001/RTC001_Conf.o
LOAD Dave/Generated/src/RESET001/RESET001.o
LOAD Dave/Generated/src/NVIC_SCU001/NVIC_SCU001.o
LOAD Dave/Generated/src/MOTORLIBS/MOTORLIBS.o
LOAD Dave/Generated/src/LMM001/LMM001.o
LOAD Dave/Generated/src/LMM001/LMM001_Conf.o
LOAD Dave/Generated/src/LIBS/CCU8PWMLIB.o
LOAD Dave/Generated/src/IO001/IO001.o
LOAD Dave/Generated/src/IO001/IO001_Conf.o
LOAD Dave/Generated/src/GMM001/GMM001.o
LOAD Dave/Generated/src/GMM001/GMM001_Conf.o
LOAD Dave/Generated/src/FATFS004/FATFS004.o
LOAD Dave/Generated/src/FATFS004/FATFS004_Conf.o
LOAD Dave/Generated/src/FATFS002/FATFS002_Conf.o
LOAD Dave/Generated/src/FATFS002/syscall.o
LOAD Dave/Generated/src/FATFS002/Src/ff.o
LOAD Dave/Generated/src/ETH004/ETH004_Conf.o
LOAD Dave/Generated/src/ETH004/01_lwIP_Stack/src/netif/etharp.o
LOAD Dave/Generated/src/ETH004/01_lwIP_Stack/src/netif/ethernetif.o
LOAD Dave/Generated/src/ETH004/01_lwIP_Stack/src/netif/loopif.o
LOAD Dave/Generated/src/ETH004/01_lwIP_Stack/src/netif/slipif.o
LOAD Dave/Generated/src/ETH004/01_lwIP_Stack/src/core/dhcp.o
LOAD Dave/Generated/src/ETH004/01_lwIP_Stack/src/core/dns.o
LOAD Dave/Generated/src/ETH004/01_lwIP_Stack/src/core/init.o
LOAD Dave/Generated/src/ETH004/01_lwIP_Stack/src/core/mem.o
LOAD Dave/Generated/src/ETH004/01_lwIP_Stack/src/core/memp.o
LOAD Dave/Generated/src/ETH004/01_lwIP_Stack/src/core/netconf.o
LOAD Dave/Generated/src/ETH004/01_lwIP_Stack/src/core/netif.o
LOAD Dave/Generated/src/ETH004/01_lwIP_Stack/src/core/pbuf.o
LOAD Dave/Generated/src/ETH004/01_lwIP_Stack/src/core/raw.o
LOAD Dave/Generated/src/ETH004/01_lwIP_Stack/src/core/stats.o
LOAD Dave/Generated/src/ETH004/01_lwIP_Stack/src/core/sys.o
LOAD Dave/Generated/src/ETH004/01_lwIP_Stack/src/core/tcp.o
LOAD Dave/Generated/src/ETH004/01_lwIP_Stack/src/core/tcp_in.o
LOAD Dave/Generated/src/ETH004/01_lwIP_Stack/src/core/tcp_out.o
LOAD Dave/Generated/src/ETH004/01_lwIP_Stack/src/core/udp.o
LOAD Dave/Generated/src/ETH004/01_lwIP_Stack/src/core/ipv4/autoip.o
LOAD Dave/Generated/src/ETH004/01_lwIP_Stack/src/core/ipv4/icmp.o
LOAD Dave/Generated/src/ETH004/01_lwIP_Stack/src/core/ipv4/igmp.o
LOAD Dave/Generated/src/ETH004/01_lwIP_Stack/src/core/ipv4/inet.o
LOAD Dave/Generated/src/ETH004/01_lwIP_Stack/src/core/ipv4/inet_chksum.o
LOAD Dave/Generated/src/ETH004/01_lwIP_Stack/src/core/ipv4/ip.o
LOAD Dave/Generated/src/ETH004/01_lwIP_Stack/src/core/ipv4/ip_addr.o
LOAD Dave/Generated/src/ETH004/01_lwIP_Stack/src/core/ipv4/ip_frag.o
LOAD Dave/Generated/src/ETH004/01_lwIP_Stack/src/api/api_lib.o
LOAD Dave/Generated/src/ETH004/01_lwIP_Stack/src/api/api_msg.o
LOAD Dave/Generated/src/ETH004/01_lwIP_Stack/src/api/err.o
LOAD Dave/Generated/src/ETH004/01_lwIP_Stack/src/api/netbuf.o
LOAD Dave/Generated/src/ETH004/01_lwIP_Stack/src/api/netdb.o
LOAD Dave/Generated/src/ETH004/01_lwIP_Stack/src/api/netifapi.o
LOAD Dave/Generated/src/ETH004/01_lwIP_Stack/src/api/sockets.o
LOAD Dave/Generated/src/ETH004/01_lwIP_Stack/src/api/tcpip.o
LOAD Dave/Generated/src/ETH004/01_lwIP_Stack/port/arch/sys/sys_arch.o
LOAD Dave/Generated/src/ETH002/EthernetPHY.o
LOAD Dave/Generated/src/ETH001/DMA_Descriptors.o
LOAD Dave/Generated/src/ETH001/synopGMAC_Dev.o
LOAD Dave/Generated/src/ETH001/synopGMAC_network_interface.o
LOAD Dave/Generated/src/ETH001/synopGMAC_plat.o
LOAD Dave/Generated/src/ETH001/synopGMAC_stack_interface.o
LOAD Dave/Generated/src/DAVESupport/DAVE3.o
LOAD Dave/Generated/src/DAVESupport/MULTIPLEXER.o
LOAD Dave/Generated/src/CLK001/CLK001.o
LOAD Dave/Generated/src/ADCGROUP001/ADCGroup001.o
LOAD Dave/Generated/src/ADCGROUP001/ADCGroup001_Conf.o
LOAD Dave/Generated/src/ADCGLOB001/ADCGlob001.o
LOAD Dave/Generated/src/ADCGLOB001/ADCGlob001_Conf.o
LOAD Dave/Generated/src/ADCCH001/ADCCH001.o
LOAD Dave/Generated/src/ADCCH001/ADCCH001_Conf.o
LOAD Dave/Generated/src/ADC002/ADC002.o
LOAD Dave/Generated/src/ADC002/ADC002_Conf.o
START GROUP
LOAD c:/dave-3.1.10/arm-gcc/bin/../lib/gcc/arm-none-eabi/4.7.4/armv7e-m\libgcc.a
LOAD c:/dave-3.1.10/arm-gcc/bin/../lib/gcc/arm-none-eabi/4.7.4/../../../../arm-none-eabi/lib/armv7e-m\libc.a
END GROUP
                0x00000800                stack_size = 0x800

.text           0x08000000    0x125d8 load address 0x0c000000
                0x08000000                sText = .
 *(.Xmc4500.reset)
 .Xmc4500.reset
                0x08000000      0x21c Startup/startup_XMC4500.o
                0x08000000                __Xmc4500_interrupt_vector_cortex_m
                0x08000200                __Xmc4500_reset_cortex_m
 *(.Xmc4500.postreset)
 .Xmc4500.postreset
                0x0800021c       0x94 Startup/startup_XMC4500.o
 *(.XmcStartup)
 .XmcStartup    0x080002b0        0x4 Startup/startup_XMC4500.o
 *(.text .text.* .gnu.linkonce.t.*)
 .text          0x080002b4      0x82c Startup/startup_XMC4500.o
                0x080002b4                NMI_Handler
                0x080002b6                NMI_Handler_Veneer
                0x080002c4                HardFault_Handler
                0x080002c6                HardFault_Handler_Veneer
                0x080002d4                MemManage_Handler
                0x080002d6                MemManage_Handler_Veneer
                0x080002e4                BusFault_Handler
                0x080002e6                BusFault_Handler_Veneer
                0x080002f4                UsageFault_Handler
                0x080002f6                UsageFault_Handler_Veneer
                0x08000304                SVC_Handler
                0x08000306                SVC_Handler_Veneer
                0x08000314                DebugMon_Handler
                0x08000316                DebugMon_Handler_Veneer
                0x08000324                PendSV_Handler
                0x08000326                PendSV_Handler_Veneer
                0x08000336                SysTick_Handler_Veneer
                0x08000346                SCU_0_IRQHandler_Veneer
                0x08000354                ERU0_0_IRQHandler
                0x08000356                ERU0_0_IRQHandler_Veneer
                0x08000364                ERU0_1_IRQHandler
                0x08000366                ERU0_1_IRQHandler_Veneer
                0x08000374                ERU0_2_IRQHandler
                0x08000376                ERU0_2_IRQHandler_Veneer
                0x08000384                ERU0_3_IRQHandler
                0x08000386                ERU0_3_IRQHandler_Veneer
                0x08000394                ERU1_0_IRQHandler
                0x08000396                ERU1_0_IRQHandler_Veneer
                0x080003a4                ERU1_1_IRQHandler
                0x080003a6                ERU1_1_IRQHandler_Veneer
                0x080003b4                ERU1_2_IRQHandler
                0x080003b6                ERU1_2_IRQHandler_Veneer
                0x080003c4                ERU1_3_IRQHandler
                0x080003c6                ERU1_3_IRQHandler_Veneer
                0x080003d4                PMU0_0_IRQHandler
                0x080003d6                PMU0_0_IRQHandler_Veneer
                0x080003e4                VADC0_C0_0_IRQHandler
                0x080003e6                VADC0_C0_0_IRQHandler_Veneer
                0x080003f4                VADC0_C0_1_IRQHandler
                0x080003f6                VADC0_C0_1_IRQHandler_Veneer
                0x08000404                VADC0_C0_2_IRQHandler
                0x08000406                VADC0_C0_2_IRQHandler_Veneer
                0x08000414                VADC0_C0_3_IRQHandler
                0x08000416                VADC0_C0_3_IRQHandler_Veneer
                0x08000424                VADC0_G0_0_IRQHandler
                0x08000426                VADC0_G0_0_IRQHandler_Veneer
                0x08000434                VADC0_G0_1_IRQHandler
                0x08000436                VADC0_G0_1_IRQHandler_Veneer
                0x08000444                VADC0_G0_2_IRQHandler
                0x08000446                VADC0_G0_2_IRQHandler_Veneer
                0x08000454                VADC0_G0_3_IRQHandler
                0x08000456                VADC0_G0_3_IRQHandler_Veneer
                0x08000464                VADC0_G1_0_IRQHandler
                0x08000466                VADC0_G1_0_IRQHandler_Veneer
                0x08000474                VADC0_G1_1_IRQHandler
                0x08000476                VADC0_G1_1_IRQHandler_Veneer
                0x08000484                VADC0_G1_2_IRQHandler
                0x08000486                VADC0_G1_2_IRQHandler_Veneer
                0x08000494                VADC0_G1_3_IRQHandler
                0x08000496                VADC0_G1_3_IRQHandler_Veneer
                0x080004a4                VADC0_G2_0_IRQHandler
                0x080004a6                VADC0_G2_0_IRQHandler_Veneer
                0x080004b4                VADC0_G2_1_IRQHandler
                0x080004b6                VADC0_G2_1_IRQHandler_Veneer
                0x080004c4                VADC0_G2_2_IRQHandler
                0x080004c6                VADC0_G2_2_IRQHandler_Veneer
                0x080004d4                VADC0_G2_3_IRQHandler
                0x080004d6                VADC0_G2_3_IRQHandler_Veneer
                0x080004e4                VADC0_G3_0_IRQHandler
                0x080004e6                VADC0_G3_0_IRQHandler_Veneer
                0x080004f4                VADC0_G3_1_IRQHandler
                0x080004f6                VADC0_G3_1_IRQHandler_Veneer
                0x08000504                VADC0_G3_2_IRQHandler
                0x08000506                VADC0_G3_2_IRQHandler_Veneer
                0x08000514                VADC0_G3_3_IRQHandler
                0x08000516                VADC0_G3_3_IRQHandler_Veneer
                0x08000524                DSD0_0_IRQHandler
                0x08000526                DSD0_0_IRQHandler_Veneer
                0x08000534                DSD0_1_IRQHandler
                0x08000536                DSD0_1_IRQHandler_Veneer
                0x08000544                DSD0_2_IRQHandler
                0x08000546                DSD0_2_IRQHandler_Veneer
                0x08000554                DSD0_3_IRQHandler
                0x08000556                DSD0_3_IRQHandler_Veneer
                0x08000564                DSD0_4_IRQHandler
                0x08000566                DSD0_4_IRQHandler_Veneer
                0x08000574                DSD0_5_IRQHandler
                0x08000576                DSD0_5_IRQHandler_Veneer
                0x08000584                DSD0_6_IRQHandler
                0x08000586                DSD0_6_IRQHandler_Veneer
                0x08000594                DSD0_7_IRQHandler
                0x08000596                DSD0_7_IRQHandler_Veneer
                0x080005a4                DAC0_0_IRQHandler
                0x080005a6                DAC0_0_IRQHandler_Veneer
                0x080005b4                DAC0_1_IRQHandler
                0x080005b6                DAC0_1_IRQHandler_Veneer
                0x080005c4                CCU40_0_IRQHandler
                0x080005c6                CCU40_0_IRQHandler_Veneer
                0x080005d4                CCU40_1_IRQHandler
                0x080005d6                CCU40_1_IRQHandler_Veneer
                0x080005e4                CCU40_2_IRQHandler
                0x080005e6                CCU40_2_IRQHandler_Veneer
                0x080005f4                CCU40_3_IRQHandler
                0x080005f6                CCU40_3_IRQHandler_Veneer
                0x08000604                CCU41_0_IRQHandler
                0x08000606                CCU41_0_IRQHandler_Veneer
                0x08000612                CCU41_1_IRQHandler
                0x08000614                CCU41_1_IRQHandler_Veneer
                0x08000620                CCU41_2_IRQHandler
                0x08000622                CCU41_2_IRQHandler_Veneer
                0x0800062e                CCU41_3_IRQHandler
                0x08000630                CCU41_3_IRQHandler_Veneer
                0x0800063c                CCU42_0_IRQHandler
                0x0800063e                CCU42_0_IRQHandler_Veneer
                0x0800064a                CCU42_1_IRQHandler
                0x0800064c                CCU42_1_IRQHandler_Veneer
                0x08000658                CCU42_2_IRQHandler
                0x0800065a                CCU42_2_IRQHandler_Veneer
                0x08000666                CCU42_3_IRQHandler
                0x08000668                CCU42_3_IRQHandler_Veneer
                0x08000674                CCU43_0_IRQHandler
                0x08000676                CCU43_0_IRQHandler_Veneer
                0x08000682                CCU43_1_IRQHandler
                0x08000684                CCU43_1_IRQHandler_Veneer
                0x08000690                CCU43_2_IRQHandler
                0x08000692                CCU43_2_IRQHandler_Veneer
                0x0800069e                CCU43_3_IRQHandler
                0x080006a0                CCU43_3_IRQHandler_Veneer
                0x080006ac                CCU80_0_IRQHandler
                0x080006ae                CCU80_0_IRQHandler_Veneer
                0x080006ba                CCU80_1_IRQHandler
                0x080006bc                CCU80_1_IRQHandler_Veneer
                0x080006c8                CCU80_2_IRQHandler
                0x080006ca                CCU80_2_IRQHandler_Veneer
                0x080006d6                CCU80_3_IRQHandler
                0x080006d8                CCU80_3_IRQHandler_Veneer
                0x080006e4                CCU81_0_IRQHandler
                0x080006e6                CCU81_0_IRQHandler_Veneer
                0x080006f2                CCU81_1_IRQHandler
                0x080006f4                CCU81_1_IRQHandler_Veneer
                0x08000700                CCU81_2_IRQHandler
                0x08000702                CCU81_2_IRQHandler_Veneer
                0x0800070e                CCU81_3_IRQHandler
                0x08000710                CCU81_3_IRQHandler_Veneer
                0x0800071c                POSIF0_0_IRQHandler
                0x0800071e                POSIF0_0_IRQHandler_Veneer
                0x0800072a                POSIF0_1_IRQHandler
                0x0800072c                POSIF0_1_IRQHandler_Veneer
                0x08000738                POSIF1_0_IRQHandler
                0x0800073a                POSIF1_0_IRQHandler_Veneer
                0x08000746                POSIF1_1_IRQHandler
                0x08000748                POSIF1_1_IRQHandler_Veneer
                0x08000754                CAN0_0_IRQHandler
                0x08000756                CAN0_0_IRQHandler_Veneer
                0x08000762                CAN0_1_IRQHandler
                0x08000764                CAN0_1_IRQHandler_Veneer
                0x08000770                CAN0_2_IRQHandler
                0x08000772                CAN0_2_IRQHandler_Veneer
                0x0800077e                CAN0_3_IRQHandler
                0x08000780                CAN0_3_IRQHandler_Veneer
                0x0800078c                CAN0_4_IRQHandler
                0x0800078e                CAN0_4_IRQHandler_Veneer
                0x0800079a                CAN0_5_IRQHandler
                0x0800079c                CAN0_5_IRQHandler_Veneer
                0x080007a8                CAN0_6_IRQHandler
                0x080007aa                CAN0_6_IRQHandler_Veneer
                0x080007b6                CAN0_7_IRQHandler
                0x080007b8                CAN0_7_IRQHandler_Veneer
                0x080007c4                USIC0_0_IRQHandler
                0x080007c6                USIC0_0_IRQHandler_Veneer
                0x080007d2                USIC0_1_IRQHandler
                0x080007d4                USIC0_1_IRQHandler_Veneer
                0x080007e0                USIC0_2_IRQHandler
                0x080007e2                USIC0_2_IRQHandler_Veneer
                0x080007ee                USIC0_3_IRQHandler
                0x080007f0                USIC0_3_IRQHandler_Veneer
                0x080007fc                USIC0_4_IRQHandler
                0x080007fe                USIC0_4_IRQHandler_Veneer
                0x0800080a                USIC0_5_IRQHandler
                0x0800080c                USIC0_5_IRQHandler_Veneer
                0x08000818                USIC1_0_IRQHandler
                0x0800081a                USIC1_0_IRQHandler_Veneer
                0x08000826                USIC1_1_IRQHandler
                0x08000828                USIC1_1_IRQHandler_Veneer
                0x08000834                USIC1_2_IRQHandler
                0x08000836                USIC1_2_IRQHandler_Veneer
                0x08000842                USIC1_3_IRQHandler
                0x08000844                USIC1_3_IRQHandler_Veneer
                0x08000850                USIC1_4_IRQHandler
                0x08000852                USIC1_4_IRQHandler_Veneer
                0x0800085e                USIC1_5_IRQHandler
                0x08000860                USIC1_5_IRQHandler_Veneer
                0x0800086c                USIC2_0_IRQHandler
                0x0800086e                USIC2_0_IRQHandler_Veneer
                0x0800087a                USIC2_1_IRQHandler
                0x0800087c                USIC2_1_IRQHandler_Veneer
                0x08000888                USIC2_2_IRQHandler
                0x0800088a                USIC2_2_IRQHandler_Veneer
                0x08000896                USIC2_3_IRQHandler
                0x08000898                USIC2_3_IRQHandler_Veneer
                0x080008a4                USIC2_4_IRQHandler
                0x080008a6                USIC2_4_IRQHandler_Veneer
                0x080008b2                USIC2_5_IRQHandler
                0x080008b4                USIC2_5_IRQHandler_Veneer
                0x080008c0                LEDTS0_0_IRQHandler
                0x080008c2                LEDTS0_0_IRQHandler_Veneer
                0x080008ce                FCE0_0_IRQHandler
                0x080008d0                FCE0_0_IRQHandler_Veneer
                0x080008dc                GPDMA0_0_IRQHandler
                0x080008de                GPDMA0_0_IRQHandler_Veneer
                0x080008ec                SDMMC0_0_IRQHandler_Veneer
                0x080008f8                USB0_0_IRQHandler
                0x080008fa                USB0_0_IRQHandler_Veneer
                0x08000908                ETH0_0_IRQHandler_Veneer
                0x08000914                GPDMA1_0_IRQHandler
                0x08000916                GPDMA1_0_IRQHandler_Veneer
 .text          0x08000ae0        0x0 Startup/system_XMC4500.o
 .text.SystemCoreClockUpdate
                0x08000ae0       0x70 Startup/system_XMC4500.o
                0x08000ae0                SystemCoreClockUpdate
 .text.SystemInit
                0x08000b50      0x204 Startup/system_XMC4500.o
                0x08000b50                SystemInit
 .text          0x08000d54        0x0 Main.o
 .text.CGI_led_handler
                0x08000d54        0x8 Main.o
                0x08000d54                CGI_led_handler
 *fill*         0x08000d5c        0x4 00
 .text.SSI_Temp_Handler
                0x08000d60       0xa8 Main.o
                0x08000d60                SSI_Temp_Handler
 .text.http_CGI_init
                0x08000e08       0x1c Main.o
                0x08000e08                http_CGI_init
 .text.http_SSI_init
                0x08000e24       0x14 Main.o
                0x08000e24                http_SSI_init
 .text.startup.main
                0x08000e38       0x20 Main.o
                0x08000e38                main
 .text          0x08000e58        0x0 Lib/System_LibcStubs.o
 .text._open    0x08000e58        0x6 Lib/System_LibcStubs.o
 .text._lseek   0x08000e5e        0x6 Lib/System_LibcStubs.o
 .text._read    0x08000e64        0x4 Lib/System_LibcStubs.o
                0x08000e64                _read
 .text._write   0x08000e68        0x6 Lib/System_LibcStubs.o
                0x08000e68                _write
 .text._close   0x08000e6e        0x6 Lib/System_LibcStubs.o
 .text._fstat   0x08000e74        0xe Lib/System_LibcStubs.o
 .text._link    0x08000e82        0xe Lib/System_LibcStubs.o
 .text._unlink  0x08000e90        0x6 Lib/System_LibcStubs.o
 *fill*         0x08000e96        0x2 00
 .text._sbrk    0x08000e98       0x38 Lib/System_LibcStubs.o
                0x08000e98                _sbrk
 .text._times   0x08000ed0        0x6 Lib/System_LibcStubs.o
                0x08000ed0                _times
 .text._wait    0x08000ed6        0x6 Lib/System_LibcStubs.o
                0x08000ed6                _wait
 .text._kill    0x08000edc        0x6 Lib/System_LibcStubs.o
                0x08000edc                _kill
 .text._fork    0x08000ee2        0x6 Lib/System_LibcStubs.o
                0x08000ee2                _fork
 .text._getpid  0x08000ee8        0x6 Lib/System_LibcStubs.o
                0x08000ee8                _getpid
 .text._exit    0x08000eee        0x2 Lib/System_LibcStubs.o
                0x08000eee                _exit
 .text._init    0x08000ef0        0x2 Lib/System_LibcStubs.o
                0x08000ef0                _init
 .text._isatty  0x08000ef2        0x6 Lib/System_LibcStubs.o
 .text          0x08000ef8        0x0 Dave/Generated/src/WEBSERVER001/HTTPServer/fs.o
 .text.fs_open  0x08000ef8       0x6c Dave/Generated/src/WEBSERVER001/HTTPServer/fs.o
                0x08000ef8                fs_open
 .text.fs_close
                0x08000f64       0x2c Dave/Generated/src/WEBSERVER001/HTTPServer/fs.o
                0x08000f64                fs_close
 .text.fs_read  0x08000f90       0x20 Dave/Generated/src/WEBSERVER001/HTTPServer/fs.o
                0x08000f90                fs_read
 .text.fs_bytes_left
                0x08000fb0        0x8 Dave/Generated/src/WEBSERVER001/HTTPServer/fs.o
                0x08000fb0                fs_bytes_left
 .text          0x08000fb8        0x0 Dave/Generated/src/WEBSERVER001/HTTPServer/fsdata.o
 .text          0x08000fb8        0x0 Dave/Generated/src/WEBSERVER001/HTTPServer/httpd.o
 .text.http_accept
                0x08000fb8       0x68 Dave/Generated/src/WEBSERVER001/HTTPServer/httpd.o
 .text.http_state_free
                0x08001020       0x2a Dave/Generated/src/WEBSERVER001/HTTPServer/httpd.o
 .text.http_err
                0x0800104a        0x8 Dave/Generated/src/WEBSERVER001/HTTPServer/httpd.o
 .text.strnstr  0x08001052       0x4e Dave/Generated/src/WEBSERVER001/HTTPServer/httpd.o
 .text.http_close_conn
                0x080010a0       0x54 Dave/Generated/src/WEBSERVER001/HTTPServer/httpd.o
 .text.http_get_404_file
                0x080010f4       0x40 Dave/Generated/src/WEBSERVER001/HTTPServer/httpd.o
 .text.http_write.constprop.9
                0x08001134       0x30 Dave/Generated/src/WEBSERVER001/HTTPServer/httpd.o
 .text.http_send_data
                0x08001164      0x41c Dave/Generated/src/WEBSERVER001/HTTPServer/httpd.o
 .text.http_sent
                0x08001580       0x16 Dave/Generated/src/WEBSERVER001/HTTPServer/httpd.o
 .text.http_poll
                0x08001596       0x32 Dave/Generated/src/WEBSERVER001/HTTPServer/httpd.o
 .text.http_find_error_file
                0x080015c8       0x70 Dave/Generated/src/WEBSERVER001/HTTPServer/httpd.o
 .text.http_recv
                0x08001638      0x2c4 Dave/Generated/src/WEBSERVER001/HTTPServer/httpd.o
 .text.httpd_init
                0x080018fc       0x48 Dave/Generated/src/WEBSERVER001/HTTPServer/httpd.o
                0x080018fc                httpd_init
 .text.http_set_ssi_handler
                0x08001944        0xc Dave/Generated/src/WEBSERVER001/HTTPServer/httpd.o
                0x08001944                http_set_ssi_handler
 .text.http_set_cgi_handlers
                0x08001950       0x10 Dave/Generated/src/WEBSERVER001/HTTPServer/httpd.o
                0x08001950                http_set_cgi_handlers
 .text          0x08001960        0x0 Dave/Generated/src/UART001/UART001.o
 .text.UART001_lInit
                0x08001960      0x110 Dave/Generated/src/UART001/UART001.o
                0x08001960                UART001_lInit
 .text.UART001_lConfigTXPin
                0x08001a70       0x74 Dave/Generated/src/UART001/UART001.o
                0x08001a70                UART001_lConfigTXPin
 .text.UART001_labsRealType
                0x08001ae4       0x18 Dave/Generated/src/UART001/UART001.o
                0x08001ae4                UART001_labsRealType
 .text.UART001_lConfigureBaudRate
                0x08001afc      0x1a0 Dave/Generated/src/UART001/UART001.o
                0x08001afc                UART001_lConfigureBaudRate
 .text.UART001_Init
                0x08001c9c       0x2c Dave/Generated/src/UART001/UART001.o
                0x08001c9c                UART001_Init
 .text.UART001_DeInit
                0x08001cc8        0x2 Dave/Generated/src/UART001/UART001.o
                0x08001cc8                UART001_DeInit
 *fill*         0x08001cca        0x2 00
 .text.UART001_Configure
                0x08001ccc       0x98 Dave/Generated/src/UART001/UART001.o
                0x08001ccc                UART001_Configure
 .text.UART001_ReadDataMultiple
                0x08001d64       0x2e Dave/Generated/src/UART001/UART001.o
                0x08001d64                UART001_ReadDataMultiple
 .text.UART001_ReadDataBytes
                0x08001d92       0x2c Dave/Generated/src/UART001/UART001.o
                0x08001d92                UART001_ReadDataBytes
 .text.UART001_WriteDataMultiple
                0x08001dbe       0x36 Dave/Generated/src/UART001/UART001.o
                0x08001dbe                UART001_WriteDataMultiple
 .text.UART001_WriteDataBytes
                0x08001df4       0x34 Dave/Generated/src/UART001/UART001.o
                0x08001df4                UART001_WriteDataBytes
 .text.UART001_GetFlagStatus
                0x08001e28       0x38 Dave/Generated/src/UART001/UART001.o
                0x08001e28                UART001_GetFlagStatus
 .text.UART001_ClearFlag
                0x08001e60       0x32 Dave/Generated/src/UART001/UART001.o
                0x08001e60                UART001_ClearFlag
 .text          0x08001e92        0x0 Dave/Generated/src/UART001/UART001_Conf.o
 .text          0x08001e92        0x0 Dave/Generated/src/SYSTM001/SYSTM001.o
 *fill*         0x08001e92        0x2 00
 .text.SYSTM001_lInsertTimerList
                0x08001e94       0x6c Dave/Generated/src/SYSTM001/SYSTM001.o
 .text.SYSTM001_lRemoveTimerList
                0x08001f00       0x44 Dave/Generated/src/SYSTM001/SYSTM001.o
 .text.SysTick_Handler
                0x08001f44       0x5c Dave/Generated/src/SYSTM001/SYSTM001.o
                0x08001f44                SysTick_Handler
 .text.SYSTM001_Init
                0x08001fa0       0x64 Dave/Generated/src/SYSTM001/SYSTM001.o
                0x08001fa0                SYSTM001_Init
 .text.SYSTM001_CreateTimer
                0x08002004       0x6c Dave/Generated/src/SYSTM001/SYSTM001.o
                0x08002004                SYSTM001_CreateTimer
 .text.SYSTM001_StartTimer
                0x08002070       0x44 Dave/Generated/src/SYSTM001/SYSTM001.o
                0x08002070                SYSTM001_StartTimer
 .text.SYSTM001_StopTimer
                0x080020b4       0x3c Dave/Generated/src/SYSTM001/SYSTM001.o
                0x080020b4                SYSTM001_StopTimer
 .text.SYSTM001_DeleteTimer
                0x080020f0       0x44 Dave/Generated/src/SYSTM001/SYSTM001.o
                0x080020f0                SYSTM001_DeleteTimer
 .text.SYSTM001_GetTime
                0x08002134        0xc Dave/Generated/src/SYSTM001/SYSTM001.o
                0x08002134                SYSTM001_GetTime
 .text.SYSTM001_GetSysTickCount
                0x08002140        0xc Dave/Generated/src/SYSTM001/SYSTM001.o
                0x08002140                SYSTM001_GetSysTickCount
 .text          0x0800214c        0x0 Dave/Generated/src/SLTHA003/SLTHA003.o
 .text._malloc_r
                0x0800214c        0x6 Dave/Generated/src/SLTHA003/SLTHA003.o
                0x0800214c                _malloc_r
 .text._calloc_r
                0x08002152       0x1a Dave/Generated/src/SLTHA003/SLTHA003.o
                0x08002152                _calloc_r
 .text._free_r  0x0800216c        0x6 Dave/Generated/src/SLTHA003/SLTHA003.o
                0x0800216c                _free_r
 .text._realloc_r
                0x08002172        0x6 Dave/Generated/src/SLTHA003/SLTHA003.o
                0x08002172                _realloc_r
 .text._gettimeofday_r
                0x08002178       0x20 Dave/Generated/src/SLTHA003/SLTHA003.o
                0x08002178                _gettimeofday_r
 .text._times_r
                0x08002198        0xc Dave/Generated/src/SLTHA003/SLTHA003.o
                0x08002198                _times_r
 .text          0x080021a4        0x0 Dave/Generated/src/SLTHA003/SLTHA003_Conf.o
 .text          0x080021a4        0x0 Dave/Generated/src/SLTHA001/SLTHA001.o
 .text.SLTHA001_lFatInfoToStatus
                0x080021a4       0x84 Dave/Generated/src/SLTHA001/SLTHA001.o
 .text.SLTHA001_lFindAvailableSlot
                0x08002228       0x44 Dave/Generated/src/SLTHA001/SLTHA001.o
                0x08002228                SLTHA001_lFindAvailableSlot
 .text.SLTHA001_lLocalInitialize
                0x0800226c       0x28 Dave/Generated/src/SLTHA001/SLTHA001.o
                0x0800226c                SLTHA001_lLocalInitialize
 .text._open    0x08002294      0x148 Dave/Generated/src/SLTHA001/SLTHA001.o
                0x08002294                _open
 .text._close   0x080023dc       0x5c Dave/Generated/src/SLTHA001/SLTHA001.o
                0x080023dc                _close
 .text._read_r  0x08002438       0x74 Dave/Generated/src/SLTHA001/SLTHA001.o
                0x08002438                _read_r
 .text._write_r
                0x080024ac       0x74 Dave/Generated/src/SLTHA001/SLTHA001.o
                0x080024ac                _write_r
 .text._lseek   0x08002520       0x70 Dave/Generated/src/SLTHA001/SLTHA001.o
                0x08002520                _lseek
 .text._unlink  0x08002590       0x24 Dave/Generated/src/SLTHA001/SLTHA001.o
                0x08002590                _unlink
 .text._fstat   0x080025b4       0x64 Dave/Generated/src/SLTHA001/SLTHA001.o
                0x080025b4                _fstat
 .text._stat    0x08002618       0x44 Dave/Generated/src/SLTHA001/SLTHA001.o
                0x08002618                _stat
 .text.rename   0x0800265c       0x24 Dave/Generated/src/SLTHA001/SLTHA001.o
                0x0800265c                rename
 .text._chmod   0x08002680       0x28 Dave/Generated/src/SLTHA001/SLTHA001.o
                0x08002680                _chmod
 .text._mkdir   0x080026a8       0x24 Dave/Generated/src/SLTHA001/SLTHA001.o
                0x080026a8                _mkdir
 .text._sync    0x080026cc       0x20 Dave/Generated/src/SLTHA001/SLTHA001.o
                0x080026cc                _sync
 .text.mkfs     0x080026ec       0x24 Dave/Generated/src/SLTHA001/SLTHA001.o
                0x080026ec                mkfs
 .text.mount    0x08002710       0x24 Dave/Generated/src/SLTHA001/SLTHA001.o
                0x08002710                mount
 .text._isatty  0x08002734        0xa Dave/Generated/src/SLTHA001/SLTHA001.o
                0x08002734                _isatty
 .text.SLTHA001_Init
                0x0800273e        0x4 Dave/Generated/src/SLTHA001/SLTHA001.o
                0x0800273e                SLTHA001_Init
 .text._link    0x08002742       0x10 Dave/Generated/src/SLTHA001/SLTHA001.o
                0x08002742                _link
 .text.fdisk    0x08002752        0x6 Dave/Generated/src/SLTHA001/SLTHA001.o
                0x08002752                fdisk
 .text          0x08002758        0x0 Dave/Generated/src/SLTHA001/SLTHA001_Conf.o
 .text          0x08002758        0x0 Dave/Generated/src/SDMMC003/SDMMC003.o
 .text.SDMMC003_HostControllerInit
                0x08002758       0x68 Dave/Generated/src/SDMMC003/SDMMC003.o
                0x08002758                SDMMC003_HostControllerInit
 .text.SDMMC003_HostControllerDeInit
                0x080027c0       0x24 Dave/Generated/src/SDMMC003/SDMMC003.o
                0x080027c0                SDMMC003_HostControllerDeInit
 .text.SDMMC003_CardReadMultipleBlocks
                0x080027e4       0x5c Dave/Generated/src/SDMMC003/SDMMC003.o
                0x080027e4                SDMMC003_CardReadMultipleBlocks
 .text.SDMMC003_CardReadSingleBlock
                0x08002840       0x5c Dave/Generated/src/SDMMC003/SDMMC003.o
                0x08002840                SDMMC003_CardReadSingleBlock
 .text.SDMMC003_CardWriteMultipleBlocks
                0x0800289c       0x60 Dave/Generated/src/SDMMC003/SDMMC003.o
                0x0800289c                SDMMC003_CardWriteMultipleBlocks
 .text.SDMMC003_CardWriteSingleBlock
                0x080028fc       0x60 Dave/Generated/src/SDMMC003/SDMMC003.o
                0x080028fc                SDMMC003_CardWriteSingleBlock
 .text.SDMMC003_LockUnlockCard
                0x0800295c       0x5c Dave/Generated/src/SDMMC003/SDMMC003.o
                0x0800295c                SDMMC003_LockUnlockCard
 .text.SDMMC003_GetLockStatus
                0x080029b8       0x40 Dave/Generated/src/SDMMC003/SDMMC003.o
                0x080029b8                SDMMC003_GetLockStatus
 .text.SDMMC003_GetCurrentState
                0x080029f8       0x40 Dave/Generated/src/SDMMC003/SDMMC003.o
                0x080029f8                SDMMC003_GetCurrentState
 .text.SDMMC003_GetCardType
                0x08002a38       0x18 Dave/Generated/src/SDMMC003/SDMMC003.o
                0x08002a38                SDMMC003_GetCardType
 .text.SDMMC003_GetCid
                0x08002a50       0x54 Dave/Generated/src/SDMMC003/SDMMC003.o
                0x08002a50                SDMMC003_GetCid
 .text.SDMMC003_GetOcr
                0x08002aa4       0x20 Dave/Generated/src/SDMMC003/SDMMC003.o
                0x08002aa4                SDMMC003_GetOcr
 .text.SDMMC003_GetCsd
                0x08002ac4       0x40 Dave/Generated/src/SDMMC003/SDMMC003.o
                0x08002ac4                SDMMC003_GetCsd
 .text.SDMMC003_GetSectorCount
                0x08002b04       0x8c Dave/Generated/src/SDMMC003/SDMMC003.o
                0x08002b04                SDMMC003_GetSectorCount
 .text.SDMMC003_GetSectorSize
                0x08002b90       0x1c Dave/Generated/src/SDMMC003/SDMMC003.o
                0x08002b90                SDMMC003_GetSectorSize
 .text.SDMMC003_GetBlockSize
                0x08002bac       0x54 Dave/Generated/src/SDMMC003/SDMMC003.o
                0x08002bac                SDMMC003_GetBlockSize
 .text.SDMMC003_FlushDiskWriteCache
                0x08002c00       0x14 Dave/Generated/src/SDMMC003/SDMMC003.o
                0x08002c00                SDMMC003_FlushDiskWriteCache
 .text.SDMMC003_GetSdStatus
                0x08002c14       0x68 Dave/Generated/src/SDMMC003/SDMMC003.o
                0x08002c14                SDMMC003_GetSdStatus
 .text.SDMMC003_EraseBlock
                0x08002c7c       0xc0 Dave/Generated/src/SDMMC003/SDMMC003.o
                0x08002c7c                SDMMC003_EraseBlock
 .text.SDMMC003_EjectCard
                0x08002d3c       0x48 Dave/Generated/src/SDMMC003/SDMMC003.o
                0x08002d3c                SDMMC003_EjectCard
 .text.SDMMC003_Init
                0x08002d84        0xc Dave/Generated/src/SDMMC003/SDMMC003.o
                0x08002d84                SDMMC003_Init
 .text.SDMMC003_Start
                0x08002d90       0x5c Dave/Generated/src/SDMMC003/SDMMC003.o
                0x08002d90                SDMMC003_Start
 .text.SDMMC003_CardDetectionSupport
                0x08002dec       0x14 Dave/Generated/src/SDMMC003/SDMMC003.o
                0x08002dec                SDMMC003_CardDetectionSupport
 .text          0x08002e00        0x0 Dave/Generated/src/SDMMC003/SDMMC003_Conf.o
 .text          0x08002e00        0x0 Dave/Generated/src/SDMMC003/SDMMC003_Private.o
 .text.Timer_CallBack
                0x08002e00       0x18 Dave/Generated/src/SDMMC003/SDMMC003_Private.o
                0x08002e00                Timer_CallBack
 .text.SDMMC003_lCardCleanUp
                0x08002e18       0x3c Dave/Generated/src/SDMMC003/SDMMC003_Private.o
                0x08002e18                SDMMC003_lCardCleanUp
 .text.SDMMC003_lCheckDatCmdline
                0x08002e54       0x64 Dave/Generated/src/SDMMC003/SDMMC003_Private.o
                0x08002e54                SDMMC003_lCheckDatCmdline
 .text.SDMMC003_lCheckArgumentError
                0x08002eb8       0x2a Dave/Generated/src/SDMMC003/SDMMC003_Private.o
                0x08002eb8                SDMMC003_lCheckArgumentError
 .text.SDMMC003_lCheckEraseError
                0x08002ee2       0x20 Dave/Generated/src/SDMMC003/SDMMC003_Private.o
                0x08002ee2                SDMMC003_lCheckEraseError
 .text.SDMMC003_lCheckCardError
                0x08002f02       0x20 Dave/Generated/src/SDMMC003/SDMMC003_Private.o
                0x08002f02                SDMMC003_lCheckCardError
 .text.SDMMC003_lCheckErrorInResponse
                0x08002f22       0x50 Dave/Generated/src/SDMMC003/SDMMC003_Private.o
                0x08002f22                SDMMC003_lCheckErrorInResponse
 *fill*         0x08002f72        0x2 00
 .text.SDMMC003_lGetCardLockState
                0x08002f74       0x28 Dave/Generated/src/SDMMC003/SDMMC003_Private.o
                0x08002f74                SDMMC003_lGetCardLockState
 .text.SDMMC003_lWriteCardType
                0x08002f9c       0x30 Dave/Generated/src/SDMMC003/SDMMC003_Private.o
                0x08002f9c                SDMMC003_lWriteCardType
 .text.SDMMC003_lSetWriteProtect
                0x08002fcc       0x38 Dave/Generated/src/SDMMC003/SDMMC003_Private.o
                0x08002fcc                SDMMC003_lSetWriteProtect
 .text.SDMMC003_lCheckLockStatus
                0x08003004       0x28 Dave/Generated/src/SDMMC003/SDMMC003_Private.o
                0x08003004                SDMMC003_lCheckLockStatus
 .text.SDMMC003_lNormalInterruptHandler
                0x0800302c       0x8c Dave/Generated/src/SDMMC003/SDMMC003_Private.o
                0x0800302c                SDMMC003_lNormalInterruptHandler
 .text.SDMMC003_lErrorInterruptHandler
                0x080030b8      0x14c Dave/Generated/src/SDMMC003/SDMMC003_Private.o
                0x080030b8                SDMMC003_lErrorInterruptHandler
 .text.SDMMC003_CheckPCMDFlag
                0x08003204        0xc Dave/Generated/src/SDMMC003/SDMMC003_Private.o
                0x08003204                SDMMC003_CheckPCMDFlag
 .text.SDMMC003_lDelay
                0x08003210       0x44 Dave/Generated/src/SDMMC003/SDMMC003_Private.o
                0x08003210                SDMMC003_lDelay
 .text.SDMMC0_0_IRQHandler
                0x08003254       0x48 Dave/Generated/src/SDMMC003/SDMMC003_Private.o
                0x08003254                SDMMC0_0_IRQHandler
 .text.SDMMC003_lStartTimer
                0x0800329c       0x38 Dave/Generated/src/SDMMC003/SDMMC003_Private.o
                0x0800329c                SDMMC003_lStartTimer
 .text.SDMMC003_lStopTimer
                0x080032d4       0x1c Dave/Generated/src/SDMMC003/SDMMC003_Private.o
                0x080032d4                SDMMC003_lStopTimer
 .text.SDMMC003_lCommandDelay
                0x080032f0       0x54 Dave/Generated/src/SDMMC003/SDMMC003_Private.o
                0x080032f0                SDMMC003_lCommandDelay
 .text.SDMMC003_lTransferDelay
                0x08003344       0x44 Dave/Generated/src/SDMMC003/SDMMC003_Private.o
                0x08003344                SDMMC003_lTransferDelay
 .text.SDMMC003_lReadResponse
                0x08003388       0xa0 Dave/Generated/src/SDMMC003/SDMMC003_Private.o
                0x08003388                SDMMC003_lReadResponse
 .text.SDMMC003_lReset
                0x08003428       0x44 Dave/Generated/src/SDMMC003/SDMMC003_Private.o
                0x08003428                SDMMC003_lReset
 .text.SDMMC003_lErrorInterruptRecovery
                0x0800346c       0x9c Dave/Generated/src/SDMMC003/SDMMC003_Private.o
                0x0800346c                SDMMC003_lErrorInterruptRecovery
 .text.SDMMC003_lDataTransfer
                0x08003508       0x84 Dave/Generated/src/SDMMC003/SDMMC003_Private.o
                0x08003508                SDMMC003_lDataTransfer
 .text.SDMMC003_lSendCommand
                0x0800358c       0xa8 Dave/Generated/src/SDMMC003/SDMMC003_Private.o
                0x0800358c                SDMMC003_lSendCommand
 .text.SDMMC003_lAcmdErrorRecovery
                0x08003634       0x68 Dave/Generated/src/SDMMC003/SDMMC003_Private.o
                0x08003634                SDMMC003_lAcmdErrorRecovery
 .text.SDMMC003_lSwitchToTransferState
                0x0800369c       0x44 Dave/Generated/src/SDMMC003/SDMMC003_Private.o
                0x0800369c                SDMMC003_lSwitchToTransferState
 .text.SDMMC003_lSwitchBusWidth
                0x080036e0       0x64 Dave/Generated/src/SDMMC003/SDMMC003_Private.o
                0x080036e0                SDMMC003_lSwitchBusWidth
 .text.SDMMC003_lConfigureRegForMultiTransfer
                0x08003744       0x78 Dave/Generated/src/SDMMC003/SDMMC003_Private.o
                0x08003744                SDMMC003_lConfigureRegForMultiTransfer
 .text.SDMMC003_lMultiBlockTransfer
                0x080037bc       0x50 Dave/Generated/src/SDMMC003/SDMMC003_Private.o
                0x080037bc                SDMMC003_lMultiBlockTransfer
 .text.SDMMC003_lConfigureForSingleTransfer
                0x0800380c       0x4c Dave/Generated/src/SDMMC003/SDMMC003_Private.o
                0x0800380c                SDMMC003_lConfigureForSingleTransfer
 .text.SDMMC003_lReadRca
                0x08003858       0x14 Dave/Generated/src/SDMMC003/SDMMC003_Private.o
                0x08003858                SDMMC003_lReadRca
 .text.SDMMC003_lQueryOperatingCond
                0x0800386c       0x48 Dave/Generated/src/SDMMC003/SDMMC003_Private.o
                0x0800386c                SDMMC003_lQueryOperatingCond
 .text.SDMMC003_lSetVoltageWindow
                0x080038b4       0x68 Dave/Generated/src/SDMMC003/SDMMC003_Private.o
                0x080038b4                SDMMC003_lSetVoltageWindow
 .text.SDMMC003_lQueryVoltage
                0x0800391c       0x58 Dave/Generated/src/SDMMC003/SDMMC003_Private.o
                0x0800391c                SDMMC003_lQueryVoltage
 .text.SDMMC003_lInitializeCard
                0x08003974       0xa4 Dave/Generated/src/SDMMC003/SDMMC003_Private.o
                0x08003974                SDMMC003_lInitializeCard
 .text.SDMMC003_lSingleBlockTransfer
                0x08003a18       0x6c Dave/Generated/src/SDMMC003/SDMMC003_Private.o
                0x08003a18                SDMMC003_lSingleBlockTransfer
 .text.SDMMC003_lSwitchSpeed
                0x08003a84       0x60 Dave/Generated/src/SDMMC003/SDMMC003_Private.o
                0x08003a84                SDMMC003_lSwitchSpeed
 .text.SDMMC003_lReadCardRegisters
                0x08003ae4       0x9c Dave/Generated/src/SDMMC003/SDMMC003_Private.o
                0x08003ae4                SDMMC003_lReadCardRegisters
 .text.SDMMC003_lAfterCardInitialize
                0x08003b80       0x40 Dave/Generated/src/SDMMC003/SDMMC003_Private.o
                0x08003b80                SDMMC003_lAfterCardInitialize
 .text.SDMMC003_lCardIdentificationProcess
                0x08003bc0       0x6c Dave/Generated/src/SDMMC003/SDMMC003_Private.o
                0x08003bc0                SDMMC003_lCardIdentificationProcess
 .text.SDMMC003_lCheckSectorBound
                0x08003c2c       0x22 Dave/Generated/src/SDMMC003/SDMMC003_Private.o
                0x08003c2c                SDMMC003_lCheckSectorBound
 *fill*         0x08003c4e        0x2 00
 .text.SDMMC003_lLocalErase
                0x08003c50       0x6c Dave/Generated/src/SDMMC003/SDMMC003_Private.o
                0x08003c50                SDMMC003_lLocalErase
 .text          0x08003cbc        0x0 Dave/Generated/src/SDMMC001/SDMMC001.o
 .text.SDMMC001_lFindDiskStatus
                0x08003cbc       0x34 Dave/Generated/src/SDMMC001/SDMMC001.o
                0x08003cbc                SDMMC001_lFindDiskStatus
 .text.SDMMC001_Initialize
                0x08003cf0       0x38 Dave/Generated/src/SDMMC001/SDMMC001.o
                0x08003cf0                SDMMC001_Initialize
 .text.SDMMC001_GetStatus
                0x08003d28        0x4 Dave/Generated/src/SDMMC001/SDMMC001.o
                0x08003d28                SDMMC001_GetStatus
 .text.SDMMC001_ReadBlock
                0x08003d2c       0x30 Dave/Generated/src/SDMMC001/SDMMC001.o
                0x08003d2c                SDMMC001_ReadBlock
 .text.SDMMC001_WriteBlock
                0x08003d5c       0x3c Dave/Generated/src/SDMMC001/SDMMC001.o
                0x08003d5c                SDMMC001_WriteBlock
 .text.SDMMC001_Ioctl
                0x08003d98      0x1ac Dave/Generated/src/SDMMC001/SDMMC001.o
                0x08003d98                SDMMC001_Ioctl
 .text          0x08003f44        0x0 Dave/Generated/src/SDMMC001/SDMMC001_Conf.o
 .text          0x08003f44        0x0 Dave/Generated/src/RTC001/RTC001.o
 .text.RTC001_ldatevalid
                0x08003f44       0x54 Dave/Generated/src/RTC001/RTC001.o
 .text.RTC001_DeInit
                0x08003f98        0x2 Dave/Generated/src/RTC001/RTC001.o
                0x08003f98                RTC001_DeInit
 *fill*         0x08003f9a        0x2 00
 .text.RTC001_Enable
                0x08003f9c       0x30 Dave/Generated/src/RTC001/RTC001.o
                0x08003f9c                RTC001_Enable
 .text.RTC001_Disable
                0x08003fcc       0x74 Dave/Generated/src/RTC001/RTC001.o
                0x08003fcc                RTC001_Disable
 .text.RTC001_GetFlagStatus
                0x08004040       0x14 Dave/Generated/src/RTC001/RTC001.o
                0x08004040                RTC001_GetFlagStatus
 .text.RTC001_ClearFlagStatus
                0x08004054       0x10 Dave/Generated/src/RTC001/RTC001.o
                0x08004054                RTC001_ClearFlagStatus
 .text.RTC001_ConfigAlarm
                0x08004064       0x8c Dave/Generated/src/RTC001/RTC001.o
                0x08004064                RTC001_ConfigAlarm
 .text.RTC001_Clock_GetTime
                0x080040f0       0x3c Dave/Generated/src/RTC001/RTC001.o
                0x080040f0                RTC001_Clock_GetTime
 .text.RTC001_Clock_SetTime
                0x0800412c       0xf8 Dave/Generated/src/RTC001/RTC001.o
                0x0800412c                RTC001_Clock_SetTime
 .text.RTC001_Init
                0x08004224       0x7c Dave/Generated/src/RTC001/RTC001.o
                0x08004224                RTC001_Init
 .text.RTC001_Time
                0x080042a0       0xd0 Dave/Generated/src/RTC001/RTC001.o
                0x080042a0                RTC001_Time
 .text          0x08004370        0x0 Dave/Generated/src/RTC001/RTC001_Conf.o
 .text          0x08004370        0x0 Dave/Generated/src/RESET001/RESET001.o
 .text.RESET001_AssertReset
                0x08004370       0x14 Dave/Generated/src/RESET001/RESET001.o
                0x08004370                RESET001_AssertReset
 .text.RESET001_DeassertReset
                0x08004384       0x14 Dave/Generated/src/RESET001/RESET001.o
                0x08004384                RESET001_DeassertReset
 .text.RESET001_GetResetInfo
                0x08004398        0xc Dave/Generated/src/RESET001/RESET001.o
                0x08004398                RESET001_GetResetInfo
 .text.RESET001_GetStatus
                0x080043a4       0x1c Dave/Generated/src/RESET001/RESET001.o
                0x080043a4                RESET001_GetStatus
 .text          0x080043c0        0x0 Dave/Generated/src/NVIC_SCU001/NVIC_SCU001.o
 .text.NVIC_SCU001_Init
                0x080043c0       0x40 Dave/Generated/src/NVIC_SCU001/NVIC_SCU001.o
                0x080043c0                NVIC_SCU001_Init
 .text.NVIC_SCU001_RegisterCallback
                0x08004400       0x14 Dave/Generated/src/NVIC_SCU001/NVIC_SCU001.o
                0x08004400                NVIC_SCU001_RegisterCallback
 .text.SCU_0_IRQHandler
                0x08004414      0x1ac Dave/Generated/src/NVIC_SCU001/NVIC_SCU001.o
                0x08004414                SCU_0_IRQHandler
 .text          0x080045c0        0x0 Dave/Generated/src/MOTORLIBS/MOTORLIBS.o
 .text          0x080045c0        0x0 Dave/Generated/src/LMM001/LMM001.o
 .text.LMM001_lmake_new_block
                0x080045c0       0x32 Dave/Generated/src/LMM001/LMM001.o
 .text.LMM001_ldisconnect_from_free_list
                0x080045f2       0x2e Dave/Generated/src/LMM001/LMM001.o
 .text.LMM001_l_assimilate_up
                0x08004620       0x3a Dave/Generated/src/LMM001/LMM001.o
 .text.LMM001_l_assimilate_down
                0x0800465a       0x28 Dave/Generated/src/LMM001/LMM001.o
 .text.LMM001_free
                0x08004682       0x68 Dave/Generated/src/LMM001/LMM001.o
                0x08004682                LMM001_free
 .text.LMM001_malloc
                0x080046ea       0xec Dave/Generated/src/LMM001/LMM001.o
                0x080046ea                LMM001_malloc
 .text.LMM001_realloc
                0x080047d6       0xfc Dave/Generated/src/LMM001/LMM001.o
                0x080047d6                LMM001_realloc
 .text          0x080048d2        0x0 Dave/Generated/src/LMM001/LMM001_Conf.o
 .text          0x080048d2        0x0 Dave/Generated/src/LIBS/CCU8PWMLIB.o
 .text          0x080048d2        0x0 Dave/Generated/src/IO001/IO001.o
 *fill*         0x080048d2        0x2 00
 .text.IO001_Init
                0x080048d4       0x18 Dave/Generated/src/IO001/IO001.o
                0x080048d4                IO001_Init
 .text.IO001_EnableDigitalInput
                0x080048ec       0xba Dave/Generated/src/IO001/IO001.o
                0x080048ec                IO001_EnableDigitalInput
 .text.IO001_DisableDigitalInput
                0x080049a6       0x12 Dave/Generated/src/IO001/IO001.o
                0x080049a6                IO001_DisableDigitalInput
 .text          0x080049b8        0x0 Dave/Generated/src/IO001/IO001_Conf.o
 .text          0x080049b8        0x0 Dave/Generated/src/GMM001/GMM001.o
 .text.GMM001_Init
                0x080049b8       0x70 Dave/Generated/src/GMM001/GMM001.o
                0x080049b8                GMM001_Init
 .text.GMM001_malloc
                0x08004a28       0x34 Dave/Generated/src/GMM001/GMM001.o
                0x08004a28                GMM001_malloc
 .text.GMM001_realloc
                0x08004a5c       0x78 Dave/Generated/src/GMM001/GMM001.o
                0x08004a5c                GMM001_realloc
 .text.GMM001_free
                0x08004ad4       0x60 Dave/Generated/src/GMM001/GMM001.o
                0x08004ad4                GMM001_free
 .text          0x08004b34        0x0 Dave/Generated/src/GMM001/GMM001_Conf.o
 .text          0x08004b34        0x0 Dave/Generated/src/FATFS004/FATFS004.o
 .text.disk_initialize
                0x08004b34       0x1c Dave/Generated/src/FATFS004/FATFS004.o
                0x08004b34                disk_initialize
 .text.disk_status
                0x08004b50       0x1c Dave/Generated/src/FATFS004/FATFS004.o
                0x08004b50                disk_status
 .text.disk_read
                0x08004b6c       0x2c Dave/Generated/src/FATFS004/FATFS004.o
                0x08004b6c                disk_read
 .text.disk_write
                0x08004b98       0x2c Dave/Generated/src/FATFS004/FATFS004.o
                0x08004b98                disk_write
 .text.disk_ioctl
                0x08004bc4       0x28 Dave/Generated/src/FATFS004/FATFS004.o
                0x08004bc4                disk_ioctl
 .text.get_fattime
                0x08004bec       0x4c Dave/Generated/src/FATFS004/FATFS004.o
                0x08004bec                get_fattime
 .text          0x08004c38        0x0 Dave/Generated/src/FATFS004/FATFS004_Conf.o
 .text          0x08004c38        0x0 Dave/Generated/src/FATFS002/FATFS002_Conf.o
 .text.FATFS002_Init
                0x08004c38        0x2 Dave/Generated/src/FATFS002/FATFS002_Conf.o
                0x08004c38                FATFS002_Init
 .text          0x08004c3a        0x0 Dave/Generated/src/FATFS002/syscall.o
 .text          0x08004c3a        0x0 Dave/Generated/src/FATFS002/Src/ff.o
 .text.mem_cpy  0x08004c3a       0x12 Dave/Generated/src/FATFS002/Src/ff.o
 .text.mem_set  0x08004c4c        0xe Dave/Generated/src/FATFS002/Src/ff.o
 .text.get_fileinfo
                0x08004c5a       0x82 Dave/Generated/src/FATFS002/Src/ff.o
 .text.move_window
                0x08004cdc       0x76 Dave/Generated/src/FATFS002/Src/ff.o
 .text.sync     0x08004d52       0xb6 Dave/Generated/src/FATFS002/Src/ff.o
 .text.validate
                0x08004e08       0x24 Dave/Generated/src/FATFS002/Src/ff.o
 .text.check_fs
                0x08004e2c       0x88 Dave/Generated/src/FATFS002/Src/ff.o
 .text.chk_mounted
                0x08004eb4      0x314 Dave/Generated/src/FATFS002/Src/ff.o
 .text.clust2sect
                0x080051c8       0x18 Dave/Generated/src/FATFS002/Src/ff.o
                0x080051c8                clust2sect
 .text.get_fat  0x080051e0       0xca Dave/Generated/src/FATFS002/Src/ff.o
                0x080051e0                get_fat
 .text.dir_sdi  0x080052aa       0x84 Dave/Generated/src/FATFS002/Src/ff.o
 .text.dir_remove
                0x0800532e       0x24 Dave/Generated/src/FATFS002/Src/ff.o
 .text.put_fat  0x08005352       0xf6 Dave/Generated/src/FATFS002/Src/ff.o
                0x08005352                put_fat
 .text.create_chain
                0x08005448       0x9a Dave/Generated/src/FATFS002/Src/ff.o
 .text.dir_next
                0x080054e2       0xf4 Dave/Generated/src/FATFS002/Src/ff.o
 *fill*         0x080055d6        0x2 00
 .text.follow_path
                0x080055d8      0x204 Dave/Generated/src/FATFS002/Src/ff.o
 .text.dir_register
                0x080057dc       0x5a Dave/Generated/src/FATFS002/Src/ff.o
 .text.dir_read
                0x08005836       0x4a Dave/Generated/src/FATFS002/Src/ff.o
 .text.remove_chain
                0x08005880       0x82 Dave/Generated/src/FATFS002/Src/ff.o
 *fill*         0x08005902        0x2 00
 .text.f_mount  0x08005904       0x2c Dave/Generated/src/FATFS002/Src/ff.o
                0x08005904                f_mount
 .text.f_open   0x08005930      0x152 Dave/Generated/src/FATFS002/Src/ff.o
                0x08005930                f_open
 .text.f_read   0x08005a82      0x168 Dave/Generated/src/FATFS002/Src/ff.o
                0x08005a82                f_read
 .text.f_write  0x08005bea      0x196 Dave/Generated/src/FATFS002/Src/ff.o
                0x08005bea                f_write
 .text.f_sync   0x08005d80       0xac Dave/Generated/src/FATFS002/Src/ff.o
                0x08005d80                f_sync
 .text.f_close  0x08005e2c        0xe Dave/Generated/src/FATFS002/Src/ff.o
                0x08005e2c                f_close
 *fill*         0x08005e3a        0x2 00
 .text.f_chdrive
                0x08005e3c       0x14 Dave/Generated/src/FATFS002/Src/ff.o
                0x08005e3c                f_chdrive
 .text.f_chdir  0x08005e50       0x5e Dave/Generated/src/FATFS002/Src/ff.o
                0x08005e50                f_chdir
 .text.f_lseek  0x08005eae      0x140 Dave/Generated/src/FATFS002/Src/ff.o
                0x08005eae                f_lseek
 .text.f_opendir
                0x08005fee       0x64 Dave/Generated/src/FATFS002/Src/ff.o
                0x08005fee                f_opendir
 .text.f_readdir
                0x08006052       0x54 Dave/Generated/src/FATFS002/Src/ff.o
                0x08006052                f_readdir
 .text.f_stat   0x080060a6       0x40 Dave/Generated/src/FATFS002/Src/ff.o
                0x080060a6                f_stat
 .text.f_getfree
                0x080060e6       0xe8 Dave/Generated/src/FATFS002/Src/ff.o
                0x080060e6                f_getfree
 .text.f_truncate
                0x080061ce       0x92 Dave/Generated/src/FATFS002/Src/ff.o
                0x080061ce                f_truncate
 .text.f_unlink
                0x08006260       0xc8 Dave/Generated/src/FATFS002/Src/ff.o
                0x08006260                f_unlink
 .text.f_mkdir  0x08006328      0x1c2 Dave/Generated/src/FATFS002/Src/ff.o
                0x08006328                f_mkdir
 .text.f_chmod  0x080064ea       0x5c Dave/Generated/src/FATFS002/Src/ff.o
                0x080064ea                f_chmod
 .text.f_utime  0x08006546       0x5c Dave/Generated/src/FATFS002/Src/ff.o
                0x08006546                f_utime
 .text.f_rename
                0x080065a2      0x128 Dave/Generated/src/FATFS002/Src/ff.o
                0x080065a2                f_rename
 *fill*         0x080066ca        0x2 00
 .text.f_mkfs   0x080066cc      0x5c8 Dave/Generated/src/FATFS002/Src/ff.o
                0x080066cc                f_mkfs
 .text.f_gets   0x08006c94       0x44 Dave/Generated/src/FATFS002/Src/ff.o
                0x08006c94                f_gets
 .text.f_putc   0x08006cd8       0x22 Dave/Generated/src/FATFS002/Src/ff.o
                0x08006cd8                f_putc
 .text.f_puts   0x08006cfa       0x20 Dave/Generated/src/FATFS002/Src/ff.o
                0x08006cfa                f_puts
 .text.f_printf
                0x08006d1a      0x23c Dave/Generated/src/FATFS002/Src/ff.o
                0x08006d1a                f_printf
 .text          0x08006f56        0x0 Dave/Generated/src/ETH004/ETH004_Conf.o
 .text          0x08006f56        0x0 Dave/Generated/src/ETH004/01_lwIP_Stack/src/netif/etharp.o
 .text.etharp_send_ip
                0x08006f56       0x30 Dave/Generated/src/ETH004/01_lwIP_Stack/src/netif/etharp.o
 .text.free_etharp_q
                0x08006f86       0x1a Dave/Generated/src/ETH004/01_lwIP_Stack/src/netif/etharp.o
 .text.find_entry
                0x08006fa0      0x12c Dave/Generated/src/ETH004/01_lwIP_Stack/src/netif/etharp.o
 .text.update_arp_entry
                0x080070cc       0xac Dave/Generated/src/ETH004/01_lwIP_Stack/src/netif/etharp.o
 .text.etharp_tmr
                0x08007178       0x40 Dave/Generated/src/ETH004/01_lwIP_Stack/src/netif/etharp.o
                0x08007178                etharp_tmr
 .text.etharp_find_addr
                0x080071b8       0x3c Dave/Generated/src/ETH004/01_lwIP_Stack/src/netif/etharp.o
                0x080071b8                etharp_find_addr
 .text.etharp_ip_input
                0x080071f4       0x26 Dave/Generated/src/ETH004/01_lwIP_Stack/src/netif/etharp.o
                0x080071f4                etharp_ip_input
 .text.etharp_arp_input
                0x0800721a       0xd4 Dave/Generated/src/ETH004/01_lwIP_Stack/src/netif/etharp.o
                0x0800721a                etharp_arp_input
 *fill*         0x080072ee        0x2 00
 .text.etharp_request
                0x080072f0       0x98 Dave/Generated/src/ETH004/01_lwIP_Stack/src/netif/etharp.o
                0x080072f0                etharp_request
 .text.etharp_query
                0x08007388      0x114 Dave/Generated/src/ETH004/01_lwIP_Stack/src/netif/etharp.o
                0x08007388                etharp_query
 .text.etharp_output
                0x0800749c       0xb8 Dave/Generated/src/ETH004/01_lwIP_Stack/src/netif/etharp.o
                0x0800749c                etharp_output
 .text.ethernet_input
                0x08007554       0x52 Dave/Generated/src/ETH004/01_lwIP_Stack/src/netif/etharp.o
                0x08007554                ethernet_input
 .text          0x080075a6        0x0 Dave/Generated/src/ETH004/01_lwIP_Stack/src/netif/ethernetif.o
 .text.low_level_output
                0x080075a6       0x36 Dave/Generated/src/ETH004/01_lwIP_Stack/src/netif/ethernetif.o
 .text.lwip_Input
                0x080075dc       0x5c Dave/Generated/src/ETH004/01_lwIP_Stack/src/netif/ethernetif.o
                0x080075dc                lwip_Input
 .text.ethernetif_init
                0x08007638       0x60 Dave/Generated/src/ETH004/01_lwIP_Stack/src/netif/ethernetif.o
                0x08007638                ethernetif_init
 .text.Eth_Received_Data_Handler
                0x08007698        0x4 Dave/Generated/src/ETH004/01_lwIP_Stack/src/netif/ethernetif.o
                0x08007698                Eth_Received_Data_Handler
 .text          0x0800769c        0x0 Dave/Generated/src/ETH004/01_lwIP_Stack/src/netif/loopif.o
 .text          0x0800769c        0x0 Dave/Generated/src/ETH004/01_lwIP_Stack/src/netif/slipif.o
 .text          0x0800769c        0x0 Dave/Generated/src/ETH004/01_lwIP_Stack/src/core/dhcp.o
 .text          0x0800769c        0x0 Dave/Generated/src/ETH004/01_lwIP_Stack/src/core/dns.o
 .text.unlikely.dns_parse_name
                0x0800769c       0x18 Dave/Generated/src/ETH004/01_lwIP_Stack/src/core/dns.o
 .text.dns_send
                0x080076b4       0xc0 Dave/Generated/src/ETH004/01_lwIP_Stack/src/core/dns.o
 .text.dns_check_entry
                0x08007774       0x94 Dave/Generated/src/ETH004/01_lwIP_Stack/src/core/dns.o
 .text.dns_recv
                0x08007808      0x190 Dave/Generated/src/ETH004/01_lwIP_Stack/src/core/dns.o
 .text.dns_setserver
                0x08007998       0x1c Dave/Generated/src/ETH004/01_lwIP_Stack/src/core/dns.o
                0x08007998                dns_setserver
 .text.dns_init
                0x080079b4       0x44 Dave/Generated/src/ETH004/01_lwIP_Stack/src/core/dns.o
                0x080079b4                dns_init
 .text.dns_getserver
                0x080079f8       0x40 Dave/Generated/src/ETH004/01_lwIP_Stack/src/core/dns.o
                0x080079f8                dns_getserver
 .text.dns_tmr  0x08007a38       0x2c Dave/Generated/src/ETH004/01_lwIP_Stack/src/core/dns.o
                0x08007a38                dns_tmr
 .text.dns_gethostbyname
                0x08007a64      0x110 Dave/Generated/src/ETH004/01_lwIP_Stack/src/core/dns.o
                0x08007a64                dns_gethostbyname
 .text          0x08007b74        0x0 Dave/Generated/src/ETH004/01_lwIP_Stack/src/core/init.o
 .text.lwip_init
                0x08007b74       0x12 Dave/Generated/src/ETH004/01_lwIP_Stack/src/core/init.o
                0x08007b74                lwip_init
 .text          0x08007b86        0x0 Dave/Generated/src/ETH004/01_lwIP_Stack/src/core/mem.o
 *fill*         0x08007b86        0x2 00
 .text.mem_init
                0x08007b88       0x3c Dave/Generated/src/ETH004/01_lwIP_Stack/src/core/mem.o
                0x08007b88                mem_init
 .text.mem_free
                0x08007bc4       0x90 Dave/Generated/src/ETH004/01_lwIP_Stack/src/core/mem.o
                0x08007bc4                mem_free
 .text.mem_realloc
                0x08007c54       0xa8 Dave/Generated/src/ETH004/01_lwIP_Stack/src/core/mem.o
                0x08007c54                mem_realloc
 .text.mem_malloc
                0x08007cfc       0xac Dave/Generated/src/ETH004/01_lwIP_Stack/src/core/mem.o
                0x08007cfc                mem_malloc
 .text.mem_calloc
                0x08007da8       0x1c Dave/Generated/src/ETH004/01_lwIP_Stack/src/core/mem.o
                0x08007da8                mem_calloc
 .text          0x08007dc4        0x0 Dave/Generated/src/ETH004/01_lwIP_Stack/src/core/memp.o
 .text          0x08007dc4        0x0 Dave/Generated/src/ETH004/01_lwIP_Stack/src/core/netconf.o
 .text.Ethernetwait_Timer_CallBack
                0x08007dc4        0xc Dave/Generated/src/ETH004/01_lwIP_Stack/src/core/netconf.o
                0x08007dc4                Ethernetwait_Timer_CallBack
 .text.PeriodicTimerCallback
                0x08007dd0        0x2 Dave/Generated/src/ETH004/01_lwIP_Stack/src/core/netconf.o
                0x08007dd0                PeriodicTimerCallback
 *fill*         0x08007dd2        0x2 00
 .text.DeletePeriodicTimer
                0x08007dd4        0xc Dave/Generated/src/ETH004/01_lwIP_Stack/src/core/netconf.o
                0x08007dd4                DeletePeriodicTimer
 .text.OneShotTimerCallback
                0x08007de0       0x38 Dave/Generated/src/ETH004/01_lwIP_Stack/src/core/netconf.o
                0x08007de0                OneShotTimerCallback
 .text.lwIPStack_init
                0x08007e18      0x118 Dave/Generated/src/ETH004/01_lwIP_Stack/src/core/netconf.o
                0x08007e18                lwIPStack_init
 .text.LwIP_Periodic_Timer_CallBack
                0x08007f30       0x78 Dave/Generated/src/ETH004/01_lwIP_Stack/src/core/netconf.o
                0x08007f30                LwIP_Periodic_Timer_CallBack
 .text.Periodic_Timer_CallBack
                0x08007fa8        0x6 Dave/Generated/src/ETH004/01_lwIP_Stack/src/core/netconf.o
                0x08007fa8                Periodic_Timer_CallBack
 *fill*         0x08007fae        0x2 00
 .text.lwIPStack_UnInit
                0x08007fb0       0x18 Dave/Generated/src/ETH004/01_lwIP_Stack/src/core/netconf.o
                0x08007fb0                lwIPStack_UnInit
 .text          0x08007fc8        0x0 Dave/Generated/src/ETH004/01_lwIP_Stack/src/core/netif.o
 .text.netif_remove
                0x08007fc8       0x4c Dave/Generated/src/ETH004/01_lwIP_Stack/src/core/netif.o
                0x08007fc8                netif_remove
 .text.netif_find
                0x08008014       0x38 Dave/Generated/src/ETH004/01_lwIP_Stack/src/core/netif.o
                0x08008014                netif_find
 .text.netif_set_ipaddr
                0x0800804c       0x50 Dave/Generated/src/ETH004/01_lwIP_Stack/src/core/netif.o
                0x0800804c                netif_set_ipaddr
 .text.netif_set_addr
                0x0800809c       0x1a Dave/Generated/src/ETH004/01_lwIP_Stack/src/core/netif.o
                0x0800809c                netif_set_addr
 *fill*         0x080080b6        0x2 00
 .text.netif_add
                0x080080b8       0x68 Dave/Generated/src/ETH004/01_lwIP_Stack/src/core/netif.o
                0x080080b8                netif_add
 .text.netif_set_gw
                0x08008120        0x8 Dave/Generated/src/ETH004/01_lwIP_Stack/src/core/netif.o
                0x08008120                netif_set_gw
 .text.netif_set_netmask
                0x08008128        0x8 Dave/Generated/src/ETH004/01_lwIP_Stack/src/core/netif.o
                0x08008128                netif_set_netmask
 .text.netif_set_default
                0x08008130        0xc Dave/Generated/src/ETH004/01_lwIP_Stack/src/core/netif.o
                0x08008130                netif_set_default
 .text.netif_set_up
                0x0800813c       0x1e Dave/Generated/src/ETH004/01_lwIP_Stack/src/core/netif.o
                0x0800813c                netif_set_up
 .text.netif_set_down
                0x0800815a       0x12 Dave/Generated/src/ETH004/01_lwIP_Stack/src/core/netif.o
                0x0800815a                netif_set_down
 .text.netif_is_up
                0x0800816c        0xa Dave/Generated/src/ETH004/01_lwIP_Stack/src/core/netif.o
                0x0800816c                netif_is_up
 .text          0x08008176        0x0 Dave/Generated/src/ETH004/01_lwIP_Stack/src/core/pbuf.o
 .text.pbuf_header
                0x08008176       0x58 Dave/Generated/src/ETH004/01_lwIP_Stack/src/core/pbuf.o
                0x08008176                pbuf_header
 .text.pbuf_free
                0x080081ce       0x28 Dave/Generated/src/ETH004/01_lwIP_Stack/src/core/pbuf.o
                0x080081ce                pbuf_free
 .text.pbuf_realloc
                0x080081f6       0x4c Dave/Generated/src/ETH004/01_lwIP_Stack/src/core/pbuf.o
                0x080081f6                pbuf_realloc
 *fill*         0x08008242        0x2 00
 .text.pbuf_alloc
                0x08008244      0x11c Dave/Generated/src/ETH004/01_lwIP_Stack/src/core/pbuf.o
                0x08008244                pbuf_alloc
 .text.pbuf_clen
                0x08008360       0x10 Dave/Generated/src/ETH004/01_lwIP_Stack/src/core/pbuf.o
                0x08008360                pbuf_clen
 .text.pbuf_ref
                0x08008370        0xa Dave/Generated/src/ETH004/01_lwIP_Stack/src/core/pbuf.o
                0x08008370                pbuf_ref
 .text.pbuf_cat
                0x0800837a       0x20 Dave/Generated/src/ETH004/01_lwIP_Stack/src/core/pbuf.o
                0x0800837a                pbuf_cat
 .text.pbuf_chain
                0x0800839a       0x12 Dave/Generated/src/ETH004/01_lwIP_Stack/src/core/pbuf.o
                0x0800839a                pbuf_chain
 .text.pbuf_dechain
                0x080083ac       0x26 Dave/Generated/src/ETH004/01_lwIP_Stack/src/core/pbuf.o
                0x080083ac                pbuf_dechain
 .text.pbuf_copy
                0x080083d2       0x92 Dave/Generated/src/ETH004/01_lwIP_Stack/src/core/pbuf.o
                0x080083d2                pbuf_copy
 .text.pbuf_copy_partial
                0x08008464       0x5e Dave/Generated/src/ETH004/01_lwIP_Stack/src/core/pbuf.o
                0x08008464                pbuf_copy_partial
 .text.pbuf_take
                0x080084c2       0x48 Dave/Generated/src/ETH004/01_lwIP_Stack/src/core/pbuf.o
                0x080084c2                pbuf_take
 .text.pbuf_coalesce
                0x0800850a       0x28 Dave/Generated/src/ETH004/01_lwIP_Stack/src/core/pbuf.o
                0x0800850a                pbuf_coalesce
 .text          0x08008532        0x0 Dave/Generated/src/ETH004/01_lwIP_Stack/src/core/raw.o
 *fill*         0x08008532        0x2 00
 .text.raw_input
                0x08008534       0x6c Dave/Generated/src/ETH004/01_lwIP_Stack/src/core/raw.o
                0x08008534                raw_input
 .text.raw_bind
                0x080085a0        0xa Dave/Generated/src/ETH004/01_lwIP_Stack/src/core/raw.o
                0x080085a0                raw_bind
 .text.raw_connect
                0x080085aa        0xa Dave/Generated/src/ETH004/01_lwIP_Stack/src/core/raw.o
                0x080085aa                raw_connect
 .text.raw_recv
                0x080085b4        0x6 Dave/Generated/src/ETH004/01_lwIP_Stack/src/core/raw.o
                0x080085b4                raw_recv
 .text.raw_sendto
                0x080085ba       0x86 Dave/Generated/src/ETH004/01_lwIP_Stack/src/core/raw.o
                0x080085ba                raw_sendto
 .text.raw_send
                0x08008640        0x6 Dave/Generated/src/ETH004/01_lwIP_Stack/src/core/raw.o
                0x08008640                raw_send
 *fill*         0x08008646        0x2 00
 .text.raw_remove
                0x08008648       0x28 Dave/Generated/src/ETH004/01_lwIP_Stack/src/core/raw.o
                0x08008648                raw_remove
 .text.raw_new  0x08008670       0x34 Dave/Generated/src/ETH004/01_lwIP_Stack/src/core/raw.o
                0x08008670                raw_new
 .text          0x080086a4        0x0 Dave/Generated/src/ETH004/01_lwIP_Stack/src/core/stats.o
 .text          0x080086a4        0x0 Dave/Generated/src/ETH004/01_lwIP_Stack/src/core/sys.o
 .text          0x080086a4        0x0 Dave/Generated/src/ETH004/01_lwIP_Stack/src/core/tcp.o
 .text.tcp_accept_null
                0x080086a4        0x6 Dave/Generated/src/ETH004/01_lwIP_Stack/src/core/tcp.o
 *fill*         0x080086aa        0x2 00
 .text.tcp_new_port
                0x080086ac       0x60 Dave/Generated/src/ETH004/01_lwIP_Stack/src/core/tcp.o
 .text.tcp_bind
                0x0800870c       0xbc Dave/Generated/src/ETH004/01_lwIP_Stack/src/core/tcp.o
                0x0800870c                tcp_bind
 .text.tcp_listen_with_backlog
                0x080087c8       0x90 Dave/Generated/src/ETH004/01_lwIP_Stack/src/core/tcp.o
                0x080087c8                tcp_listen_with_backlog
 .text.tcp_update_rcv_ann_wnd
                0x08008858       0x38 Dave/Generated/src/ETH004/01_lwIP_Stack/src/core/tcp.o
                0x08008858                tcp_update_rcv_ann_wnd
 .text.tcp_recved
                0x08008890       0x3c Dave/Generated/src/ETH004/01_lwIP_Stack/src/core/tcp.o
                0x08008890                tcp_recved
 .text.tcp_seg_free
                0x080088cc       0x1e Dave/Generated/src/ETH004/01_lwIP_Stack/src/core/tcp.o
                0x080088cc                tcp_seg_free
 .text.tcp_segs_free
                0x080088ea       0x18 Dave/Generated/src/ETH004/01_lwIP_Stack/src/core/tcp.o
                0x080088ea                tcp_segs_free
 .text.tcp_setprio
                0x08008902        0x4 Dave/Generated/src/ETH004/01_lwIP_Stack/src/core/tcp.o
                0x08008902                tcp_setprio
 .text.tcp_arg  0x08008906        0x4 Dave/Generated/src/ETH004/01_lwIP_Stack/src/core/tcp.o
                0x08008906                tcp_arg
 .text.tcp_recv
                0x0800890a        0x6 Dave/Generated/src/ETH004/01_lwIP_Stack/src/core/tcp.o
                0x0800890a                tcp_recv
 .text.tcp_sent
                0x08008910        0x6 Dave/Generated/src/ETH004/01_lwIP_Stack/src/core/tcp.o
                0x08008910                tcp_sent
 .text.tcp_err  0x08008916        0x6 Dave/Generated/src/ETH004/01_lwIP_Stack/src/core/tcp.o
                0x08008916                tcp_err
 .text.tcp_accept
                0x0800891c        0x4 Dave/Generated/src/ETH004/01_lwIP_Stack/src/core/tcp.o
                0x0800891c                tcp_accept
 .text.tcp_poll
                0x08008920        0xa Dave/Generated/src/ETH004/01_lwIP_Stack/src/core/tcp.o
                0x08008920                tcp_poll
 .text.tcp_pcb_purge
                0x0800892a       0x30 Dave/Generated/src/ETH004/01_lwIP_Stack/src/core/tcp.o
                0x0800892a                tcp_pcb_purge
 *fill*         0x0800895a        0x2 00
 .text.tcp_slowtmr
                0x0800895c      0x22c Dave/Generated/src/ETH004/01_lwIP_Stack/src/core/tcp.o
                0x0800895c                tcp_slowtmr
 .text.tcp_pcb_remove
                0x08008b88       0x60 Dave/Generated/src/ETH004/01_lwIP_Stack/src/core/tcp.o
                0x08008b88                tcp_pcb_remove
 .text.tcp_abandon
                0x08008be8       0x8c Dave/Generated/src/ETH004/01_lwIP_Stack/src/core/tcp.o
                0x08008be8                tcp_abandon
 .text.tcp_close
                0x08008c74       0x8c Dave/Generated/src/ETH004/01_lwIP_Stack/src/core/tcp.o
                0x08008c74                tcp_close
 .text.tcp_recv_null
                0x08008d00       0x24 Dave/Generated/src/ETH004/01_lwIP_Stack/src/core/tcp.o
                0x08008d00                tcp_recv_null
 .text.tcp_fasttmr
                0x08008d24       0x58 Dave/Generated/src/ETH004/01_lwIP_Stack/src/core/tcp.o
                0x08008d24                tcp_fasttmr
 .text.tcp_tmr  0x08008d7c       0x24 Dave/Generated/src/ETH004/01_lwIP_Stack/src/core/tcp.o
                0x08008d7c                tcp_tmr
 .text.tcp_next_iss
                0x08008da0       0x18 Dave/Generated/src/ETH004/01_lwIP_Stack/src/core/tcp.o
                0x08008da0                tcp_next_iss
 .text.tcp_alloc
                0x08008db8      0x114 Dave/Generated/src/ETH004/01_lwIP_Stack/src/core/tcp.o
                0x08008db8                tcp_alloc
 .text.tcp_new  0x08008ecc        0x6 Dave/Generated/src/ETH004/01_lwIP_Stack/src/core/tcp.o
                0x08008ecc                tcp_new
 .text.tcp_eff_send_mss
                0x08008ed2       0x1e Dave/Generated/src/ETH004/01_lwIP_Stack/src/core/tcp.o
                0x08008ed2                tcp_eff_send_mss
 .text.tcp_connect
                0x08008ef0       0xc8 Dave/Generated/src/ETH004/01_lwIP_Stack/src/core/tcp.o
                0x08008ef0                tcp_connect
 .text.tcp_debug_state_str
                0x08008fb8       0x10 Dave/Generated/src/ETH004/01_lwIP_Stack/src/core/tcp.o
                0x08008fb8                tcp_debug_state_str
 .text          0x08008fc8        0x0 Dave/Generated/src/ETH004/01_lwIP_Stack/src/core/tcp_in.o
 .text.tcp_parseopt
                0x08008fc8       0x80 Dave/Generated/src/ETH004/01_lwIP_Stack/src/core/tcp_in.o
 .text.tcp_receive
                0x08009048      0x474 Dave/Generated/src/ETH004/01_lwIP_Stack/src/core/tcp_in.o
 .text.tcp_input
                0x080094bc      0x7dc Dave/Generated/src/ETH004/01_lwIP_Stack/src/core/tcp_in.o
                0x080094bc                tcp_input
 .text          0x08009c98        0x0 Dave/Generated/src/ETH004/01_lwIP_Stack/src/core/tcp_out.o
 .text.tcp_output_set_header.constprop.0
                0x08009c98       0x6a Dave/Generated/src/ETH004/01_lwIP_Stack/src/core/tcp_out.o
 *fill*         0x08009d02        0x2 00
 .text.tcp_enqueue
                0x08009d04      0x394 Dave/Generated/src/ETH004/01_lwIP_Stack/src/core/tcp_out.o
                0x08009d04                tcp_enqueue
 .text.tcp_write
                0x0800a098       0x2e Dave/Generated/src/ETH004/01_lwIP_Stack/src/core/tcp_out.o
                0x0800a098                tcp_write
 .text.tcp_send_ctrl
                0x0800a0c6       0x14 Dave/Generated/src/ETH004/01_lwIP_Stack/src/core/tcp_out.o
                0x0800a0c6                tcp_send_ctrl
 .text.tcp_send_empty_ack
                0x0800a0da       0x52 Dave/Generated/src/ETH004/01_lwIP_Stack/src/core/tcp_out.o
                0x0800a0da                tcp_send_empty_ack
 .text.tcp_output
                0x0800a12c      0x258 Dave/Generated/src/ETH004/01_lwIP_Stack/src/core/tcp_out.o
                0x0800a12c                tcp_output
 .text.tcp_rst  0x0800a384       0xa8 Dave/Generated/src/ETH004/01_lwIP_Stack/src/core/tcp_out.o
                0x0800a384                tcp_rst
 .text.tcp_rexmit_rto
                0x0800a42c       0x2e Dave/Generated/src/ETH004/01_lwIP_Stack/src/core/tcp_out.o
                0x0800a42c                tcp_rexmit_rto
 .text.tcp_rexmit
                0x0800a45a       0x48 Dave/Generated/src/ETH004/01_lwIP_Stack/src/core/tcp_out.o
                0x0800a45a                tcp_rexmit
 .text.tcp_rexmit_fast
                0x0800a4a2       0x5e Dave/Generated/src/ETH004/01_lwIP_Stack/src/core/tcp_out.o
                0x0800a4a2                tcp_rexmit_fast
 .text.tcp_keepalive
                0x0800a500       0x48 Dave/Generated/src/ETH004/01_lwIP_Stack/src/core/tcp_out.o
                0x0800a500                tcp_keepalive
 .text.tcp_zero_window_probe
                0x0800a548       0xa2 Dave/Generated/src/ETH004/01_lwIP_Stack/src/core/tcp_out.o
                0x0800a548                tcp_zero_window_probe
 .text          0x0800a5ea        0x0 Dave/Generated/src/ETH004/01_lwIP_Stack/src/core/udp.o
 *fill*         0x0800a5ea        0x2 00
 .text.udp_input
                0x0800a5ec      0x16c Dave/Generated/src/ETH004/01_lwIP_Stack/src/core/udp.o
                0x0800a5ec                udp_input
 .text.udp_bind
                0x0800a758       0x58 Dave/Generated/src/ETH004/01_lwIP_Stack/src/core/udp.o
                0x0800a758                udp_bind
 .text.udp_sendto_if
                0x0800a7b0       0xba Dave/Generated/src/ETH004/01_lwIP_Stack/src/core/udp.o
                0x0800a7b0                udp_sendto_if
 .text.udp_sendto
                0x0800a86a       0x4c Dave/Generated/src/ETH004/01_lwIP_Stack/src/core/udp.o
                0x0800a86a                udp_sendto
 .text.udp_send
                0x0800a8b6        0x8 Dave/Generated/src/ETH004/01_lwIP_Stack/src/core/udp.o
                0x0800a8b6                udp_send
 *fill*         0x0800a8be        0x2 00
 .text.udp_connect
                0x0800a8c0       0x4c Dave/Generated/src/ETH004/01_lwIP_Stack/src/core/udp.o
                0x0800a8c0                udp_connect
 .text.udp_disconnect
                0x0800a90c       0x18 Dave/Generated/src/ETH004/01_lwIP_Stack/src/core/udp.o
                0x0800a90c                udp_disconnect
 .text.udp_recv
                0x0800a924        0x6 Dave/Generated/src/ETH004/01_lwIP_Stack/src/core/udp.o
                0x0800a924                udp_recv
 *fill*         0x0800a92a        0x2 00
 .text.udp_remove
                0x0800a92c       0x28 Dave/Generated/src/ETH004/01_lwIP_Stack/src/core/udp.o
                0x0800a92c                udp_remove
 .text.udp_new  0x0800a954       0x24 Dave/Generated/src/ETH004/01_lwIP_Stack/src/core/udp.o
                0x0800a954                udp_new
 .text          0x0800a978        0x0 Dave/Generated/src/ETH004/01_lwIP_Stack/src/core/ipv4/autoip.o
 .text          0x0800a978        0x0 Dave/Generated/src/ETH004/01_lwIP_Stack/src/core/ipv4/icmp.o
 .text.icmp_send_response
                0x0800a978       0x7c Dave/Generated/src/ETH004/01_lwIP_Stack/src/core/ipv4/icmp.o
 .text.icmp_input
                0x0800a9f4       0xf0 Dave/Generated/src/ETH004/01_lwIP_Stack/src/core/ipv4/icmp.o
                0x0800a9f4                icmp_input
 .text.icmp_dest_unreach
                0x0800aae4        0x8 Dave/Generated/src/ETH004/01_lwIP_Stack/src/core/ipv4/icmp.o
                0x0800aae4                icmp_dest_unreach
 .text.icmp_time_exceeded
                0x0800aaec        0x8 Dave/Generated/src/ETH004/01_lwIP_Stack/src/core/ipv4/icmp.o
                0x0800aaec                icmp_time_exceeded
 .text          0x0800aaf4        0x0 Dave/Generated/src/ETH004/01_lwIP_Stack/src/core/ipv4/igmp.o
 .text.igmp_init
                0x0800aaf4       0x24 Dave/Generated/src/ETH004/01_lwIP_Stack/src/core/ipv4/igmp.o
                0x0800aaf4                igmp_init
 .text.igmp_stop
                0x0800ab18       0x48 Dave/Generated/src/ETH004/01_lwIP_Stack/src/core/ipv4/igmp.o
                0x0800ab18                igmp_stop
 .text.igmp_lookfor_group
                0x0800ab60       0x24 Dave/Generated/src/ETH004/01_lwIP_Stack/src/core/ipv4/igmp.o
                0x0800ab60                igmp_lookfor_group
 .text.igmp_lookup_group
                0x0800ab84       0x40 Dave/Generated/src/ETH004/01_lwIP_Stack/src/core/ipv4/igmp.o
                0x0800ab84                igmp_lookup_group
 .text.igmp_start
                0x0800abc4       0x34 Dave/Generated/src/ETH004/01_lwIP_Stack/src/core/ipv4/igmp.o
                0x0800abc4                igmp_start
 .text.igmp_remove_group
                0x0800abf8       0x30 Dave/Generated/src/ETH004/01_lwIP_Stack/src/core/ipv4/igmp.o
                0x0800abf8                igmp_remove_group
 .text.igmp_start_timer
                0x0800ac28        0x4 Dave/Generated/src/ETH004/01_lwIP_Stack/src/core/ipv4/igmp.o
                0x0800ac28                igmp_start_timer
 .text.igmp_stop_timer
                0x0800ac2c        0x6 Dave/Generated/src/ETH004/01_lwIP_Stack/src/core/ipv4/igmp.o
                0x0800ac2c                igmp_stop_timer
 .text.igmp_delaying_member
                0x0800ac32       0x1a Dave/Generated/src/ETH004/01_lwIP_Stack/src/core/ipv4/igmp.o
                0x0800ac32                igmp_delaying_member
 .text.igmp_input
                0x0800ac4c       0xc4 Dave/Generated/src/ETH004/01_lwIP_Stack/src/core/ipv4/igmp.o
                0x0800ac4c                igmp_input
 .text.igmp_report_groups
                0x0800ad10       0x24 Dave/Generated/src/ETH004/01_lwIP_Stack/src/core/ipv4/igmp.o
                0x0800ad10                igmp_report_groups
 .text.igmp_ip_output_if
                0x0800ad34       0x46 Dave/Generated/src/ETH004/01_lwIP_Stack/src/core/ipv4/igmp.o
                0x0800ad34                igmp_ip_output_if
 *fill*         0x0800ad7a        0x2 00
 .text.igmp_send
                0x0800ad7c       0x88 Dave/Generated/src/ETH004/01_lwIP_Stack/src/core/ipv4/igmp.o
                0x0800ad7c                igmp_send
 .text.igmp_timeout
                0x0800ae04        0xe Dave/Generated/src/ETH004/01_lwIP_Stack/src/core/ipv4/igmp.o
                0x0800ae04                igmp_timeout
 *fill*         0x0800ae12        0x2 00
 .text.igmp_tmr
                0x0800ae14       0x24 Dave/Generated/src/ETH004/01_lwIP_Stack/src/core/ipv4/igmp.o
                0x0800ae14                igmp_tmr
 .text.igmp_leavegroup
                0x0800ae38       0x9c Dave/Generated/src/ETH004/01_lwIP_Stack/src/core/ipv4/igmp.o
                0x0800ae38                igmp_leavegroup
 .text.igmp_joingroup
                0x0800aed4       0x98 Dave/Generated/src/ETH004/01_lwIP_Stack/src/core/ipv4/igmp.o
                0x0800aed4                igmp_joingroup
 .text          0x0800af6c        0x0 Dave/Generated/src/ETH004/01_lwIP_Stack/src/core/ipv4/inet.o
 .text.inet_ntoa
                0x0800af6c       0x6c Dave/Generated/src/ETH004/01_lwIP_Stack/src/core/ipv4/inet.o
                0x0800af6c                inet_ntoa
 .text.htons    0x0800afd8        0xa Dave/Generated/src/ETH004/01_lwIP_Stack/src/core/ipv4/inet.o
                0x0800afd8                htons
 .text.ntohs    0x0800afe2        0xa Dave/Generated/src/ETH004/01_lwIP_Stack/src/core/ipv4/inet.o
                0x0800afe2                ntohs
 .text.htonl    0x0800afec        0x4 Dave/Generated/src/ETH004/01_lwIP_Stack/src/core/ipv4/inet.o
                0x0800afec                htonl
 .text.inet_aton
                0x0800aff0      0x106 Dave/Generated/src/ETH004/01_lwIP_Stack/src/core/ipv4/inet.o
                0x0800aff0                inet_aton
 .text.inet_addr
                0x0800b0f6       0x14 Dave/Generated/src/ETH004/01_lwIP_Stack/src/core/ipv4/inet.o
                0x0800b0f6                inet_addr
 .text.ntohl    0x0800b10a        0x4 Dave/Generated/src/ETH004/01_lwIP_Stack/src/core/ipv4/inet.o
                0x0800b10a                ntohl
 .text          0x0800b10e        0x0 Dave/Generated/src/ETH004/01_lwIP_Stack/src/core/ipv4/inet_chksum.o
 .text.lwip_standard_chksum
                0x0800b10e       0x44 Dave/Generated/src/ETH004/01_lwIP_Stack/src/core/ipv4/inet_chksum.o
 .text.inet_chksum_pseudo
                0x0800b152       0x84 Dave/Generated/src/ETH004/01_lwIP_Stack/src/core/ipv4/inet_chksum.o
                0x0800b152                inet_chksum_pseudo
 .text.inet_chksum
                0x0800b1d6        0xc Dave/Generated/src/ETH004/01_lwIP_Stack/src/core/ipv4/inet_chksum.o
                0x0800b1d6                inet_chksum
 .text.inet_chksum_pbuf
                0x0800b1e2       0x46 Dave/Generated/src/ETH004/01_lwIP_Stack/src/core/ipv4/inet_chksum.o
                0x0800b1e2                inet_chksum_pbuf
 .text          0x0800b228        0x0 Dave/Generated/src/ETH004/01_lwIP_Stack/src/core/ipv4/ip.o
 .text.ip_route
                0x0800b228       0x3c Dave/Generated/src/ETH004/01_lwIP_Stack/src/core/ipv4/ip.o
                0x0800b228                ip_route
 .text.ip_input
                0x0800b264      0x1c0 Dave/Generated/src/ETH004/01_lwIP_Stack/src/core/ipv4/ip.o
                0x0800b264                ip_input
 .text.ip_output_if_opt
                0x0800b424      0x134 Dave/Generated/src/ETH004/01_lwIP_Stack/src/core/ipv4/ip.o
                0x0800b424                ip_output_if_opt
 .text.ip_output_if
                0x0800b558       0x22 Dave/Generated/src/ETH004/01_lwIP_Stack/src/core/ipv4/ip.o
                0x0800b558                ip_output_if
 .text.ip_output
                0x0800b57a       0x38 Dave/Generated/src/ETH004/01_lwIP_Stack/src/core/ipv4/ip.o
                0x0800b57a                ip_output
 .text          0x0800b5b2        0x0 Dave/Generated/src/ETH004/01_lwIP_Stack/src/core/ipv4/ip_addr.o
 .text.ip_addr_isbroadcast
                0x0800b5b2       0x32 Dave/Generated/src/ETH004/01_lwIP_Stack/src/core/ipv4/ip_addr.o
                0x0800b5b2                ip_addr_isbroadcast
 .text          0x0800b5e4        0x0 Dave/Generated/src/ETH004/01_lwIP_Stack/src/core/ipv4/ip_frag.o
 .text.ip_reass_free_complete_datagram
                0x0800b5e4       0x84 Dave/Generated/src/ETH004/01_lwIP_Stack/src/core/ipv4/ip_frag.o
 .text.ip_reass_remove_oldest_datagram
                0x0800b668       0x6c Dave/Generated/src/ETH004/01_lwIP_Stack/src/core/ipv4/ip_frag.o
 .text.ip_reass_tmr
                0x0800b6d4       0x28 Dave/Generated/src/ETH004/01_lwIP_Stack/src/core/ipv4/ip_frag.o
                0x0800b6d4                ip_reass_tmr
 .text.ip_reass
                0x0800b6fc      0x294 Dave/Generated/src/ETH004/01_lwIP_Stack/src/core/ipv4/ip_frag.o
                0x0800b6fc                ip_reass
 .text.ip_frag  0x0800b990      0x15c Dave/Generated/src/ETH004/01_lwIP_Stack/src/core/ipv4/ip_frag.o
                0x0800b990                ip_frag
 .text          0x0800baec        0x0 Dave/Generated/src/ETH004/01_lwIP_Stack/src/api/api_lib.o
 .text          0x0800baec        0x0 Dave/Generated/src/ETH004/01_lwIP_Stack/src/api/api_msg.o
 .text          0x0800baec        0x0 Dave/Generated/src/ETH004/01_lwIP_Stack/src/api/err.o
 .text          0x0800baec        0x0 Dave/Generated/src/ETH004/01_lwIP_Stack/src/api/netbuf.o
 .text          0x0800baec        0x0 Dave/Generated/src/ETH004/01_lwIP_Stack/src/api/netdb.o
 .text          0x0800baec        0x0 Dave/Generated/src/ETH004/01_lwIP_Stack/src/api/netifapi.o
 .text          0x0800baec        0x0 Dave/Generated/src/ETH004/01_lwIP_Stack/src/api/sockets.o
 .text          0x0800baec        0x0 Dave/Generated/src/ETH004/01_lwIP_Stack/src/api/tcpip.o
 .text          0x0800baec        0x0 Dave/Generated/src/ETH004/01_lwIP_Stack/port/arch/sys/sys_arch.o
 .text          0x0800baec        0x0 Dave/Generated/src/ETH002/EthernetPHY.o
 .text.PHY_lWriteReg.constprop.0
                0x0800baec       0x3c Dave/Generated/src/ETH002/EthernetPHY.o
 .text.PHY_lReadReg.constprop.1
                0x0800bb28       0x40 Dave/Generated/src/ETH002/EthernetPHY.o
 .text.PHY_IsLinkUP
                0x0800bb68       0x32 Dave/Generated/src/ETH002/EthernetPHY.o
                0x0800bb68                PHY_IsLinkUP
 *fill*         0x0800bb9a        0x2 00
 .text.PHY_InitializeDevice
                0x0800bb9c       0xfc Dave/Generated/src/ETH002/EthernetPHY.o
                0x0800bb9c                PHY_InitializeDevice
 .text.PHY_RegisterTimerCallback
                0x0800bc98        0xc Dave/Generated/src/ETH002/EthernetPHY.o
                0x0800bc98                PHY_RegisterTimerCallback
 .text          0x0800bca4        0x0 Dave/Generated/src/ETH001/DMA_Descriptors.o
 .text          0x0800bca4        0x0 Dave/Generated/src/ETH001/synopGMAC_Dev.o
 .text.synopGMAC_set_tx_address
                0x0800bca4       0x14 Dave/Generated/src/ETH001/synopGMAC_Dev.o
                0x0800bca4                synopGMAC_set_tx_address
 .text.synopGMAC_RegisterOneShotTimerCallback
                0x0800bcb8        0xc Dave/Generated/src/ETH001/synopGMAC_Dev.o
                0x0800bcb8                synopGMAC_RegisterOneShotTimerCallback
 .text.synopGMAC_set_mdc_clk_div
                0x0800bcc4       0x20 Dave/Generated/src/ETH001/synopGMAC_Dev.o
                0x0800bcc4                synopGMAC_set_mdc_clk_div
 .text.synopGMAC_get_mdc_clk_div
                0x0800bce4       0x10 Dave/Generated/src/ETH001/synopGMAC_Dev.o
                0x0800bce4                synopGMAC_get_mdc_clk_div
 .text.synopGMAC_read_version
                0x0800bcf4       0x12 Dave/Generated/src/ETH001/synopGMAC_Dev.o
                0x0800bcf4                synopGMAC_read_version
 .text.synopGMAC_rmii_100mbps_enable
                0x0800bd06        0xc Dave/Generated/src/ETH001/synopGMAC_Dev.o
                0x0800bd06                synopGMAC_rmii_100mbps_enable
 *fill*         0x0800bd12        0x2 00
 .text.synopGMAC_reset
                0x0800bd14       0x2c Dave/Generated/src/ETH001/synopGMAC_Dev.o
                0x0800bd14                synopGMAC_reset
 .text.synopGMAC_dma_bus_mode_init
                0x0800bd40       0x10 Dave/Generated/src/ETH001/synopGMAC_Dev.o
                0x0800bd40                synopGMAC_dma_bus_mode_init
 .text.synopGMAC_dma_control_init
                0x0800bd50       0x10 Dave/Generated/src/ETH001/synopGMAC_Dev.o
                0x0800bd50                synopGMAC_dma_control_init
 .text.synopGMAC_wd_enable
                0x0800bd60        0xc Dave/Generated/src/ETH001/synopGMAC_Dev.o
                0x0800bd60                synopGMAC_wd_enable
 .text.synopGMAC_wd_disable
                0x0800bd6c        0xc Dave/Generated/src/ETH001/synopGMAC_Dev.o
                0x0800bd6c                synopGMAC_wd_disable
 .text.synopGMAC_jab_enable
                0x0800bd78        0xc Dave/Generated/src/ETH001/synopGMAC_Dev.o
                0x0800bd78                synopGMAC_jab_enable
 .text.synopGMAC_jab_disable
                0x0800bd84        0xc Dave/Generated/src/ETH001/synopGMAC_Dev.o
                0x0800bd84                synopGMAC_jab_disable
 .text.synopGMAC_frame_burst_enable
                0x0800bd90        0xc Dave/Generated/src/ETH001/synopGMAC_Dev.o
                0x0800bd90                synopGMAC_frame_burst_enable
 .text.synopGMAC_frame_burst_disable
                0x0800bd9c        0xc Dave/Generated/src/ETH001/synopGMAC_Dev.o
                0x0800bd9c                synopGMAC_frame_burst_disable
 .text.synopGMAC_jumbo_frame_enable
                0x0800bda8        0xc Dave/Generated/src/ETH001/synopGMAC_Dev.o