Archive member included because of file (symbol)

c:/dave-3.1.10/arm-gcc/bin/../lib/gcc/arm-none-eabi/4.7.4/armv7e-m\libgcc.a(_arm_addsubdf3.o)
                              Sensors.o (__aeabi_dsub)
c:/dave-3.1.10/arm-gcc/bin/../lib/gcc/arm-none-eabi/4.7.4/armv7e-m\libgcc.a(_arm_muldivdf3.o)
                              Sensors.o (__aeabi_dmul)
c:/dave-3.1.10/arm-gcc/bin/../lib/gcc/arm-none-eabi/4.7.4/armv7e-m\libgcc.a(_arm_fixunsdfsi.o)
                              Sensors.o (__aeabi_d2uiz)
c:/dave-3.1.10/arm-gcc/bin/../lib/gcc/arm-none-eabi/4.7.4/../../../../arm-none-eabi/lib/armv7e-m\libc.a(lib_a-calloc.o)
                              Dave/Generated/src/SLTHA001/SLTHA001.o (calloc)
c:/dave-3.1.10/arm-gcc/bin/../lib/gcc/arm-none-eabi/4.7.4/../../../../arm-none-eabi/lib/armv7e-m\libc.a(lib_a-errno.o)
                              Dave/Generated/src/SLTHA001/SLTHA001.o (__errno)
c:/dave-3.1.10/arm-gcc/bin/../lib/gcc/arm-none-eabi/4.7.4/../../../../arm-none-eabi/lib/armv7e-m\libc.a(lib_a-fclose.o)
                              Dave/Generated/src/WEBSERVER001/HTTPServer/fs.o (fclose)
c:/dave-3.1.10/arm-gcc/bin/../lib/gcc/arm-none-eabi/4.7.4/../../../../arm-none-eabi/lib/armv7e-m\libc.a(lib_a-fflush.o)
                              c:/dave-3.1.10/arm-gcc/bin/../lib/gcc/arm-none-eabi/4.7.4/../../../../arm-none-eabi/lib/armv7e-m\libc.a(lib_a-fclose.o) (_fflush_r)
c:/dave-3.1.10/arm-gcc/bin/../lib/gcc/arm-none-eabi/4.7.4/../../../../arm-none-eabi/lib/armv7e-m\libc.a(lib_a-findfp.o)
                              c:/dave-3.1.10/arm-gcc/bin/../lib/gcc/arm-none-eabi/4.7.4/../../../../arm-none-eabi/lib/armv7e-m\libc.a(lib_a-fclose.o) (__sinit)
c:/dave-3.1.10/arm-gcc/bin/../lib/gcc/arm-none-eabi/4.7.4/../../../../arm-none-eabi/lib/armv7e-m\libc.a(lib_a-fopen.o)
                              Dave/Generated/src/WEBSERVER001/HTTPServer/fs.o (fopen)
c:/dave-3.1.10/arm-gcc/bin/../lib/gcc/arm-none-eabi/4.7.4/../../../../arm-none-eabi/lib/armv7e-m\libc.a(lib_a-fread.o)
                              Dave/Generated/src/WEBSERVER001/HTTPServer/fs.o (fread)
c:/dave-3.1.10/arm-gcc/bin/../lib/gcc/arm-none-eabi/4.7.4/../../../../arm-none-eabi/lib/armv7e-m\libc.a(lib_a-fseek.o)
                              c:/dave-3.1.10/arm-gcc/bin/../lib/gcc/arm-none-eabi/4.7.4/../../../../arm-none-eabi/lib/armv7e-m\libc.a(lib_a-fopen.o) (_fseek_r)
c:/dave-3.1.10/arm-gcc/bin/../lib/gcc/arm-none-eabi/4.7.4/../../../../arm-none-eabi/lib/armv7e-m\libc.a(lib_a-fstatr.o)
                              c:/dave-3.1.10/arm-gcc/bin/../lib/gcc/arm-none-eabi/4.7.4/../../../../arm-none-eabi/lib/armv7e-m\libc.a(lib_a-fseek.o) (_fstat_r)
c:/dave-3.1.10/arm-gcc/bin/../lib/gcc/arm-none-eabi/4.7.4/../../../../arm-none-eabi/lib/armv7e-m\libc.a(lib_a-fwalk.o)
                              c:/dave-3.1.10/arm-gcc/bin/../lib/gcc/arm-none-eabi/4.7.4/../../../../arm-none-eabi/lib/armv7e-m\libc.a(lib_a-findfp.o) (_fwalk)
c:/dave-3.1.10/arm-gcc/bin/../lib/gcc/arm-none-eabi/4.7.4/../../../../arm-none-eabi/lib/armv7e-m\libc.a(lib_a-impure.o)
                              c:/dave-3.1.10/arm-gcc/bin/../lib/gcc/arm-none-eabi/4.7.4/../../../../arm-none-eabi/lib/armv7e-m\libc.a(lib_a-fflush.o) (_global_impure_ptr)
c:/dave-3.1.10/arm-gcc/bin/../lib/gcc/arm-none-eabi/4.7.4/../../../../arm-none-eabi/lib/armv7e-m\libc.a(lib_a-init.o)
                              Startup/startup_XMC4500.o (__libc_init_array)
c:/dave-3.1.10/arm-gcc/bin/../lib/gcc/arm-none-eabi/4.7.4/../../../../arm-none-eabi/lib/armv7e-m\libc.a(lib_a-makebuf.o)
                              c:/dave-3.1.10/arm-gcc/bin/../lib/gcc/arm-none-eabi/4.7.4/../../../../arm-none-eabi/lib/armv7e-m\libc.a(lib_a-fseek.o) (__smakebuf_r)
c:/dave-3.1.10/arm-gcc/bin/../lib/gcc/arm-none-eabi/4.7.4/../../../../arm-none-eabi/lib/armv7e-m\libc.a(lib_a-malloc.o)
                              Dave/Generated/src/SLTHA001/SLTHA001.o (malloc)
c:/dave-3.1.10/arm-gcc/bin/../lib/gcc/arm-none-eabi/4.7.4/../../../../arm-none-eabi/lib/armv7e-m\libc.a(lib_a-memcpy.o)
                              DataProcessing.o (memcpy)
c:/dave-3.1.10/arm-gcc/bin/../lib/gcc/arm-none-eabi/4.7.4/../../../../arm-none-eabi/lib/armv7e-m\libc.a(lib_a-memmove.o)
                              Dave/Generated/src/LMM001/LMM001.o (memmove)
c:/dave-3.1.10/arm-gcc/bin/../lib/gcc/arm-none-eabi/4.7.4/../../../../arm-none-eabi/lib/armv7e-m\libc.a(lib_a-memset.o)
                              Dave/Generated/src/WEBSERVER001/HTTPServer/httpd.o (memset)
c:/dave-3.1.10/arm-gcc/bin/../lib/gcc/arm-none-eabi/4.7.4/../../../../arm-none-eabi/lib/armv7e-m\libc.a(lib_a-mktime.o)
                              Dave/Generated/src/SLTHA001/SLTHA001.o (mktime)
c:/dave-3.1.10/arm-gcc/bin/../lib/gcc/arm-none-eabi/4.7.4/../../../../arm-none-eabi/lib/armv7e-m\libc.a(lib_a-mktm_r.o)
                              c:/dave-3.1.10/arm-gcc/bin/../lib/gcc/arm-none-eabi/4.7.4/../../../../arm-none-eabi/lib/armv7e-m\libc.a(lib_a-mktime.o) (__tzcalc_limits)
[...]
Memory Configuration

Name             Origin             Length             Attributes
FLASH_1_cached   0x08000000         0x00100000         xr
FLASH_1_uncached 0x0c000000         0x00100000         xr
PSRAM_1          0x10000000         0x00010000         !xr
DSRAM_1_system   0x20000000         0x00010000         !xr
DSRAM_2_comm     0x30000000         0x00008000         !xr
*default*        0x00000000         0xffffffff

Linker script and memory map

LOAD AdcRelaxKit.o
LOAD DataProcessing.o
LOAD DataQueue.o
LOAD Sensors.o
LOAD SmartHome.o
LOAD WebServerFunctions.o
LOAD Startup/startup_XMC4500.o
LOAD Startup/system_XMC4500.o
LOAD Lib/System_LibcStubs.o
LOAD Dave/Generated/src/WEBSERVER001/HTTPServer/fs.o
LOAD Dave/Generated/src/WEBSERVER001/HTTPServer/fsdata.o
LOAD Dave/Generated/src/WEBSERVER001/HTTPServer/httpd.o
LOAD Dave/Generated/src/UART001/UART001.o
LOAD Dave/Generated/src/UART001/UART001_Conf.o
LOAD Dave/Generated/src/SYSTM001/SYSTM001.o
LOAD Dave/Generated/src/SLTHA003/SLTHA003.o
LOAD Dave/Generated/src/SLTHA003/SLTHA003_Conf.o
LOAD Dave/Generated/src/SLTHA001/SLTHA001.o
LOAD Dave/Generated/src/SLTHA001/SLTHA001_Conf.o
LOAD Dave/Generated/src/SDMMC003/SDMMC003.o
LOAD Dave/Generated/src/SDMMC003/SDMMC003_Conf.o
LOAD Dave/Generated/src/SDMMC003/SDMMC003_Private.o
LOAD Dave/Generated/src/SDMMC001/SDMMC001.o
LOAD Dave/Generated/src/SDMMC001/SDMMC001_Conf.o
LOAD Dave/Generated/src/RTC001/RTC001.o
LOAD Dave/Generated/src/RTC001/RTC001_Conf.o
LOAD Dave/Generated/src/RESET001/RESET001.o
LOAD Dave/Generated/src/NVIC_SCU001/NVIC_SCU001.o
LOAD Dave/Generated/src/NVIC002/NVIC002.o
LOAD Dave/Generated/src/NVIC002/NVIC002_Conf.o
LOAD Dave/Generated/src/MOTORLIBS/MOTORLIBS.o
LOAD Dave/Generated/src/LMM001/LMM001.o
LOAD Dave/Generated/src/LMM001/LMM001_Conf.o
LOAD Dave/Generated/src/LIBS/CCU8PWMLIB.o
LOAD Dave/Generated/src/IO004/IO004.o
LOAD Dave/Generated/src/IO004/IO004_Conf.o
LOAD Dave/Generated/src/IO001/IO001.o
LOAD Dave/Generated/src/IO001/IO001_Conf.o
LOAD Dave/Generated/src/GMM001/GMM001.o
LOAD Dave/Generated/src/GMM001/GMM001_Conf.o
LOAD Dave/Generated/src/FATFS004/FATFS004.o
LOAD Dave/Generated/src/FATFS004/FATFS004_Conf.o
LOAD Dave/Generated/src/FATFS002/FATFS002_Conf.o
LOAD Dave/Generated/src/FATFS002/syscall.o
LOAD Dave/Generated/src/FATFS002/Src/ff.o
LOAD Dave/Generated/src/ETH004/ETH004_Conf.o
LOAD Dave/Generated/src/ETH004/01_lwIP_Stack/src/netif/etharp.o
LOAD Dave/Generated/src/ETH004/01_lwIP_Stack/src/netif/ethernetif.o
LOAD Dave/Generated/src/ETH004/01_lwIP_Stack/src/netif/loopif.o
LOAD Dave/Generated/src/ETH004/01_lwIP_Stack/src/netif/slipif.o
LOAD Dave/Generated/src/ETH004/01_lwIP_Stack/src/core/dhcp.o
LOAD Dave/Generated/src/ETH004/01_lwIP_Stack/src/core/dns.o
LOAD Dave/Generated/src/ETH004/01_lwIP_Stack/src/core/init.o
LOAD Dave/Generated/src/ETH004/01_lwIP_Stack/src/core/mem.o
LOAD Dave/Generated/src/ETH004/01_lwIP_Stack/src/core/memp.o
LOAD Dave/Generated/src/ETH004/01_lwIP_Stack/src/core/netconf.o
LOAD Dave/Generated/src/ETH004/01_lwIP_Stack/src/core/netif.o
LOAD Dave/Generated/src/ETH004/01_lwIP_Stack/src/core/pbuf.o
LOAD Dave/Generated/src/ETH004/01_lwIP_Stack/src/core/raw.o
LOAD Dave/Generated/src/ETH004/01_lwIP_Stack/src/core/stats.o
LOAD Dave/Generated/src/ETH004/01_lwIP_Stack/src/core/sys.o
LOAD Dave/Generated/src/ETH004/01_lwIP_Stack/src/core/tcp.o
LOAD Dave/Generated/src/ETH004/01_lwIP_Stack/src/core/tcp_in.o
LOAD Dave/Generated/src/ETH004/01_lwIP_Stack/src/core/tcp_out.o
LOAD Dave/Generated/src/ETH004/01_lwIP_Stack/src/core/udp.o
LOAD Dave/Generated/src/ETH004/01_lwIP_Stack/src/core/ipv4/autoip.o
LOAD Dave/Generated/src/ETH004/01_lwIP_Stack/src/core/ipv4/icmp.o
LOAD Dave/Generated/src/ETH004/01_lwIP_Stack/src/core/ipv4/igmp.o
LOAD Dave/Generated/src/ETH004/01_lwIP_Stack/src/core/ipv4/inet.o
LOAD Dave/Generated/src/ETH004/01_lwIP_Stack/src/core/ipv4/inet_chksum.o
LOAD Dave/Generated/src/ETH004/01_lwIP_Stack/src/core/ipv4/ip.o
LOAD Dave/Generated/src/ETH004/01_lwIP_Stack/src/core/ipv4/ip_addr.o
LOAD Dave/Generated/src/ETH004/01_lwIP_Stack/src/core/ipv4/ip_frag.o
LOAD Dave/Generated/src/ETH004/01_lwIP_Stack/src/api/api_lib.o
LOAD Dave/Generated/src/ETH004/01_lwIP_Stack/src/api/api_msg.o
LOAD Dave/Generated/src/ETH004/01_lwIP_Stack/src/api/err.o
LOAD Dave/Generated/src/ETH004/01_lwIP_Stack/src/api/netbuf.o
LOAD Dave/Generated/src/ETH004/01_lwIP_Stack/src/api/netdb.o
LOAD Dave/Generated/src/ETH004/01_lwIP_Stack/src/api/netifapi.o
LOAD Dave/Generated/src/ETH004/01_lwIP_Stack/src/api/sockets.o
LOAD Dave/Generated/src/ETH004/01_lwIP_Stack/src/api/tcpip.o
LOAD Dave/Generated/src/ETH004/01_lwIP_Stack/port/arch/sys/sys_arch.o
LOAD Dave/Generated/src/ETH002/EthernetPHY.o
LOAD Dave/Generated/src/ETH001/DMA_Descriptors.o
LOAD Dave/Generated/src/ETH001/synopGMAC_Dev.o
LOAD Dave/Generated/src/ETH001/synopGMAC_network_interface.o
LOAD Dave/Generated/src/ETH001/synopGMAC_plat.o
LOAD Dave/Generated/src/ETH001/synopGMAC_stack_interface.o
LOAD Dave/Generated/src/DAVESupport/DAVE3.o
LOAD Dave/Generated/src/DAVESupport/MULTIPLEXER.o
LOAD Dave/Generated/src/CLK001/CLK001.o
LOAD Dave/Generated/src/ADCGROUP001/ADCGroup001.o
LOAD Dave/Generated/src/ADCGROUP001/ADCGroup001_Conf.o
LOAD Dave/Generated/src/ADCGLOB001/ADCGlob001.o
LOAD Dave/Generated/src/ADCGLOB001/ADCGlob001_Conf.o
LOAD Dave/Generated/src/ADC001/ADC001.o
LOAD Dave/Generated/src/ADC001/ADC001_Conf.o
START GROUP
LOAD c:/dave-3.1.10/arm-gcc/bin/../lib/gcc/arm-none-eabi/4.7.4/armv7e-m\libgcc.a
LOAD c:/dave-3.1.10/arm-gcc/bin/../lib/gcc/arm-none-eabi/4.7.4/../../../../arm-none-eabi/lib/armv7e-m\libc.a
END GROUP
                0x00000800                stack_size = 0x800

.text           0x08000000    0x18044 load address 0x0c000000
                0x08000000                sText = .
 *(.Xmc4500.reset)
 .Xmc4500.reset
                0x08000000      0x21c Startup/startup_XMC4500.o
                0x08000000                __Xmc4500_interrupt_vector_cortex_m
                0x08000200                __Xmc4500_reset_cortex_m
 *(.Xmc4500.postreset)
 .Xmc4500.postreset
                0x0800021c       0x94 Startup/startup_XMC4500.o
 *(.XmcStartup)
 .XmcStartup    0x080002b0        0x4 Startup/startup_XMC4500.o
 *(.text .text.* .gnu.linkonce.t.*)
 .text          0x080002b4        0x0 AdcRelaxKit.o
 .text.VADC0_C0_2_IRQHandler
                0x080002b4       0x44 AdcRelaxKit.o
                0x080002b4                VADC0_C0_2_IRQHandler
 .text          0x080002f8        0x0 DataProcessing.o
 .text.USIC1_0_IRQHandler
                0x080002f8       0x28 DataProcessing.o
                0x080002f8                USIC1_0_IRQHandler
 .text.UpdateSensorInformation
                0x08000320       0x20 DataProcessing.o
                0x08000320                UpdateSensorInformation
 .text.convertToCharArray
                0x08000340       0x86 DataProcessing.o
                0x08000340                convertToCharArray
 *fill*         0x080003c6        0x2 00
 .text.ProcessReceivedData
                0x080003c8      0x100 DataProcessing.o
                0x080003c8                ProcessReceivedData
 .text          0x080004c8        0x0 DataQueue.o
 .text.Queue_Init
                0x080004c8       0x10 DataQueue.o
                0x080004c8                Queue_Init
 .text.Queue_IsEmpty
                0x080004d8       0x16 DataQueue.o
                0x080004d8                Queue_IsEmpty
 .text.Queue_IsFull
                0x080004ee       0x18 DataQueue.o
                0x080004ee                Queue_IsFull
 .text.Queue_PutByte
                0x08000506       0x2e DataQueue.o
                0x08000506                Queue_PutByte
 .text.Queue_PutBuffer
                0x08000534       0x40 DataQueue.o
                0x08000534                Queue_PutBuffer
 .text.Queue_GetByte
                0x08000574       0x32 DataQueue.o
                0x08000574                Queue_GetByte
 .text.Queue_GetBuffer
                0x080005a6       0x42 DataQueue.o
                0x080005a6                Queue_GetBuffer
 .text          0x080005e8        0x0 Sensors.o
 .text.GetTemperature
                0x080005e8       0xb8 Sensors.o
                0x080005e8                GetTemperature
 .text.GetLight
                0x080006a0       0x24 Sensors.o
                0x080006a0                GetLight
 .text.GetHumidity
                0x080006c4       0x18 Sensors.o
                0x080006c4                GetHumidity
 .text          0x080006dc        0x0 SmartHome.o
 .text.TimerHandlerReadSensors
                0x080006dc       0x10 SmartHome.o
                0x080006dc                TimerHandlerReadSensors
 .text.startup.main
                0x080006ec       0x48 SmartHome.o
                0x080006ec                main
 .text          0x08000734        0x0 WebServerFunctions.o
 .text.SSI_Handler
                0x08000734       0x8c WebServerFunctions.o
                0x08000734                SSI_Handler
 .text.CGI_led_handler
                0x080007c0       0x6c WebServerFunctions.o
                0x080007c0                CGI_led_handler
 .text.http_CGI_init
                0x0800082c       0x1c WebServerFunctions.o
                0x0800082c                http_CGI_init
 .text.http_SSI_init
                0x08000848       0x14 WebServerFunctions.o
                0x08000848                http_SSI_init
 .text          0x0800085c      0x82c Startup/startup_XMC4500.o
                0x0800085c                NMI_Handler
                0x0800085e                NMI_Handler_Veneer
                0x0800086c                HardFault_Handler
                0x0800086e                HardFault_Handler_Veneer
                0x0800087c                MemManage_Handler
                0x0800087e                MemManage_Handler_Veneer
                0x0800088c                BusFault_Handler
                0x0800088e                BusFault_Handler_Veneer
                0x0800089c                UsageFault_Handler
                0x0800089e                UsageFault_Handler_Veneer
                0x080008ac                SVC_Handler
                0x080008ae                SVC_Handler_Veneer
                0x080008bc                DebugMon_Handler
                0x080008be                DebugMon_Handler_Veneer
                0x080008cc                PendSV_Handler
                0x080008ce                PendSV_Handler_Veneer
                0x080008de                SysTick_Handler_Veneer
                0x080008ee                SCU_0_IRQHandler_Veneer
                0x080008fc                ERU0_0_IRQHandler
                0x080008fe                ERU0_0_IRQHandler_Veneer
                0x0800090c                ERU0_1_IRQHandler
                0x0800090e                ERU0_1_IRQHandler_Veneer
                0x0800091c                ERU0_2_IRQHandler
                0x0800091e                ERU0_2_IRQHandler_Veneer
                0x0800092c                ERU0_3_IRQHandler
                0x0800092e                ERU0_3_IRQHandler_Veneer
                0x0800093c                ERU1_0_IRQHandler
                0x0800093e                ERU1_0_IRQHandler_Veneer
                0x0800094c                ERU1_1_IRQHandler
                0x0800094e                ERU1_1_IRQHandler_Veneer
                0x0800095c                ERU1_2_IRQHandler
                0x0800095e                ERU1_2_IRQHandler_Veneer
                0x0800096c                ERU1_3_IRQHandler
                0x0800096e                ERU1_3_IRQHandler_Veneer
                0x0800097c                PMU0_0_IRQHandler
                0x0800097e                PMU0_0_IRQHandler_Veneer
                0x0800098c                VADC0_C0_0_IRQHandler
                0x0800098e                VADC0_C0_0_IRQHandler_Veneer
                0x0800099c                VADC0_C0_1_IRQHandler
                0x0800099e                VADC0_C0_1_IRQHandler_Veneer
                0x080009ae                VADC0_C0_2_IRQHandler_Veneer
                0x080009bc                VADC0_C0_3_IRQHandler
                0x080009be                VADC0_C0_3_IRQHandler_Veneer
                0x080009cc                VADC0_G0_0_IRQHandler
                0x080009ce                VADC0_G0_0_IRQHandler_Veneer
                0x080009dc                VADC0_G0_1_IRQHandler
                0x080009de                VADC0_G0_1_IRQHandler_Veneer
                0x080009ec                VADC0_G0_2_IRQHandler
                0x080009ee                VADC0_G0_2_IRQHandler_Veneer
                0x080009fc                VADC0_G0_3_IRQHandler
                0x080009fe                VADC0_G0_3_IRQHandler_Veneer
                0x08000a0c                VADC0_G1_0_IRQHandler
                0x08000a0e                VADC0_G1_0_IRQHandler_Veneer
                0x08000a1c                VADC0_G1_1_IRQHandler
                0x08000a1e                VADC0_G1_1_IRQHandler_Veneer
                0x08000a2c                VADC0_G1_2_IRQHandler
                0x08000a2e                VADC0_G1_2_IRQHandler_Veneer
                0x08000a3c                VADC0_G1_3_IRQHandler
                0x08000a3e                VADC0_G1_3_IRQHandler_Veneer
                0x08000a4c                VADC0_G2_0_IRQHandler
                0x08000a4e                VADC0_G2_0_IRQHandler_Veneer
                0x08000a5c                VADC0_G2_1_IRQHandler
                0x08000a5e                VADC0_G2_1_IRQHandler_Veneer
                0x08000a6c                VADC0_G2_2_IRQHandler
                0x08000a6e                VADC0_G2_2_IRQHandler_Veneer
                0x08000a7c                VADC0_G2_3_IRQHandler
                0x08000a7e                VADC0_G2_3_IRQHandler_Veneer
                0x08000a8c                VADC0_G3_0_IRQHandler
                0x08000a8e                VADC0_G3_0_IRQHandler_Veneer
                0x08000a9c                VADC0_G3_1_IRQHandler
                0x08000a9e                VADC0_G3_1_IRQHandler_Veneer
                0x08000aac                VADC0_G3_2_IRQHandler
                0x08000aae                VADC0_G3_2_IRQHandler_Veneer
                0x08000abc                VADC0_G3_3_IRQHandler
                0x08000abe                VADC0_G3_3_IRQHandler_Veneer
                0x08000acc                DSD0_0_IRQHandler
                0x08000ace                DSD0_0_IRQHandler_Veneer
                0x08000adc                DSD0_1_IRQHandler
                0x08000ade                DSD0_1_IRQHandler_Veneer
                0x08000aec                DSD0_2_IRQHandler
                0x08000aee                DSD0_2_IRQHandler_Veneer
                0x08000afc                DSD0_3_IRQHandler
                0x08000afe                DSD0_3_IRQHandler_Veneer
                0x08000b0c                DSD0_4_IRQHandler
                0x08000b0e                DSD0_4_IRQHandler_Veneer
                0x08000b1c                DSD0_5_IRQHandler
                0x08000b1e                DSD0_5_IRQHandler_Veneer
                0x08000b2c                DSD0_6_IRQHandler
                0x08000b2e                DSD0_6_IRQHandler_Veneer
                0x08000b3c                DSD0_7_IRQHandler
                0x08000b3e                DSD0_7_IRQHandler_Veneer
                0x08000b4c                DAC0_0_IRQHandler
                0x08000b4e                DAC0_0_IRQHandler_Veneer
                0x08000b5c                DAC0_1_IRQHandler
                0x08000b5e                DAC0_1_IRQHandler_Veneer
                0x08000b6c                CCU40_0_IRQHandler
                0x08000b6e                CCU40_0_IRQHandler_Veneer
                0x08000b7c                CCU40_1_IRQHandler
                0x08000b7e                CCU40_1_IRQHandler_Veneer
                0x08000b8c                CCU40_2_IRQHandler
                0x08000b8e                CCU40_2_IRQHandler_Veneer
                0x08000b9c                CCU40_3_IRQHandler
                0x08000b9e                CCU40_3_IRQHandler_Veneer
                0x08000bac                CCU41_0_IRQHandler
                0x08000bae                CCU41_0_IRQHandler_Veneer
                0x08000bba                CCU41_1_IRQHandler
                0x08000bbc                CCU41_1_IRQHandler_Veneer
                0x08000bc8                CCU41_2_IRQHandler
                0x08000bca                CCU41_2_IRQHandler_Veneer
                0x08000bd6                CCU41_3_IRQHandler
                0x08000bd8                CCU41_3_IRQHandler_Veneer
                0x08000be4                CCU42_0_IRQHandler
                0x08000be6                CCU42_0_IRQHandler_Veneer
                0x08000bf2                CCU42_1_IRQHandler
                0x08000bf4                CCU42_1_IRQHandler_Veneer
                0x08000c00                CCU42_2_IRQHandler
                0x08000c02                CCU42_2_IRQHandler_Veneer
                0x08000c0e                CCU42_3_IRQHandler
                0x08000c10                CCU42_3_IRQHandler_Veneer
                0x08000c1c                CCU43_0_IRQHandler
                0x08000c1e                CCU43_0_IRQHandler_Veneer
                0x08000c2a                CCU43_1_IRQHandler
                0x08000c2c                CCU43_1_IRQHandler_Veneer
                0x08000c38                CCU43_2_IRQHandler
                0x08000c3a                CCU43_2_IRQHandler_Veneer
                0x08000c46                CCU43_3_IRQHandler
                0x08000c48                CCU43_3_IRQHandler_Veneer
                0x08000c54                CCU80_0_IRQHandler
                0x08000c56                CCU80_0_IRQHandler_Veneer
                0x08000c62                CCU80_1_IRQHandler
                0x08000c64                CCU80_1_IRQHandler_Veneer
                0x08000c70                CCU80_2_IRQHandler
                0x08000c72                CCU80_2_IRQHandler_Veneer
                0x08000c7e                CCU80_3_IRQHandler
                0x08000c80                CCU80_3_IRQHandler_Veneer
                0x08000c8c                CCU81_0_IRQHandler
                0x08000c8e                CCU81_0_IRQHandler_Veneer
                0x08000c9a                CCU81_1_IRQHandler
                0x08000c9c                CCU81_1_IRQHandler_Veneer
                0x08000ca8                CCU81_2_IRQHandler
                0x08000caa                CCU81_2_IRQHandler_Veneer
                0x08000cb6                CCU81_3_IRQHandler
                0x08000cb8                CCU81_3_IRQHandler_Veneer
                0x08000cc4                POSIF0_0_IRQHandler
                0x08000cc6                POSIF0_0_IRQHandler_Veneer
                0x08000cd2                POSIF0_1_IRQHandler
                0x08000cd4                POSIF0_1_IRQHandler_Veneer
                0x08000ce0                POSIF1_0_IRQHandler
                0x08000ce2                POSIF1_0_IRQHandler_Veneer
                0x08000cee                POSIF1_1_IRQHandler
                0x08000cf0                POSIF1_1_IRQHandler_Veneer
                0x08000cfc                CAN0_0_IRQHandler
                0x08000cfe                CAN0_0_IRQHandler_Veneer
                0x08000d0a                CAN0_1_IRQHandler
                0x08000d0c                CAN0_1_IRQHandler_Veneer
                0x08000d18                CAN0_2_IRQHandler
                0x08000d1a                CAN0_2_IRQHandler_Veneer
                0x08000d26                CAN0_3_IRQHandler
                0x08000d28                CAN0_3_IRQHandler_Veneer
                0x08000d34                CAN0_4_IRQHandler
                0x08000d36                CAN0_4_IRQHandler_Veneer
                0x08000d42                CAN0_5_IRQHandler
                0x08000d44                CAN0_5_IRQHandler_Veneer
                0x08000d50                CAN0_6_IRQHandler
                0x08000d52                CAN0_6_IRQHandler_Veneer
                0x08000d5e                CAN0_7_IRQHandler
                0x08000d60                CAN0_7_IRQHandler_Veneer
                0x08000d6c                USIC0_0_IRQHandler
                0x08000d6e                USIC0_0_IRQHandler_Veneer
                0x08000d7a                USIC0_1_IRQHandler
                0x08000d7c                USIC0_1_IRQHandler_Veneer
                0x08000d88                USIC0_2_IRQHandler
                0x08000d8a                USIC0_2_IRQHandler_Veneer
                0x08000d96                USIC0_3_IRQHandler
                0x08000d98                USIC0_3_IRQHandler_Veneer
                0x08000da4                USIC0_4_IRQHandler
                0x08000da6                USIC0_4_IRQHandler_Veneer
                0x08000db2                USIC0_5_IRQHandler
                0x08000db4                USIC0_5_IRQHandler_Veneer
                0x08000dc2                USIC1_0_IRQHandler_Veneer
                0x08000dce                USIC1_1_IRQHandler
                0x08000dd0                USIC1_1_IRQHandler_Veneer
                0x08000ddc                USIC1_2_IRQHandler
                0x08000dde                USIC1_2_IRQHandler_Veneer
                0x08000dea                USIC1_3_IRQHandler
                0x08000dec                USIC1_3_IRQHandler_Veneer
                0x08000df8                USIC1_4_IRQHandler
                0x08000dfa                USIC1_4_IRQHandler_Veneer
                0x08000e06                USIC1_5_IRQHandler
                0x08000e08                USIC1_5_IRQHandler_Veneer
                0x08000e14                USIC2_0_IRQHandler
                0x08000e16                USIC2_0_IRQHandler_Veneer
                0x08000e22                USIC2_1_IRQHandler
                0x08000e24                USIC2_1_IRQHandler_Veneer
                0x08000e30                USIC2_2_IRQHandler
                0x08000e32                USIC2_2_IRQHandler_Veneer
                0x08000e3e                USIC2_3_IRQHandler
                0x08000e40                USIC2_3_IRQHandler_Veneer
                0x08000e4c                USIC2_4_IRQHandler
                0x08000e4e                USIC2_4_IRQHandler_Veneer
                0x08000e5a                USIC2_5_IRQHandler
                0x08000e5c                USIC2_5_IRQHandler_Veneer
                0x08000e68                LEDTS0_0_IRQHandler
                0x08000e6a                LEDTS0_0_IRQHandler_Veneer
                0x08000e76                FCE0_0_IRQHandler
                0x08000e78                FCE0_0_IRQHandler_Veneer
                0x08000e84                GPDMA0_0_IRQHandler
                0x08000e86                GPDMA0_0_IRQHandler_Veneer
                0x08000e94                SDMMC0_0_IRQHandler_Veneer
                0x08000ea0                USB0_0_IRQHandler
                0x08000ea2                USB0_0_IRQHandler_Veneer
                0x08000eb0                ETH0_0_IRQHandler_Veneer
                0x08000ebc                GPDMA1_0_IRQHandler
                0x08000ebe                GPDMA1_0_IRQHandler_Veneer
 .text          0x08001088        0x0 Startup/system_XMC4500.o
 .text.SystemCoreClockUpdate
                0x08001088       0x70 Startup/system_XMC4500.o
                0x08001088                SystemCoreClockUpdate
 .text.SystemInit
                0x080010f8      0x204 Startup/system_XMC4500.o
                0x080010f8                SystemInit
 .text          0x080012fc        0x0 Lib/System_LibcStubs.o
 .text._open    0x080012fc        0x6 Lib/System_LibcStubs.o
 .text._lseek   0x08001302        0x6 Lib/System_LibcStubs.o
 .text._read    0x08001308        0x4 Lib/System_LibcStubs.o
                0x08001308                _read
 .text._write   0x0800130c        0x6 Lib/System_LibcStubs.o
                0x0800130c                _write
 .text._close   0x08001312        0x6 Lib/System_LibcStubs.o
 .text._fstat   0x08001318        0xe Lib/System_LibcStubs.o
 .text._link    0x08001326        0xe Lib/System_LibcStubs.o
 .text._unlink  0x08001334        0x6 Lib/System_LibcStubs.o
 *fill*         0x0800133a        0x2 00
 .text._sbrk    0x0800133c       0x38 Lib/System_LibcStubs.o
                0x0800133c                _sbrk
 .text._times   0x08001374        0x6 Lib/System_LibcStubs.o
                0x08001374                _times
 .text._wait    0x0800137a        0x6 Lib/System_LibcStubs.o
                0x0800137a                _wait
 .text._kill    0x08001380        0x6 Lib/System_LibcStubs.o
                0x08001380                _kill
 .text._fork    0x08001386        0x6 Lib/System_LibcStubs.o
                0x08001386                _fork
 .text._getpid  0x0800138c        0x6 Lib/System_LibcStubs.o
                0x0800138c                _getpid
 .text._exit    0x08001392        0x2 Lib/System_LibcStubs.o
                0x08001392                _exit
 .text._init    0x08001394        0x2 Lib/System_LibcStubs.o
                0x08001394                _init
 .text._isatty  0x08001396        0x6 Lib/System_LibcStubs.o
 .text          0x0800139c        0x0 Dave/Generated/src/WEBSERVER001/HTTPServer/fs.o
 .text.fs_open  0x0800139c       0x6c Dave/Generated/src/WEBSERVER001/HTTPServer/fs.o
                0x0800139c                fs_open
 .text.fs_close
                0x08001408       0x2c Dave/Generated/src/WEBSERVER001/HTTPServer/fs.o
                0x08001408                fs_close
 .text.fs_read  0x08001434       0x20 Dave/Generated/src/WEBSERVER001/HTTPServer/fs.o
                0x08001434                fs_read
 .text.fs_bytes_left
                0x08001454        0x8 Dave/Generated/src/WEBSERVER001/HTTPServer/fs.o
                0x08001454                fs_bytes_left
 .text          0x0800145c        0x0 Dave/Generated/src/WEBSERVER001/HTTPServer/fsdata.o
 .text          0x0800145c        0x0 Dave/Generated/src/WEBSERVER001/HTTPServer/httpd.o
 .text.http_accept
                0x0800145c       0x68 Dave/Generated/src/WEBSERVER001/HTTPServer/httpd.o
 .text.http_state_free
                0x080014c4       0x2a Dave/Generated/src/WEBSERVER001/HTTPServer/httpd.o
 .text.http_err
                0x080014ee        0x8 Dave/Generated/src/WEBSERVER001/HTTPServer/httpd.o
 .text.strnstr  0x080014f6       0x4e Dave/Generated/src/WEBSERVER001/HTTPServer/httpd.o
 .text.http_close_conn
                0x08001544       0x54 Dave/Generated/src/WEBSERVER001/HTTPServer/httpd.o
 .text.http_get_404_file
                0x08001598       0x40 Dave/Generated/src/WEBSERVER001/HTTPServer/httpd.o
 .text.http_write.constprop.9
                0x080015d8       0x30 Dave/Generated/src/WEBSERVER001/HTTPServer/httpd.o
 .text.http_send_data
                0x08001608      0x41c Dave/Generated/src/WEBSERVER001/HTTPServer/httpd.o
 .text.http_sent
                0x08001a24       0x16 Dave/Generated/src/WEBSERVER001/HTTPServer/httpd.o
 .text.http_poll
                0x08001a3a       0x32 Dave/Generated/src/WEBSERVER001/HTTPServer/httpd.o
 .text.http_find_error_file
                0x08001a6c       0x70 Dave/Generated/src/WEBSERVER001/HTTPServer/httpd.o
 .text.http_recv
                0x08001adc      0x2c4 Dave/Generated/src/WEBSERVER001/HTTPServer/httpd.o
 .text.httpd_init
                0x08001da0       0x48 Dave/Generated/src/WEBSERVER001/HTTPServer/httpd.o
                0x08001da0                httpd_init
 .text.http_set_ssi_handler
                0x08001de8        0xc Dave/Generated/src/WEBSERVER001/HTTPServer/httpd.o
                0x08001de8                http_set_ssi_handler
 .text.http_set_cgi_handlers
                0x08001df4       0x10 Dave/Generated/src/WEBSERVER001/HTTPServer/httpd.o
                0x08001df4                http_set_cgi_handlers
 .text          0x08001e04        0x0 Dave/Generated/src/UART001/UART001.o
 .text.UART001_lInit
                0x08001e04      0x110 Dave/Generated/src/UART001/UART001.o
                0x08001e04                UART001_lInit
 .text.UART001_lConfigTXPin
                0x08001f14       0x74 Dave/Generated/src/UART001/UART001.o
                0x08001f14                UART001_lConfigTXPin
 .text.UART001_labsRealType
                0x08001f88       0x18 Dave/Generated/src/UART001/UART001.o
                0x08001f88                UART001_labsRealType
 .text.UART001_lConfigureBaudRate
                0x08001fa0      0x1a0 Dave/Generated/src/UART001/UART001.o
                0x08001fa0                UART001_lConfigureBaudRate
 .text.UART001_Init
                0x08002140       0x2c Dave/Generated/src/UART001/UART001.o
                0x08002140                UART001_Init
 .text.UART001_DeInit
                0x0800216c        0x2 Dave/Generated/src/UART001/UART001.o
                0x0800216c                UART001_DeInit
 *fill*         0x0800216e        0x2 00
 .text.UART001_Configure
                0x08002170       0x98 Dave/Generated/src/UART001/UART001.o
                0x08002170                UART001_Configure
 .text.UART001_ReadDataMultiple
                0x08002208       0x2e Dave/Generated/src/UART001/UART001.o
                0x08002208                UART001_ReadDataMultiple
 .text.UART001_ReadDataBytes
                0x08002236       0x2c Dave/Generated/src/UART001/UART001.o
                0x08002236                UART001_ReadDataBytes
 .text.UART001_WriteDataMultiple
                0x08002262       0x36 Dave/Generated/src/UART001/UART001.o
                0x08002262                UART001_WriteDataMultiple
 .text.UART001_WriteDataBytes
                0x08002298       0x34 Dave/Generated/src/UART001/UART001.o
                0x08002298                UART001_WriteDataBytes
 .text.UART001_GetFlagStatus
                0x080022cc       0x38 Dave/Generated/src/UART001/UART001.o
                0x080022cc                UART001_GetFlagStatus
 .text.UART001_ClearFlag
                0x08002304       0x32 Dave/Generated/src/UART001/UART001.o
                0x08002304                UART001_ClearFlag
 .text          0x08002336        0x0 Dave/Generated/src/UART001/UART001_Conf.o
 .text          0x08002336        0x0 Dave/Generated/src/SYSTM001/SYSTM001.o
 *fill*         0x08002336        0x2 00
 .text.SYSTM001_lInsertTimerList
                0x08002338       0x6c Dave/Generated/src/SYSTM001/SYSTM001.o
 .text.SYSTM001_lRemoveTimerList
                0x080023a4       0x44 Dave/Generated/src/SYSTM001/SYSTM001.o
 .text.SysTick_Handler
                0x080023e8       0x5c Dave/Generated/src/SYSTM001/SYSTM001.o
                0x080023e8                SysTick_Handler
 .text.SYSTM001_Init
                0x08002444       0x64 Dave/Generated/src/SYSTM001/SYSTM001.o
                0x08002444                SYSTM001_Init
 .text.SYSTM001_CreateTimer
                0x080024a8       0x6c Dave/Generated/src/SYSTM001/SYSTM001.o
                0x080024a8                SYSTM001_CreateTimer
 .text.SYSTM001_StartTimer
                0x08002514       0x44 Dave/Generated/src/SYSTM001/SYSTM001.o
                0x08002514                SYSTM001_StartTimer
 .text.SYSTM001_StopTimer
                0x08002558       0x3c Dave/Generated/src/SYSTM001/SYSTM001.o
                0x08002558                SYSTM001_StopTimer
 .text.SYSTM001_DeleteTimer
                0x08002594       0x44 Dave/Generated/src/SYSTM001/SYSTM001.o
                0x08002594                SYSTM001_DeleteTimer
 .text.SYSTM001_GetTime
                0x080025d8        0xc Dave/Generated/src/SYSTM001/SYSTM001.o
                0x080025d8                SYSTM001_GetTime
 .text.SYSTM001_GetSysTickCount
                0x080025e4        0xc Dave/Generated/src/SYSTM001/SYSTM001.o
                0x080025e4                SYSTM001_GetSysTickCount
 .text          0x080025f0        0x0 Dave/Generated/src/SLTHA003/SLTHA003.o
 .text._malloc_r
                0x080025f0        0x6 Dave/Generated/src/SLTHA003/SLTHA003.o
                0x080025f0                _malloc_r
 .text._calloc_r
                0x080025f6       0x1a Dave/Generated/src/SLTHA003/SLTHA003.o
                0x080025f6                _calloc_r
 .text._free_r  0x08002610        0x6 Dave/Generated/src/SLTHA003/SLTHA003.o
                0x08002610                _free_r
 .text._realloc_r
                0x08002616        0x6 Dave/Generated/src/SLTHA003/SLTHA003.o
                0x08002616                _realloc_r
 .text._gettimeofday_r
                0x0800261c       0x20 Dave/Generated/src/SLTHA003/SLTHA003.o
                0x0800261c                _gettimeofday_r
 .text._times_r
                0x0800263c        0xc Dave/Generated/src/SLTHA003/SLTHA003.o
                0x0800263c                _times_r
 .text          0x08002648        0x0 Dave/Generated/src/SLTHA003/SLTHA003_Conf.o
 .text          0x08002648        0x0 Dave/Generated/src/SLTHA001/SLTHA001.o
 .text.SLTHA001_lFatInfoToStatus
                0x08002648       0x84 Dave/Generated/src/SLTHA001/SLTHA001.o
 .text.SLTHA001_lFindAvailableSlot
                0x080026cc       0x44 Dave/Generated/src/SLTHA001/SLTHA001.o
                0x080026cc                SLTHA001_lFindAvailableSlot
 .text.SLTHA001_lLocalInitialize
                0x08002710       0x28 Dave/Generated/src/SLTHA001/SLTHA001.o
                0x08002710                SLTHA001_lLocalInitialize
 .text._open    0x08002738      0x148 Dave/Generated/src/SLTHA001/SLTHA001.o
                0x08002738                _open
 .text._close   0x08002880       0x5c Dave/Generated/src/SLTHA001/SLTHA001.o
                0x08002880                _close
 .text._read_r  0x080028dc       0x74 Dave/Generated/src/SLTHA001/SLTHA001.o
                0x080028dc                _read_r
 .text._write_r
                0x08002950       0x74 Dave/Generated/src/SLTHA001/SLTHA001.o
                0x08002950                _write_r
 .text._lseek   0x080029c4       0x70 Dave/Generated/src/SLTHA001/SLTHA001.o
                0x080029c4                _lseek
 .text._unlink  0x08002a34       0x24 Dave/Generated/src/SLTHA001/SLTHA001.o
                0x08002a34                _unlink
 .text._fstat   0x08002a58       0x64 Dave/Generated/src/SLTHA001/SLTHA001.o
                0x08002a58                _fstat
 .text._stat    0x08002abc       0x44 Dave/Generated/src/SLTHA001/SLTHA001.o
                0x08002abc                _stat
 .text.rename   0x08002b00       0x24 Dave/Generated/src/SLTHA001/SLTHA001.o
                0x08002b00                rename
 .text._chmod   0x08002b24       0x28 Dave/Generated/src/SLTHA001/SLTHA001.o
                0x08002b24                _chmod
 .text._mkdir   0x08002b4c       0x24 Dave/Generated/src/SLTHA001/SLTHA001.o
                0x08002b4c                _mkdir
 .text._sync    0x08002b70       0x20 Dave/Generated/src/SLTHA001/SLTHA001.o
                0x08002b70                _sync
 .text.mkfs     0x08002b90       0x24 Dave/Generated/src/SLTHA001/SLTHA001.o
                0x08002b90                mkfs
 .text.mount    0x08002bb4       0x24 Dave/Generated/src/SLTHA001/SLTHA001.o
                0x08002bb4                mount
 .text._isatty  0x08002bd8        0xa Dave/Generated/src/SLTHA001/SLTHA001.o
                0x08002bd8                _isatty
 .text.SLTHA001_Init
                0x08002be2        0x4 Dave/Generated/src/SLTHA001/SLTHA001.o
                0x08002be2                SLTHA001_Init
 .text._link    0x08002be6       0x10 Dave/Generated/src/SLTHA001/SLTHA001.o
                0x08002be6                _link
 .text.fdisk    0x08002bf6        0x6 Dave/Generated/src/SLTHA001/SLTHA001.o
                0x08002bf6                fdisk
 .text          0x08002bfc        0x0 Dave/Generated/src/SLTHA001/SLTHA001_Conf.o
 .text          0x08002bfc        0x0 Dave/Generated/src/SDMMC003/SDMMC003.o
 .text.SDMMC003_HostControllerInit
                0x08002bfc       0x68 Dave/Generated/src/SDMMC003/SDMMC003.o
                0x08002bfc                SDMMC003_HostControllerInit
 .text.SDMMC003_HostControllerDeInit
                0x08002c64       0x24 Dave/Generated/src/SDMMC003/SDMMC003.o
                0x08002c64                SDMMC003_HostControllerDeInit
 .text.SDMMC003_CardReadMultipleBlocks
                0x08002c88       0x5c Dave/Generated/src/SDMMC003/SDMMC003.o
                0x08002c88                SDMMC003_CardReadMultipleBlocks
 .text.SDMMC003_CardReadSingleBlock
                0x08002ce4       0x5c Dave/Generated/src/SDMMC003/SDMMC003.o
                0x08002ce4                SDMMC003_CardReadSingleBlock
 .text.SDMMC003_CardWriteMultipleBlocks
                0x08002d40       0x60 Dave/Generated/src/SDMMC003/SDMMC003.o
                0x08002d40                SDMMC003_CardWriteMultipleBlocks
 .text.SDMMC003_CardWriteSingleBlock
                0x08002da0       0x60 Dave/Generated/src/SDMMC003/SDMMC003.o
                0x08002da0                SDMMC003_CardWriteSingleBlock
 .text.SDMMC003_LockUnlockCard
                0x08002e00       0x5c Dave/Generated/src/SDMMC003/SDMMC003.o
                0x08002e00                SDMMC003_LockUnlockCard
 .text.SDMMC003_GetLockStatus
                0x08002e5c       0x40 Dave/Generated/src/SDMMC003/SDMMC003.o
                0x08002e5c                SDMMC003_GetLockStatus
 .text.SDMMC003_GetCurrentState
                0x08002e9c       0x40 Dave/Generated/src/SDMMC003/SDMMC003.o
                0x08002e9c                SDMMC003_GetCurrentState
 .text.SDMMC003_GetCardType
                0x08002edc       0x18 Dave/Generated/src/SDMMC003/SDMMC003.o
                0x08002edc                SDMMC003_GetCardType
 .text.SDMMC003_GetCid
                0x08002ef4       0x54 Dave/Generated/src/SDMMC003/SDMMC003.o
                0x08002ef4                SDMMC003_GetCid
 .text.SDMMC003_GetOcr
                0x08002f48       0x20 Dave/Generated/src/SDMMC003/SDMMC003.o
                0x08002f48                SDMMC003_GetOcr
 .text.SDMMC003_GetCsd
                0x08002f68       0x40 Dave/Generated/src/SDMMC003/SDMMC003.o
                0x08002f68                SDMMC003_GetCsd
 .text.SDMMC003_GetSectorCount
                0x08002fa8       0x8c Dave/Generated/src/SDMMC003/SDMMC003.o
                0x08002fa8                SDMMC003_GetSectorCount
 .text.SDMMC003_GetSectorSize
                0x08003034       0x1c Dave/Generated/src/SDMMC003/SDMMC003.o
                0x08003034                SDMMC003_GetSectorSize
 .text.SDMMC003_GetBlockSize
                0x08003050       0x54 Dave/Generated/src/SDMMC003/SDMMC003.o
                0x08003050                SDMMC003_GetBlockSize
 .text.SDMMC003_FlushDiskWriteCache
                0x080030a4       0x14 Dave/Generated/src/SDMMC003/SDMMC003.o
                0x080030a4                SDMMC003_FlushDiskWriteCache
 .text.SDMMC003_GetSdStatus
                0x080030b8       0x68 Dave/Generated/src/SDMMC003/SDMMC003.o
                0x080030b8                SDMMC003_GetSdStatus
 .text.SDMMC003_EraseBlock
                0x08003120       0xc0 Dave/Generated/src/SDMMC003/SDMMC003.o
                0x08003120                SDMMC003_EraseBlock
 .text.SDMMC003_EjectCard
                0x080031e0       0x48 Dave/Generated/src/SDMMC003/SDMMC003.o
                0x080031e0                SDMMC003_EjectCard
 .text.SDMMC003_Init
                0x08003228        0xc Dave/Generated/src/SDMMC003/SDMMC003.o
                0x08003228                SDMMC003_Init
 .text.SDMMC003_Start
                0x08003234       0x5c Dave/Generated/src/SDMMC003/SDMMC003.o
                0x08003234                SDMMC003_Start
 .text.SDMMC003_CardDetectionSupport
                0x08003290       0x14 Dave/Generated/src/SDMMC003/SDMMC003.o
                0x08003290                SDMMC003_CardDetectionSupport
 .text          0x080032a4        0x0 Dave/Generated/src/SDMMC003/SDMMC003_Conf.o
 .text          0x080032a4        0x0 Dave/Generated/src/SDMMC003/SDMMC003_Private.o
 .text.Timer_CallBack
                0x080032a4       0x18 Dave/Generated/src/SDMMC003/SDMMC003_Private.o
                0x080032a4                Timer_CallBack
 .text.SDMMC003_lCardCleanUp
                0x080032bc       0x3c Dave/Generated/src/SDMMC003/SDMMC003_Private.o
                0x080032bc                SDMMC003_lCardCleanUp
 .text.SDMMC003_lCheckDatCmdline
                0x080032f8       0x64 Dave/Generated/src/SDMMC003/SDMMC003_Private.o
                0x080032f8                SDMMC003_lCheckDatCmdline
 .text.SDMMC003_lCheckArgumentError
                0x0800335c       0x2a Dave/Generated/src/SDMMC003/SDMMC003_Private.o
                0x0800335c                SDMMC003_lCheckArgumentError
 .text.SDMMC003_lCheckEraseError
                0x08003386       0x20 Dave/Generated/src/SDMMC003/SDMMC003_Private.o
                0x08003386                SDMMC003_lCheckEraseError
 .text.SDMMC003_lCheckCardError
                0x080033a6       0x20 Dave/Generated/src/SDMMC003/SDMMC003_Private.o
                0x080033a6                SDMMC003_lCheckCardError
 .text.SDMMC003_lCheckErrorInResponse
                0x080033c6       0x50 Dave/Generated/src/SDMMC003/SDMMC003_Private.o
                0x080033c6                SDMMC003_lCheckErrorInResponse
 *fill*         0x08003416        0x2 00
 .text.SDMMC003_lGetCardLockState
                0x08003418       0x28 Dave/Generated/src/SDMMC003/SDMMC003_Private.o
                0x08003418                SDMMC003_lGetCardLockState
 .text.SDMMC003_lWriteCardType
                0x08003440       0x30 Dave/Generated/src/SDMMC003/SDMMC003_Private.o
                0x08003440                SDMMC003_lWriteCardType
 .text.SDMMC003_lSetWriteProtect
                0x08003470       0x38 Dave/Generated/src/SDMMC003/SDMMC003_Private.o
                0x08003470                SDMMC003_lSetWriteProtect
 .text.SDMMC003_lCheckLockStatus
                0x080034a8       0x28 Dave/Generated/src/SDMMC003/SDMMC003_Private.o
                0x080034a8                SDMMC003_lCheckLockStatus
 .text.SDMMC003_lNormalInterruptHandler
                0x080034d0       0x8c Dave/Generated/src/SDMMC003/SDMMC003_Private.o
                0x080034d0                SDMMC003_lNormalInterruptHandler
 .text.SDMMC003_lErrorInterruptHandler
                0x0800355c      0x14c Dave/Generated/src/SDMMC003/SDMMC003_Private.o
                0x0800355c                SDMMC003_lErrorInterruptHandler
 .text.SDMMC003_CheckPCMDFlag
                0x080036a8        0xc Dave/Generated/src/SDMMC003/SDMMC003_Private.o
                0x080036a8                SDMMC003_CheckPCMDFlag
 .text.SDMMC003_lDelay
                0x080036b4       0x44 Dave/Generated/src/SDMMC003/SDMMC003_Private.o
                0x080036b4                SDMMC003_lDelay
 .text.SDMMC0_0_IRQHandler
                0x080036f8       0x48 Dave/Generated/src/SDMMC003/SDMMC003_Private.o
                0x080036f8                SDMMC0_0_IRQHandler
 .text.SDMMC003_lStartTimer
                0x08003740       0x38 Dave/Generated/src/SDMMC003/SDMMC003_Private.o
                0x08003740                SDMMC003_lStartTimer
 .text.SDMMC003_lStopTimer
                0x08003778       0x1c Dave/Generated/src/SDMMC003/SDMMC003_Private.o
                0x08003778                SDMMC003_lStopTimer
 .text.SDMMC003_lCommandDelay
                0x08003794       0x54 Dave/Generated/src/SDMMC003/SDMMC003_Private.o
                0x08003794                SDMMC003_lCommandDelay
 .text.SDMMC003_lTransferDelay
                0x080037e8       0x44 Dave/Generated/src/SDMMC003/SDMMC003_Private.o
                0x080037e8                SDMMC003_lTransferDelay
 .text.SDMMC003_lReadResponse
                0x0800382c       0xa0 Dave/Generated/src/SDMMC003/SDMMC003_Private.o
                0x0800382c                SDMMC003_lReadResponse
 .text.SDMMC003_lReset
                0x080038cc       0x44 Dave/Generated/src/SDMMC003/SDMMC003_Private.o
                0x080038cc                SDMMC003_lReset
 .text.SDMMC003_lErrorInterruptRecovery
                0x08003910       0x9c Dave/Generated/src/SDMMC003/SDMMC003_Private.o
                0x08003910                SDMMC003_lErrorInterruptRecovery
 .text.SDMMC003_lDataTransfer
                0x080039ac       0x84 Dave/Generated/src/SDMMC003/SDMMC003_Private.o
                0x080039ac                SDMMC003_lDataTransfer
 .text.SDMMC003_lSendCommand
                0x08003a30       0xa8 Dave/Generated/src/SDMMC003/SDMMC003_Private.o
                0x08003a30                SDMMC003_lSendCommand
 .text.SDMMC003_lAcmdErrorRecovery
                0x08003ad8       0x68 Dave/Generated/src/SDMMC003/SDMMC003_Private.o
                0x08003ad8                SDMMC003_lAcmdErrorRecovery
 .text.SDMMC003_lSwitchToTransferState
                0x08003b40       0x44 Dave/Generated/src/SDMMC003/SDMMC003_Private.o
                0x08003b40                SDMMC003_lSwitchToTransferState
 .text.SDMMC003_lSwitchBusWidth
                0x08003b84       0x64 Dave/Generated/src/SDMMC003/SDMMC003_Private.o
                0x08003b84                SDMMC003_lSwitchBusWidth
 .text.SDMMC003_lConfigureRegForMultiTransfer
                0x08003be8       0x78 Dave/Generated/src/SDMMC003/SDMMC003_Private.o
                0x08003be8                SDMMC003_lConfigureRegForMultiTransfer
 .text.SDMMC003_lMultiBlockTransfer
                0x08003c60       0x50 Dave/Generated/src/SDMMC003/SDMMC003_Private.o
                0x08003c60                SDMMC003_lMultiBlockTransfer
 .text.SDMMC003_lConfigureForSingleTransfer
                0x08003cb0       0x4c Dave/Generated/src/SDMMC003/SDMMC003_Private.o
                0x08003cb0                SDMMC003_lConfigureForSingleTransfer
 .text.SDMMC003_lReadRca
                0x08003cfc       0x14 Dave/Generated/src/SDMMC003/SDMMC003_Private.o
                0x08003cfc                SDMMC003_lReadRca
 .text.SDMMC003_lQueryOperatingCond
                0x08003d10       0x48 Dave/Generated/src/SDMMC003/SDMMC003_Private.o
                0x08003d10                SDMMC003_lQueryOperatingCond
 .text.SDMMC003_lSetVoltageWindow
                0x08003d58       0x68 Dave/Generated/src/SDMMC003/SDMMC003_Private.o
                0x08003d58                SDMMC003_lSetVoltageWindow
 .text.SDMMC003_lQueryVoltage
                0x08003dc0       0x58 Dave/Generated/src/SDMMC003/SDMMC003_Private.o
                0x08003dc0                SDMMC003_lQueryVoltage
 .text.SDMMC003_lInitializeCard
                0x08003e18       0xa4 Dave/Generated/src/SDMMC003/SDMMC003_Private.o
                0x08003e18                SDMMC003_lInitializeCard
 .text.SDMMC003_lSingleBlockTransfer
                0x08003ebc       0x6c Dave/Generated/src/SDMMC003/SDMMC003_Private.o
                0x08003ebc                SDMMC003_lSingleBlockTransfer
 .text.SDMMC003_lSwitchSpeed
                0x08003f28       0x60 Dave/Generated/src/SDMMC003/SDMMC003_Private.o
                0x08003f28                SDMMC003_lSwitchSpeed
 .text.SDMMC003_lReadCardRegisters
                0x08003f88       0x9c Dave/Generated/src/SDMMC003/SDMMC003_Private.o
                0x08003f88                SDMMC003_lReadCardRegisters
 .text.SDMMC003_lAfterCardInitialize
                0x08004024       0x40 Dave/Generated/src/SDMMC003/SDMMC003_Private.o
                0x08004024                SDMMC003_lAfterCardInitialize
 .text.SDMMC003_lCardIdentificationProcess
                0x08004064       0x6c Dave/Generated/src/SDMMC003/SDMMC003_Private.o
                0x08004064                SDMMC003_lCardIdentificationProcess
 .text.SDMMC003_lCheckSectorBound
                0x080040d0       0x22 Dave/Generated/src/SDMMC003/SDMMC003_Private.o
                0x080040d0                SDMMC003_lCheckSectorBound
 *fill*         0x080040f2        0x2 00
 .text.SDMMC003_lLocalErase
                0x080040f4       0x6c Dave/Generated/src/SDMMC003/SDMMC003_Private.o
                0x080040f4                SDMMC003_lLocalErase
 .text          0x08004160        0x0 Dave/Generated/src/SDMMC001/SDMMC001.o
 .text.SDMMC001_lFindDiskStatus
                0x08004160       0x34 Dave/Generated/src/SDMMC001/SDMMC001.o
                0x08004160                SDMMC001_lFindDiskStatus
 .text.SDMMC001_Initialize
                0x08004194       0x38 Dave/Generated/src/SDMMC001/SDMMC001.o
                0x08004194                SDMMC001_Initialize
 .text.SDMMC001_GetStatus
                0x080041cc        0x4 Dave/Generated/src/SDMMC001/SDMMC001.o
                0x080041cc                SDMMC001_GetStatus
 .text.SDMMC001_ReadBlock
                0x080041d0       0x30 Dave/Generated/src/SDMMC001/SDMMC001.o
                0x080041d0                SDMMC001_ReadBlock
 .text.SDMMC001_WriteBlock
                0x08004200       0x3c Dave/Generated/src/SDMMC001/SDMMC001.o
                0x08004200                SDMMC001_WriteBlock
 .text.SDMMC001_Ioctl
                0x0800423c      0x1ac Dave/Generated/src/SDMMC001/SDMMC001.o
                0x0800423c                SDMMC001_Ioctl
 .text          0x080043e8        0x0 Dave/Generated/src/SDMMC001/SDMMC001_Conf.o
 .text          0x080043e8        0x0 Dave/Generated/src/RTC001/RTC001.o
 .text.RTC001_ldatevalid
                0x080043e8       0x54 Dave/Generated/src/RTC001/RTC001.o
 .text.RTC001_DeInit
                0x0800443c        0x2 Dave/Generated/src/RTC001/RTC001.o
                0x0800443c                RTC001_DeInit
 *fill*         0x0800443e        0x2 00
 .text.RTC001_Enable
                0x08004440       0x30 Dave/Generated/src/RTC001/RTC001.o
                0x08004440                RTC001_Enable
 .text.RTC001_Disable
                0x08004470       0x74 Dave/Generated/src/RTC001/RTC001.o
                0x08004470                RTC001_Disable
 .text.RTC001_GetFlagStatus
                0x080044e4       0x14 Dave/Generated/src/RTC001/RTC001.o
                0x080044e4                RTC001_GetFlagStatus
 .text.RTC001_ClearFlagStatus
                0x080044f8       0x10 Dave/Generated/src/RTC001/RTC001.o
                0x080044f8                RTC001_ClearFlagStatus
 .text.RTC001_ConfigAlarm
                0x08004508       0x8c Dave/Generated/src/RTC001/RTC001.o
                0x08004508                RTC001_ConfigAlarm
 .text.RTC001_Clock_GetTime
                0x08004594       0x3c Dave/Generated/src/RTC001/RTC001.o
                0x08004594                RTC001_Clock_GetTime
 .text.RTC001_Clock_SetTime
                0x080045d0       0xf8 Dave/Generated/src/RTC001/RTC001.o
                0x080045d0                RTC001_Clock_SetTime
 .text.RTC001_Init
                0x080046c8       0x7c Dave/Generated/src/RTC001/RTC001.o
                0x080046c8                RTC001_Init
 .text.RTC001_Time
                0x08004744       0xd0 Dave/Generated/src/RTC001/RTC001.o
                0x08004744                RTC001_Time
 .text          0x08004814        0x0 Dave/Generated/src/RTC001/RTC001_Conf.o
 .text          0x08004814        0x0 Dave/Generated/src/RESET001/RESET001.o
 .text.RESET001_AssertReset
                0x08004814       0x14 Dave/Generated/src/RESET001/RESET001.o
                0x08004814                RESET001_AssertReset
 .text.RESET001_DeassertReset
                0x08004828       0x14 Dave/Generated/src/RESET001/RESET001.o
                0x08004828                RESET001_DeassertReset
 .text.RESET001_GetResetInfo
                0x0800483c        0xc Dave/Generated/src/RESET001/RESET001.o
                0x0800483c                RESET001_GetResetInfo
 .text.RESET001_GetStatus
                0x08004848       0x1c Dave/Generated/src/RESET001/RESET001.o
                0x08004848                RESET001_GetStatus
 .text          0x08004864        0x0 Dave/Generated/src/NVIC_SCU001/NVIC_SCU001.o
 .text.NVIC_SCU001_Init
                0x08004864       0x3c Dave/Generated/src/NVIC_SCU001/NVIC_SCU001.o
                0x08004864                NVIC_SCU001_Init
 .text.NVIC_SCU001_RegisterCallback
                0x080048a0       0x14 Dave/Generated/src/NVIC_SCU001/NVIC_SCU001.o
                0x080048a0                NVIC_SCU001_RegisterCallback
 .text.SCU_0_IRQHandler
                0x080048b4      0x1ac Dave/Generated/src/NVIC_SCU001/NVIC_SCU001.o
                0x080048b4                SCU_0_IRQHandler
 .text          0x08004a60        0x0 Dave/Generated/src/NVIC002/NVIC002.o
 .text.NVIC002_Init
                0x08004a60       0xa4 Dave/Generated/src/NVIC002/NVIC002.o
                0x08004a60                NVIC002_Init
 .text          0x08004b04        0x0 Dave/Generated/src/NVIC002/NVIC002_Conf.o
 .text          0x08004b04        0x0 Dave/Generated/src/MOTORLIBS/MOTORLIBS.o
 .text          0x08004b04        0x0 Dave/Generated/src/LMM001/LMM001.o
 .text.LMM001_lmake_new_block
                0x08004b04       0x32 Dave/Generated/src/LMM001/LMM001.o
 .text.LMM001_ldisconnect_from_free_list
                0x08004b36       0x2e Dave/Generated/src/LMM001/LMM001.o
 .text.LMM001_l_assimilate_up
                0x08004b64       0x3a Dave/Generated/src/LMM001/LMM001.o
 .text.LMM001_l_assimilate_down
                0x08004b9e       0x28 Dave/Generated/src/LMM001/LMM001.o
 .text.LMM001_free
                0x08004bc6       0x68 Dave/Generated/src/LMM001/LMM001.o
                0x08004bc6                LMM001_free
 .text.LMM001_malloc
                0x08004c2e       0xec Dave/Generated/src/LMM001/LMM001.o
                0x08004c2e                LMM001_malloc
 .text.LMM001_realloc
                0x08004d1a       0xfc Dave/Generated/src/LMM001/LMM001.o
                0x08004d1a                LMM001_realloc
 .text          0x08004e16        0x0 Dave/Generated/src/LMM001/LMM001_Conf.o
 .text          0x08004e16        0x0 Dave/Generated/src/LIBS/CCU8PWMLIB.o
 .text          0x08004e16        0x0 Dave/Generated/src/IO004/IO004.o
 *fill*         0x08004e16        0x2 00
 .text.IO004_Init
                0x08004e18       0x28 Dave/Generated/src/IO004/IO004.o
                0x08004e18                IO004_Init
 .text.IO004_DisableOutputDriver
                0x08004e40       0xb2 Dave/Generated/src/IO004/IO004.o
                0x08004e40                IO004_DisableOutputDriver
 .text.IO004_EnableOutputDriver
                0x08004ef2       0xb2 Dave/Generated/src/IO004/IO004.o
                0x08004ef2                IO004_EnableOutputDriver
 .text          0x08004fa4        0x0 Dave/Generated/src/IO004/IO004_Conf.o
 .text          0x08004fa4        0x0 Dave/Generated/src/IO001/IO001.o
 .text.IO001_Init
                0x08004fa4       0x34 Dave/Generated/src/IO001/IO001.o
                0x08004fa4                IO001_Init
 .text.IO001_EnableDigitalInput
                0x08004fd8       0xba Dave/Generated/src/IO001/IO001.o
                0x08004fd8                IO001_EnableDigitalInput
 .text.IO001_DisableDigitalInput
                0x08005092       0x12 Dave/Generated/src/IO001/IO001.o
                0x08005092                IO001_DisableDigitalInput
 .text          0x080050a4        0x0 Dave/Generated/src/IO001/IO001_Conf.o
 .text          0x080050a4        0x0 Dave/Generated/src/GMM001/GMM001.o
 .text.GMM001_Init
                0x080050a4       0x70 Dave/Generated/src/GMM001/GMM001.o
                0x080050a4                GMM001_Init
 .text.GMM001_malloc
                0x08005114       0x34 Dave/Generated/src/GMM001/GMM001.o
                0x08005114                GMM001_malloc
 .text.GMM001_realloc
                0x08005148       0x78 Dave/Generated/src/GMM001/GMM001.o
                0x08005148                GMM001_realloc
 .text.GMM001_free
                0x080051c0       0x60 Dave/Generated/src/GMM001/GMM001.o
                0x080051c0                GMM001_free
 .text          0x08005220        0x0 Dave/Generated/src/GMM001/GMM001_Conf.o
 .text          0x08005220        0x0 Dave/Generated/src/FATFS004/FATFS004.o
 .text.disk_initialize
                0x08005220       0x1c Dave/Generated/src/FATFS004/FATFS004.o
                0x08005220                disk_initialize
 .text.disk_status
                0x0800523c       0x1c Dave/Generated/src/FATFS004/FATFS004.o
                0x0800523c                disk_status
 .text.disk_read
                0x08005258       0x2c Dave/Generated/src/FATFS004/FATFS004.o
                0x08005258                disk_read
 .text.disk_write
                0x08005284       0x2c Dave/Generated/src/FATFS004/FATFS004.o
                0x08005284                disk_write
 .text.disk_ioctl
                0x080052b0       0x28 Dave/Generated/src/FATFS004/FATFS004.o
                0x080052b0                disk_ioctl
 .text.get_fattime
                0x080052d8       0x4c Dave/Generated/src/FATFS004/FATFS004.o
                0x080052d8                get_fattime
 .text          0x08005324        0x0 Dave/Generated/src/FATFS004/FATFS004_Conf.o
 .text          0x08005324        0x0 Dave/Generated/src/FATFS002/FATFS002_Conf.o
 .text.FATFS002_Init
                0x08005324        0x2 Dave/Generated/src/FATFS002/FATFS002_Conf.o
                0x08005324                FATFS002_Init
 .text          0x08005326        0x0 Dave/Generated/src/FATFS002/syscall.o
 .text          0x08005326        0x0 Dave/Generated/src/FATFS002/Src/ff.o
 .text.mem_cpy  0x08005326       0x12 Dave/Generated/src/FATFS002/Src/ff.o
 .text.mem_set  0x08005338        0xe Dave/Generated/src/FATFS002/Src/ff.o
 .text.get_fileinfo
                0x08005346       0x82 Dave/Generated/src/FATFS002/Src/ff.o
 .text.move_window
                0x080053c8       0x76 Dave/Generated/src/FATFS002/Src/ff.o
 .text.sync     0x0800543e       0xb6 Dave/Generated/src/FATFS002/Src/ff.o
 .text.validate
                0x080054f4       0x24 Dave/Generated/src/FATFS002/Src/ff.o
 .text.check_fs
                0x08005518       0x88 Dave/Generated/src/FATFS002/Src/ff.o
 .text.chk_mounted
                0x080055a0      0x314 Dave/Generated/src/FATFS002/Src/ff.o
 .text.clust2sect
                0x080058b4       0x18 Dave/Generated/src/FATFS002/Src/ff.o
                0x080058b4                clust2sect
 .text.get_fat  0x080058cc       0xca Dave/Generated/src/FATFS002/Src/ff.o
                0x080058cc                get_fat
 .text.dir_sdi  0x08005996       0x84 Dave/Generated/src/FATFS002/Src/ff.o
 .text.dir_remove
                0x08005a1a       0x24 Dave/Generated/src/FATFS002/Src/ff.o
 .text.put_fat  0x08005a3e       0xf6 Dave/Generated/src/FATFS002/Src/ff.o
                0x08005a3e                put_fat
 .text.create_chain
                0x08005b34       0x9a Dave/Generated/src/FATFS002/Src/ff.o
 .text.dir_next
                0x08005bce       0xf4 Dave/Generated/src/FATFS002/Src/ff.o
 *fill*         0x08005cc2        0x2 00
 .text.follow_path
                0x08005cc4      0x204 Dave/Generated/src/FATFS002/Src/ff.o
 .text.dir_register
                0x08005ec8       0x5a Dave/Generated/src/FATFS002/Src/ff.o
 .text.dir_read
                0x08005f22       0x4a Dave/Generated/src/FATFS002/Src/ff.o
 .text.remove_chain
                0x08005f6c       0x82 Dave/Generated/src/FATFS002/Src/ff.o
 *fill*         0x08005fee        0x2 00
 .text.f_mount  0x08005ff0       0x2c Dave/Generated/src/FATFS002/Src/ff.o
                0x08005ff0                f_mount
 .text.f_open   0x0800601c      0x152 Dave/Generated/src/FATFS002/Src/ff.o
                0x0800601c                f_open
 .text.f_read   0x0800616e      0x168 Dave/Generated/src/FATFS002/Src/ff.o
                0x0800616e                f_read
 .text.f_write  0x080062d6      0x196 Dave/Generated/src/FATFS002/Src/ff.o
                0x080062d6                f_write
 .text.f_sync   0x0800646c       0xac Dave/Generated/src/FATFS002/Src/ff.o
                0x0800646c                f_sync
 .text.f_close  0x08006518        0xe Dave/Generated/src/FATFS002/Src/ff.o
                0x08006518                f_close
 *fill*         0x08006526        0x2 00
 .text.f_chdrive
                0x08006528       0x14 Dave/Generated/src/FATFS002/Src/ff.o
                0x08006528                f_chdrive
 .text.f_chdir  0x0800653c       0x5e Dave/Generated/src/FATFS002/Src/ff.o
                0x0800653c                f_chdir
 .text.f_lseek  0x0800659a      0x140 Dave/Generated/src/FATFS002/Src/ff.o
                0x0800659a                f_lseek
 .text.f_opendir
                0x080066da       0x64 Dave/Generated/src/FATFS002/Src/ff.o
                0x080066da                f_opendir
 .text.f_readdir
                0x0800673e       0x54 Dave/Generated/src/FATFS002/Src/ff.o
                0x0800673e                f_readdir
 .text.f_stat   0x08006792       0x40 Dave/Generated/src/FATFS002/Src/ff.o
                0x08006792                f_stat
 .text.f_getfree
                0x080067d2       0xe8 Dave/Generated/src/FATFS002/Src/ff.o
                0x080067d2                f_getfree
 .text.f_truncate
                0x080068ba       0x92 Dave/Generated/src/FATFS002/Src/ff.o
                0x080068ba                f_truncate
 .text.f_unlink
                0x0800694c       0xc8 Dave/Generated/src/FATFS002/Src/ff.o
                0x0800694c                f_unlink
 .text.f_mkdir  0x08006a14      0x1c2 Dave/Generated/src/FATFS002/Src/ff.o
                0x08006a14                f_mkdir
 .text.f_chmod  0x08006bd6       0x5c Dave/Generated/src/FATFS002/Src/ff.o
                0x08006bd6                f_chmod
 .text.f_utime  0x08006c32       0x5c Dave/Generated/src/FATFS002/Src/ff.o
                0x08006c32                f_utime
 .text.f_rename
                0x08006c8e      0x128 Dave/Generated/src/FATFS002/Src/ff.o
                0x08006c8e                f_rename
 *fill*         0x08006db6        0x2 00
 .text.f_mkfs   0x08006db8      0x5c8 Dave/Generated/src/FATFS002/Src/ff.o
                0x08006db8                f_mkfs
 .text.f_gets   0x08007380       0x44 Dave/Generated/src/FATFS002/Src/ff.o
                0x08007380                f_gets
 .text.f_putc   0x080073c4       0x22 Dave/Generated/src/FATFS002/Src/ff.o
                0x080073c4                f_putc
 .text.f_puts   0x080073e6       0x20 Dave/Generated/src/FATFS002/Src/ff.o
                0x080073e6                f_puts
 .text.f_printf
                0x08007406      0x23c Dave/Generated/src/FATFS002/Src/ff.o
                0x08007406                f_printf
 .text          0x08007642        0x0 Dave/Generated/src/ETH004/ETH004_Conf.o
 .text          0x08007642        0x0 Dave/Generated/src/ETH004/01_lwIP_Stack/src/netif/etharp.o
 .text.etharp_send_ip
                0x08007642       0x30 Dave/Generated/src/ETH004/01_lwIP_Stack/src/netif/etharp.o
 .text.free_etharp_q
                0x08007672       0x1a Dave/Generated/src/ETH004/01_lwIP_Stack/src/netif/etharp.o
 .text.find_entry
                0x0800768c      0x12c Dave/Generated/src/ETH004/01_lwIP_Stack/src/netif/etharp.o
 .text.update_arp_entry
                0x080077b8       0xac Dave/Generated/src/ETH004/01_lwIP_Stack/src/netif/etharp.o
 .text.etharp_tmr
                0x08007864       0x40 Dave/Generated/src/ETH004/01_lwIP_Stack/src/netif/etharp.o
                0x08007864                etharp_tmr
 .text.etharp_find_addr
                0x080078a4       0x3c Dave/Generated/src/ETH004/01_lwIP_Stack/src/netif/etharp.o
                0x080078a4                etharp_find_addr
 .text.etharp_ip_input
                0x080078e0       0x26 Dave/Generated/src/ETH004/01_lwIP_Stack/src/netif/etharp.o
                0x080078e0                etharp_ip_input
 .text.etharp_arp_input
                0x08007906       0xd4 Dave/Generated/src/ETH004/01_lwIP_Stack/src/netif/etharp.o
                0x08007906                etharp_arp_input
 *fill*         0x080079da        0x2 00
 .text.etharp_request
                0x080079dc       0x98 Dave/Generated/src/ETH004/01_lwIP_Stack/src/netif/etharp.o
                0x080079dc                etharp_request
 .text.etharp_query
                0x08007a74      0x114 Dave/Generated/src/ETH004/01_lwIP_Stack/src/netif/etharp.o
                0x08007a74                etharp_query
 .text.etharp_output
                0x08007b88       0xb8 Dave/Generated/src/ETH004/01_lwIP_Stack/src/netif/etharp.o
                0x08007b88                etharp_output
 .text.ethernet_input
                0x08007c40       0x52 Dave/Generated/src/ETH004/01_lwIP_Stack/src/netif/etharp.o
                0x08007c40                ethernet_input
 .text          0x08007c92        0x0 Dave/Generated/src/ETH004/01_lwIP_Stack/src/netif/ethernetif.o
 .text.low_level_output
                0x08007c92       0x36 Dave/Generated/src/ETH004/01_lwIP_Stack/src/netif/ethernetif.o
 .text.lwip_Input
                0x08007cc8       0x5c Dave/Generated/src/ETH004/01_lwIP_Stack/src/netif/ethernetif.o
                0x08007cc8                lwip_Input
 .text.ethernetif_init
                0x08007d24       0x60 Dave/Generated/src/ETH004/01_lwIP_Stack/src/netif/ethernetif.o
                0x08007d24                ethernetif_init
 .text.Eth_Received_Data_Handler
                0x08007d84        0x4 Dave/Generated/src/ETH004/01_lwIP_Stack/src/netif/ethernetif.o
                0x08007d84                Eth_Received_Data_Handler
 .text          0x08007d88        0x0 Dave/Generated/src/ETH004/01_lwIP_Stack/src/netif/loopif.o
 .text          0x08007d88        0x0 Dave/Generated/src/ETH004/01_lwIP_Stack/src/netif/slipif.o
 .text          0x08007d88        0x0 Dave/Generated/src/ETH004/01_lwIP_Stack/src/core/dhcp.o
 .text          0x08007d88        0x0 Dave/Generated/src/ETH004/01_lwIP_Stack/src/core/dns.o
 .text.unlikely.dns_parse_name
                0x08007d88       0x18 Dave/Generated/src/ETH004/01_lwIP_Stack/src/core/dns.o
 .text.dns_send
                0x08007da0       0xc0 Dave/Generated/src/ETH004/01_lwIP_Stack/src/core/dns.o
 .text.dns_check_entry
                0x08007e60       0x94 Dave/Generated/src/ETH004/01_lwIP_Stack/src/core/dns.o
 .text.dns_recv
                0x08007ef4      0x190 Dave/Generated/src/ETH004/01_lwIP_Stack/src/core/dns.o
 .text.dns_setserver
                0x08008084       0x1c Dave/Generated/src/ETH004/01_lwIP_Stack/src/core/dns.o
                0x08008084                dns_setserver
 .text.dns_init
                0x080080a0       0x44 Dave/Generated/src/ETH004/01_lwIP_Stack/src/core/dns.o
                0x080080a0                dns_init
 .text.dns_getserver
                0x080080e4       0x40 Dave/Generated/src/ETH004/01_lwIP_Stack/src/core/dns.o
                0x080080e4                dns_getserver
 .text.dns_tmr  0x08008124       0x2c Dave/Generated/src/ETH004/01_lwIP_Stack/src/core/dns.o
                0x08008124                dns_tmr
 .text.dns_gethostbyname
                0x08008150      0x110 Dave/Generated/src/ETH004/01_lwIP_Stack/src/core/dns.o
                0x08008150                dns_gethostbyname
 .text          0x08008260        0x0 Dave/Generated/src/ETH004/01_lwIP_Stack/src/core/init.o
 .text.lwip_init
                0x08008260       0x12 Dave/Generated/src/ETH004/01_lwIP_Stack/src/core/init.o
                0x08008260                lwip_init
 .text          0x08008272        0x0 Dave/Generated/src/ETH004/01_lwIP_Stack/src/core/mem.o
 *fill*         0x08008272        0x2 00
 .text.mem_init
                0x08008274       0x3c Dave/Generated/src/ETH004/01_lwIP_Stack/src/core/mem.o
                0x08008274                mem_init
 .text.mem_free
                0x080082b0       0x90 Dave/Generated/src/ETH004/01_lwIP_Stack/src/core/mem.o
                0x080082b0                mem_free
 .text.mem_realloc
                0x08008340       0xa8 Dave/Generated/src/ETH004/01_lwIP_Stack/src/core/mem.o
                0x08008340                mem_realloc
 .text.mem_malloc
                0x080083e8       0xac Dave/Generated/src/ETH004/01_lwIP_Stack/src/core/mem.o
                0x080083e8                mem_malloc
 .text.mem_calloc
                0x08008494       0x1c Dave/Generated/src/ETH004/01_lwIP_Stack/src/core/mem.o
                0x08008494                mem_calloc
 .text          0x080084b0        0x0 Dave/Generated/src/ETH004/01_lwIP_Stack/src/core/memp.o
 .text          0x080084b0        0x0 Dave/Generated/src/ETH004/01_lwIP_Stack/src/core/netconf.o
 .text.Ethernetwait_Timer_CallBack
                0x080084b0        0xc Dave/Generated/src/ETH004/01_lwIP_Stack/src/core/netconf.o
                0x080084b0                Ethernetwait_Timer_CallBack
 .text.PeriodicTimerCallback
                0x080084bc        0x2 Dave/Generated/src/ETH004/01_lwIP_Stack/src/core/netconf.o
                0x080084bc                PeriodicTimerCallback
 *fill*         0x080084be        0x2 00
 .text.DeletePeriodicTimer
                0x080084c0        0xc Dave/Generated/src/ETH004/01_lwIP_Stack/src/core/netconf.o
                0x080084c0                DeletePeriodicTimer
 .text.OneShotTimerCallback
                0x080084cc       0x38 Dave/Generated/src/ETH004/01_lwIP_Stack/src/core/netconf.o
                0x080084cc                OneShotTimerCallback
 .text.lwIPStack_init
                0x08008504      0x118 Dave/Generated/src/ETH004/01_lwIP_Stack/src/core/netconf.o
                0x08008504                lwIPStack_init
 .text.LwIP_Periodic_Timer_CallBack
                0x0800861c       0x78 Dave/Generated/src/ETH004/01_lwIP_Stack/src/core/netconf.o
                0x0800861c                LwIP_Periodic_Timer_CallBack
 .text.Periodic_Timer_CallBack
                0x08008694        0x6 Dave/Generated/src/ETH004/01_lwIP_Stack/src/core/netconf.o
                0x08008694                Periodic_Timer_CallBack
 *fill*         0x0800869a        0x2 00
 .text.lwIPStack_UnInit
                0x0800869c       0x18 Dave/Generated/src/ETH004/01_lwIP_Stack/src/core/netconf.o
                0x0800869c                lwIPStack_UnInit
 .text          0x080086b4        0x0 Dave/Generated/src/ETH004/01_lwIP_Stack/src/core/netif.o
 .text.netif_remove
                0x080086b4       0x4c Dave/Generated/src/ETH004/01_lwIP_Stack/src/core/netif.o
                0x080086b4                netif_remove
 .text.netif_find
                0x08008700       0x38 Dave/Generated/src/ETH004/01_lwIP_Stack/src/core/netif.o
                0x08008700                netif_find
 .text.netif_set_ipaddr
                0x08008738       0x50 Dave/Generated/src/ETH004/01_lwIP_Stack/src/core/netif.o
                0x08008738                netif_set_ipaddr
 .text.netif_set_addr
                0x08008788       0x1a Dave/Generated/src/ETH004/01_lwIP_Stack/src/core/netif.o
                0x08008788                netif_set_addr
 *fill*         0x080087a2        0x2 00
 .text.netif_add
                0x080087a4       0x68 Dave/Generated/src/ETH004/01_lwIP_Stack/src/core/netif.o
                0x080087a4                netif_add
 .text.netif_set_gw
                0x0800880c        0x8 Dave/Generated/src/ETH004/01_lwIP_Stack/src/core/netif.o
                0x0800880c                netif_set_gw
 .text.netif_set_netmask
                0x08008814        0x8 Dave/Generated/src/ETH004/01_lwIP_Stack/src/core/netif.o
                0x08008814                netif_set_netmask
 .text.netif_set_default
                0x0800881c        0xc Dave/Generated/src/ETH004/01_lwIP_Stack/src/core/netif.o
                0x0800881c                netif_set_default
 .text.netif_set_up
                0x08008828       0x1e Dave/Generated/src/ETH004/01_lwIP_Stack/src/core/netif.o
                0x08008828                netif_set_up
 .text.netif_set_down
                0x08008846       0x12 Dave/Generated/src/ETH004/01_lwIP_Stack/src/core/netif.o
                0x08008846                netif_set_down
 .text.netif_is_up
                0x08008858        0xa Dave/Generated/src/ETH004/01_lwIP_Stack/src/core/netif.o
                0x08008858                netif_is_up
 .text          0x08008862        0x0 Dave/Generated/src/ETH004/01_lwIP_Stack/src/core/pbuf.o
 .text.pbuf_header
                0x08008862       0x58 Dave/Generated/src/ETH004/01_lwIP_Stack/src/core/pbuf.o
                0x08008862                pbuf_header
 .text.pbuf_free
                0x080088ba       0x28 Dave/Generated/src/ETH004/01_lwIP_Stack/src/core/pbuf.o
                0x080088ba                pbuf_free
 .text.pbuf_realloc
                0x080088e2       0x4c Dave/Generated/src/ETH004/01_lwIP_Stack/src/core/pbuf.o
                0x080088e2                pbuf_realloc
 *fill*         0x0800892e        0x2 00
 .text.pbuf_alloc
                0x08008930      0x11c Dave/Generated/src/ETH004/01_lwIP_Stack/src/core/pbuf.o
                0x08008930                pbuf_alloc
 .text.pbuf_clen
                0x08008a4c       0x10 Dave/Generated/src/ETH004/01_lwIP_Stack/src/core/pbuf.o
                0x08008a4c                pbuf_clen
 .text.pbuf_ref
                0x08008a5c        0xa Dave/Generated/src/ETH004/01_lwIP_Stack/src/core/pbuf.o
                0x08008a5c                pbuf_ref
 .text.pbuf_cat
                0x08008a66       0x20 Dave/Generated/src/ETH004/01_lwIP_Stack/src/core/pbuf.o
                0x08008a66                pbuf_cat
 .text.pbuf_chain
                0x08008a86       0x12 Dave/Generated/src/ETH004/01_lwIP_Stack/src/core/pbuf.o
                0x08008a86                pbuf_chain
 .text.pbuf_dechain
                0x08008a98       0x26 Dave/Generated/src/ETH004/01_lwIP_Stack/src/core/pbuf.o
                0x08008a98                pbuf_dechain
 .text.pbuf_copy
                0x08008abe       0x92 Dave/Generated/src/ETH004/01_lwIP_Stack/src/core/pbuf.o
                0x08008abe                pbuf_copy
 .text.pbuf_copy_partial
                0x08008b50       0x5e Dave/Generated/src/ETH004/01_lwIP_Stack/src/core/pbuf.o
                0x08008b50                pbuf_copy_partial
 .text.pbuf_take
                0x08008bae       0x48 Dave/Generated/src/ETH004/01_lwIP_Stack/src/core/pbuf.o
                0x08008bae                pbuf_take
 .text.pbuf_coalesce
                0x08008bf6       0x28 Dave/Generated/src/ETH004/01_lwIP_Stack/src/core/pbuf.o
                0x08008bf6                pbuf_coalesce
 .text          0x08008c1e        0x0 Dave/Generated/src/ETH004/01_lwIP_Stack/src/core/raw.o
 *fill*         0x08008c1e        0x2 00
 .text.raw_input
                0x08008c20       0x6c Dave/Generated/src/ETH004/01_lwIP_Stack/src/core/raw.o
                0x08008c20                raw_input
 .text.raw_bind
                0x08008c8c        0xa Dave/Generated/src/ETH004/01_lwIP_Stack/src/core/raw.o
                0x08008c8c                raw_bind
 .text.raw_connect
                0x08008c96        0xa Dave/Generated/src/ETH004/01_lwIP_Stack/src/core/raw.o
                0x08008c96                raw_connect
 .text.raw_recv
                0x08008ca0        0x6 Dave/Generated/src/ETH004/01_lwIP_Stack/src/core/raw.o
                0x08008ca0                raw_recv
 .text.raw_sendto
                0x08008ca6       0x86 Dave/Generated/src/ETH004/01_lwIP_Stack/src/core/raw.o
                0x08008ca6                raw_sendto
 .text.raw_send
                0x08008d2c        0x6 Dave/Generated/src/ETH004/01_lwIP_Stack/src/core/raw.o
                0x08008d2c                raw_send
 *fill*         0x08008d32        0x2 00
 .text.raw_remove
                0x08008d34       0x28 Dave/Generated/src/ETH004/01_lwIP_Stack/src/core/raw.o
                0x08008d34                raw_remove
 .text.raw_new  0x08008d5c       0x34 Dave/Generated/src/ETH004/01_lwIP_Stack/src/core/raw.o
                0x08008d5c                raw_new
 .text          0x08008d90        0x0 Dave/Generated/src/ETH004/01_lwIP_Stack/src/core/stats.o
 .text          0x08008d90        0x0 Dave/Generated/src/ETH004/01_lwIP_Stack/src/core/sys.o
 .text          0x08008d90        0x0 Dave/Generated/src/ETH004/01_lwIP_Stack/src/core/tcp.o
 .text.tcp_accept_null
                0x08008d90        0x6 Dave/Generated/src/ETH004/01_lwIP_Stack/src/core/tcp.o
 *fill*         0x08008d96        0x2 00
 .text.tcp_new_port
                0x08008d98       0x60 Dave/Generated/src/ETH004/01_lwIP_Stack/src/core/tcp.o
 .text.tcp_bind
                0x08008df8       0xbc Dave/Generated/src/ETH004/01_lwIP_Stack/src/core/tcp.o
                0x08008df8                tcp_bind
 .text.tcp_listen_with_backlog
                0x08008eb4       0x90 Dave/Generated/src/ETH004/01_lwIP_Stack/src/core/tcp.o
                0x08008eb4                tcp_listen_with_backlog
 .text.tcp_update_rcv_ann_wnd
                0x08008f44       0x38 Dave/Generated/src/ETH004/01_lwIP_Stack/src/core/tcp.o
                0x08008f44                tcp_update_rcv_ann_wnd
 .text.tcp_recved
                0x08008f7c       0x3c Dave/Generated/src/ETH004/01_lwIP_Stack/src/core/tcp.o
                0x08008f7c                tcp_recved
 .text.tcp_seg_free
                0x08008fb8       0x1e Dave/Generated/src/ETH004/01_lwIP_Stack/src/core/tcp.o
                0x08008fb8                tcp_seg_free
 .text.tcp_segs_free
                0x08008fd6       0x18 Dave/Generated/src/ETH004/01_lwIP_Stack/src/core/tcp.o
                0x08008fd6                tcp_segs_free
 .text.tcp_setprio
                0x08008fee        0x4 Dave/Generated/src/ETH004/01_lwIP_Stack/src/core/tcp.o
                0x08008fee                tcp_setprio
 .text.tcp_arg  0x08008ff2        0x4 Dave/Generated/src/ETH004/01_lwIP_Stack/src/core/tcp.o
                0x08008ff2                tcp_arg
 .text.tcp_recv
                0x08008ff6        0x6 Dave/Generated/src/ETH004/01_lwIP_Stack/src/core/tcp.o
                0x08008ff6                tcp_recv
 .text.tcp_sent
                0x08008ffc        0x6 Dave/Generated/src/ETH004/01_lwIP_Stack/src/core/tcp.o
                0x08008ffc                tcp_sent
 .text.tcp_err  0x08009002        0x6 Dave/Generated/src/ETH004/01_lwIP_Stack/src/core/tcp.o
                0x08009002                tcp_err
 .text.tcp_accept
                0x08009008        0x4 Dave/Generated/src/ETH004/01_lwIP_Stack/src/core/tcp.o
                0x08009008                tcp_accept
 .text.tcp_poll
                0x0800900c        0xa Dave/Generated/src/ETH004/01_lwIP_Stack/src/core/tcp.o
                0x0800900c                tcp_poll
 .text.tcp_pcb_purge
                0x08009016       0x30 Dave/Generated/src/ETH004/01_lwIP_Stack/src/core/tcp.o
                0x08009016                tcp_pcb_purge
 *fill*         0x08009046        0x2 00
 .text.tcp_slowtmr
                0x08009048      0x22c Dave/Generated/src/ETH004/01_lwIP_Stack/src/core/tcp.o
                0x08009048                tcp_slowtmr
 .text.tcp_pcb_remove
                0x08009274       0x60 Dave/Generated/src/ETH004/01_lwIP_Stack/src/core/tcp.o
                0x08009274                tcp_pcb_remove
 .text.tcp_abandon
                0x080092d4       0x8c Dave/Generated/src/ETH004/01_lwIP_Stack/src/core/tcp.o
                0x080092d4                tcp_abandon
 .text.tcp_close
                0x08009360       0x8c Dave/Generated/src/ETH004/01_lwIP_Stack/src/core/tcp.o
                0x08009360                tcp_close
 .text.tcp_recv_null
                0x080093ec       0x24 Dave/Generated/src/ETH004/01_lwIP_Stack/src/core/tcp.o
                0x080093ec                tcp_recv_null
 .text.tcp_fasttmr
                0x08009410       0x58 Dave/Generated/src/ETH004/01_lwIP_Stack/src/core/tcp.o
                0x08009410                tcp_fasttmr
 .text.tcp_tmr  0x08009468       0x24 Dave/Generated/src/ETH004/01_lwIP_Stack/src/core/tcp.o
                0x08009468                tcp_tmr
 .text.tcp_next_iss
                0x0800948c       0x18 Dave/Generated/src/ETH004/01_lwIP_Stack/src/core/tcp.o
                0x0800948c                tcp_next_iss
 .text.tcp_alloc
                0x080094a4      0x114 Dave/Generated/src/ETH004/01_lwIP_Stack/src/core/tcp.o
                0x080094a4                tcp_alloc
 .text.tcp_new  0x080095b8        0x6 Dave/Generated/src/ETH004/01_lwIP_Stack/src/core/tcp.o
                0x080095b8                tcp_new
 .text.tcp_eff_send_mss
                0x080095be       0x1e Dave/Generated/src/ETH004/01_lwIP_Stack/src/core/tcp.o
                0x080095be                tcp_eff_send_mss
 .text.tcp_connect
                0x080095dc       0xc8 Dave/Generated/src/ETH004/01_lwIP_Stack/src/core/tcp.o
                0x080095dc                tcp_connect
 .text.tcp_debug_state_str
                0x080096a4       0x10 Dave/Generated/src/ETH004/01_lwIP_Stack/src/core/tcp.o
                0x080096a4                tcp_debug_state_str
 .text          0x080096b4        0x0 Dave/Generated/src/ETH004/01_lwIP_Stack/src/core/tcp_in.o
 .text.tcp_parseopt
                0x080096b4       0x80 Dave/Generated/src/ETH004/01_lwIP_Stack/src/core/tcp_in.o
 .text.tcp_receive
                0x08009734      0x474 Dave/Generated/src/ETH004/01_lwIP_Stack/src/core/tcp_in.o
 .text.tcp_input
                0x08009ba8      0x7dc Dave/Generated/src/ETH004/01_lwIP_Stack/src/core/tcp_in.o
                0x08009ba8                tcp_input
 .text          0x0800a384        0x0 Dave/Generated/src/ETH004/01_lwIP_Stack/src/core/tcp_out.o
 .text.tcp_output_set_header.constprop.0
                0x0800a384       0x6a Dave/Generated/src/ETH004/01_lwIP_Stack/src/core/tcp_out.o
 *fill*         0x0800a3ee        0x2 00
 .text.tcp_enqueue
                0x0800a3f0      0x394 Dave/Generated/src/ETH004/01_lwIP_Stack/src/core/tcp_out.o
                0x0800a3f0                tcp_enqueue
 .text.tcp_write
                0x0800a784       0x2e Dave/Generated/src/ETH004/01_lwIP_Stack/src/core/tcp_out.o
                0x0800a784                tcp_write
 .text.tcp_send_ctrl
                0x0800a7b2       0x14 Dave/Generated/src/ETH004/01_lwIP_Stack/src/core/tcp_out.o
                0x0800a7b2                tcp_send_ctrl
 .text.tcp_send_empty_ack
                0x0800a7c6       0x52 Dave/Generated/src/ETH004/01_lwIP_Stack/src/core/tcp_out.o
                0x0800a7c6                tcp_send_empty_ack
 .text.tcp_output
                0x0800a818      0x258 Dave/Generated/src/ETH004/01_lwIP_Stack/src/core/tcp_out.o
                0x0800a818                tcp_output
 .text.tcp_rst  0x0800aa70       0xa8 Dave/Generated/src/ETH004/01_lwIP_Stack/src/core/tcp_out.o
                0x0800aa70                tcp_rst
 .text.tcp_rexmit_rto
                0x0800ab18       0x2e Dave/Generated/src/ETH004/01_lwIP_Stack/src/core/tcp_out.o
                0x0800ab18                tcp_rexmit_rto
 .text.tcp_rexmit
                0x0800ab46       0x48 Dave/Generated/src/ETH004/01_lwIP_Stack/src/core/tcp_out.o
                0x0800ab46                tcp_rexmit
 .text.tcp_rexmit_fast
                0x0800ab8e       0x5e Dave/Generated/src/ETH004/01_lwIP_Stack/src/core/tcp_out.o
                0x0800ab8e                tcp_rexmit_fast
 .text.tcp_keepalive
                0x0800abec       0x48 Dave/Generated/src/ETH004/01_lwIP_Stack/src/core/tcp_out.o
                0x0800abec                tcp_keepalive
 .text.tcp_zero_window_probe
                0x0800ac34       0xa2 Dave/Generated/src/ETH004/01_lwIP_Stack/src/core/tcp_out.o
                0x0800ac34                tcp_zero_window_probe
 .text          0x0800acd6        0x0 Dave/Generated/src/ETH004/01_lwIP_Stack/src/core/udp.o
 *fill*         0x0800acd6        0x2 00
 .text.udp_input
                0x0800acd8      0x16c Dave/Generated/src/ETH004/01_lwIP_Stack/src/core/udp.o
                0x0800acd8                udp_input
 .text.udp_bind
                0x0800ae44       0x58 Dave/Generated/src/ETH004/01_lwIP_Stack/src/core/udp.o
                0x0800ae44                udp_bind
 .text.udp_sendto_if
                0x0800ae9c       0xba Dave/Generated/src/ETH004/01_lwIP_Stack/src/core/udp.o
                0x0800ae9c                udp_sendto_if
 .text.udp_sendto
                0x0800af56       0x4c Dave/Generated/src/ETH004/01_lwIP_Stack/src/core/udp.o
                0x0800af56                udp_sendto
 .text.udp_send
                0x0800afa2        0x8 Dave/Generated/src/ETH004/01_lwIP_Stack/src/core/udp.o
                0x0800afa2                udp_send
 *fill*         0x0800afaa        0x2 00
 .text.udp_connect
                0x0800afac       0x4c Dave/Generated/src/ETH004/01_lwIP_Stack/src/core/udp.o
                0x0800afac                udp_connect
 .text.udp_disconnect
                0x0800aff8       0x18 Dave/Generated/src/ETH004/01_lwIP_Stack/src/core/udp.o
                0x0800aff8                udp_disconnect
 .text.udp_recv
                0x0800b010        0x6 Dave/Generated/src/ETH004/01_lwIP_Stack/src/core/udp.o
                0x0800b010                udp_recv
 *fill*         0x0800b016        0x2 00
 .text.udp_remove
                0x0800b018       0x28 Dave/Generated/src/ETH004/01_lwIP_Stack/src/core/udp.o
                0x0800b018                udp_remove
 .text.udp_new  0x0800b040       0x24 Dave/Generated/src/ETH004/01_lwIP_Stack/src/core/udp.o
                0x0800b040                udp_new
 .text          0x0800b064        0x0 Dave/Generated/src/ETH004/01_lwIP_Stack/src/core/ipv4/autoip.o
 .text          0x0800b064        0x0 Dave/Generated/src/ETH004/01_lwIP_Stack/src/core/ipv4/icmp.o
 .text.icmp_send_response
                0x0800b064       0x7c Dave/Generated/src/ETH004/01_lwIP_Stack/src/core/ipv4/icmp.o
 .text.icmp_input
                0x0800b0e0       0xf0 Dave/Generated/src/ETH004/01_lwIP_Stack/src/core/ipv4/icmp.o
                0x0800b0e0                icmp_input
 .text.icmp_dest_unreach
                0x0800b1d0        0x8 Dave/Generated/src/ETH004/01_lwIP_Stack/src/core/ipv4/icmp.o
                0x0800b1d0                icmp_dest_unreach
 .text.icmp_time_exceeded
                0x0800b1d8        0x8 Dave/Generated/src/ETH004/01_lwIP_Stack/src/core/ipv4/icmp.o
                0x0800b1d8                icmp_time_exceeded
 .text          0x0800b1e0        0x0 Dave/Generated/src/ETH004/01_lwIP_Stack/src/core/ipv4/igmp.o
 .text.igmp_init
                0x0800b1e0       0x24 Dave/Generated/src/ETH004/01_lwIP_Stack/src/core/ipv4/igmp.o
                0x0800b1e0                igmp_init
 .text.igmp_stop
                0x0800b204       0x48 Dave/Generated/src/ETH004/01_lwIP_Stack/src/core/ipv4/igmp.o
                0x0800b204                igmp_stop
 .text.igmp_lookfor_group
                0x0800b24c       0x24 Dave/Generated/src/ETH004/01_lwIP_Stack/src/core/ipv4/igmp.o
                0x0800b24c                igmp_lookfor_group
 .text.igmp_lookup_group
                0x0800b270       0x40 Dave/Generated/src/ETH004/01_lwIP_Stack/src/core/ipv4/igmp.o
                0x0800b270                igmp_lookup_group
 .text.igmp_start
                0x0800b2b0       0x34 Dave/Generated/src/ETH004/01_lwIP_Stack/src/core/ipv4/igmp.o
                0x0800b2b0                igmp_start
 .text.igmp_remove_group
                0x0800b2e4       0x30 Dave/Generated/src/ETH004/01_lwIP_Stack/src/core/ipv4/igmp.o
                0x0800b2e4                igmp_remove_group
 .text.igmp_start_timer
                0x0800b314        0x4 Dave/Generated/src/ETH004/01_lwIP_Stack/src/core/ipv4/igmp.o
                0x0800b314                igmp_start_timer
 .text.igmp_stop_timer
                0x0800b318        0x6 Dave/Generated/src/ETH004/01_lwIP_Stack/src/core/ipv4/igmp.o
                0x0800b318                igmp_stop_timer
 .text.igmp_delaying_member
                0x0800b31e       0x1a Dave/Generated/src/ETH004/01_lwIP_Stack/src/core/ipv4/igmp.o
                0x0800b31e                igmp_delaying_member
 .text.igmp_input
                0x0800b338       0xc4 Dave/Generated/src/ETH004/01_lwIP_Stack/src/core/ipv4/igmp.o
                0x0800b338                igmp_input
 .text.igmp_report_groups
                0x0800b3fc       0x24 Dave/Generated/src/ETH004/01_lwIP_Stack/src/core/ipv4/igmp.o
                0x0800b3fc                igmp_report_groups
 .text.igmp_ip_output_if
                0x0800b420       0x46 Dave/Generated/src/ETH004/01_lwIP_Stack/src/core/ipv4/igmp.o
                0x0800b420                igmp_ip_output_if
 *fill*         0x0800b466        0x2 00
 .text.igmp_send
                0x0800b468       0x88 Dave/Generated/src/ETH004/01_lwIP_Stack/src/core/ipv4/igmp.o
                0x0800b468                igmp_send
 .text.igmp_timeout
                0x0800b4f0        0xe Dave/Generated/src/ETH004/01_lwIP_Stack/src/core/ipv4/igmp.o
                0x0800b4f0                igmp_timeout
 *fill*         0x0800b4fe        0x2 00
 .text.igmp_tmr
                0x0800b500       0x24 Dave/Generated/src/ETH004/01_lwIP_Stack/src/core/ipv4/igmp.o
                0x0800b500                igmp_tmr
 .text.igmp_leavegroup
                0x0800b524       0x9c Dave/Generated/src/ETH004/01_lwIP_Stack/src/core/ipv4/igmp.o
                0x0800b524                igmp_leavegroup
 .text.igmp_joingroup
                0x0800b5c0       0x98 Dave/Generated/src/ETH004/01_lwIP_Stack/src/core/ipv4/igmp.o
                0x0800b5c0                igmp_joingroup
 .text          0x0800b658        0x0 Dave/Generated/src/ETH004/01_lwIP_Stack/src/core/ipv4/inet.o
 .text.inet_ntoa
                0x0800b658       0x6c Dave/Generated/src/ETH004/01_lwIP_Stack/src/core/ipv4/inet.o
                0x0800b658                inet_ntoa
 .text.htons    0x0800b6c4        0xa Dave/Generated/src/ETH004/01_lwIP_Stack/src/core/ipv4/inet.o
                0x0800b6c4                htons
 .text.ntohs    0x0800b6ce        0xa Dave/Generated/src/ETH004/01_lwIP_Stack/src/core/ipv4/inet.o
                0x0800b6ce                ntohs
 .text.htonl    0x0800b6d8        0x4 Dave/Generated/src/ETH004/01_lwIP_Stack/src/core/ipv4/inet.o
                0x0800b6d8                htonl
 .text.inet_aton
                0x0800b6dc      0x106 Dave/Generated/src/ETH004/01_lwIP_Stack/src/core/ipv4/inet.o
                0x0800b6dc                inet_aton
 .text.inet_addr
                0x0800b7e2       0x14 Dave/Generated/src/ETH004/01_lwIP_Stack/src/core/ipv4/inet.o
                0x0800b7e2                inet_addr
 .text.ntohl    0x0800b7f6        0x4 Dave/Generated/src/ETH004/01_lwIP_Stack/src/core/ipv4/inet.o
                0x0800b7f6                ntohl
 .text          0x0800b7fa        0x0 Dave/Generated/src/ETH004/01_lwIP_Stack/src/core/ipv4/inet_chksum.o
 .text.lwip_standard_chksum
                0x0800b7fa       0x44 Dave/Generated/src/ETH004/01_lwIP_Stack/src/core/ipv4/inet_chksum.o
 .text.inet_chksum_pseudo
                0x0800b83e       0x84 Dave/Generated/src/ETH004/01_lwIP_Stack/src/core/ipv4/inet_chksum.o
                0x0800b83e                inet_chksum_pseudo
 .text.inet_chksum
                0x0800b8c2        0xc Dave/Generated/src/ETH004/01_lwIP_Stack/src/core/ipv4/inet_chksum.o
                0x0800b8c2                inet_chksum
 .text.inet_chksum_pbuf
                0x0800b8ce       0x46 Dave/Generated/src/ETH004/01_lwIP_Stack/src/core/ipv4/inet_chksum.o
                0x0800b8ce                inet_chksum_pbuf
 .text          0x0800b914        0x0 Dave/Generated/src/ETH004/01_lwIP_Stack/src/core/ipv4/ip.o
 .text.ip_route
                0x0800b914       0x3c Dave/Generated/src/ETH004/01_lwIP_Stack/src/core/ipv4/ip.o
                0x0800b914                ip_route
 .text.ip_input
                0x0800b950      0x1c0 Dave/Generated/src/ETH004/01_lwIP_Stack/src/core/ipv4/ip.o
                0x0800b950                ip_input
 .text.ip_output_if_opt
                0x0800bb10      0x134 Dave/Generated/src/ETH004/01_lwIP_Stack/src/core/ipv4/ip.o
                0x0800bb10                ip_output_if_opt
 .text.ip_output_if
                0x0800bc44       0x22 Dave/Generated/src/ETH004/01_lwIP_Stack/src/core/ipv4/ip.o
                0x0800bc44                ip_output_if
 .text.ip_output
                0x0800bc66       0x38 Dave/Generated/src/ETH004/01_lwIP_Stack/src/core/ipv4/ip.o
                0x0800bc66                ip_output
 .text          0x0800bc9e        0x0 Dave/Generated/src/ETH004/01_lwIP_Stack/src/core/ipv4/ip_addr.o
 .text.ip_addr_isbroadcast
                0x0800bc9e       0x32 Dave/Generated/src/ETH004/01_lwIP_Stack/src/core/ipv4/ip_addr.o
                0x0800bc9e                ip_addr_isbroadcast
 .text          0x0800bcd0        0x0 Dave/Generated/src/ETH004/01_lwIP_Stack/src/core/ipv4/ip_frag.o
 .text.ip_reass_free_complete_datagram
                0x0800bcd0       0x84 Dave/Generated/src/ETH004/01_lwIP_Stack/src/core/ipv4/ip_frag.o
 .text.ip_reass_remove_oldest_datagram
                0x0800bd54       0x6c Dave/Generated/src/ETH004/01_lwIP_Stack/src/core/ipv4/ip_frag.o
 .text.ip_reass_tmr
                0x0800bdc0       0x28 Dave/Generated/src/ETH004/01_lwIP_Stack/src/core/ipv4/ip_frag.o
                0x0800bdc0                ip_reass_tmr
 .text.ip_reass
                0x0800bde8      0x294 Dave/Generated/src/ETH004/01_lwIP_Stack/src/core/ipv4/ip_frag.o
                0x0800bde8                ip_reass
 .text.ip_frag  0x0800c07c      0x15c Dave/Generated/src/ETH004/01_lwIP_Stack/src/core/ipv4/ip_frag.o
                0x0800c07c                ip_frag
 .text          0x0800c1d8        0x0 Dave/Generated/src/ETH004/01_lwIP_Stack/src/api/api_lib.o
 .text          0x0800c1d8        0x0 Dave/Generated/src/ETH004/01_lwIP_Stack/src/api/api_msg.o
 .text          0x0800c1d8        0x0 Dave/Generated/src/ETH004/01_lwIP_Stack/src/api/err.o
 .text          0x0800c1d8        0x0 Dave/Generated/src/ETH004/01_lwIP_Stack/src/api/netbuf.o
 .text          0x0800c1d8        0x0 Dave/Generated/src/ETH004/01_lwIP_Stack/src/api/netdb.o
 .text          0x0800c1d8        0x0 Dave/Generated/src/ETH004/01_lwIP_Stack/src/api/netifapi.o
 .text          0x0800c1d8        0x0 Dave/Generated/src/ETH004/01_lwIP_Stack/src/api/sockets.o
 .text          0x0800c1d8        0x0 Dave/Generated/src/ETH004/01_lwIP_Stack/src/api/tcpip.o
 .text          0x0800c1d8        0x0 Dave/Generated/src/ETH004/01_lwIP_Stack/port/arch/sys/sys_arch.o
 .text          0x0800c1d8        0x0 Dave/Generated/src/ETH002/EthernetPHY.o
 .text.PHY_lWriteReg.constprop.0
                0x0800c1d8       0x3c Dave/Generated/src/ETH002/EthernetPHY.o
 .text.PHY_lReadReg.constprop.1
                0x0800c214       0x40 Dave/Generated/src/ETH002/EthernetPHY.o
 .text.PHY_IsLinkUP
                0x0800c254       0x32 Dave/Generated/src/ETH002/EthernetPHY.o
                0x0800c254                PHY_IsLinkUP